#
# There is insufficient memory for the Java Runtime Environment to continue.
# Native memory allocation (mmap) failed to map 359661568 bytes for committing reserved memory.
# Possible reasons:
#   The system is out of physical RAM or swap space
#   The process is running with CompressedOops enabled, and the Java Heap may be blocking the growth of the native heap
# Possible solutions:
#   Reduce memory load on the system
#   Increase physical memory or swap space
#   Check if swap backing store is full
#   Decrease Java heap size (-Xmx/-Xms)
#   Decrease number of Java threads
#   Decrease Java thread stack sizes (-Xss)
#   Set larger code cache with -XX:ReservedCodeCacheSize=
#   JVM is running with Zero Based Compressed Oops mode in which the Java heap is
#     placed in the first 32GB address space. The Java Heap base address is the
#     maximum limit for the native heap growth. Please use -XX:HeapBaseMinAddress
#     to set the Java Heap base and to place the Java Heap above 32GB virtual address.
# This output file may be truncated or incomplete.
#
#  Out of Memory Error (os_linux.cpp:2791), pid=9601, tid=0x00007ff35a6c6700
#
# JRE version: OpenJDK Runtime Environment (8.0_392-b08) (build 1.8.0_392-b08)
# Java VM: OpenJDK 64-Bit Server VM (25.392-b08 mixed mode linux-amd64 compressed oops)
# Failed to write core dump. Core dumps have been disabled. To enable core dumping, try "ulimit -c unlimited" before starting Java again
#

---------------  T H R E A D  ---------------

Current thread (0x00007ff3700d1800):  VMThread [stack: 0x00007ff35a5c7000,0x00007ff35a6c7000] [id=9620]

Stack: [0x00007ff35a5c7000,0x00007ff35a6c7000],  sp=0x00007ff35a6c5300,  free space=1016k
Native frames: (J=compiled Java code, j=interpreted, Vv=VM code, C=native code)
V  [libjvm.so+0xb69c5d]  VMError::report_and_die()+0x1cd
V  [libjvm.so+0x50d67a]  report_vm_out_of_memory(char const*, int, unsigned long, VMErrorType, char const*)+0xaa
V  [libjvm.so+0x944e08]  os::pd_commit_memory(char*, unsigned long, unsigned long, bool)+0xd8
V  [libjvm.so+0x93ecce]  os::commit_memory(char*, unsigned long, unsigned long, bool)+0x2e
V  [libjvm.so+0x9bcaab]  PSVirtualSpace::expand_by(unsigned long)+0x5b
V  [libjvm.so+0x9bd780]  PSYoungGen::resize_generation(unsigned long, unsigned long)+0xd0
V  [libjvm.so+0x9bdadb]  PSYoungGen::resize(unsigned long, unsigned long)+0x1b
V  [libjvm.so+0x9b9d27]  PSScavenge::invoke_no_policy()+0xde7
V  [libjvm.so+0x9ba4b8]  PSScavenge::invoke()+0x38
V  [libjvm.so+0x96c6d3]  ParallelScavengeHeap::failed_mem_allocate(unsigned long)+0x63
V  [libjvm.so+0xb6b8b3]  VM_ParallelGCFailedAllocation::doit()+0x93
V  [libjvm.so+0xb70ce5]  VM_Operation::evaluate()+0x55
V  [libjvm.so+0xb6ed0a]  VMThread::evaluate_operation(VM_Operation*)+0x11a
V  [libjvm.so+0xb6f179]  VMThread::loop()+0x219
V  [libjvm.so+0xb6f629]  VMThread::run()+0x89
V  [libjvm.so+0x941db2]  java_start(Thread*)+0xf2

VM_Operation (0x00007ff37767f100): ParallelGCFailedAllocation, mode: safepoint, requested by thread 0x00007ff37004b800


---------------  P R O C E S S  ---------------

Java Threads: ( => current thread )
  0x00007ff370127000 JavaThread "Service Thread" daemon [_thread_blocked, id=9626, stack(0x00007ff359fc0000,0x00007ff35a0c1000)]
  0x00007ff37011c800 JavaThread "C1 CompilerThread1" daemon [_thread_blocked, id=9625, stack(0x00007ff35a0c2000,0x00007ff35a1c2000)]
  0x00007ff370119800 JavaThread "C2 CompilerThread0" daemon [_thread_blocked, id=9624, stack(0x00007ff35a1c3000,0x00007ff35a2c3000)]
  0x00007ff370109000 JavaThread "Signal Dispatcher" daemon [_thread_blocked, id=9623, stack(0x00007ff35a2c3000,0x00007ff35a3c4000)]
  0x00007ff3700e0000 JavaThread "Finalizer" daemon [_thread_blocked, id=9622, stack(0x00007ff35a3c4000,0x00007ff35a4c5000)]
  0x00007ff3700db800 JavaThread "Reference Handler" daemon [_thread_blocked, id=9621, stack(0x00007ff35a4c5000,0x00007ff35a5c6000)]
  0x00007ff37004b800 JavaThread "main" [_thread_blocked, id=9617, stack(0x00007ff377581000,0x00007ff377681000)]

Other Threads:
=>0x00007ff3700d1800 VMThread [stack: 0x00007ff35a5c7000,0x00007ff35a6c7000] [id=9620]
  0x00007ff37012a000 WatcherThread [stack: 0x00007ff359ec0000,0x00007ff359fc0000] [id=9627]

VM state:at safepoint (normal execution)

VM Mutex/Monitor currently owned by a thread:  ([mutex/lock_event])
[0x00007ff370048df0] Threads_lock - owner thread: 0x00007ff3700d1800
[0x00007ff3700492f0] Heap_lock - owner thread: 0x00007ff37004b800

heap address: 0x00000006cc000000, size: 3904 MB, Compressed Oops mode: Zero based, Oop shift amount: 3
Narrow klass base: 0x0000000000000000, Narrow klass shift: 3
Compressed class space size: 1073741824 Address: 0x00000007c0000000

Heap:
 PSYoungGen      total 260096K, used 10238K [0x000000076eb00000, 0x000000077f300000, 0x00000007c0000000)
  eden space 249856K, 0% used [0x000000076eb00000,0x000000076eb00000,0x000000077df00000)
  from space 10240K, 99% used [0x000000077df00000,0x000000077e8ff920,0x000000077e900000)
  to   space 10240K, 0% used [0x000000077e900000,0x000000077e900000,0x000000077f300000)
 ParOldGen       total 166912K, used 116922K [0x00000006cc000000, 0x00000006d6300000, 0x000000076eb00000)
  object space 166912K, 70% used [0x00000006cc000000,0x00000006d322ebc0,0x00000006d6300000)
 Metaspace       used 5418K, capacity 5536K, committed 5760K, reserved 1056768K
  class space    used 496K, capacity 528K, committed 640K, reserved 1048576K

Card table byte_map: [0x00007ff36085f000,0x00007ff361000000] byte_map_base: 0x00007ff35d1ff000

Marking Bits: (ParMarkBitMap*) 0x00007ff376843640
 Begin Bits: [0x00007ff34c600000, 0x00007ff350300000)
 End Bits:   [0x00007ff350300000, 0x00007ff354000000)

Polling page: 0x00007ff377693000

CodeCache: size=245760Kb used=3591Kb max_used=3591Kb free=242168Kb
 bounds [0x00007ff361000000, 0x00007ff361390000, 0x00007ff370000000]
 total_blobs=1012 nmethods=731 adapters=194
 compilation: enabled

Compilation events (250 events):
Event: 5.843 Thread 0x00007ff37011c800  609       2       java.util.HashMap$KeySet::iterator (12 bytes)
Event: 5.843 Thread 0x00007ff37011c800 nmethod 609 0x00007ff361302590 code [0x00007ff361302700, 0x00007ff361302908]
Event: 5.843 Thread 0x00007ff37011c800  610       2       java.util.HashMap$KeyIterator::<init> (11 bytes)
Event: 5.843 Thread 0x00007ff37011c800 nmethod 610 0x00007ff361302210 code [0x00007ff361302380, 0x00007ff361302508]
Event: 5.843 Thread 0x00007ff37011c800  614       2       com.gitlab.pdftk_java.com.lowagie.text.pdf.PdfDictionary::size (8 bytes)
Event: 5.844 Thread 0x00007ff37011c800 nmethod 614 0x00007ff361301ed0 code [0x00007ff361302020, 0x00007ff361302170]
Event: 5.844 Thread 0x00007ff37011c800  615       2       java.util.HashMap$KeySet::size (8 bytes)
Event: 5.844 Thread 0x00007ff37011c800 nmethod 615 0x00007ff361301b90 code [0x00007ff361301ce0, 0x00007ff361301e30]
Event: 5.844 Thread 0x00007ff37011c800  613       2       java.util.HashMap$KeySet::<init> (10 bytes)
Event: 5.844 Thread 0x00007ff37011c800 nmethod 613 0x00007ff361301850 code [0x00007ff3613019a0, 0x00007ff361301b10]
Event: 5.844 Thread 0x00007ff37011c800  605       1       com.gitlab.pdftk_java.com.lowagie.text.pdf.PdfArray::getArrayList (5 bytes)
Event: 5.844 Thread 0x00007ff37011c800 nmethod 605 0x00007ff3612ef6d0 code [0x00007ff3612ef820, 0x00007ff3612ef930]
Event: 5.844 Thread 0x00007ff370119800 nmethod 588 0x00007ff3612fe850 code [0x00007ff3612fe9a0, 0x00007ff3612fea78]
Event: 5.844 Thread 0x00007ff370119800  616       4       com.gitlab.pdftk_java.com.lowagie.text.pdf.PdfDictionary::get (12 bytes)
Event: 5.854 Thread 0x00007ff37011c800  618       1       java.util.HashMap$KeySet::size (8 bytes)
Event: 5.855 Thread 0x00007ff37011c800 nmethod 618 0x00007ff3612fe550 code [0x00007ff3612fe6a0, 0x00007ff3612fe7b0]
Event: 5.858 Thread 0x00007ff370119800 nmethod 616 0x00007ff3612fed50 code [0x00007ff3612fef20, 0x00007ff3612ff8d8]
Event: 5.858 Thread 0x00007ff370119800  619       4       java.util.HashMap$HashIterator::nextNode (100 bytes)
Event: 5.861 Thread 0x00007ff370119800 nmethod 619 0x00007ff3612fe0d0 code [0x00007ff3612fe220, 0x00007ff3612fe438]
Event: 5.861 Thread 0x00007ff370119800  617       4       com.gitlab.pdftk_java.com.lowagie.text.pdf.PdfObject::isIndirect (15 bytes)
Event: 5.861 Thread 0x00007ff370119800 nmethod 617 0x00007ff36130ba90 code [0x00007ff36130bbe0, 0x00007ff36130bc58]
Event: 5.861 Thread 0x00007ff370119800  582       4       com.gitlab.pdftk_java.com.lowagie.text.pdf.PdfLiteral::<init> (7 bytes)
Event: 5.862 Thread 0x00007ff370119800 nmethod 582 0x00007ff36130b7d0 code [0x00007ff36130b920, 0x00007ff36130b9c8]
Event: 5.862 Thread 0x00007ff370119800  606       4       java.lang.Integer::<init> (10 bytes)
Event: 5.862 Thread 0x00007ff370119800 nmethod 606 0x00007ff36130b5d0 code [0x00007ff36130b720, 0x00007ff36130b778]
Event: 5.862 Thread 0x00007ff370119800  580       4       com.gitlab.pdftk_java.com.lowagie.text.pdf.PdfString::setHexWriting (7 bytes)
Event: 5.862 Thread 0x00007ff370119800 nmethod 580 0x00007ff36130b350 code [0x00007ff36130b4a0, 0x00007ff36130b518]
Event: 5.862 Thread 0x00007ff370119800  581       4       com.gitlab.pdftk_java.com.lowagie.text.pdf.PdfString::setObjNum (11 bytes)
Event: 5.862 Thread 0x00007ff370119800 nmethod 581 0x00007ff36130d2d0 code [0x00007ff36130d420, 0x00007ff36130d478]
Event: 5.862 Thread 0x00007ff370119800  583       4       com.gitlab.pdftk_java.com.lowagie.text.pdf.PRIndirectReference::<init> (26 bytes)
Event: 5.863 Thread 0x00007ff370119800 nmethod 583 0x00007ff36130d090 code [0x00007ff36130d1e0, 0x00007ff36130d278]
Event: 5.863 Thread 0x00007ff370119800  584       4       com.gitlab.pdftk_java.com.lowagie.text.pdf.PdfIndirectReference::<init> (11 bytes)
Event: 5.863 Thread 0x00007ff370119800 nmethod 584 0x00007ff36130ce50 code [0x00007ff36130cfa0, 0x00007ff36130d018]
Event: 5.863 Thread 0x00007ff37011c800  622  s    3       java.util.Vector::addElement (38 bytes)
Event: 5.863 Thread 0x00007ff37011c800 nmethod 622 0x00007ff36130c590 code [0x00007ff36130c720, 0x00007ff36130cc48]
Event: 5.863 Thread 0x00007ff37011c800  625       3       java.util.HashMap$KeyIterator::next (8 bytes)
Event: 5.864 Thread 0x00007ff37011c800 nmethod 625 0x00007ff36130c150 code [0x00007ff36130c2c0, 0x00007ff36130c4c8]
Event: 5.864 Thread 0x00007ff37011c800  621       3       java.util.Stack::push (7 bytes)
Event: 5.864 Thread 0x00007ff37011c800 nmethod 621 0x00007ff36130bcd0 code [0x00007ff36130be40, 0x00007ff36130c068]
Event: 5.864 Thread 0x00007ff37011c800  624       3       java.util.Stack::empty (13 bytes)
Event: 5.864 Thread 0x00007ff37011c800 nmethod 624 0x00007ff361301250 code [0x00007ff3613013c0, 0x00007ff361301790]
Event: 5.864 Thread 0x00007ff37011c800  626  s    3       java.util.Vector::elementAt (48 bytes)
Event: 5.864 Thread 0x00007ff37011c800 nmethod 626 0x00007ff36130f050 code [0x00007ff36130f260, 0x00007ff36130fde8]
Event: 5.864 Thread 0x00007ff37011c800  620  s    3       java.util.Stack::pop (19 bytes)
Event: 5.865 Thread 0x00007ff37011c800 nmethod 620 0x00007ff36130df50 code [0x00007ff36130e120, 0x00007ff36130ec68]
Event: 5.865 Thread 0x00007ff37011c800  623  s    3       java.util.Vector::removeElementAt (115 bytes)
Event: 5.865 Thread 0x00007ff37011c800 nmethod 623 0x00007ff361310390 code [0x00007ff3613105c0, 0x00007ff361311368]
Event: 5.866 Thread 0x00007ff370119800  627  s    4       java.util.Vector::addElement (38 bytes)
Event: 5.867 Thread 0x00007ff370119800 nmethod 627 0x00007ff36130d9d0 code [0x00007ff36130db20, 0x00007ff36130ddd8]
Event: 5.867 Thread 0x00007ff370119800  629       4       java.util.HashMap$HashIterator::<init> (79 bytes)
Event: 5.871 Thread 0x00007ff370119800 nmethod 629 0x00007ff361300cd0 code [0x00007ff361300e20, 0x00007ff361301118]
Event: 5.871 Thread 0x00007ff370119800  631       4       com.gitlab.pdftk_java.com.lowagie.text.pdf.PdfReader::getPdfObjectRelease (11 bytes)
Event: 5.872 Thread 0x00007ff37011c800  633  s    3       java.util.Vector::addElement (38 bytes)
Event: 5.873 Thread 0x00007ff37011c800 nmethod 633 0x00007ff361300350 code [0x00007ff3613004e0, 0x00007ff361300a08]
Event: 5.873 Thread 0x00007ff37011c800  632 %     3       java.util.AbstractCollection::toArray @ 42 (147 bytes)
Event: 5.873 Thread 0x00007ff37011c800 nmethod 632% 0x00007ff361314950 code [0x00007ff361314bc0, 0x00007ff361315d38]
Event: 5.873 Thread 0x00007ff37011c800  634       3       java.util.Vector::ensureCapacityHelper (16 bytes)
Event: 5.874 Thread 0x00007ff37011c800 nmethod 634 0x00007ff36130d5d0 code [0x00007ff36130d740, 0x00007ff36130d928]
Event: 5.874 Thread 0x00007ff37011c800  630 %     3       com.gitlab.pdftk_java.com.lowagie.text.pdf.PdfReader::removeUnusedNode @ 14 (635 bytes)
Event: 5.878 Thread 0x00007ff37011c800 nmethod 630% 0x00007ff361316290 code [0x00007ff361316a20, 0x00007ff36131d1c8]
Event: 5.878 Thread 0x00007ff37011c800  639       3       java.util.AbstractCollection::toArray (147 bytes)
Event: 5.879 Thread 0x00007ff37011c800 nmethod 639 0x00007ff3613130d0 code [0x00007ff361313340, 0x00007ff361314478]
Event: 5.879 Thread 0x00007ff37011c800  640       3       com.gitlab.pdftk_java.com.lowagie.text.pdf.PdfReader::removeUnusedNode (635 bytes)
Event: 5.883 Thread 0x00007ff37011c800 nmethod 640 0x00007ff3613210d0 code [0x00007ff361321840, 0x00007ff361327d88]
Event: 5.885 Thread 0x00007ff370119800 nmethod 631 0x00007ff36132d510 code [0x00007ff36132d680, 0x00007ff36132d938]
Event: 5.885 Thread 0x00007ff370119800  636       4       java.util.Stack::push (7 bytes)
Event: 5.887 Thread 0x00007ff370119800 nmethod 636 0x00007ff36132cdd0 code [0x00007ff36132cf40, 0x00007ff36132d328]
Event: 5.887 Thread 0x00007ff370119800  641  s    4       java.util.Vector::addElement (38 bytes)
Event: 5.889 Thread 0x00007ff370119800 nmethod 641 0x00007ff36132c6d0 code [0x00007ff36132c840, 0x00007ff36132cc28]
Event: 5.889 Thread 0x00007ff370119800  628       4       java.util.Stack::empty (13 bytes)
Event: 5.890 Thread 0x00007ff370119800 nmethod 628 0x00007ff36132c2d0 code [0x00007ff36132c420, 0x00007ff36132c618]
Event: 5.890 Thread 0x00007ff370119800  635  s    4       java.util.Vector::elementAt (48 bytes)
Event: 5.892 Thread 0x00007ff370119800 nmethod 635 0x00007ff36132bdd0 code [0x00007ff36132bf20, 0x00007ff36132c198]
Event: 5.892 Thread 0x00007ff370119800  637  s    4       java.util.Stack::pop (19 bytes)
Event: 5.894 Thread 0x00007ff370119800 nmethod 637 0x00007ff36132f790 code [0x00007ff36132f8e0, 0x00007ff36132fbf8]
Event: 5.894 Thread 0x00007ff370119800  643       4       java.util.HashMap$KeyIterator::next (8 bytes)
Event: 5.896 Thread 0x00007ff37011c800  644       3       java.util.HashMap::getNode (148 bytes)
Event: 5.897 Thread 0x00007ff37011c800 nmethod 644 0x00007ff361312290 code [0x00007ff361312460, 0x00007ff361312e08]
Event: 5.897 Thread 0x00007ff37011c800  642       3       java.util.HashMap::get (23 bytes)
Event: 5.897 Thread 0x00007ff37011c800 nmethod 642 0x00007ff361311b90 code [0x00007ff361311d20, 0x00007ff361312138]
Event: 5.898 Thread 0x00007ff370119800 nmethod 643 0x00007ff36132ddd0 code [0x00007ff36132df20, 0x00007ff36132e158]
Event: 5.898 Thread 0x00007ff370119800  638  s    4       java.util.Vector::removeElementAt (115 bytes)
Event: 5.899 Thread 0x00007ff370119800 nmethod 638 0x00007ff361331250 code [0x00007ff3613313a0, 0x00007ff361331658]
Event: 5.900 Thread 0x00007ff370119800  645   !   4       com.gitlab.pdftk_java.com.lowagie.text.pdf.PdfReader::getPdfObject (170 bytes)
Event: 5.902 Thread 0x00007ff370119800 nmethod 645 0x00007ff361330c50 code [0x00007ff361330dc0, 0x00007ff361330fd8]
Event: 5.905 Thread 0x00007ff37011c800  646       3       java.util.HashMap$KeySet::iterator (12 bytes)
Event: 5.905 Thread 0x00007ff37011c800 nmethod 646 0x00007ff361330790 code [0x00007ff361330900, 0x00007ff361330b68]
Event: 5.905 Thread 0x00007ff37011c800  647       3       java.util.HashMap::keySet (25 bytes)
Event: 5.905 Thread 0x00007ff37011c800 nmethod 647 0x00007ff3613300d0 code [0x00007ff361330260, 0x00007ff3613305f0]
Event: 5.912 Thread 0x00007ff370119800  648       4       java.util.HashMap::get (23 bytes)
Event: 5.915 Thread 0x00007ff370119800 nmethod 648 0x00007ff361332a50 code [0x00007ff361332bc0, 0x00007ff361332eb8]
Event: 5.915 Thread 0x00007ff370119800  649       4       java.util.HashMap::getNode (148 bytes)
Event: 5.918 Thread 0x00007ff370119800 nmethod 649 0x00007ff361332410 code [0x00007ff361332580, 0x00007ff361332818]
Event: 5.920 Thread 0x00007ff370119800  650 %     4       com.gitlab.pdftk_java.com.lowagie.text.pdf.PdfReader::removeUnusedNode @ 14 (635 bytes)
Event: 5.988 Thread 0x00007ff370119800 nmethod 650% 0x00007ff361339850 code [0x00007ff361339c60, 0x00007ff36133d150]
Event: 5.988 Thread 0x00007ff370119800  651       4       java.util.AbstractCollection::toArray (147 bytes)
Event: 5.996 Thread 0x00007ff370119800 nmethod 651 0x00007ff361336f90 code [0x00007ff361337120, 0x00007ff361337618]
Event: 5.996 Thread 0x00007ff370119800  652       4       java.util.AbstractCollection::toArray (147 bytes)
Event: 6.006 Thread 0x00007ff370119800 nmethod 652 0x00007ff361338b10 code [0x00007ff361338ca0, 0x00007ff3613391d8]
Event: 6.006 Thread 0x00007ff370119800  653 %     4       com.gitlab.pdftk_java.com.lowagie.text.pdf.PdfReader::removeUnusedNode @ 14 (635 bytes)
Event: 6.074 Thread 0x00007ff370119800 nmethod 653% 0x00007ff361345110 code [0x00007ff361345520, 0x00007ff361348970]
Event: 6.074 Thread 0x00007ff370119800  655       4       java.util.AbstractCollection::toArray (147 bytes)
Event: 6.084 Thread 0x00007ff370119800 nmethod 655 0x00007ff361337c50 code [0x00007ff361337de0, 0x00007ff361338398]
Event: 6.084 Thread 0x00007ff370119800  658       4       java.util.HashMap::keySet (25 bytes)
Event: 6.085 Thread 0x00007ff370119800 nmethod 658 0x00007ff3613320d0 code [0x00007ff361332220, 0x00007ff361332338]
Event: 6.085 Thread 0x00007ff370119800  654       4       java.util.HashMap$KeySet::iterator (12 bytes)
Event: 6.089 Thread 0x00007ff370119800 nmethod 654 0x00007ff3613319d0 code [0x00007ff361331b40, 0x00007ff361331eb8]
Event: 6.089 Thread 0x00007ff370119800  656       4       com.gitlab.pdftk_java.com.lowagie.text.pdf.PdfDictionary::getKeys (8 bytes)
Event: 6.090 Thread 0x00007ff370119800 nmethod 656 0x00007ff361335390 code [0x00007ff3613354e0, 0x00007ff361335638]
Event: 6.090 Thread 0x00007ff370119800  657       4       com.gitlab.pdftk_java.com.lowagie.text.pdf.PdfDictionary::size (8 bytes)
Event: 6.091 Thread 0x00007ff370119800 nmethod 657 0x00007ff36132fe90 code [0x00007ff36132ffe0, 0x00007ff361330058]
Event: 6.220 Thread 0x00007ff37011c800  659 %     3       com.gitlab.pdftk_java.com.lowagie.text.pdf.PdfReader::removeUnusedObjects @ 86 (119 bytes)
Event: 6.221 Thread 0x00007ff37011c800 nmethod 659% 0x00007ff3613338d0 code [0x00007ff361333b40, 0x00007ff361334928]
Event: 6.222 Thread 0x00007ff37011c800  660  s    3       java.lang.StringBuffer::append (13 bytes)
Event: 6.222 Thread 0x00007ff37011c800 nmethod 660 0x00007ff361333350 code [0x00007ff3613334c0, 0x00007ff3613337e8]
Event: 6.222 Thread 0x00007ff37011c800  661   !   3       com.gitlab.pdftk_java.com.lowagie.text.pdf.PdfEncodings::convertToString (354 bytes)
Event: 6.224 Thread 0x00007ff37011c800 nmethod 661 0x00007ff361341a90 code [0x00007ff361341e40, 0x00007ff361343e58]
Event: 6.224 Thread 0x00007ff37011c800  662       3       java.lang.String::<init> (15 bytes)
Event: 6.224 Thread 0x00007ff37011c800 nmethod 662 0x00007ff36132ecd0 code [0x00007ff36132ee60, 0x00007ff36132f248]
Event: 6.224 Thread 0x00007ff37011c800  664       3       com.gitlab.pdftk_java.com.lowagie.text.pdf.PdfString::toUnicodeString (5 bytes)
Event: 6.224 Thread 0x00007ff37011c800 nmethod 664 0x00007ff36132e950 code [0x00007ff36132eac0, 0x00007ff36132ec48]
Event: 6.224 Thread 0x00007ff37011c800  665       3       java.lang.Math::floor (5 bytes)
Event: 6.224 Thread 0x00007ff37011c800 nmethod 665 0x00007ff36132e510 code [0x00007ff36132e6a0, 0x00007ff36132e868]
Event: 6.224 Thread 0x00007ff37011c800  666       3       com.gitlab.pdftk_java.com.lowagie.text.pdf.PdfString::getValue (66 bytes)
Event: 6.225 Thread 0x00007ff37011c800 nmethod 666 0x00007ff361341350 code [0x00007ff3613414e0, 0x00007ff361341968]
Event: 6.225 Thread 0x00007ff37011c800  667       3       com.gitlab.pdftk_java.com.lowagie.text.pdf.PdfString::isUnicode (27 bytes)
Event: 6.225 Thread 0x00007ff37011c800 nmethod 667 0x00007ff361340ed0 code [0x00007ff361341040, 0x00007ff361341290]
Event: 6.225 Thread 0x00007ff37011c800  668       3       java.lang.StrictMath::floorOrCeil (128 bytes)
Event: 6.225 Thread 0x00007ff37011c800 nmethod 668 0x00007ff3613407d0 code [0x00007ff361340960, 0x00007ff361340df0]
Event: 6.225 Thread 0x00007ff37011c800  671       3       com.gitlab.pdftk_java.com.lowagie.text.pdf.PdfObject::isArray (14 bytes)
Event: 6.225 Thread 0x00007ff37011c800 nmethod 671 0x00007ff361336bd0 code [0x00007ff361336d40, 0x00007ff361336ef0]
Event: 6.225 Thread 0x00007ff37011c800  672       3       com.gitlab.pdftk_java.com.lowagie.text.pdf.PdfReader::getNameArray (68 bytes)
Event: 6.226 Thread 0x00007ff37011c800 nmethod 672 0x00007ff361335890 code [0x00007ff361335ac0, 0x00007ff361336848]
Event: 6.226 Thread 0x00007ff370119800  670       4       java.util.HashMap$EntryIterator::next (5 bytes)
Event: 6.226 Thread 0x00007ff37011c800  674       3       com.gitlab.pdftk_java.com.lowagie.text.pdf.PdfDictionary::put (34 bytes)
Event: 6.226 Thread 0x00007ff37011c800 nmethod 674 0x00007ff36134bd10 code [0x00007ff36134bf00, 0x00007ff36134c838]
Event: 6.226 Thread 0x00007ff37011c800  673       3       java.util.HashMap$Node::setValue (12 bytes)
Event: 6.226 Thread 0x00007ff37011c800 nmethod 673 0x00007ff36134cc10 code [0x00007ff36134cd60, 0x00007ff36134ced0]
Event: 6.226 Thread 0x00007ff37011c800  669       3       java.lang.Math::getExponent (17 bytes)
Event: 6.226 Thread 0x00007ff37011c800 nmethod 669 0x00007ff36134cf50 code [0x00007ff36134d0a0, 0x00007ff36134d210]
Event: 6.229 Thread 0x00007ff370119800 nmethod 670 0x00007ff3613500d0 code [0x00007ff361350220, 0x00007ff361350438]
Event: 6.229 Thread 0x00007ff370119800  680   !   4       com.gitlab.pdftk_java.com.lowagie.text.pdf.PdfEncodings::convertToString (354 bytes)
Event: 6.237 Thread 0x00007ff37011c800  676       2       com.gitlab.pdftk_java.com.lowagie.text.pdf.PdfArray::size (8 bytes)
Event: 6.238 Thread 0x00007ff37011c800 nmethod 676 0x00007ff36134fd90 code [0x00007ff36134fee0, 0x00007ff361350030]
Event: 6.238 Thread 0x00007ff37011c800  678       2       com.gitlab.pdftk_java.com.lowagie.text.pdf.PdfArray::getPdfObject (12 bytes)
Event: 6.238 Thread 0x00007ff37011c800 nmethod 678 0x00007ff36134f690 code [0x00007ff36134f820, 0x00007ff36134fad8]
Event: 6.238 Thread 0x00007ff37011c800  677       2       com.gitlab.pdftk_java.com.lowagie.text.pdf.PdfObject::isDictionary (15 bytes)
Event: 6.238 Thread 0x00007ff37011c800 nmethod 677 0x00007ff36134f350 code [0x00007ff36134f4a0, 0x00007ff36134f610]
Event: 6.238 Thread 0x00007ff37011c800  675       2       com.gitlab.pdftk_java.com.lowagie.text.pdf.PdfReader::releaseLastXrefPartial (34 bytes)
Event: 6.238 Thread 0x00007ff37011c800 nmethod 675 0x00007ff36134ec50 code [0x00007ff36134ede0, 0x00007ff36134f098]
Event: 6.238 Thread 0x00007ff37011c800  679       2       com.gitlab.pdftk_java.com.lowagie.text.pdf.PdfReader::replaceNamedDestination (272 bytes)
Event: 6.239 Thread 0x00007ff370119800 nmethod 680 0x00007ff361350590 code [0x00007ff361350760, 0x00007ff361351008]
Event: 6.240 Thread 0x00007ff37011c800 nmethod 679 0x00007ff3613514d0 code [0x00007ff3613518c0, 0x00007ff361352ce8]
Event: 6.240 Thread 0x00007ff37011c800  681       3       com.gitlab.pdftk_java.com.lowagie.text.pdf.PdfReader::setXrefPartialObject (23 bytes)
Event: 6.241 Thread 0x00007ff37011c800 nmethod 681 0x00007ff36134e0d0 code [0x00007ff36134e280, 0x00007ff36134e858]
Event: 6.241 Thread 0x00007ff37011c800  683       3       com.gitlab.pdftk_java.com.lowagie.text.pdf.PdfString::toString (5 bytes)
Event: 6.241 Thread 0x00007ff37011c800 nmethod 683 0x00007ff36134dd50 code [0x00007ff36134dec0, 0x00007ff36134e048]
Event: 6.241 Thread 0x00007ff370119800  682       4       com.gitlab.pdftk_java.com.lowagie.text.pdf.PdfReader::releaseLastXrefPartial (76 bytes)
Event: 6.242 Thread 0x00007ff370119800 nmethod 682 0x00007ff3613404d0 code [0x00007ff361340620, 0x00007ff3613406d8]
Event: 6.242 Thread 0x00007ff370119800  686       4       com.gitlab.pdftk_java.com.lowagie.text.pdf.PdfReader::replaceNamedDestination (272 bytes)
Event: 6.251 Thread 0x00007ff37011c800  687       3       com.gitlab.pdftk_java.com.lowagie.text.pdf.PdfReader$PageRefs::size (20 bytes)
Event: 6.252 Thread 0x00007ff37011c800 nmethod 687 0x00007ff36134d950 code [0x00007ff36134dac0, 0x00007ff36134dc90]
Event: 6.258 Thread 0x00007ff37011c800  688       3       java.util.HashMap::keySet (25 bytes)
Event: 6.259 Thread 0x00007ff37011c800 nmethod 688 0x00007ff36134d290 code [0x00007ff36134d420, 0x00007ff36134d7b0]
Event: 6.276 Thread 0x00007ff370119800 nmethod 686 0x00007ff36135b650 code [0x00007ff36135b9e0, 0x00007ff36135dd80]
Event: 6.276 Thread 0x00007ff370119800  689 %     4       com.gitlab.pdftk_java.com.lowagie.text.pdf.PdfReader::removeUnusedNode @ 14 (635 bytes)
Event: 6.363 Thread 0x00007ff370119800 nmethod 689% 0x00007ff361360390 code [0x00007ff3613607c0, 0x00007ff361363d30]
Event: 6.363 Thread 0x00007ff370119800  690       4       java.util.HashMap::keySet (25 bytes)
Event: 6.364 Thread 0x00007ff370119800 nmethod 690 0x00007ff361358650 code [0x00007ff3613587a0, 0x00007ff361358898]
Event: 6.364 Thread 0x00007ff370119800  684       4       com.gitlab.pdftk_java.com.lowagie.text.pdf.PdfArray::getPdfObject (12 bytes)
Event: 6.365 Thread 0x00007ff370119800 nmethod 684 0x00007ff361358250 code [0x00007ff3613583a0, 0x00007ff3613584b8]
Event: 6.365 Thread 0x00007ff370119800  691       4       com.gitlab.pdftk_java.com.lowagie.text.pdf.PdfReader::removeUnusedNode (635 bytes)
Event: 6.425 Thread 0x00007ff370119800 nmethod 691 0x00007ff36136add0 code [0x00007ff36136b1e0, 0x00007ff36136d640]
Event: 6.482 Thread 0x00007ff37011c800  692       3       com.gitlab.pdftk_java.com.lowagie.text.pdf.PdfReader::removeUnusedObjects (119 bytes)
Event: 6.483 Thread 0x00007ff37011c800 nmethod 692 0x00007ff361359d90 code [0x00007ff361359fe0, 0x00007ff36135acc8]
Event: 6.485 Thread 0x00007ff37011c800  693       3       sun.misc.ASCIICaseInsensitiveComparator::toLower (16 bytes)
Event: 6.486 Thread 0x00007ff37011c800 nmethod 693 0x00007ff361359910 code [0x00007ff361359a80, 0x00007ff361359cd0]
Event: 6.486 Thread 0x00007ff37011c800  694       3       sun.misc.ASCIICaseInsensitiveComparator::isUpper (18 bytes)
Event: 6.486 Thread 0x00007ff37011c800 nmethod 694 0x00007ff361359210 code [0x00007ff361359380, 0x00007ff361359530]
Event: 6.486 Thread 0x00007ff37011c800  696       3       sun.nio.cs.UTF_8$Decoder::decode (779 bytes)
Event: 6.490 Thread 0x00007ff37011c800 nmethod 696 0x00007ff361370810 code [0x00007ff361370e40, 0x00007ff3613758f8]
Event: 6.490 Thread 0x00007ff37011c800  700       3       java.util.concurrent.ConcurrentHashMap::addCount (281 bytes)
Event: 6.492 Thread 0x00007ff37011c800 nmethod 700 0x00007ff3613571d0 code [0x00007ff3613573e0, 0x00007ff361357ea8]
Event: 6.492 Thread 0x00007ff37011c800  701       3       java.lang.Character::toUpperCase (6 bytes)
Event: 6.492 Thread 0x00007ff37011c800 nmethod 701 0x00007ff361358cd0 code [0x00007ff361358e60, 0x00007ff3613590f8]
Event: 6.492 Thread 0x00007ff37011c800  702       3       java.lang.Character::toUpperCase (9 bytes)
Event: 6.492 Thread 0x00007ff37011c800 nmethod 702 0x00007ff361356d50 code [0x00007ff361356ec0, 0x00007ff3613570f8]
Event: 6.492 Thread 0x00007ff37011c800  703       3       java.lang.CharacterDataLatin1::toUpperCase (53 bytes)
Event: 6.492 Thread 0x00007ff37011c800 nmethod 703 0x00007ff361356790 code [0x00007ff361356900, 0x00007ff361356bd0]
Event: 6.492 Thread 0x00007ff37011c800  698       3       java.util.jar.Manifest$FastInputStream::readLine (9 bytes)
Event: 6.492 Thread 0x00007ff37011c800 nmethod 698 0x00007ff361356390 code [0x00007ff361356500, 0x00007ff3613566a8]
Event: 6.492 Thread 0x00007ff37011c800  699       3       java.util.jar.Manifest$FastInputStream::peek (38 bytes)
Event: 6.492 Thread 0x00007ff37011c800 nmethod 699 0x00007ff361355ed0 code [0x00007ff361356040, 0x00007ff3613562a8]
Event: 6.492 Thread 0x00007ff37011c800  695       1       java.lang.StringCoding$StringDecoder::requestedCharsetName (5 bytes)
Event: 6.492 Thread 0x00007ff37011c800 nmethod 695 0x00007ff361358950 code [0x00007ff361358aa0, 0x00007ff361358bb0]
Event: 6.494 Thread 0x00007ff37011c800  704   !   3       java.util.zip.ZipFile$ZipFileInputStream::close (110 bytes)
Event: 6.494 Thread 0x00007ff37011c800 nmethod 704 0x00007ff36136a050 code [0x00007ff36136a200, 0x00007ff36136aa38]
Event: 6.494 Thread 0x00007ff37011c800  705       3       java.util.jar.JarFile::maybeInstantiateVerifier (96 bytes)
Event: 6.495 Thread 0x00007ff37011c800 nmethod 705 0x00007ff361368b50 code [0x00007ff361368d80, 0x00007ff361369a08]
Event: 6.496 Thread 0x00007ff37011c800  706       3       java.lang.String::regionMatches (149 bytes)
Event: 6.497 Thread 0x00007ff37011c800 nmethod 706 0x00007ff361367290 code [0x00007ff361367500, 0x00007ff3613681d8]
Event: 6.497 Thread 0x00007ff370119800  707       4       java.lang.String::indexOf (70 bytes)
Event: 6.499 Thread 0x00007ff370119800 nmethod 707 0x00007ff3613552d0 code [0x00007ff361355420, 0x00007ff3613555b8]
Event: 6.499 Thread 0x00007ff37011c800  708       3       java.lang.Character::isHighSurrogate (18 bytes)
Event: 6.499 Thread 0x00007ff37011c800 nmethod 708 0x00007ff361354e50 code [0x00007ff361354fc0, 0x00007ff361355190]
Event: 6.499 Thread 0x00007ff37011c800  709       1       java.nio.Buffer::position (5 bytes)
Event: 6.499 Thread 0x00007ff37011c800 nmethod 709 0x00007ff36137ba10 code [0x00007ff36137bb60, 0x00007ff36137bc70]
Event: 6.500 Thread 0x00007ff37011c800  710       1       java.nio.Buffer::limit (5 bytes)
Event: 6.500 Thread 0x00007ff37011c800 nmethod 710 0x00007ff36137acd0 code [0x00007ff36137ae20, 0x00007ff36137af30]
Event: 6.500 Thread 0x00007ff37011c800  711       1       java.util.Formatter$Flags::valueOf (5 bytes)
Event: 6.500 Thread 0x00007ff37011c800 nmethod 711 0x00007ff36137aa10 code [0x00007ff36137ab60, 0x00007ff36137ac70]
Event: 6.501 Thread 0x00007ff37011c800  712       3       java.nio.Buffer::position (40 bytes)
Event: 6.501 Thread 0x00007ff37011c800 nmethod 712 0x00007ff36137a510 code [0x00007ff36137a680, 0x00007ff36137a948]
Event: 6.501 Thread 0x00007ff37011c800  713       3       java.util.Formatter$Flags::contains (22 bytes)
Event: 6.501 Thread 0x00007ff37011c800 nmethod 713 0x00007ff36137a0d0 code [0x00007ff36137a240, 0x00007ff36137a450]
Event: 6.501 Thread 0x00007ff37011c800  714       3       java.util.regex.Pattern$BmpCharProperty::match (50 bytes)
Event: 6.501 Thread 0x00007ff37011c800 nmethod 714 0x00007ff361379950 code [0x00007ff361379ae0, 0x00007ff361379f88]
Event: 6.501 Thread 0x00007ff37011c800  715       3       java.nio.ByteBuffer::arrayOffset (35 bytes)
Event: 6.502 Thread 0x00007ff37011c800 nmethod 715 0x00007ff361379350 code [0x00007ff3613794e0, 0x00007ff3613797f8]
Event: 6.502 Thread 0x00007ff37011c800  716       3       sun.net.www.ParseUtil::encodePath (336 bytes)
Event: 6.503 Thread 0x00007ff37011c800 nmethod 716 0x00007ff36137bcd0 code [0x00007ff36137bf40, 0x00007ff36137cf38]
Event: 6.503 Thread 0x00007ff37011c800  717   !   3       sun.misc.URLClassPath$JarLoader::ensureOpen (36 bytes)
Event: 6.503 Thread 0x00007ff37011c800 nmethod 717 0x00007ff36137d6d0 code [0x00007ff36137d880, 0x00007ff36137dd58]
Event: 6.504 Thread 0x00007ff37011c800  719  s    3       sun.misc.PerfCounter::add (18 bytes)
Event: 6.504 Thread 0x00007ff37011c800 nmethod 719 0x00007ff36137e610 code [0x00007ff36137e7a0, 0x00007ff36137ee18]
Event: 6.504 Thread 0x00007ff37011c800  720  s    3       sun.misc.PerfCounter::get (9 bytes)
Event: 6.504 Thread 0x00007ff37011c800 nmethod 720 0x00007ff36137f050 code [0x00007ff36137f1c0, 0x00007ff36137f548]
Event: 6.504 Thread 0x00007ff37011c800  721       3       java.nio.DirectLongBufferU::get (16 bytes)
Event: 6.504 Thread 0x00007ff37011c800 nmethod 721 0x00007ff36137f650 code [0x00007ff36137f7c0, 0x00007ff36137fa30]
Event: 6.504 Thread 0x00007ff37011c800  723       3       java.nio.DirectLongBufferU::put (18 bytes)
Event: 6.505 Thread 0x00007ff37011c800 nmethod 723 0x00007ff36137fb50 code [0x00007ff36137fcc0, 0x00007ff36137ff30]
Event: 6.508 Thread 0x00007ff37011c800  724       3       java.lang.ThreadLocal::getMap (5 bytes)
Event: 6.508 Thread 0x00007ff37011c800 nmethod 724 0x00007ff361380250 code [0x00007ff3613803c0, 0x00007ff361380510]
Event: 6.508 Thread 0x00007ff37011c800  725       3       sun.nio.cs.US_ASCII$Encoder::encode (107 bytes)
Event: 6.509 Thread 0x00007ff37011c800 nmethod 725 0x00007ff3613805d0 code [0x00007ff361380780, 0x00007ff361380e70]
Event: 6.509 Thread 0x00007ff37011c800  726       3       java.lang.ThreadLocal::get (38 bytes)
Event: 6.509 Thread 0x00007ff37011c800 nmethod 726 0x00007ff361381190 code [0x00007ff361381320, 0x00007ff3613816a8]
Event: 6.509 Thread 0x00007ff37011c800  727       3       java.lang.ThreadLocal$ThreadLocalMap::access$000 (6 bytes)
Event: 6.509 Thread 0x00007ff37011c800 nmethod 727 0x00007ff361381850 code [0x00007ff3613819c0, 0x00007ff361381b28]
Event: 6.509 Thread 0x00007ff37011c800  728       3       java.lang.ThreadLocal$ThreadLocalMap::getEntry (42 bytes)
Event: 6.509 Thread 0x00007ff37011c800 nmethod 728 0x00007ff361381c10 code [0x00007ff361381d80, 0x00007ff361382088]
Event: 6.511 Thread 0x00007ff37011c800  729       3       java.io.BufferedInputStream::getBufIfOpen (21 bytes)
Event: 6.512 Thread 0x00007ff37011c800 nmethod 729 0x00007ff3613821d0 code [0x00007ff361382340, 0x00007ff361382588]
Event: 6.512 Thread 0x00007ff37011c800  730  s    3       java.io.BufferedInputStream::read (49 bytes)
Event: 6.512 Thread 0x00007ff37011c800 nmethod 730 0x00007ff361382650 code [0x00007ff361382800, 0x00007ff361382d78]
Event: 6.512 Thread 0x00007ff37011c800  731       3       java.io.DataInputStream::readInt (72 bytes)
Event: 6.512 Thread 0x00007ff37011c800 nmethod 731 0x00007ff361382f90 code [0x00007ff361383160, 0x00007ff361383708]
Event: 6.515 Thread 0x00007ff37011c800  732       3       java.nio.CharBuffer::arrayOffset (35 bytes)
Event: 6.515 Thread 0x00007ff37011c800 nmethod 732 0x00007ff3613843d0 code [0x00007ff361384560, 0x00007ff361384878]
Event: 6.515 Thread 0x00007ff370119800  733       4       java.lang.AbstractStringBuilder::ensureCapacityInternal (27 bytes)

GC Heap History (9 events):
Event: 1.866 GC heap before
{Heap before GC invocations=1 (full 0):
 PSYoungGen      total 72704K, used 62464K [0x000000076eb00000, 0x0000000773c00000, 0x00000007c0000000)
  eden space 62464K, 100% used [0x000000076eb00000,0x0000000772800000,0x0000000772800000)
  from space 10240K, 0% used [0x0000000773200000,0x0000000773200000,0x0000000773c00000)
  to   space 10240K, 0% used [0x0000000772800000,0x0000000772800000,0x0000000773200000)
 ParOldGen       total 166912K, used 0K [0x00000006cc000000, 0x00000006d6300000, 0x000000076eb00000)
  object space 166912K, 0% used [0x00000006cc000000,0x00000006cc000000,0x00000006d6300000)
 Metaspace       used 4106K, capacity 5048K, committed 5376K, reserved 1056768K
  class space    used 373K, capacity 424K, committed 512K, reserved 1048576K
Event: 1.890 GC heap after
Heap after GC invocations=1 (full 0):
 PSYoungGen      total 72704K, used 10214K [0x000000076eb00000, 0x0000000777900000, 0x00000007c0000000)
  eden space 62464K, 0% used [0x000000076eb00000,0x000000076eb00000,0x0000000772800000)
  from space 10240K, 99% used [0x0000000772800000,0x00000007731f9a80,0x0000000773200000)
  to   space 10240K, 0% used [0x0000000776f00000,0x0000000776f00000,0x0000000777900000)
 ParOldGen       total 166912K, used 5342K [0x00000006cc000000, 0x00000006d6300000, 0x000000076eb00000)
  object space 166912K, 3% used [0x00000006cc000000,0x00000006cc537980,0x00000006d6300000)
 Metaspace       used 4106K, capacity 5048K, committed 5376K, reserved 1056768K
  class space    used 373K, capacity 424K, committed 512K, reserved 1048576K
}
Event: 3.667 GC heap before
{Heap before GC invocations=2 (full 0):
 PSYoungGen      total 72704K, used 72678K [0x000000076eb00000, 0x0000000777900000, 0x00000007c0000000)
  eden space 62464K, 100% used [0x000000076eb00000,0x0000000772800000,0x0000000772800000)
  from space 10240K, 99% used [0x0000000772800000,0x00000007731f9a80,0x0000000773200000)
  to   space 10240K, 0% used [0x0000000776f00000,0x0000000776f00000,0x0000000777900000)
 ParOldGen       total 166912K, used 5342K [0x00000006cc000000, 0x00000006d6300000, 0x000000076eb00000)
  object space 166912K, 3% used [0x00000006cc000000,0x00000006cc537980,0x00000006d6300000)
 Metaspace       used 4106K, capacity 5048K, committed 5376K, reserved 1056768K
  class space    used 373K, capacity 424K, committed 512K, reserved 1048576K
Event: 3.706 GC heap after
Heap after GC invocations=2 (full 0):
 PSYoungGen      total 135168K, used 10213K [0x000000076eb00000, 0x0000000777900000, 0x00000007c0000000)
  eden space 124928K, 0% used [0x000000076eb00000,0x000000076eb00000,0x0000000776500000)
  from space 10240K, 99% used [0x0000000776f00000,0x00000007778f9460,0x0000000777900000)
  to   space 10240K, 0% used [0x0000000776500000,0x0000000776500000,0x0000000776f00000)
 ParOldGen       total 166912K, used 19138K [0x00000006cc000000, 0x00000006d6300000, 0x000000076eb00000)
  object space 166912K, 11% used [0x00000006cc000000,0x00000006cd2b09c0,0x00000006d6300000)
 Metaspace       used 4106K, capacity 5048K, committed 5376K, reserved 1056768K
  class space    used 373K, capacity 424K, committed 512K, reserved 1048576K
}
Event: 5.342 GC heap before
{Heap before GC invocations=3 (full 0):
 PSYoungGen      total 135168K, used 135141K [0x000000076eb00000, 0x0000000777900000, 0x00000007c0000000)
  eden space 124928K, 100% used [0x000000076eb00000,0x0000000776500000,0x0000000776500000)
  from space 10240K, 99% used [0x0000000776f00000,0x00000007778f9460,0x0000000777900000)
  to   space 10240K, 0% used [0x0000000776500000,0x0000000776500000,0x0000000776f00000)
 ParOldGen       total 166912K, used 19138K [0x00000006cc000000, 0x00000006d6300000, 0x000000076eb00000)
  object space 166912K, 11% used [0x00000006cc000000,0x00000006cd2b09c0,0x00000006d6300000)
 Metaspace       used 4577K, capacity 5272K, committed 5376K, reserved 1056768K
  class space    used 417K, capacity 456K, committed 512K, reserved 1048576K
Event: 5.405 GC heap after
Heap after GC invocations=3 (full 0):
 PSYoungGen      total 135168K, used 10214K [0x000000076eb00000, 0x000000077f300000, 0x00000007c0000000)
  eden space 124928K, 0% used [0x000000076eb00000,0x000000076eb00000,0x0000000776500000)
  from space 10240K, 99% used [0x0000000776500000,0x0000000776ef9ab8,0x0000000776f00000)
  to   space 10240K, 0% used [0x000000077e900000,0x000000077e900000,0x000000077f300000)
 ParOldGen       total 166912K, used 45054K [0x00000006cc000000, 0x00000006d6300000, 0x000000076eb00000)
  object space 166912K, 26% used [0x00000006cc000000,0x00000006cebffa00,0x00000006d6300000)
 Metaspace       used 4577K, capacity 5272K, committed 5376K, reserved 1056768K
  class space    used 417K, capacity 456K, committed 512K, reserved 1048576K
}
Event: 5.565 GC heap before
{Heap before GC invocations=4 (full 0):
 PSYoungGen      total 135168K, used 135142K [0x000000076eb00000, 0x000000077f300000, 0x00000007c0000000)
  eden space 124928K, 100% used [0x000000076eb00000,0x0000000776500000,0x0000000776500000)
  from space 10240K, 99% used [0x0000000776500000,0x0000000776ef9ab8,0x0000000776f00000)
  to   space 10240K, 0% used [0x000000077e900000,0x000000077e900000,0x000000077f300000)
 ParOldGen       total 166912K, used 45054K [0x00000006cc000000, 0x00000006d6300000, 0x000000076eb00000)
  object space 166912K, 26% used [0x00000006cc000000,0x00000006cebffa00,0x00000006d6300000)
 Metaspace       used 4590K, capacity 5272K, committed 5376K, reserved 1056768K
  class space    used 417K, capacity 456K, committed 512K, reserved 1048576K
Event: 5.636 GC heap after
Heap after GC invocations=4 (full 0):
 PSYoungGen      total 260096K, used 10229K [0x000000076eb00000, 0x000000077f300000, 0x00000007c0000000)
  eden space 249856K, 0% used [0x000000076eb00000,0x000000076eb00000,0x000000077df00000)
  from space 10240K, 99% used [0x000000077e900000,0x000000077f2fd4a8,0x000000077f300000)
  to   space 10240K, 0% used [0x000000077df00000,0x000000077df00000,0x000000077e900000)
 ParOldGen       total 166912K, used 72750K [0x00000006cc000000, 0x00000006d6300000, 0x000000076eb00000)
  object space 166912K, 43% used [0x00000006cc000000,0x00000006d070ba00,0x00000006d6300000)
 Metaspace       used 4590K, capacity 5272K, committed 5376K, reserved 1056768K
  class space    used 417K, capacity 456K, committed 512K, reserved 1048576K
}
Event: 6.517 GC heap before
{Heap before GC invocations=5 (full 0):
 PSYoungGen      total 260096K, used 260085K [0x000000076eb00000, 0x000000077f300000, 0x00000007c0000000)
  eden space 249856K, 100% used [0x000000076eb00000,0x000000077df00000,0x000000077df00000)
  from space 10240K, 99% used [0x000000077e900000,0x000000077f2fd4a8,0x000000077f300000)
  to   space 10240K, 0% used [0x000000077df00000,0x000000077df00000,0x000000077e900000)
 ParOldGen       total 166912K, used 72750K [0x00000006cc000000, 0x00000006d6300000, 0x000000076eb00000)
  object space 166912K, 43% used [0x00000006cc000000,0x00000006d070ba00,0x00000006d6300000)
 Metaspace       used 5418K, capacity 5536K, committed 5760K, reserved 1056768K
  class space    used 496K, capacity 528K, committed 640K, reserved 1048576K

Deoptimization events (53 events):
Event: 0.152 Thread 0x00007ff37004b800 Uncommon trap: reason=unstable_if action=reinterpret pc=0x00007ff361155f2c method=java.io.ByteArrayInputStream.read()I @ 8
Event: 0.472 Thread 0x00007ff37004b800 Uncommon trap: reason=null_check action=make_not_entrant pc=0x00007ff3611e0730 method=com.gitlab.pdftk_java.com.lowagie.text.pdf.PdfReader.readPRObject()Lcom/gitlab/pdftk_java/com/lowagie/text/pdf/PdfObject; @ 356
Event: 4.708 Thread 0x00007ff37004b800 Uncommon trap: reason=unstable_if action=reinterpret pc=0x00007ff3611e99f8 method=com.gitlab.pdftk_java.com.lowagie.text.pdf.PdfReader.readPRObject()Lcom/gitlab/pdftk_java/com/lowagie/text/pdf/PdfObject; @ 505
Event: 4.709 Thread 0x00007ff37004b800 Uncommon trap: reason=unstable_if action=reinterpret pc=0x00007ff3611ca2d4 method=com.gitlab.pdftk_java.com.lowagie.text.pdf.PRTokeniser.nextToken()Z @ 907
Event: 4.709 Thread 0x00007ff37004b800 Uncommon trap: reason=unstable_if action=reinterpret pc=0x00007ff3611d926c method=sun.misc.FloatingDecimal$ASCIIToBinaryBuffer.doubleValue()D @ 135
Event: 4.713 Thread 0x00007ff37004b800 Uncommon trap: reason=class_check action=maybe_recompile pc=0x00007ff3611d0bf4 method=java.util.HashMap.putVal(ILjava/lang/Object;Ljava/lang/Object;ZZ)Ljava/lang/Object; @ 203
Event: 4.713 Thread 0x00007ff37004b800 Uncommon trap: reason=class_check action=maybe_recompile pc=0x00007ff3611d0bf4 method=java.util.HashMap.putVal(ILjava/lang/Object;Ljava/lang/Object;ZZ)Ljava/lang/Object; @ 203
Event: 4.713 Thread 0x00007ff37004b800 Uncommon trap: reason=class_check action=maybe_recompile pc=0x00007ff3611d0bf4 method=java.util.HashMap.putVal(ILjava/lang/Object;Ljava/lang/Object;ZZ)Ljava/lang/Object; @ 203
Event: 4.713 Thread 0x00007ff37004b800 Uncommon trap: reason=class_check action=maybe_recompile pc=0x00007ff3611d0bf4 method=java.util.HashMap.putVal(ILjava/lang/Object;Ljava/lang/Object;ZZ)Ljava/lang/Object; @ 203
Event: 5.067 Thread 0x00007ff37004b800 Uncommon trap: reason=unstable_if action=reinterpret pc=0x00007ff36120adec method=com.gitlab.pdftk_java.com.lowagie.text.pdf.PdfObject.isIndirect()Z @ 6
Event: 5.067 Thread 0x00007ff37004b800 Uncommon trap: reason=unstable_if action=reinterpret pc=0x00007ff361229bd4 method=com.gitlab.pdftk_java.com.lowagie.text.pdf.PdfName.equals(Ljava/lang/Object;)Z @ 2
Event: 5.067 Thread 0x00007ff37004b800 Uncommon trap: reason=unstable_if action=reinterpret pc=0x00007ff36121983c method=com.gitlab.pdftk_java.com.lowagie.text.pdf.PdfName.compareTo(Ljava/lang/Object;)I @ 45
Event: 5.076 Thread 0x00007ff37004b800 Uncommon trap: reason=class_check action=maybe_recompile pc=0x00007ff36120f0b0 method=java.util.HashMap.putVal(ILjava/lang/Object;Ljava/lang/Object;ZZ)Ljava/lang/Object; @ 56
Event: 5.076 Thread 0x00007ff37004b800 Uncommon trap: reason=class_check action=maybe_recompile pc=0x00007ff36120f0b0 method=java.util.HashMap.putVal(ILjava/lang/Object;Ljava/lang/Object;ZZ)Ljava/lang/Object; @ 56
Event: 5.080 Thread 0x00007ff37004b800 Uncommon trap: reason=unstable_if action=reinterpret pc=0x00007ff361186868 method=java.util.HashMap.getNode(ILjava/lang/Object;)Ljava/util/HashMap$Node; @ 49
Event: 5.086 Thread 0x00007ff37004b800 Uncommon trap: reason=unstable_if action=reinterpret pc=0x00007ff361158988 method=java.io.ByteArrayOutputStream.ensureCapacity(I)V @ 7
Event: 5.100 Thread 0x00007ff37004b800 Uncommon trap: reason=unstable_if action=reinterpret pc=0x00007ff361155894 method=java.io.ByteArrayOutputStream.ensureCapacity(I)V @ 7
Event: 5.118 Thread 0x00007ff37004b800 Uncommon trap: reason=unstable_if action=reinterpret pc=0x00007ff36121cd94 method=com.gitlab.pdftk_java.com.lowagie.text.pdf.PdfReader.releaseLastXrefPartial(Lcom/gitlab/pdftk_java/com/lowagie/text/pdf/PdfObject;)V @ 1
Event: 5.118 Thread 0x00007ff37004b800 Uncommon trap: reason=unstable_if action=reinterpret pc=0x00007ff361162bb4 method=java.io.ByteArrayInputStream.read([BII)I @ 63
Event: 5.118 Thread 0x00007ff37004b800 Uncommon trap: reason=unstable_if action=reinterpret pc=0x00007ff3611a44d0 method=com.gitlab.pdftk_java.com.lowagie.text.pdf.RandomAccessFileOrArray.read()I @ 25
Event: 5.118 Thread 0x00007ff37004b800 Uncommon trap: reason=unstable_if action=reinterpret pc=0x00007ff3611e7068 method=com.gitlab.pdftk_java.com.lowagie.text.pdf.RandomAccessFileOrArray.seek(I)V @ 15
Event: 5.118 Thread 0x00007ff37004b800 Uncommon trap: reason=unstable_if action=reinterpret pc=0x00007ff3611d44b4 method=com.gitlab.pdftk_java.com.lowagie.text.pdf.RandomAccessFileOrArray.insureOpen()V @ 4
Event: 5.118 Thread 0x00007ff37004b800 Uncommon trap: reason=unstable_if action=reinterpret pc=0x00007ff3611d8560 method=com.gitlab.pdftk_java.com.lowagie.text.pdf.RandomAccessFileOrArray.seek(I)V @ 15
Event: 5.224 Thread 0x00007ff37004b800 Uncommon trap: reason=unstable_if action=reinterpret pc=0x00007ff3612707f0 method=com.gitlab.pdftk_java.com.lowagie.text.pdf.RandomAccessFileOrArray.read()I @ 63
Event: 5.672 Thread 0x00007ff37004b800 Uncommon trap: reason=unstable_if action=reinterpret pc=0x00007ff36128ce58 method=sun.misc.FloatingDecimal$ASCIIToBinaryBuffer.doubleValue()D @ 175
Event: 5.826 Thread 0x00007ff37004b800 Uncommon trap: reason=unstable_if action=reinterpret pc=0x00007ff3612a5680 method=com.gitlab.pdftk_java.com.lowagie.text.pdf.PdfReader.readPRObject()Lcom/gitlab/pdftk_java/com/lowagie/text/pdf/PdfObject; @ 445
Event: 5.832 Thread 0x00007ff37004b800 Uncommon trap: reason=unstable_if action=reinterpret pc=0x00007ff3611f350c method=java.util.HashMap.putMapEntries(Ljava/util/Map;Z)V @ 8
Event: 5.833 Thread 0x00007ff37004b800 Uncommon trap: reason=unstable_if action=reinterpret pc=0x00007ff3612cf990 method=com.gitlab.pdftk_java.com.lowagie.text.pdf.IntHashtable.containsKey(I)Z @ 24
Event: 5.833 Thread 0x00007ff37004b800 Uncommon trap: reason=unstable_if action=reinterpret pc=0x00007ff3612a11b8 method=java.util.HashMap.getNode(ILjava/lang/Object;)Ljava/util/HashMap$Node; @ 116
Event: 5.833 Thread 0x00007ff37004b800 Uncommon trap: reason=unstable_if action=reinterpret pc=0x00007ff361159038 method=java.util.HashMap.getNode(ILjava/lang/Object;)Ljava/util/HashMap$Node; @ 49
Event: 5.868 Thread 0x00007ff37004b800 Uncommon trap: reason=unstable_if action=reinterpret pc=0x00007ff36130dda4 method=java.util.Vector.ensureCapacityHelper(I)V @ 7
Event: 5.996 Thread 0x00007ff37004b800 Uncommon trap: reason=predicate action=maybe_recompile pc=0x00007ff361337504 method=java.util.AbstractCollection.toArray([Ljava/lang/Object;)[Ljava/lang/Object; @ 49
Event: 5.997 Thread 0x00007ff37004b800 Uncommon trap: reason=range_check action=make_not_entrant pc=0x00007ff36133ba08 method=com.gitlab.pdftk_java.com.lowagie.text.pdf.PdfReader.removeUnusedNode(Lcom/gitlab/pdftk_java/com/lowagie/text/pdf/PdfObject;[Z)V @ 217
Event: 6.006 Thread 0x00007ff37004b800 Uncommon trap: reason=array_check action=maybe_recompile pc=0x00007ff361338fb8 method=java.util.AbstractCollection.toArray([Ljava/lang/Object;)[Ljava/lang/Object; @ 119
Event: 6.006 Thread 0x00007ff37004b800 Uncommon trap: reason=array_check action=maybe_recompile pc=0x00007ff361338fb8 method=java.util.AbstractCollection.toArray([Ljava/lang/Object;)[Ljava/lang/Object; @ 119
Event: 6.006 Thread 0x00007ff37004b800 Uncommon trap: reason=array_check action=maybe_recompile pc=0x00007ff361338fb8 method=java.util.AbstractCollection.toArray([Ljava/lang/Object;)[Ljava/lang/Object; @ 119
Event: 6.006 Thread 0x00007ff37004b800 Uncommon trap: reason=array_check action=maybe_recompile pc=0x00007ff361338fb8 method=java.util.AbstractCollection.toArray([Ljava/lang/Object;)[Ljava/lang/Object; @ 119
Event: 6.219 Thread 0x00007ff37004b800 Uncommon trap: reason=unstable_if action=reinterpret pc=0x00007ff3613467a0 method=com.gitlab.pdftk_java.com.lowagie.text.pdf.PdfReader.removeUnusedNode(Lcom/gitlab/pdftk_java/com/lowagie/text/pdf/PdfObject;[Z)V @ 536
Event: 6.219 Thread 0x00007ff37004b800 Uncommon trap: reason=unstable_if action=reinterpret pc=0x00007ff361224084 method=com.gitlab.pdftk_java.com.lowagie.text.pdf.PdfObject.isNull()Z @ 6
Event: 6.222 Thread 0x00007ff37004b800 Uncommon trap: reason=unstable_if action=reinterpret pc=0x00007ff3612e8f48 method=com.gitlab.pdftk_java.com.lowagie.text.pdf.PdfEncodings.convertToString([BLjava/lang/String;)Ljava/lang/String; @ 10
Event: 6.256 Thread 0x00007ff37004b800 Uncommon trap: reason=unstable_if action=reinterpret pc=0x00007ff3613322f4 method=java.util.HashMap.keySet()Ljava/util/Set; @ 6
Event: 6.364 Thread 0x00007ff37004b800 Uncommon trap: reason=unstable_if action=reinterpret pc=0x00007ff3613355e8 method=java.util.HashMap.keySet()Ljava/util/Set; @ 6
Event: 6.485 Thread 0x00007ff37004b800 Uncommon trap: reason=unstable_if action=reinterpret pc=0x00007ff361350f18 method=com.gitlab.pdftk_java.com.lowagie.text.pdf.PdfEncodings.convertToString([BLjava/lang/String;)Ljava/lang/String; @ 72
Event: 6.505 Thread 0x00007ff37004b800 Uncommon trap: reason=unstable_if action=reinterpret pc=0x00007ff3611dbb40 method=java.util.HashMap.resize()[Ljava/util/HashMap$Node; @ 56
Event: 6.507 Thread 0x00007ff37004b800 Uncommon trap: reason=bimorphic action=maybe_recompile pc=0x00007ff36123ab64 method=java.util.HashMap.putVal(ILjava/lang/Object;Ljava/lang/Object;ZZ)Ljava/lang/Object; @ 91
Event: 6.507 Thread 0x00007ff37004b800 Uncommon trap: reason=bimorphic action=maybe_recompile pc=0x00007ff36123ab64 method=java.util.HashMap.putVal(ILjava/lang/Object;Ljava/lang/Object;ZZ)Ljava/lang/Object; @ 91
Event: 6.507 Thread 0x00007ff37004b800 Uncommon trap: reason=bimorphic action=maybe_recompile pc=0x00007ff36123ab64 method=java.util.HashMap.putVal(ILjava/lang/Object;Ljava/lang/Object;ZZ)Ljava/lang/Object; @ 91
Event: 6.507 Thread 0x00007ff37004b800 Uncommon trap: reason=bimorphic action=maybe_recompile pc=0x00007ff36123ab64 method=java.util.HashMap.putVal(ILjava/lang/Object;Ljava/lang/Object;ZZ)Ljava/lang/Object; @ 91
Event: 6.507 Thread 0x00007ff37004b800 Uncommon trap: reason=bimorphic action=maybe_recompile pc=0x00007ff361259a5c method=java.util.HashMap.putVal(ILjava/lang/Object;Ljava/lang/Object;ZZ)Ljava/lang/Object; @ 91
Event: 6.512 Thread 0x00007ff37004b800 Uncommon trap: reason=class_check action=maybe_recompile pc=0x00007ff3611569c4 method=java.io.DataInputStream.readFully([BII)V @ 34
Event: 6.512 Thread 0x00007ff37004b800 Uncommon trap: reason=class_check action=maybe_recompile pc=0x00007ff3611569c4 method=java.io.DataInputStream.readFully([BII)V @ 34
Event: 6.512 Thread 0x00007ff37004b800 Uncommon trap: reason=class_check action=maybe_recompile pc=0x00007ff3611569c4 method=java.io.DataInputStream.readFully([BII)V @ 34
Event: 6.512 Thread 0x00007ff37004b800 Uncommon trap: reason=class_check action=maybe_recompile pc=0x00007ff3611569c4 method=java.io.DataInputStream.readFully([BII)V @ 34

Classes redefined (0 events):
No events

Internal exceptions (6 events):
Event: 0.020 Thread 0x00007ff37004b800 Exception <a 'java/lang/NoSuchMethodError': Method sun.misc.Unsafe.defineClass(Ljava/lang/String;[BII)Ljava/lang/Class; name or signature does not match> (0x000000076eb07cd8) thrown at [/builddir/build/BUILD/java-1.8.0-openjdk-1.8.0.392.b08-2.el7_9.x86_64
Event: 0.020 Thread 0x00007ff37004b800 Exception <a 'java/lang/NoSuchMethodError': Method sun.misc.Unsafe.prefetchRead(Ljava/lang/Object;J)V name or signature does not match> (0x000000076eb07fc0) thrown at [/builddir/build/BUILD/java-1.8.0-openjdk-1.8.0.392.b08-2.el7_9.x86_64/shenandoah-jdk8u3
Event: 6.508 Thread 0x00007ff37004b800 Exception <a 'java/security/PrivilegedActionException'> (0x000000077dec2a68) thrown at [/builddir/build/BUILD/java-1.8.0-openjdk-1.8.0.392.b08-2.el7_9.x86_64/shenandoah-jdk8u392-b08/hotspot/src/share/vm/prims/jvm.cpp, line 1521]
Event: 6.508 Thread 0x00007ff37004b800 Exception <a 'java/security/PrivilegedActionException'> (0x000000077dec2e60) thrown at [/builddir/build/BUILD/java-1.8.0-openjdk-1.8.0.392.b08-2.el7_9.x86_64/shenandoah-jdk8u392-b08/hotspot/src/share/vm/prims/jvm.cpp, line 1521]
Event: 6.509 Thread 0x00007ff37004b800 Exception <a 'java/security/PrivilegedActionException'> (0x000000077dec5f00) thrown at [/builddir/build/BUILD/java-1.8.0-openjdk-1.8.0.392.b08-2.el7_9.x86_64/shenandoah-jdk8u392-b08/hotspot/src/share/vm/prims/jvm.cpp, line 1521]
Event: 6.509 Thread 0x00007ff37004b800 Exception <a 'java/security/PrivilegedActionException'> (0x000000077dec62f8) thrown at [/builddir/build/BUILD/java-1.8.0-openjdk-1.8.0.392.b08-2.el7_9.x86_64/shenandoah-jdk8u392-b08/hotspot/src/share/vm/prims/jvm.cpp, line 1521]

Events (250 events):
Event: 6.256 Thread 0x00007ff37004b800 Uncommon trap: trap_request=0xffffff65 fr.pc=0x00007ff3613322f4
Event: 6.256 Thread 0x00007ff37004b800 DEOPT PACKING pc=0x00007ff3613322f4 sp=0x00007ff37767f360
Event: 6.256 Thread 0x00007ff37004b800 DEOPT UNPACKING pc=0x00007ff36104547a sp=0x00007ff37767f318 mode 2
Event: 6.364 Thread 0x00007ff37004b800 DEOPT PACKING pc=0x00007ff361327918 sp=0x00007ff37767f390
Event: 6.364 Thread 0x00007ff37004b800 DEOPT UNPACKING pc=0x00007ff3610474c4 sp=0x00007ff37767f248 mode 0
Event: 6.364 Thread 0x00007ff37004b800 Uncommon trap: trap_request=0xffffff65 fr.pc=0x00007ff3613355e8
Event: 6.364 Thread 0x00007ff37004b800 DEOPT PACKING pc=0x00007ff3613355e8 sp=0x00007ff37767f4a0
Event: 6.364 Thread 0x00007ff37004b800 DEOPT UNPACKING pc=0x00007ff36104547a sp=0x00007ff37767f408 mode 2
Event: 6.483 loading class com/gitlab/pdftk_java/InputPdf$PagesReader
Event: 6.483 loading class com/gitlab/pdftk_java/InputPdf$PagesReader done
Event: 6.483 loading class java/util/HashSet
Event: 6.483 loading class java/util/HashSet done
Event: 6.484 loading class com/gitlab/pdftk_java/report
Event: 6.484 loading class com/gitlab/pdftk_java/report done
Event: 6.485 Thread 0x00007ff37004b800 Uncommon trap: trap_request=0xffffff65 fr.pc=0x00007ff361350f18
Event: 6.485 Thread 0x00007ff37004b800 DEOPT PACKING pc=0x00007ff361350f18 sp=0x00007ff37767f5f0
Event: 6.485 Thread 0x00007ff37004b800 DEOPT UNPACKING pc=0x00007ff36104547a sp=0x00007ff37767f588 mode 2
Event: 6.485 loading class org/apache/commons/lang3/StringEscapeUtils
Event: 6.485 loading class org/apache/commons/lang3/StringEscapeUtils done
Event: 6.486 loading class org/apache/commons/lang3/text/translate/CharSequenceTranslator
Event: 6.486 loading class org/apache/commons/lang3/text/translate/CharSequenceTranslator done
Event: 6.487 loading class org/apache/commons/lang3/text/translate/AggregateTranslator
Event: 6.487 loading class org/apache/commons/lang3/text/translate/AggregateTranslator done
Event: 6.487 loading class org/apache/commons/lang3/StringEscapeUtils$CsvEscaper
Event: 6.487 loading class org/apache/commons/lang3/StringEscapeUtils$CsvEscaper done
Event: 6.487 loading class org/apache/commons/lang3/StringEscapeUtils$CsvUnescaper
Event: 6.487 loading class org/apache/commons/lang3/StringEscapeUtils$CsvUnescaper done
Event: 6.488 loading class org/apache/commons/lang3/text/translate/LookupTranslator
Event: 6.488 loading class org/apache/commons/lang3/text/translate/LookupTranslator done
Event: 6.488 loading class java/io/StringWriter
Event: 6.488 loading class java/io/StringWriter done
Event: 6.488 loading class org/apache/commons/lang3/text/translate/EntityArrays
Event: 6.488 loading class org/apache/commons/lang3/text/translate/EntityArrays done
Event: 6.490 loading class org/apache/commons/lang3/ArrayUtils
Event: 6.490 loading class org/apache/commons/lang3/ArrayUtils done
Event: 6.493 loading class org/apache/commons/lang3/text/translate/UnicodeEscaper
Event: 6.493 loading class org/apache/commons/lang3/text/translate/UnicodeEscaper done
Event: 6.494 loading class org/apache/commons/lang3/text/translate/CodePointTranslator
Event: 6.494 loading class org/apache/commons/lang3/text/translate/CodePointTranslator done
Event: 6.494 loading class org/apache/commons/lang3/text/translate/OctalUnescaper
Event: 6.494 loading class org/apache/commons/lang3/text/translate/OctalUnescaper done
Event: 6.495 loading class org/apache/commons/lang3/text/translate/UnicodeUnescaper
Event: 6.495 loading class org/apache/commons/lang3/text/translate/UnicodeUnescaper done
Event: 6.495 loading class org/apache/commons/lang3/text/translate/NumericEntityUnescaper
Event: 6.495 loading class org/apache/commons/lang3/text/translate/NumericEntityUnescaper done
Event: 6.495 loading class org/apache/commons/lang3/text/translate/NumericEntityUnescaper$OPTION
Event: 6.495 loading class org/apache/commons/lang3/text/translate/NumericEntityUnescaper$OPTION done
Event: 6.496 loading class java/util/Arrays$ArrayList
Event: 6.496 loading class java/util/Arrays$ArrayList done
Event: 6.496 loading class java/util/EnumSet
Event: 6.496 loading class java/util/EnumSet done
Event: 6.496 loading class java/util/AbstractList$Itr
Event: 6.496 loading class java/util/AbstractList$Itr done
Event: 6.496 loading class java/util/RegularEnumSet
Event: 6.496 loading class java/util/RegularEnumSet done
Event: 6.496 loading class org/apache/commons/lang3/text/translate/NumericEntityEscaper
Event: 6.496 loading class org/apache/commons/lang3/text/translate/NumericEntityEscaper done
Event: 6.498 loading class java/lang/Byte$ByteCache
Event: 6.498 loading class java/lang/Byte$ByteCache done
Event: 6.498 loading class java/util/Formatter
Event: 6.498 loading class java/util/Formatter done
Event: 6.498 loading class java/util/regex/Pattern$Ctype
Event: 6.498 loading class java/util/regex/Pattern$Ctype done
Event: 6.499 loading class java/util/regex/Pattern$5
Event: 6.499 loading class java/util/regex/Pattern$5 done
Event: 6.499 loading class java/util/Locale$Category
Event: 6.499 loading class java/util/Locale$Category done
Event: 6.499 loading class java/util/Locale$1
Event: 6.499 loading class java/util/Locale$1 done
Event: 6.499 loading class java/util/regex/ASCII
Event: 6.499 loading class java/util/regex/ASCII done
Event: 6.499 loading class java/util/Formatter$FormatSpecifier
Event: 6.499 loading class java/util/Formatter$FormatString
Event: 6.499 loading class java/util/Formatter$FormatString done
Event: 6.499 loading class java/util/Formatter$FormatSpecifier done
Event: 6.500 loading class java/util/Formatter$Flags
Event: 6.500 loading class java/util/Formatter$Flags done
Event: 6.500 loading class java/util/Formatter$Conversion
Event: 6.500 loading class java/util/Formatter$Conversion done
Event: 6.502 loading class com/gitlab/pdftk_java/PdfPageMedia
Event: 6.502 loading class com/gitlab/pdftk_java/PdfPageMedia done
Event: 6.502 loading class com/gitlab/pdftk_java/com/lowagie/text/Rectangle
Event: 6.502 loading class com/gitlab/pdftk_java/com/lowagie/text/Rectangle done
Event: 6.503 loading class com/gitlab/pdftk_java/com/lowagie/text/Element
Event: 6.503 loading class com/gitlab/pdftk_java/com/lowagie/text/Element done
Event: 6.503 loading class com/gitlab/pdftk_java/com/lowagie/text/MarkupAttributes
Event: 6.503 loading class com/gitlab/pdftk_java/com/lowagie/text/MarkupAttributes done
Event: 6.504 loading class com/gitlab/pdftk_java/LoadableRectangle
Event: 6.504 loading class com/gitlab/pdftk_java/LoadableRectangle done
Event: 6.504 loading class java/text/NumberFormat
Event: 6.504 loading class java/text/Format
Event: 6.504 loading class java/text/Format done
Event: 6.504 loading class java/text/NumberFormat done
Event: 6.504 loading class java/text/spi/NumberFormatProvider
Event: 6.504 loading class java/util/spi/LocaleServiceProvider
Event: 6.504 loading class java/util/spi/LocaleServiceProvider done
Event: 6.504 loading class java/text/spi/NumberFormatProvider done
Event: 6.504 loading class sun/util/locale/provider/LocaleProviderAdapter
Event: 6.505 loading class sun/util/locale/provider/LocaleProviderAdapter done
Event: 6.505 loading class sun/util/locale/provider/JRELocaleProviderAdapter
Event: 6.505 loading class sun/util/locale/provider/ResourceBundleBasedAdapter
Event: 6.505 loading class sun/util/locale/provider/ResourceBundleBasedAdapter done
Event: 6.505 loading class sun/util/locale/provider/JRELocaleProviderAdapter done
Event: 6.505 loading class sun/util/locale/provider/SPILocaleProviderAdapter
Event: 6.505 loading class sun/util/locale/provider/AuxLocaleProviderAdapter
Event: 6.505 loading class sun/util/locale/provider/AuxLocaleProviderAdapter done
Event: 6.505 loading class sun/util/locale/provider/SPILocaleProviderAdapter done
Event: 6.505 loading class sun/util/locale/provider/AuxLocaleProviderAdapter$NullProvider
Event: 6.505 loading class sun/util/locale/provider/AuxLocaleProviderAdapter$NullProvider done
Event: 6.505 loading class sun/util/locale/provider/LocaleProviderAdapter$Type
Event: 6.505 loading class sun/util/locale/provider/LocaleProviderAdapter$Type done
Event: 6.505 loading class java/util/Collections$UnmodifiableCollection$1
Event: 6.505 loading class java/util/Collections$UnmodifiableCollection$1 done
Event: 6.505 loading class sun/util/locale/provider/LocaleProviderAdapter$1
Event: 6.505 loading class sun/util/locale/provider/LocaleProviderAdapter$1 done
Event: 6.505 loading class sun/util/locale/provider/NumberFormatProviderImpl
Event: 6.505 loading class sun/util/locale/provider/AvailableLanguageTags
Event: 6.505 loading class sun/util/locale/provider/AvailableLanguageTags done
Event: 6.505 loading class sun/util/locale/provider/NumberFormatProviderImpl done
Event: 6.505 loading class sun/util/locale/provider/LocaleDataMetaInfo
Event: 6.505 loading class sun/util/locale/provider/LocaleDataMetaInfo done
Event: 6.505 Thread 0x00007ff37004b800 Uncommon trap: trap_request=0xffffff65 fr.pc=0x00007ff3611dbb40
Event: 6.505 Thread 0x00007ff37004b800 DEOPT PACKING pc=0x00007ff3611dbb40 sp=0x00007ff37767e1e0
Event: 6.505 Thread 0x00007ff37004b800 DEOPT UNPACKING pc=0x00007ff36104547a sp=0x00007ff37767e160 mode 2
Event: 6.505 loading class sun/util/locale/provider/JRELocaleProviderAdapter$1
Event: 6.505 loading class sun/util/locale/provider/JRELocaleProviderAdapter$1 done
Event: 6.506 loading class sun/util/locale/provider/LocaleResources
Event: 6.506 loading class sun/util/locale/provider/LocaleResources done
Event: 6.506 loading class sun/util/resources/LocaleData
Event: 6.506 loading class sun/util/resources/LocaleData done
Event: 6.506 loading class sun/util/resources/LocaleData$1
Event: 6.506 loading class sun/util/resources/LocaleData$1 done
Event: 6.506 loading class sun/util/resources/LocaleData$LocaleDataResourceBundleControl
Event: 6.506 loading class java/util/ResourceBundle$Control
Event: 6.506 loading class java/util/ResourceBundle$Control done
Event: 6.506 loading class sun/util/resources/LocaleData$LocaleDataResourceBundleControl done
Event: 6.506 loading class java/util/ResourceBundle$Control$CandidateListCache
Event: 6.506 loading class java/util/ResourceBundle$Control$CandidateListCache done
Event: 6.506 loading class java/util/ResourceBundle
Event: 6.506 loading class java/util/ResourceBundle done
Event: 6.506 loading class java/util/ResourceBundle$1
Event: 6.506 loading class java/util/ResourceBundle$1 done
Event: 6.506 loading class java/util/spi/ResourceBundleControlProvider
Event: 6.506 loading class java/util/spi/ResourceBundleControlProvider done
Event: 6.506 loading class java/util/ServiceLoader
Event: 6.507 loading class java/util/ServiceLoader done
Event: 6.507 loading class java/util/ServiceLoader$LazyIterator
Event: 6.507 loading class java/util/ServiceLoader$LazyIterator done
Event: 6.507 loading class java/util/ServiceLoader$1
Event: 6.507 loading class java/util/ServiceLoader$1 done
Event: 6.507 loading class sun/misc/Launcher$BootClassPathHolder
Event: 6.507 loading class sun/misc/Launcher$BootClassPathHolder done
Event: 6.507 loading class sun/misc/Launcher$BootClassPathHolder$1
Event: 6.507 loading class sun/misc/Launcher$BootClassPathHolder$1 done
Event: 6.507 Thread 0x00007ff37004b800 Uncommon trap: trap_request=0xffffffc6 fr.pc=0x00007ff36123ab64
Event: 6.507 Thread 0x00007ff37004b800 DEOPT PACKING pc=0x00007ff36123ab64 sp=0x00007ff37767c1e0
Event: 6.507 Thread 0x00007ff37004b800 DEOPT UNPACKING pc=0x00007ff36104547a sp=0x00007ff37767c128 mode 2
Event: 6.507 Thread 0x00007ff37004b800 Uncommon trap: trap_request=0xffffffc6 fr.pc=0x00007ff36123ab64
Event: 6.507 Thread 0x00007ff37004b800 DEOPT PACKING pc=0x00007ff36123ab64 sp=0x00007ff37767c1e0
Event: 6.507 Thread 0x00007ff37004b800 DEOPT UNPACKING pc=0x00007ff36104547a sp=0x00007ff37767c128 mode 2
Event: 6.507 Thread 0x00007ff37004b800 Uncommon trap: trap_request=0xffffffc6 fr.pc=0x00007ff36123ab64
Event: 6.507 Thread 0x00007ff37004b800 DEOPT PACKING pc=0x00007ff36123ab64 sp=0x00007ff37767c1e0
Event: 6.507 Thread 0x00007ff37004b800 DEOPT UNPACKING pc=0x00007ff36104547a sp=0x00007ff37767c128 mode 2
Event: 6.507 Thread 0x00007ff37004b800 Uncommon trap: trap_request=0xffffffc6 fr.pc=0x00007ff36123ab64
Event: 6.507 Thread 0x00007ff37004b800 DEOPT PACKING pc=0x00007ff36123ab64 sp=0x00007ff37767c1e0
Event: 6.507 Thread 0x00007ff37004b800 DEOPT UNPACKING pc=0x00007ff36104547a sp=0x00007ff37767c128 mode 2
Event: 6.507 Thread 0x00007ff37004b800 Uncommon trap: trap_request=0xffffffc6 fr.pc=0x00007ff361259a5c
Event: 6.507 Thread 0x00007ff37004b800 DEOPT PACKING pc=0x00007ff361259a5c sp=0x00007ff37767c160
Event: 6.507 Thread 0x00007ff37004b800 DEOPT UNPACKING pc=0x00007ff36104547a sp=0x00007ff37767c128 mode 2
Event: 6.508 loading class sun/misc/URLClassPath$2
Event: 6.508 loading class sun/misc/URLClassPath$2 done
Event: 6.508 loading class java/lang/ClassLoader$2
Event: 6.508 loading class java/lang/ClassLoader$2 done
Event: 6.508 loading class sun/misc/URLClassPath$1
Event: 6.508 loading class sun/misc/URLClassPath$1 done
Event: 6.508 loading class java/net/URLClassLoader$3
Event: 6.508 loading class java/net/URLClassLoader$3 done
Event: 6.508 loading class sun/misc/CompoundEnumeration
Event: 6.508 loading class sun/misc/CompoundEnumeration done
Event: 6.508 loading class java/security/PrivilegedActionException
Event: 6.508 loading class java/security/PrivilegedActionException done
Event: 6.509 loading class java/net/URLClassLoader$3$1
Event: 6.509 loading class java/net/URLClassLoader$3$1 done
Event: 6.509 loading class java/util/ResourceBundle$RBClassLoader
Event: 6.509 loading class java/util/ResourceBundle$RBClassLoader done
Event: 6.509 loading class java/util/ResourceBundle$RBClassLoader$1
Event: 6.509 loading class java/util/ResourceBundle$RBClassLoader$1 done
Event: 6.509 loading class java/util/ResourceBundle$CacheKey
Event: 6.509 loading class java/util/ResourceBundle$CacheKey done
Event: 6.509 loading class java/util/ResourceBundle$LoaderReference
Event: 6.509 loading class java/util/ResourceBundle$CacheKeyReference
Event: 6.509 loading class java/util/ResourceBundle$CacheKeyReference done
Event: 6.509 loading class java/util/ResourceBundle$LoaderReference done
Event: 6.509 loading class java/util/ResourceBundle$SingleFormatControl
Event: 6.509 loading class java/util/ResourceBundle$SingleFormatControl done
Event: 6.509 loading class java/util/LinkedList
Event: 6.510 loading class java/util/AbstractSequentialList
Event: 6.510 loading class java/util/AbstractSequentialList done
Event: 6.510 loading class java/util/LinkedList done
Event: 6.510 loading class java/util/LinkedList$Node
Event: 6.510 loading class java/util/LinkedList$Node done
Event: 6.510 loading class sun/text/resources/FormatData
Event: 6.510 loading class sun/util/resources/ParallelListResourceBundle
Event: 6.510 loading class sun/util/resources/ParallelListResourceBundle done
Event: 6.510 loading class sun/text/resources/FormatData done
Event: 6.510 loading class java/util/concurrent/atomic/AtomicMarkableReference
Event: 6.510 loading class java/util/concurrent/atomic/AtomicMarkableReference done
Event: 6.510 loading class java/util/concurrent/atomic/AtomicMarkableReference$Pair
Event: 6.510 loading class java/util/concurrent/atomic/AtomicMarkableReference$Pair done
Event: 6.510 loading class java/util/ResourceBundle$BundleReference
Event: 6.510 loading class java/util/ResourceBundle$BundleReference done
Event: 6.511 loading class sun/util/locale/provider/LocaleResources$ResourceReference
Event: 6.511 loading class sun/util/locale/provider/LocaleResources$ResourceReference done
Event: 6.511 loading class java/text/DecimalFormatSymbols
Event: 6.511 loading class java/text/DecimalFormatSymbols done
Event: 6.511 loading class java/text/spi/DecimalFormatSymbolsProvider
Event: 6.511 loading class java/text/spi/DecimalFormatSymbolsProvider done
Event: 6.511 loading class sun/util/locale/provider/DecimalFormatSymbolsProviderImpl
Event: 6.511 loading class sun/util/locale/provider/DecimalFormatSymbolsProviderImpl done
Event: 6.511 loading class sun/util/resources/ParallelListResourceBundle$KeySet
Event: 6.511 loading class sun/util/resources/ParallelListResourceBundle$KeySet done
Event: 6.511 loading class java/util/Currency
Event: 6.511 loading class java/util/Currency done
Event: 6.511 loading class java/util/Currency$1
Event: 6.511 loading class java/util/Currency$1 done
Event: 6.512 Thread 0x00007ff37004b800 Uncommon trap: trap_request=0xffffffde fr.pc=0x00007ff3611569c4
Event: 6.512 Thread 0x00007ff37004b800 DEOPT PACKING pc=0x00007ff3611569c4 sp=0x00007ff37767d600
Event: 6.512 Thread 0x00007ff37004b800 DEOPT UNPACKING pc=0x00007ff36104547a sp=0x00007ff37767d5d0 mode 2
Event: 6.512 Thread 0x00007ff37004b800 Uncommon trap: trap_request=0xffffffde fr.pc=0x00007ff3611569c4
Event: 6.512 Thread 0x00007ff37004b800 DEOPT PACKING pc=0x00007ff3611569c4 sp=0x00007ff37767d600
Event: 6.512 Thread 0x00007ff37004b800 DEOPT UNPACKING pc=0x00007ff36104547a sp=0x00007ff37767d5d0 mode 2
Event: 6.512 Thread 0x00007ff37004b800 Uncommon trap: trap_request=0xffffffde fr.pc=0x00007ff3611569c4
Event: 6.512 Thread 0x00007ff37004b800 DEOPT PACKING pc=0x00007ff3611569c4 sp=0x00007ff37767d600
Event: 6.512 Thread 0x00007ff37004b800 DEOPT UNPACKING pc=0x00007ff36104547a sp=0x00007ff37767d5d0 mode 2
Event: 6.512 Thread 0x00007ff37004b800 Uncommon trap: trap_request=0xffffffde fr.pc=0x00007ff3611569c4
Event: 6.512 Thread 0x00007ff37004b800 DEOPT PACKING pc=0x00007ff3611569c4 sp=0x00007ff37767d600
Event: 6.512 Thread 0x00007ff37004b800 DEOPT UNPACKING pc=0x00007ff36104547a sp=0x00007ff37767d5d0 mode 2
Event: 6.512 loading class java/text/DecimalFormat
Event: 6.513 loading class java/text/DecimalFormat done
Event: 6.513 loading class java/text/FieldPosition
Event: 6.513 loading class java/text/FieldPosition done
Event: 6.513 loading class java/text/DigitList
Event: 6.513 loading class java/text/DigitList done
Event: 6.513 loading class java/math/RoundingMode
Event: 6.513 loading class java/math/RoundingMode done
Event: 6.513 loading class java/text/DecimalFormat$FastPathData
Event: 6.513 loading class java/text/DecimalFormat$FastPathData done
Event: 6.513 loading class java/text/DecimalFormat$DigitArrays
Event: 6.513 loading class java/text/DecimalFormat$DigitArrays done
Event: 6.517 Executing VM operation: ParallelGCFailedAllocation


Dynamic libraries:
6cc000000-6d6300000 rw-p 00000000 00:00 0 
6d6300000-76eb00000 ---p 00000000 00:00 0 
76eb00000-77f300000 rw-p 00000000 00:00 0 
794a00000-7c0000000 ---p 00000000 00:00 0 
7c0000000-7c00a0000 rw-p 00000000 00:00 0 
7c00a0000-800000000 ---p 00000000 00:00 0 
557cf041b000-557cf041c000 r-xp 00000000 fd:01 3547731                    /usr/lib/jvm/java-1.8.0-openjdk-1.8.0.392.b08-2.el7_9.x86_64/jre/bin/java
557cf061b000-557cf061c000 r--p 00000000 fd:01 3547731                    /usr/lib/jvm/java-1.8.0-openjdk-1.8.0.392.b08-2.el7_9.x86_64/jre/bin/java
557cf061c000-557cf061d000 rw-p 00001000 fd:01 3547731                    /usr/lib/jvm/java-1.8.0-openjdk-1.8.0.392.b08-2.el7_9.x86_64/jre/bin/java
557cf2169000-557cf218a000 rw-p 00000000 00:00 0                          [heap]
7ff328000000-7ff328021000 rw-p 00000000 00:00 0 
7ff328021000-7ff32c000000 ---p 00000000 00:00 0 
7ff330000000-7ff330409000 rw-p 00000000 00:00 0 
7ff330409000-7ff334000000 ---p 00000000 00:00 0 
7ff334000000-7ff334021000 rw-p 00000000 00:00 0 
7ff334021000-7ff338000000 ---p 00000000 00:00 0 
7ff338000000-7ff338021000 rw-p 00000000 00:00 0 
7ff338021000-7ff33c000000 ---p 00000000 00:00 0 
7ff33c000000-7ff33c5b1000 rw-p 00000000 00:00 0 
7ff33c5b1000-7ff340000000 ---p 00000000 00:00 0 
7ff340000000-7ff340021000 rw-p 00000000 00:00 0 
7ff340021000-7ff344000000 ---p 00000000 00:00 0 
7ff344000000-7ff344021000 rw-p 00000000 00:00 0 
7ff344021000-7ff348000000 ---p 00000000 00:00 0 
7ff348000000-7ff3482cc000 rw-p 00000000 00:00 0 
7ff3482cc000-7ff34c000000 ---p 00000000 00:00 0 
7ff34c600000-7ff354000000 rw-p 00000000 00:00 0 
7ff354000000-7ff354021000 rw-p 00000000 00:00 0 
7ff354021000-7ff358000000 ---p 00000000 00:00 0 
7ff3599fe000-7ff359a0f000 r--s 00211000 fd:01 3547822                    /usr/lib/jvm/java-1.8.0-openjdk-1.8.0.392.b08-2.el7_9.x86_64/jre/lib/jsse.jar
7ff359a0f000-7ff359a40000 rw-p 00000000 00:00 0 
7ff359a40000-7ff359a58000 r-xp 00000000 fd:01 3547768                    /usr/lib/jvm/java-1.8.0-openjdk-1.8.0.392.b08-2.el7_9.x86_64/jre/lib/amd64/libnet.so
7ff359a58000-7ff359c57000 ---p 00018000 fd:01 3547768                    /usr/lib/jvm/java-1.8.0-openjdk-1.8.0.392.b08-2.el7_9.x86_64/jre/lib/amd64/libnet.so
7ff359c57000-7ff359c58000 r--p 00017000 fd:01 3547768                    /usr/lib/jvm/java-1.8.0-openjdk-1.8.0.392.b08-2.el7_9.x86_64/jre/lib/amd64/libnet.so
7ff359c58000-7ff359c59000 rw-p 00018000 fd:01 3547768                    /usr/lib/jvm/java-1.8.0-openjdk-1.8.0.392.b08-2.el7_9.x86_64/jre/lib/amd64/libnet.so
7ff359c59000-7ff359c6b000 r-xp 00000000 fd:01 3547769                    /usr/lib/jvm/java-1.8.0-openjdk-1.8.0.392.b08-2.el7_9.x86_64/jre/lib/amd64/libnio.so
7ff359c6b000-7ff359e6a000 ---p 00012000 fd:01 3547769                    /usr/lib/jvm/java-1.8.0-openjdk-1.8.0.392.b08-2.el7_9.x86_64/jre/lib/amd64/libnio.so
7ff359e6a000-7ff359e6b000 r--p 00011000 fd:01 3547769                    /usr/lib/jvm/java-1.8.0-openjdk-1.8.0.392.b08-2.el7_9.x86_64/jre/lib/amd64/libnio.so
7ff359e6b000-7ff359e6c000 rw-p 00012000 fd:01 3547769                    /usr/lib/jvm/java-1.8.0-openjdk-1.8.0.392.b08-2.el7_9.x86_64/jre/lib/amd64/libnio.so
7ff359e6c000-7ff359ebf000 r--s 003fd000 fd:01 3549785                    /usr/share/java/bcprov.jar
7ff359ebf000-7ff359ec0000 ---p 00000000 00:00 0 
7ff359ec0000-7ff359fc0000 rw-p 00000000 00:00 0 
7ff359fc0000-7ff359fc3000 ---p 00000000 00:00 0 
7ff359fc3000-7ff35a0c1000 rw-p 00000000 00:00 0 
7ff35a0c1000-7ff35a0c5000 ---p 00000000 00:00 0 
7ff35a0c5000-7ff35a1c2000 rw-p 00000000 00:00 0 
7ff35a1c2000-7ff35a1c6000 ---p 00000000 00:00 0 
7ff35a1c6000-7ff35a2c3000 rw-p 00000000 00:00 0 
7ff35a2c3000-7ff35a2c6000 ---p 00000000 00:00 0 
7ff35a2c6000-7ff35a3c4000 rw-p 00000000 00:00 0 
7ff35a3c4000-7ff35a3c7000 ---p 00000000 00:00 0 
7ff35a3c7000-7ff35a4c5000 rw-p 00000000 00:00 0 
7ff35a4c5000-7ff35a4c8000 ---p 00000000 00:00 0 
7ff35a4c8000-7ff35a5c6000 rw-p 00000000 00:00 0 
7ff35a5c6000-7ff35a5c7000 ---p 00000000 00:00 0 
7ff35a5c7000-7ff35b560000 rw-p 00000000 00:00 0 
7ff35b560000-7ff35b860000 ---p 00000000 00:00 0 
7ff35b860000-7ff35c000000 rw-p 00000000 00:00 0 
7ff35c000000-7ff35c021000 rw-p 00000000 00:00 0 
7ff35c021000-7ff360000000 ---p 00000000 00:00 0 
7ff360000000-7ff3601d2000 r--s 044c8000 fd:01 3547836                    /usr/lib/jvm/java-1.8.0-openjdk-1.8.0.392.b08-2.el7_9.x86_64/jre/lib/rt.jar
7ff3601d2000-7ff360248000 rw-p 00000000 00:00 0 
7ff360248000-7ff360249000 ---p 00000000 00:00 0 
7ff360249000-7ff36039b000 rw-p 00000000 00:00 0 
7ff36039b000-7ff36085f000 ---p 00000000 00:00 0 
7ff36085f000-7ff3608b1000 rw-p 00000000 00:00 0 
7ff3608b1000-7ff360d74000 ---p 00000000 00:00 0 
7ff360d74000-7ff360df9000 rw-p 00000000 00:00 0 
7ff360df9000-7ff360fff000 ---p 00000000 00:00 0 
7ff360fff000-7ff361000000 rw-p 00000000 00:00 0 
7ff361000000-7ff361390000 rwxp 00000000 00:00 0 
7ff361390000-7ff370000000 ---p 00000000 00:00 0 
7ff370000000-7ff3704ce000 rw-p 00000000 00:00 0 
7ff3704ce000-7ff374000000 ---p 00000000 00:00 0 
7ff37400b000-7ff374014000 r--s 000ed000 fd:01 3549795                    /usr/share/java/pdftk.jar
7ff374014000-7ff37406f000 rw-p 00000000 00:00 0 
7ff37406f000-7ff374070000 ---p 00000000 00:00 0 
7ff374070000-7ff37417f000 rw-p 00000000 00:00 0 
7ff37417f000-7ff374530000 ---p 00000000 00:00 0 
7ff374530000-7ff374538000 r-xp 00000000 fd:01 3547776                    /usr/lib/jvm/java-1.8.0-openjdk-1.8.0.392.b08-2.el7_9.x86_64/jre/lib/amd64/libzip.so
7ff374538000-7ff374737000 ---p 00008000 fd:01 3547776                    /usr/lib/jvm/java-1.8.0-openjdk-1.8.0.392.b08-2.el7_9.x86_64/jre/lib/amd64/libzip.so
7ff374737000-7ff374738000 r--p 00007000 fd:01 3547776                    /usr/lib/jvm/java-1.8.0-openjdk-1.8.0.392.b08-2.el7_9.x86_64/jre/lib/amd64/libzip.so
7ff374738000-7ff374739000 rw-p 00008000 fd:01 3547776                    /usr/lib/jvm/java-1.8.0-openjdk-1.8.0.392.b08-2.el7_9.x86_64/jre/lib/amd64/libzip.so
7ff374739000-7ff374745000 r-xp 00000000 fd:01 1070102                    /usr/lib64/libnss_files-2.17.so
7ff374745000-7ff374944000 ---p 0000c000 fd:01 1070102                    /usr/lib64/libnss_files-2.17.so
7ff374944000-7ff374945000 r--p 0000b000 fd:01 1070102                    /usr/lib64/libnss_files-2.17.so
7ff374945000-7ff374946000 rw-p 0000c000 fd:01 1070102                    /usr/lib64/libnss_files-2.17.so
7ff374946000-7ff37494c000 rw-p 00000000 00:00 0 
7ff37494c000-7ff374976000 r-xp 00000000 fd:01 3547758                    /usr/lib/jvm/java-1.8.0-openjdk-1.8.0.392.b08-2.el7_9.x86_64/jre/lib/amd64/libjava.so
7ff374976000-7ff374b75000 ---p 0002a000 fd:01 3547758                    /usr/lib/jvm/java-1.8.0-openjdk-1.8.0.392.b08-2.el7_9.x86_64/jre/lib/amd64/libjava.so
7ff374b75000-7ff374b76000 r--p 00029000 fd:01 3547758                    /usr/lib/jvm/java-1.8.0-openjdk-1.8.0.392.b08-2.el7_9.x86_64/jre/lib/amd64/libjava.so
7ff374b76000-7ff374b78000 rw-p 0002a000 fd:01 3547758                    /usr/lib/jvm/java-1.8.0-openjdk-1.8.0.392.b08-2.el7_9.x86_64/jre/lib/amd64/libjava.so
7ff374b78000-7ff374b85000 r-xp 00000000 fd:01 3547775                    /usr/lib/jvm/java-1.8.0-openjdk-1.8.0.392.b08-2.el7_9.x86_64/jre/lib/amd64/libverify.so
7ff374b85000-7ff374d84000 ---p 0000d000 fd:01 3547775                    /usr/lib/jvm/java-1.8.0-openjdk-1.8.0.392.b08-2.el7_9.x86_64/jre/lib/amd64/libverify.so
7ff374d84000-7ff374d86000 r--p 0000c000 fd:01 3547775                    /usr/lib/jvm/java-1.8.0-openjdk-1.8.0.392.b08-2.el7_9.x86_64/jre/lib/amd64/libverify.so
7ff374d86000-7ff374d87000 rw-p 0000e000 fd:01 3547775                    /usr/lib/jvm/java-1.8.0-openjdk-1.8.0.392.b08-2.el7_9.x86_64/jre/lib/amd64/libverify.so
7ff374d87000-7ff374d8e000 r-xp 00000000 fd:01 1070110                    /usr/lib64/librt-2.17.so
7ff374d8e000-7ff374f8d000 ---p 00007000 fd:01 1070110                    /usr/lib64/librt-2.17.so
7ff374f8d000-7ff374f8e000 r--p 00006000 fd:01 1070110                    /usr/lib64/librt-2.17.so
7ff374f8e000-7ff374f8f000 rw-p 00007000 fd:01 1070110                    /usr/lib64/librt-2.17.so
7ff374f8f000-7ff374fa4000 r-xp 00000000 fd:01 1058473                    /usr/lib64/libgcc_s-4.8.5-20150702.so.1
7ff374fa4000-7ff3751a3000 ---p 00015000 fd:01 1058473                    /usr/lib64/libgcc_s-4.8.5-20150702.so.1
7ff3751a3000-7ff3751a4000 r--p 00014000 fd:01 1058473                    /usr/lib64/libgcc_s-4.8.5-20150702.so.1
7ff3751a4000-7ff3751a5000 rw-p 00015000 fd:01 1058473                    /usr/lib64/libgcc_s-4.8.5-20150702.so.1
7ff3751a5000-7ff3752a6000 r-xp 00000000 fd:01 1050419                    /usr/lib64/libm-2.17.so
7ff3752a6000-7ff3754a5000 ---p 00101000 fd:01 1050419                    /usr/lib64/libm-2.17.so
7ff3754a5000-7ff3754a6000 r--p 00100000 fd:01 1050419                    /usr/lib64/libm-2.17.so
7ff3754a6000-7ff3754a7000 rw-p 00101000 fd:01 1050419                    /usr/lib64/libm-2.17.so
7ff3754a7000-7ff375590000 r-xp 00000000 fd:01 1066701                    /usr/lib64/libstdc++.so.6.0.19
7ff375590000-7ff375790000 ---p 000e9000 fd:01 1066701                    /usr/lib64/libstdc++.so.6.0.19
7ff375790000-7ff375798000 r--p 000e9000 fd:01 1066701                    /usr/lib64/libstdc++.so.6.0.19
7ff375798000-7ff37579a000 rw-p 000f1000 fd:01 1066701                    /usr/lib64/libstdc++.so.6.0.19
7ff37579a000-7ff3757af000 rw-p 00000000 00:00 0 
7ff3757af000-7ff376552000 r-xp 00000000 fd:01 3547780                    /usr/lib/jvm/java-1.8.0-openjdk-1.8.0.392.b08-2.el7_9.x86_64/jre/lib/amd64/server/libjvm.so
7ff376552000-7ff376752000 ---p 00da3000 fd:01 3547780                    /usr/lib/jvm/java-1.8.0-openjdk-1.8.0.392.b08-2.el7_9.x86_64/jre/lib/amd64/server/libjvm.so
7ff376752000-7ff376800000 r--p 00da3000 fd:01 3547780                    /usr/lib/jvm/java-1.8.0-openjdk-1.8.0.392.b08-2.el7_9.x86_64/jre/lib/amd64/server/libjvm.so
7ff376800000-7ff37682b000 rw-p 00e51000 fd:01 3547780                    /usr/lib/jvm/java-1.8.0-openjdk-1.8.0.392.b08-2.el7_9.x86_64/jre/lib/amd64/server/libjvm.so
7ff37682b000-7ff376861000 rw-p 00000000 00:00 0 
7ff376861000-7ff376a25000 r-xp 00000000 fd:01 1049986                    /usr/lib64/libc-2.17.so
7ff376a25000-7ff376c24000 ---p 001c4000 fd:01 1049986                    /usr/lib64/libc-2.17.so
7ff376c24000-7ff376c28000 r--p 001c3000 fd:01 1049986                    /usr/lib64/libc-2.17.so
7ff376c28000-7ff376c2a000 rw-p 001c7000 fd:01 1049986                    /usr/lib64/libc-2.17.so
7ff376c2a000-7ff376c2f000 rw-p 00000000 00:00 0 
7ff376c2f000-7ff376c31000 r-xp 00000000 fd:01 1050417                    /usr/lib64/libdl-2.17.so
7ff376c31000-7ff376e31000 ---p 00002000 fd:01 1050417                    /usr/lib64/libdl-2.17.so
7ff376e31000-7ff376e32000 r--p 00002000 fd:01 1050417                    /usr/lib64/libdl-2.17.so
7ff376e32000-7ff376e33000 rw-p 00003000 fd:01 1050417                    /usr/lib64/libdl-2.17.so
7ff376e33000-7ff376e41000 r-xp 00000000 fd:01 3547745                    /usr/lib/jvm/java-1.8.0-openjdk-1.8.0.392.b08-2.el7_9.x86_64/jre/lib/amd64/jli/libjli.so
7ff376e41000-7ff377040000 ---p 0000e000 fd:01 3547745                    /usr/lib/jvm/java-1.8.0-openjdk-1.8.0.392.b08-2.el7_9.x86_64/jre/lib/amd64/jli/libjli.so
7ff377040000-7ff377041000 r--p 0000d000 fd:01 3547745                    /usr/lib/jvm/java-1.8.0-openjdk-1.8.0.392.b08-2.el7_9.x86_64/jre/lib/amd64/jli/libjli.so
7ff377041000-7ff377042000 rw-p 0000e000 fd:01 3547745                    /usr/lib/jvm/java-1.8.0-openjdk-1.8.0.392.b08-2.el7_9.x86_64/jre/lib/amd64/jli/libjli.so
7ff377042000-7ff377057000 r-xp 00000000 fd:01 1070125                    /usr/lib64/libz.so.1.2.7
7ff377057000-7ff377256000 ---p 00015000 fd:01 1070125                    /usr/lib64/libz.so.1.2.7
7ff377256000-7ff377257000 r--p 00014000 fd:01 1070125                    /usr/lib64/libz.so.1.2.7
7ff377257000-7ff377258000 rw-p 00015000 fd:01 1070125                    /usr/lib64/libz.so.1.2.7
7ff377258000-7ff37726f000 r-xp 00000000 fd:01 1050012                    /usr/lib64/libpthread-2.17.so
7ff37726f000-7ff37746e000 ---p 00017000 fd:01 1050012                    /usr/lib64/libpthread-2.17.so
7ff37746e000-7ff37746f000 r--p 00016000 fd:01 1050012                    /usr/lib64/libpthread-2.17.so
7ff37746f000-7ff377470000 rw-p 00017000 fd:01 1050012                    /usr/lib64/libpthread-2.17.so
7ff377470000-7ff377474000 rw-p 00000000 00:00 0 
7ff377474000-7ff377496000 r-xp 00000000 fd:01 1050409                    /usr/lib64/ld-2.17.so
7ff37749e000-7ff3774a3000 r--s 00048000 fd:01 3549788                    /usr/share/java/apache-commons-lang3.jar
7ff3774a3000-7ff3774a9000 r--s 000f6000 fd:01 3547819                    /usr/lib/jvm/java-1.8.0-openjdk-1.8.0.392.b08-2.el7_9.x86_64/jre/lib/jfr.jar
7ff3774a9000-7ff377580000 rw-p 00000000 00:00 0 
7ff377580000-7ff377584000 ---p 00000000 00:00 0 
7ff377584000-7ff377686000 rw-p 00000000 00:00 0 
7ff377689000-7ff37768a000 rw-p 00000000 00:00 0 
7ff37768a000-7ff377692000 rw-s 00000000 fd:01 2626728                    /tmp/hsperfdata_www/9601
7ff377692000-7ff377693000 rw-p 00000000 00:00 0 
7ff377693000-7ff377694000 ---p 00000000 00:00 0 
7ff377694000-7ff377695000 rw-p 00000000 00:00 0 
7ff377695000-7ff377696000 r--p 00021000 fd:01 1050409                    /usr/lib64/ld-2.17.so
7ff377696000-7ff377697000 rw-p 00022000 fd:01 1050409                    /usr/lib64/ld-2.17.so
7ff377697000-7ff377698000 rw-p 00000000 00:00 0 
7ffe77d73000-7ffe77d94000 rw-p 00000000 00:00 0                          [stack]
7ffe77de5000-7ffe77de7000 r-xp 00000000 00:00 0                          [vdso]
ffffffffff600000-ffffffffff601000 r-xp 00000000 00:00 0                  [vsyscall]

VM Arguments:
java_command: com.gitlab.pdftk_java.pdftk /www/wwwroot/print/public/uploads/20240327/588f157d170a5f9e2cb443116d71e9d9.pdf dump_data
java_class_path (initial): /usr/share/java/bcprov.jar:/usr/share/java/commons-lang3.jar:/usr/share/java/pdftk.jar
Launcher Type: SUN_STANDARD

Environment Variables:

Signal Handlers:
SIGSEGV: [libjvm.so+0xb6a6a0], sa_mask[0]=11111111011111111101111111111110, sa_flags=SA_RESTART|SA_SIGINFO
SIGBUS: [libjvm.so+0xb6a6a0], sa_mask[0]=11111111011111111101111111111110, sa_flags=SA_RESTART|SA_SIGINFO
SIGFPE: [libjvm.so+0x93fef0], sa_mask[0]=11111111011111111101111111111110, sa_flags=SA_RESTART|SA_SIGINFO
SIGPIPE: [libjvm.so+0x93fef0], sa_mask[0]=11111111011111111101111111111110, sa_flags=SA_RESTART|SA_SIGINFO
SIGXFSZ: [libjvm.so+0x93fef0], sa_mask[0]=11111111011111111101111111111110, sa_flags=SA_RESTART|SA_SIGINFO
SIGILL: [libjvm.so+0x93fef0], sa_mask[0]=11111111011111111101111111111110, sa_flags=SA_RESTART|SA_SIGINFO
SIGUSR1: SIG_DFL, sa_mask[0]=00000000000000000000000000000000, sa_flags=none
SIGUSR2: [libjvm.so+0x940060], sa_mask[0]=00000000000000000000000000000000, sa_flags=SA_RESTART|SA_SIGINFO
SIGHUP: [libjvm.so+0x93ffb0], sa_mask[0]=11111111011111111101111111111110, sa_flags=SA_RESTART|SA_SIGINFO
SIGINT: [libjvm.so+0x93ffb0], sa_mask[0]=11111111011111111101111111111110, sa_flags=SA_RESTART|SA_SIGINFO
SIGTERM: [libjvm.so+0x93ffb0], sa_mask[0]=11111111011111111101111111111110, sa_flags=SA_RESTART|SA_SIGINFO
SIGQUIT: [libjvm.so+0x93ffb0], sa_mask[0]=11111111011111111101111111111110, sa_flags=SA_RESTART|SA_SIGINFO


---------------  S Y S T E M  ---------------

OS:CentOS Linux release 7.9.2009 (Core)

uname:Linux 3.10.0-1160.105.1.el7.x86_64 #1 SMP Thu Dec 7 15:39:45 UTC 2023 x86_64
libc:glibc 2.17 NPTL 2.17 
rlimit: STACK 8192k, CORE 0k, NPROC 62381, NOFILE 4096, AS infinity
load average:0.54 0.33 0.18

/proc/meminfo:
MemTotal:       15990628 kB
MemFree:          172492 kB
MemAvailable:     189972 kB
Buffers:           12504 kB
Cached:           238148 kB
SwapCached:            0 kB
Active:         14840820 kB
Inactive:         121128 kB
Active(anon):   14711688 kB
Inactive(anon):      580 kB
Active(file):     129132 kB
Inactive(file):   120548 kB
Unevictable:           0 kB
Mlocked:               0 kB
SwapTotal:             0 kB
SwapFree:              0 kB
Dirty:              2924 kB
Writeback:             0 kB
AnonPages:      14711344 kB
Mapped:            39924 kB
Shmem:               972 kB
Slab:             256448 kB
SReclaimable:      41148 kB
SUnreclaim:       215300 kB
KernelStack:       19840 kB
PageTables:       214428 kB
NFS_Unstable:          0 kB
Bounce:                0 kB
WritebackTmp:          0 kB
CommitLimit:     7995312 kB
Committed_AS:   23858656 kB
VmallocTotal:   34359738367 kB
VmallocUsed:       33464 kB
VmallocChunk:   34359699964 kB
Percpu:              424 kB
HardwareCorrupted:     0 kB
AnonHugePages:   1005568 kB
CmaTotal:              0 kB
CmaFree:               0 kB
HugePages_Total:       0
HugePages_Free:        0
HugePages_Rsvd:        0
HugePages_Surp:        0
Hugepagesize:       2048 kB
DirectMap4k:       74424 kB
DirectMap2M:     4888576 kB
DirectMap1G:    11534336 kB

container (cgroup) information:
container_type: cgroupv1
cpu_cpuset_cpus: 0-1
cpu_memory_nodes: 0
active_processor_count: 2
cpu_quota: -1
cpu_period: 100000
cpu_shares: -1
memory_limit_in_bytes: -1
memory_and_swap_limit_in_bytes: -1
memory_soft_limit_in_bytes: -1
memory_usage_in_bytes: 15321341952
memory_max_usage_in_bytes: 0


CPU:total 2 (initial active 2) (1 cores per cpu, 2 threads per core) family 6 model 85 stepping 7, cmov, cx8, fxsr, mmx, sse, sse2, sse3, ssse3, sse4.1, sse4.2, popcnt, avx, avx2, aes, clmul, erms, rtm, 3dnowpref, lzcnt, ht, tsc, tscinvbit, bmi1, bmi2, adx

/proc/cpuinfo:
processor	: 0
vendor_id	: GenuineIntel
cpu family	: 6
model		: 85
model name	: Intel(R) Xeon(R) Platinum 8269CY CPU @ 2.50GHz
stepping	: 7
microcode	: 0x1
cpu MHz		: 2500.002
cache size	: 36608 KB
physical id	: 0
siblings	: 2
core id		: 0
cpu cores	: 1
apicid		: 0
initial apicid	: 0
fpu		: yes
fpu_exception	: yes
cpuid level	: 22
wp		: yes
flags		: fpu vme de pse tsc msr pae mce cx8 apic sep mtrr pge mca cmov pat pse36 clflush mmx fxsr sse sse2 ss ht syscall nx pdpe1gb rdtscp lm constant_tsc rep_good nopl xtopology nonstop_tsc eagerfpu pni pclmulqdq monitor ssse3 fma cx16 pcid sse4_1 sse4_2 x2apic movbe popcnt aes xsave avx f16c rdrand hypervisor lahf_lm abm 3dnowprefetch invpcid_single rsb_ctxsw fsgsbase tsc_adjust bmi1 hle avx2 smep bmi2 erms invpcid rtm mpx avx512f avx512dq rdseed adx smap clflushopt clwb avx512cd avx512bw avx512vl xsaveopt xsavec xgetbv1 arat avx512_vnni
bogomips	: 5000.00
clflush size	: 64
cache_alignment	: 64
address sizes	: 46 bits physical, 48 bits virtual
power management:

processor	: 1
vendor_id	: GenuineIntel
cpu family	: 6
model		: 85
model name	: Intel(R) Xeon(R) Platinum 8269CY CPU @ 2.50GHz
stepping	: 7
microcode	: 0x1
cpu MHz		: 2500.002
cache size	: 36608 KB
physical id	: 0
siblings	: 2
core id		: 0
cpu cores	: 1
apicid		: 1
initial apicid	: 1
fpu		: yes
fpu_exception	: yes
cpuid level	: 22
wp		: yes
flags		: fpu vme de pse tsc msr pae mce cx8 apic sep mtrr pge mca cmov pat pse36 clflush mmx fxsr sse sse2 ss ht syscall nx pdpe1gb rdtscp lm constant_tsc rep_good nopl xtopology nonstop_tsc eagerfpu pni pclmulqdq monitor ssse3 fma cx16 pcid sse4_1 sse4_2 x2apic movbe popcnt aes xsave avx f16c rdrand hypervisor lahf_lm abm 3dnowprefetch invpcid_single rsb_ctxsw fsgsbase tsc_adjust bmi1 hle avx2 smep bmi2 erms invpcid rtm mpx avx512f avx512dq rdseed adx smap clflushopt clwb avx512cd avx512bw avx512vl xsaveopt xsavec xgetbv1 arat avx512_vnni
bogomips	: 5000.00
clflush size	: 64
cache_alignment	: 64
address sizes	: 46 bits physical, 48 bits virtual
power management:



Memory: 4k page, physical 15990628k(172368k free), swap 0k(0k free)

vm_info: OpenJDK 64-Bit Server VM (25.392-b08) for linux-amd64 JRE (1.8.0_392-b08), built on Nov 14 2023 16:31:55 by "mockbuild" with gcc 4.8.5 20150623 (Red Hat 4.8.5-44)

time: Wed Mar 27 01:30:29 2024
timezone: CST
elapsed time: 6.642222 seconds (0d 0h 0m 6s)

