#
# There is insufficient memory for the Java Runtime Environment to continue.
# Native memory allocation (mmap) failed to map 362807296 bytes for committing reserved memory.
# Possible reasons:
#   The system is out of physical RAM or swap space
#   The process is running with CompressedOops enabled, and the Java Heap may be blocking the growth of the native heap
# Possible solutions:
#   Reduce memory load on the system
#   Increase physical memory or swap space
#   Check if swap backing store is full
#   Decrease Java heap size (-Xmx/-Xms)
#   Decrease number of Java threads
#   Decrease Java thread stack sizes (-Xss)
#   Set larger code cache with -XX:ReservedCodeCacheSize=
#   JVM is running with Zero Based Compressed Oops mode in which the Java heap is
#     placed in the first 32GB address space. The Java Heap base address is the
#     maximum limit for the native heap growth. Please use -XX:HeapBaseMinAddress
#     to set the Java Heap base and to place the Java Heap above 32GB virtual address.
# This output file may be truncated or incomplete.
#
#  Out of Memory Error (os_linux.cpp:2791), pid=9571, tid=0x00007f085574b700
#
# JRE version: OpenJDK Runtime Environment (8.0_392-b08) (build 1.8.0_392-b08)
# Java VM: OpenJDK 64-Bit Server VM (25.392-b08 mixed mode linux-amd64 compressed oops)
# Failed to write core dump. Core dumps have been disabled. To enable core dumping, try "ulimit -c unlimited" before starting Java again
#

---------------  T H R E A D  ---------------

Current thread (0x00007f08680d1800):  VMThread [stack: 0x00007f085564c000,0x00007f085574c000] [id=9590]

Stack: [0x00007f085564c000,0x00007f085574c000],  sp=0x00007f085574a300,  free space=1016k
Native frames: (J=compiled Java code, j=interpreted, Vv=VM code, C=native code)
V  [libjvm.so+0xb69c5d]  VMError::report_and_die()+0x1cd
V  [libjvm.so+0x50d67a]  report_vm_out_of_memory(char const*, int, unsigned long, VMErrorType, char const*)+0xaa
V  [libjvm.so+0x944e08]  os::pd_commit_memory(char*, unsigned long, unsigned long, bool)+0xd8
V  [libjvm.so+0x93ecce]  os::commit_memory(char*, unsigned long, unsigned long, bool)+0x2e
V  [libjvm.so+0x9bcaab]  PSVirtualSpace::expand_by(unsigned long)+0x5b
V  [libjvm.so+0x9bd780]  PSYoungGen::resize_generation(unsigned long, unsigned long)+0xd0
V  [libjvm.so+0x9bdadb]  PSYoungGen::resize(unsigned long, unsigned long)+0x1b
V  [libjvm.so+0x9b9d27]  PSScavenge::invoke_no_policy()+0xde7
V  [libjvm.so+0x9ba4b8]  PSScavenge::invoke()+0x38
V  [libjvm.so+0x96c6d3]  ParallelScavengeHeap::failed_mem_allocate(unsigned long)+0x63
V  [libjvm.so+0xb6b8b3]  VM_ParallelGCFailedAllocation::doit()+0x93
V  [libjvm.so+0xb70ce5]  VM_Operation::evaluate()+0x55
V  [libjvm.so+0xb6ed0a]  VMThread::evaluate_operation(VM_Operation*)+0x11a
V  [libjvm.so+0xb6f179]  VMThread::loop()+0x219
V  [libjvm.so+0xb6f629]  VMThread::run()+0x89
V  [libjvm.so+0x941db2]  java_start(Thread*)+0xf2

VM_Operation (0x00007f086e6f4360): ParallelGCFailedAllocation, mode: safepoint, requested by thread 0x00007f086804b800


---------------  P R O C E S S  ---------------

Java Threads: ( => current thread )
  0x00007f0868127000 JavaThread "Service Thread" daemon [_thread_blocked, id=9596, stack(0x00007f0855045000,0x00007f0855146000)]
  0x00007f086811c800 JavaThread "C1 CompilerThread1" daemon [_thread_blocked, id=9595, stack(0x00007f0855147000,0x00007f0855247000)]
  0x00007f0868119800 JavaThread "C2 CompilerThread0" daemon [_thread_blocked, id=9594, stack(0x00007f0855248000,0x00007f0855348000)]
  0x00007f0868109000 JavaThread "Signal Dispatcher" daemon [_thread_blocked, id=9593, stack(0x00007f0855348000,0x00007f0855449000)]
  0x00007f08680e0000 JavaThread "Finalizer" daemon [_thread_blocked, id=9592, stack(0x00007f0855449000,0x00007f085554a000)]
  0x00007f08680db800 JavaThread "Reference Handler" daemon [_thread_blocked, id=9591, stack(0x00007f085554a000,0x00007f085564b000)]
  0x00007f086804b800 JavaThread "main" [_thread_blocked, id=9587, stack(0x00007f086e5f6000,0x00007f086e6f6000)]

Other Threads:
=>0x00007f08680d1800 VMThread [stack: 0x00007f085564c000,0x00007f085574c000] [id=9590]
  0x00007f0868129800 WatcherThread [stack: 0x00007f0854f45000,0x00007f0855045000] [id=9597]

VM state:at safepoint (normal execution)

VM Mutex/Monitor currently owned by a thread:  ([mutex/lock_event])
[0x00007f0868048df0] Threads_lock - owner thread: 0x00007f08680d1800
[0x00007f08680492f0] Heap_lock - owner thread: 0x00007f086804b800

heap address: 0x00000006cc000000, size: 3904 MB, Compressed Oops mode: Zero based, Oop shift amount: 3
Narrow klass base: 0x0000000000000000, Narrow klass shift: 3
Compressed class space size: 1073741824 Address: 0x00000007c0000000

Heap:
 PSYoungGen      total 260096K, used 10223K [0x000000076eb00000, 0x000000077f300000, 0x00000007c0000000)
  eden space 249856K, 0% used [0x000000076eb00000,0x000000076eb00000,0x000000077df00000)
  from space 10240K, 99% used [0x000000077df00000,0x000000077e8fbf98,0x000000077e900000)
  to   space 10240K, 0% used [0x000000077e900000,0x000000077e900000,0x000000077f300000)
 ParOldGen       total 166912K, used 116964K [0x00000006cc000000, 0x00000006d6300000, 0x000000076eb00000)
  object space 166912K, 70% used [0x00000006cc000000,0x00000006d3239180,0x00000006d6300000)
 Metaspace       used 4682K, capacity 5272K, committed 5376K, reserved 1056768K
  class space    used 422K, capacity 456K, committed 512K, reserved 1048576K

Card table byte_map: [0x00007f0857a40000,0x00007f08581e1000] byte_map_base: 0x00007f08543e0000

Marking Bits: (ParMarkBitMap*) 0x00007f086d8b8640
 Begin Bits: [0x00007f0840600000, 0x00007f0844300000)
 End Bits:   [0x00007f0844300000, 0x00007f0848000000)

Polling page: 0x00007f086e708000

CodeCache: size=245760Kb used=3531Kb max_used=3552Kb free=242228Kb
 bounds [0x00007f08585a1000, 0x00007f0858921000, 0x00007f08675a1000]
 total_blobs=928 nmethods=666 adapters=175
 compilation: enabled

Compilation events (250 events):
Event: 6.850 Thread 0x00007f086811c800 nmethod 541 0x00007f0858863310 code [0x00007f0858863480, 0x00007f0858863750]
Event: 6.850 Thread 0x00007f086811c800  538       1       com.gitlab.pdftk_java.com.lowagie.text.pdf.PRStream::getReader (5 bytes)
Event: 6.850 Thread 0x00007f086811c800 nmethod 538 0x00007f0858863050 code [0x00007f08588631a0, 0x00007f08588632b0]
Event: 6.850 Thread 0x00007f086811c800  539       1       com.gitlab.pdftk_java.com.lowagie.text.pdf.PRStream::getLength (5 bytes)
Event: 6.850 Thread 0x00007f086811c800 nmethod 539 0x00007f0858862d90 code [0x00007f0858862ee0, 0x00007f0858862ff0]
Event: 6.850 Thread 0x00007f086811c800  542       1       com.gitlab.pdftk_java.com.lowagie.text.pdf.PRStream::getObjNum (5 bytes)
Event: 6.850 Thread 0x00007f086811c800 nmethod 542 0x00007f0858881990 code [0x00007f0858881ae0, 0x00007f0858881bf0]
Event: 6.850 Thread 0x00007f086811c800  543       1       com.gitlab.pdftk_java.com.lowagie.text.pdf.PRStream::getObjGen (5 bytes)
Event: 6.850 Thread 0x00007f086811c800 nmethod 543 0x00007f08588816d0 code [0x00007f0858881820, 0x00007f0858881930]
Event: 6.856 Thread 0x00007f086811c800  546       3       com.gitlab.pdftk_java.com.lowagie.text.pdf.RandomAccessFileOrArray::getFilePointer (61 bytes)
Event: 6.857 Thread 0x00007f086811c800 nmethod 546 0x00007f0858881050 code [0x00007f08588811e0, 0x00007f08588815b8]
Event: 6.878 Thread 0x00007f086811c800  549 % !   3       com.gitlab.pdftk_java.com.lowagie.text.pdf.PdfReader::readObjStm @ 199 (275 bytes)
Event: 6.881 Thread 0x00007f086811c800 nmethod 549% 0x00007f0858886fd0 code [0x00007f08588873c0, 0x00007f08588898d8]
Event: 6.980 Thread 0x00007f086811c800  551       3       java.util.zip.InflaterInputStream::<init> (79 bytes)
Event: 6.981 Thread 0x00007f086811c800 nmethod 551 0x00007f08588804d0 code [0x00007f0858880680, 0x00007f0858880d78]
Event: 6.987 Thread 0x00007f086811c800  552       3       java.util.zip.InflaterInputStream::close (34 bytes)
Event: 6.988 Thread 0x00007f086811c800 nmethod 552 0x00007f085887ff50 code [0x00007f08588800e0, 0x00007f08588803d8]
Event: 6.998 Thread 0x00007f086811c800  553   !   3       com.gitlab.pdftk_java.com.lowagie.text.pdf.PdfReader::readObjStm (275 bytes)
Event: 7.001 Thread 0x00007f086811c800 nmethod 553 0x00007f085888b6d0 code [0x00007f085888baa0, 0x00007f085888dbb8]
Event: 7.001 Thread 0x00007f086811c800  554       3       com.gitlab.pdftk_java.com.lowagie.text.pdf.PdfObject::isName (14 bytes)
Event: 7.001 Thread 0x00007f086811c800 nmethod 554 0x00007f085888f710 code [0x00007f085888f880, 0x00007f085888fa30]
Event: 7.007 Thread 0x00007f0868119800 nmethod 540 0x00007f0858893ed0 code [0x00007f08588947a0, 0x00007f0858897808]
Event: 7.007 Thread 0x00007f086811c800  556       3       java.util.zip.ZStreamRef::clear (6 bytes)
Event: 7.007 Thread 0x00007f0868119800  550       4       com.gitlab.pdftk_java.com.lowagie.text.pdf.RandomAccessFileOrArray::getFilePointer (61 bytes)
Event: 7.008 Thread 0x00007f086811c800 nmethod 556 0x00007f0858893b90 code [0x00007f0858893ce0, 0x00007f0858893e50]
Event: 7.009 Thread 0x00007f0868119800 nmethod 550 0x00007f0858890b10 code [0x00007f0858890c60, 0x00007f0858890d68]
Event: 7.009 Thread 0x00007f0868119800  548       4       com.gitlab.pdftk_java.com.lowagie.text.pdf.RandomAccessFileOrArray::seek (109 bytes)
Event: 7.010 Thread 0x00007f0868119800 nmethod 548 0x00007f0858890790 code [0x00007f08588908e0, 0x00007f0858890a08]
Event: 7.010 Thread 0x00007f0868119800  547       4       org.bouncycastle.crypto.paddings.PaddedBufferedBlockCipher::processBytes (199 bytes)
Event: 7.025 Thread 0x00007f086811c800  558   !   3       java.lang.ref.Finalizer::add (41 bytes)
Event: 7.026 Thread 0x00007f086811c800 nmethod 558 0x00007f0858890150 code [0x00007f08588902c0, 0x00007f0858890670]
Event: 7.047 Thread 0x00007f0868119800 nmethod 547 0x00007f085889d510 code [0x00007f085889d740, 0x00007f085889eef8]
Event: 7.047 Thread 0x00007f0868119800  557  s    4       java.io.ByteArrayOutputStream::write (66 bytes)
Event: 7.050 Thread 0x00007f086811c800  559       3       com.gitlab.pdftk_java.com.lowagie.text.pdf.PRTokeniser::<init> (48 bytes)
Event: 7.051 Thread 0x00007f086811c800 nmethod 559 0x00007f085888fc10 code [0x00007f085888fd80, 0x00007f0858890048]
Event: 7.054 Thread 0x00007f0868119800 nmethod 557 0x00007f085889aa10 code [0x00007f085889ab80, 0x00007f085889b2f8]
Event: 7.054 Thread 0x00007f0868119800  555       4       com.gitlab.pdftk_java.com.lowagie.text.pdf.IntHashtable::containsKey (59 bytes)
Event: 7.055 Thread 0x00007f0868119800 nmethod 555 0x00007f085889a610 code [0x00007f085889a760, 0x00007f085889a898]
Event: 7.055 Thread 0x00007f0868119800  545       4       com.gitlab.pdftk_java.com.lowagie.text.pdf.PdfString::<init> (41 bytes)
Event: 7.055 Thread 0x00007f0868119800 nmethod 545 0x00007f085886c1d0 code [0x00007f085886c320, 0x00007f085886c3b8]
Event: 7.056 Thread 0x00007f086811c800  560   !   3       com.gitlab.pdftk_java.com.lowagie.text.pdf.PdfReader::FlateDecode (96 bytes)
Event: 7.058 Thread 0x00007f086811c800 nmethod 560 0x00007f0858891150 code [0x00007f0858891440, 0x00007f0858892c88]
Event: 7.062 Thread 0x00007f086811c800  562       3       com.gitlab.pdftk_java.com.lowagie.text.pdf.PdfReader::getStreamBytesRaw (203 bytes)
Event: 7.064 Thread 0x00007f086811c800 nmethod 562 0x00007f08588a0590 code [0x00007f08588a0920, 0x00007f08588a24f8]
Event: 7.064 Thread 0x00007f086811c800  563       3       com.gitlab.pdftk_java.com.lowagie.text.pdf.RandomAccessFileOrArray::readFully (9 bytes)
Event: 7.064 Thread 0x00007f086811c800 nmethod 563 0x00007f085889cd90 code [0x00007f085889cf00, 0x00007f085889d0a8]
Event: 7.064 Thread 0x00007f086811c800  564       3       java.io.RandomAccessFile::read (8 bytes)
Event: 7.064 Thread 0x00007f086811c800 nmethod 564 0x00007f085889c9d0 code [0x00007f085889cb40, 0x00007f085889ccc8]
Event: 7.065 Thread 0x00007f0868119800  565 % !   4       com.gitlab.pdftk_java.com.lowagie.text.pdf.PdfReader::readObjStm @ 199 (275 bytes)
Event: 7.072 Thread 0x00007f0868119800 nmethod 565% 0x00007f085889b690 code [0x00007f085889b860, 0x00007f085889c0f8]
Event: 7.073 Thread 0x00007f0868119800  566       4       com.gitlab.pdftk_java.com.lowagie.text.pdf.PdfReader::getPdfObjectRelease (11 bytes)
Event: 7.079 Thread 0x00007f0868119800 nmethod 566 0x00007f08588a6a90 code [0x00007f08588a6c60, 0x00007f08588a7300]
Event: 7.080 Thread 0x00007f086811c800  567   !   3       com.gitlab.pdftk_java.com.lowagie.text.pdf.PdfReader::getPdfObject (170 bytes)
Event: 7.081 Thread 0x00007f086811c800 nmethod 567 0x00007f08588a4810 code [0x00007f08588a4ae0, 0x00007f08588a6048]
Event: 7.083 Thread 0x00007f086811c800  568       3       com.gitlab.pdftk_java.com.lowagie.text.pdf.PdfReader::releaseLastXrefPartial (76 bytes)
Event: 7.084 Thread 0x00007f086811c800 nmethod 568 0x00007f08588a35d0 code [0x00007f08588a37c0, 0x00007f08588a4278]
Event: 7.084 Thread 0x00007f0868119800  569 % !   4       com.gitlab.pdftk_java.com.lowagie.text.pdf.PdfReader::readObjStm @ 73 (275 bytes)
Event: 7.104 Thread 0x00007f086811c800  570  s    3       java.io.ByteArrayInputStream::read (101 bytes)
Event: 7.105 Thread 0x00007f086811c800 nmethod 570 0x00007f08588a7790 code [0x00007f08588a7940, 0x00007f08588a80a8]
Event: 7.111 Thread 0x00007f0868119800 nmethod 569% 0x00007f08588ac690 code [0x00007f08588ac920, 0x00007f08588ae030]
Event: 7.117 Thread 0x00007f0868119800  571   !   4       com.gitlab.pdftk_java.com.lowagie.text.pdf.PdfReader::readObjStm (275 bytes)
Event: 7.153 Thread 0x00007f086811c800  572   !   3       java.util.zip.Inflater::end (50 bytes)
Event: 7.154 Thread 0x00007f086811c800 nmethod 572 0x00007f08588abe10 code [0x00007f08588abfa0, 0x00007f08588ac448]
Event: 7.171 Thread 0x00007f086811c800  578       3       com.gitlab.pdftk_java.com.lowagie.text.pdf.IntHashtable::containsKey (59 bytes)
Event: 7.172 Thread 0x00007f086811c800 nmethod 578 0x00007f08588ab850 code [0x00007f08588ab9c0, 0x00007f08588abc90]
Event: 7.172 Thread 0x00007f086811c800  580       3       java.util.HashMap::getNode (148 bytes)
Event: 7.172 Thread 0x00007f086811c800 nmethod 580 0x00007f08588aaa10 code [0x00007f08588aabe0, 0x00007f08588ab588]
Event: 7.172 Thread 0x00007f086811c800  581       2       java.util.HashMap$HashIterator::hasNext (13 bytes)
Event: 7.172 Thread 0x00007f086811c800 nmethod 581 0x00007f08588aa6d0 code [0x00007f08588aa820, 0x00007f08588aa990]
Event: 7.172 Thread 0x00007f086811c800  579  s    1       java.util.Vector::size (5 bytes)
Event: 7.172 Thread 0x00007f086811c800 nmethod 579 0x00007f08588aa290 code [0x00007f08588aa3e0, 0x00007f08588aa650]
Event: 7.172 Thread 0x00007f086811c800  576       1       com.gitlab.pdftk_java.com.lowagie.text.pdf.PdfIndirectReference::getNumber (5 bytes)
Event: 7.172 Thread 0x00007f086811c800 nmethod 576 0x00007f0858890e90 code [0x00007f0858890fe0, 0x00007f08588910f0]
Event: 7.172 Thread 0x00007f086811c800  584       3       java.util.Vector::ensureCapacityHelper (16 bytes)
Event: 7.173 Thread 0x00007f086811c800 nmethod 584 0x00007f08588a9e90 code [0x00007f08588aa000, 0x00007f08588aa1e8]
Event: 7.173 Thread 0x00007f086811c800  585  s    3       java.util.Vector::addElement (38 bytes)
Event: 7.173 Thread 0x00007f086811c800 nmethod 585 0x00007f08588a95d0 code [0x00007f08588a9760, 0x00007f08588a9c88]
Event: 7.173 Thread 0x00007f086811c800  591       3       java.util.HashMap::get (23 bytes)
Event: 7.173 Thread 0x00007f086811c800 nmethod 591 0x00007f08588a8ed0 code [0x00007f08588a9060, 0x00007f08588a9478]
Event: 7.173 Thread 0x00007f086811c800  582       3       java.util.Stack::empty (13 bytes)
Event: 7.173 Thread 0x00007f086811c800 nmethod 582 0x00007f08588a88d0 code [0x00007f08588a8a40, 0x00007f08588a8e10]
Event: 7.173 Thread 0x00007f086811c800  583  s    3       java.util.Vector::elementAt (48 bytes)
Event: 7.174 Thread 0x00007f086811c800 nmethod 583 0x00007f08588afc50 code [0x00007f08588afe60, 0x00007f08588b09e8]
Event: 7.174 Thread 0x00007f086811c800  586       3       java.util.Vector::elementData (7 bytes)
Event: 7.174 Thread 0x00007f086811c800 nmethod 586 0x00007f08588a84d0 code [0x00007f08588a8640, 0x00007f08588a87d0]
Event: 7.174 Thread 0x00007f086811c800  587       3       java.util.Stack::push (7 bytes)
Event: 7.174 Thread 0x00007f086811c800 nmethod 587 0x00007f08588b0f90 code [0x00007f08588b1100, 0x00007f08588b1328]
Event: 7.174 Thread 0x00007f086811c800  589  s    3       java.util.Stack::peek (25 bytes)
Event: 7.174 Thread 0x00007f086811c800 nmethod 589 0x00007f08588b13d0 code [0x00007f08588b1560, 0x00007f08588b1b98]
Event: 7.174 Thread 0x00007f086811c800  588  s    3       java.util.Stack::pop (19 bytes)
Event: 7.174 Thread 0x00007f086811c800 nmethod 588 0x00007f08588b1d10 code [0x00007f08588b1ee0, 0x00007f08588b2a28]
Event: 7.174 Thread 0x00007f086811c800  590  s    3       java.util.Vector::removeElementAt (115 bytes)
Event: 7.175 Thread 0x00007f086811c800 nmethod 590 0x00007f08588b2e10 code [0x00007f08588b3040, 0x00007f08588b3de8]
Event: 7.175 Thread 0x00007f086811c800  592       3       java.util.HashMap$KeyIterator::next (8 bytes)
Event: 7.175 Thread 0x00007f086811c800 nmethod 592 0x00007f08588b4450 code [0x00007f08588b45c0, 0x00007f08588b47c8]
Event: 7.175 Thread 0x00007f086811c800  593   !   3       com.gitlab.pdftk_java.com.lowagie.text.pdf.PdfReader::getPdfObject (92 bytes)
Event: 7.176 Thread 0x00007f086811c800 nmethod 593 0x00007f08588b4890 code [0x00007f08588b4a80, 0x00007f08588b5298]
Event: 7.176 Thread 0x00007f086811c800  594       3       com.gitlab.pdftk_java.com.lowagie.text.pdf.PdfReader::getPdfObjectRelease (11 bytes)
Event: 7.176 Thread 0x00007f086811c800 nmethod 594 0x00007f08588b5850 code [0x00007f08588b59c0, 0x00007f08588b5b78]
Event: 7.176 Thread 0x00007f086811c800  574       3       java.util.zip.ZipFile::ensureOpen (37 bytes)
Event: 7.176 Thread 0x00007f086811c800 nmethod 574 0x00007f08588b5c50 code [0x00007f08588b5de0, 0x00007f08588b6158]
Event: 7.176 Thread 0x00007f086811c800  575       3       java.util.zip.ZipCoder::getBytes (192 bytes)
Event: 7.178 Thread 0x00007f086811c800 nmethod 575 0x00007f08588b62d0 code [0x00007f08588b6680, 0x00007f08588b8998]
Event: 7.178 Thread 0x00007f086811c800  596       3       java.util.HashMap$KeySet::<init> (10 bytes)
Event: 7.178 Thread 0x00007f086811c800 nmethod 596 0x00007f08588b9b50 code [0x00007f08588b9cc0, 0x00007f08588b9f50]
Event: 7.178 Thread 0x00007f086811c800  597       3       com.gitlab.pdftk_java.com.lowagie.text.pdf.PdfDictionary::getKeys (8 bytes)
Event: 7.178 Thread 0x00007f086811c800 nmethod 597 0x00007f08588ba050 code [0x00007f08588ba1c0, 0x00007f08588ba3e8]
Event: 7.178 Thread 0x00007f086811c800  598       3       java.util.HashMap::keySet (25 bytes)
Event: 7.178 Thread 0x00007f086811c800 nmethod 598 0x00007f08588ba490 code [0x00007f08588ba620, 0x00007f08588ba9b0]
Event: 7.178 Thread 0x00007f086811c800  599       3       java.util.HashMap$KeySet::iterator (12 bytes)
Event: 7.178 Thread 0x00007f086811c800 nmethod 599 0x00007f08588bab50 code [0x00007f08588bacc0, 0x00007f08588baf28]
Event: 7.178 Thread 0x00007f086811c800  595       1       com.gitlab.pdftk_java.com.lowagie.text.pdf.PdfArray::getArrayList (5 bytes)
Event: 7.178 Thread 0x00007f086811c800 nmethod 595 0x00007f08588bb010 code [0x00007f08588bb160, 0x00007f08588bb270]
Event: 7.178 Thread 0x00007f086811c800  601       3       java.util.HashMap$KeyIterator::<init> (11 bytes)
Event: 7.178 Thread 0x00007f086811c800 nmethod 601 0x00007f08588bb2d0 code [0x00007f08588bb440, 0x00007f08588bb5e8]
Event: 7.185 Thread 0x00007f086811c800  602       3       java.util.AbstractCollection::toArray (147 bytes)
Event: 7.186 Thread 0x00007f086811c800 nmethod 602 0x00007f08588bb690 code [0x00007f08588bb900, 0x00007f08588bca38]
Event: 7.186 Thread 0x00007f086811c800  603       3       com.gitlab.pdftk_java.com.lowagie.text.pdf.PdfDictionary::size (8 bytes)
Event: 7.186 Thread 0x00007f086811c800 nmethod 603 0x00007f08588bcf10 code [0x00007f08588bd080, 0x00007f08588bd270]
Event: 7.186 Thread 0x00007f086811c800  604       3       java.util.HashMap$KeySet::size (8 bytes)
Event: 7.186 Thread 0x00007f086811c800 nmethod 604 0x00007f08588bd310 code [0x00007f08588bd480, 0x00007f08588bd5f0]
Event: 7.194 Thread 0x00007f0868119800 nmethod 571 0x00007f08588c3290 code [0x00007f08588c3660, 0x00007f08588c6580]
Event: 7.194 Thread 0x00007f0868119800  600       4       java.util.HashMap$HashIterator::hasNext (13 bytes)
Event: 7.194 Thread 0x00007f0868119800 nmethod 600 0x00007f08588c03d0 code [0x00007f08588c0520, 0x00007f08588c0598]
Event: 7.194 Thread 0x00007f0868119800  573       4       com.gitlab.pdftk_java.com.lowagie.text.pdf.PRTokeniser::seek (9 bytes)
Event: 7.196 Thread 0x00007f0868119800 nmethod 573 0x00007f08588be790 code [0x00007f08588be8e0, 0x00007f08588bea28]
Event: 7.196 Thread 0x00007f0868119800  609  s    4       java.util.Vector::addElement (38 bytes)
Event: 7.196 Thread 0x00007f086811c800  611       1       java.util.HashMap$KeySet::size (8 bytes)
Event: 7.197 Thread 0x00007f086811c800 nmethod 611 0x00007f08588be490 code [0x00007f08588be5e0, 0x00007f08588be6f0]
Event: 7.198 Thread 0x00007f0868119800 nmethod 609 0x00007f08588bdd90 code [0x00007f08588bdf00, 0x00007f08588be2e8]
Event: 7.198 Thread 0x00007f0868119800  613       4       java.util.HashMap$HashIterator::nextNode (100 bytes)
Event: 7.201 Thread 0x00007f0868119800 nmethod 613 0x00007f08588bd910 code [0x00007f08588bda60, 0x00007f08588bdc78]
Event: 7.201 Thread 0x00007f0868119800  610       4       java.util.Stack::push (7 bytes)
Event: 7.203 Thread 0x00007f0868119800 nmethod 610 0x00007f08588c1090 code [0x00007f08588c1200, 0x00007f08588c15e8]
Event: 7.203 Thread 0x00007f0868119800  612       4       com.gitlab.pdftk_java.com.lowagie.text.pdf.PdfObject::isIndirect (15 bytes)
Event: 7.203 Thread 0x00007f0868119800 nmethod 612 0x00007f08588bd690 code [0x00007f08588bd7e0, 0x00007f08588bd858]
Event: 7.203 Thread 0x00007f0868119800  577       4       com.gitlab.pdftk_java.com.lowagie.text.pdf.PdfDictionary::get (12 bytes)
Event: 7.217 Thread 0x00007f086811c800  617 %     3       com.gitlab.pdftk_java.com.lowagie.text.pdf.PdfReader::removeUnusedNode @ 14 (635 bytes)
Event: 7.218 Thread 0x00007f0868119800 nmethod 577 0x00007f08588c1c10 code [0x00007f08588c1de0, 0x00007f08588c2838]
Event: 7.218 Thread 0x00007f0868119800  616       4       java.util.HashMap::getNode (148 bytes)
Event: 7.221 Thread 0x00007f0868119800 nmethod 616 0x00007f08588c08d0 code [0x00007f08588c0a60, 0x00007f08588c0d58]
Event: 7.221 Thread 0x00007f0868119800  615       4       java.util.HashMap::get (23 bytes)
Event: 7.222 Thread 0x00007f086811c800 nmethod 617% 0x00007f08588cc850 code [0x00007f08588ccfe0, 0x00007f08588d3788]
Event: 7.225 Thread 0x00007f0868119800 nmethod 615 0x00007f08588d7690 code [0x00007f08588d7820, 0x00007f08588d7bb8]
Event: 7.225 Thread 0x00007f0868119800  614       4       java.util.HashMap$KeyIterator::next (8 bytes)
Event: 7.228 Thread 0x00007f0868119800 nmethod 614 0x00007f08588caa50 code [0x00007f08588caba0, 0x00007f08588cadd8]
Event: 7.228 Thread 0x00007f0868119800  605       4       java.util.Stack::empty (13 bytes)
Event: 7.229 Thread 0x00007f0868119800 nmethod 605 0x00007f08588c17d0 code [0x00007f08588c1920, 0x00007f08588c1b18]
Event: 7.229 Thread 0x00007f0868119800  619       4       java.util.HashMap$HashIterator::<init> (79 bytes)
Event: 7.232 Thread 0x00007f0868119800 nmethod 619 0x00007f08588cc2d0 code [0x00007f08588cc420, 0x00007f08588cc718]
Event: 7.232 Thread 0x00007f0868119800  620       4       java.util.AbstractCollection::toArray (147 bytes)
Event: 7.232 Thread 0x00007f086811c800  618       3       com.gitlab.pdftk_java.com.lowagie.text.pdf.PdfReader::removeUnusedNode (635 bytes)
Event: 7.237 Thread 0x00007f086811c800 nmethod 618 0x00007f08588d9990 code [0x00007f08588da100, 0x00007f08588e0648]
Event: 7.241 Thread 0x00007f0868119800 nmethod 620 0x00007f08588cb610 code [0x00007f08588cb7a0, 0x00007f08588cbc98]
Event: 7.241 Thread 0x00007f0868119800  606  s    4       java.util.Vector::elementAt (48 bytes)
Event: 7.242 Thread 0x00007f0868119800 nmethod 606 0x00007f08588cb110 code [0x00007f08588cb260, 0x00007f08588cb4d8]
Event: 7.242 Thread 0x00007f0868119800  621       4       java.util.AbstractCollection::toArray (147 bytes)
Event: 7.252 Thread 0x00007f0868119800 nmethod 621 0x00007f08588d8c90 code [0x00007f08588d8e20, 0x00007f08588d9338]
Event: 7.252 Thread 0x00007f0868119800  623 %     4       com.gitlab.pdftk_java.com.lowagie.text.pdf.PdfReader::removeUnusedNode @ 14 (635 bytes)
Event: 7.321 Thread 0x00007f0868119800 nmethod 623% 0x00007f08588ec9d0 code [0x00007f08588ecde0, 0x00007f08588f0370]
Event: 7.321 Thread 0x00007f0868119800  624       4       java.util.AbstractCollection::toArray (147 bytes)
Event: 7.332 Thread 0x00007f0868119800 nmethod 624 0x00007f08588e9f10 code [0x00007f08588ea0a0, 0x00007f08588ea658]
Event: 7.332 Thread 0x00007f0868119800  626   !   4       com.gitlab.pdftk_java.com.lowagie.text.pdf.PdfReader::getPdfObject (170 bytes)
Event: 7.334 Thread 0x00007f0868119800 nmethod 626 0x00007f08588d8590 code [0x00007f08588d8700, 0x00007f08588d8978]
Event: 7.334 Thread 0x00007f0868119800  627 %     4       com.gitlab.pdftk_java.com.lowagie.text.pdf.PdfReader::removeUnusedNode @ 14 (635 bytes)
Event: 7.404 Thread 0x00007f0868119800 nmethod 627% 0x00007f08588f3810 code [0x00007f08588f3c40, 0x00007f08588f7110]
Event: 7.404 Thread 0x00007f0868119800  630       4       com.gitlab.pdftk_java.com.lowagie.text.pdf.PdfReader::getPdfObjectRelease (11 bytes)
Event: 7.406 Thread 0x00007f0868119800 nmethod 630 0x00007f08588e9650 code [0x00007f08588e97e0, 0x00007f08588e9af8]
Event: 7.406 Thread 0x00007f0868119800  631       4       com.gitlab.pdftk_java.com.lowagie.text.pdf.PdfReader::releaseLastXrefPartial (76 bytes)
Event: 7.407 Thread 0x00007f0868119800 nmethod 631 0x00007f08588beb90 code [0x00007f08588bece0, 0x00007f08588bed98]
Event: 7.407 Thread 0x00007f0868119800  607  s    4       java.util.Stack::pop (19 bytes)
Event: 7.410 Thread 0x00007f0868119800 nmethod 607 0x00007f08588e8f50 code [0x00007f08588e90a0, 0x00007f08588e93b8]
Event: 7.410 Thread 0x00007f0868119800  608  s    4       java.util.Vector::removeElementAt (115 bytes)
Event: 7.411 Thread 0x00007f0868119800 nmethod 608 0x00007f08588d7f90 code [0x00007f08588d80e0, 0x00007f08588d8398]
Event: 7.411 Thread 0x00007f0868119800  622       4       java.util.HashMap::keySet (25 bytes)
Event: 7.412 Thread 0x00007f0868119800 nmethod 622 0x00007f08588ca6d0 code [0x00007f08588ca820, 0x00007f08588ca938]
Event: 7.412 Thread 0x00007f0868119800  628       4       com.gitlab.pdftk_java.com.lowagie.text.pdf.PdfDictionary::getKeys (8 bytes)
Event: 7.413 Thread 0x00007f0868119800 nmethod 628 0x00007f08588ead10 code [0x00007f08588eae60, 0x00007f08588eafb8]
Event: 7.413 Thread 0x00007f0868119800  629       4       com.gitlab.pdftk_java.com.lowagie.text.pdf.PdfDictionary::size (8 bytes)
Event: 7.413 Thread 0x00007f0868119800 nmethod 629 0x00007f08588c0610 code [0x00007f08588c0760, 0x00007f08588c07d8]
Event: 7.493 Thread 0x00007f086811c800  632 %     3       com.gitlab.pdftk_java.com.lowagie.text.pdf.PdfReader::removeUnusedObjects @ 86 (119 bytes)
Event: 7.494 Thread 0x00007f086811c800 nmethod 632% 0x00007f08588e7490 code [0x00007f08588e7700, 0x00007f08588e84e8]
Event: 7.495 Thread 0x00007f086811c800  633  s    3       java.lang.StringBuffer::append (13 bytes)
Event: 7.495 Thread 0x00007f086811c800 nmethod 633 0x00007f08588bfe50 code [0x00007f08588bffc0, 0x00007f08588c02e8]
Event: 7.496 Thread 0x00007f0868119800  635   !   4       com.gitlab.pdftk_java.com.lowagie.text.pdf.PdfEncodings::convertToString (354 bytes)
Event: 7.506 Thread 0x00007f0868119800 nmethod 635 0x00007f08588e6550 code [0x00007f08588e6720, 0x00007f08588e6fc8]
Event: 7.506 Thread 0x00007f0868119800  643       4       java.util.HashMap$EntryIterator::next (5 bytes)
Event: 7.506 Thread 0x00007f086811c800  645       3       java.util.HashMap::putMapEntries (154 bytes)
Event: 7.507 Thread 0x00007f086811c800 nmethod 645 0x00007f08588eb5d0 code [0x00007f08588eb840, 0x00007f08588ec588]
Event: 7.507 Thread 0x00007f086811c800  647       3       com.gitlab.pdftk_java.com.lowagie.text.pdf.PdfDictionary::put (34 bytes)
Event: 7.508 Thread 0x00007f086811c800 nmethod 647 0x00007f08588e5650 code [0x00007f08588e5840, 0x00007f08588e6178]
Event: 7.508 Thread 0x00007f086811c800  650       2       com.gitlab.pdftk_java.com.lowagie.text.pdf.PdfReader::releaseLastXrefPartial (34 bytes)
Event: 7.508 Thread 0x00007f086811c800 nmethod 650 0x00007f08588bf3d0 code [0x00007f08588bf560, 0x00007f08588bf818]
Event: 7.508 Thread 0x00007f086811c800  649       2       com.gitlab.pdftk_java.com.lowagie.text.pdf.PdfArray::size (8 bytes)
Event: 7.508 Thread 0x00007f086811c800 nmethod 649 0x00007f08588eb290 code [0x00007f08588eb3e0, 0x00007f08588eb530]
Event: 7.508 Thread 0x00007f086811c800  651       2       com.gitlab.pdftk_java.com.lowagie.text.pdf.PdfObject::isDictionary (15 bytes)
Event: 7.508 Thread 0x00007f086811c800 nmethod 651 0x00007f08588bf090 code [0x00007f08588bf1e0, 0x00007f08588bf350]
Event: 7.508 Thread 0x00007f086811c800  652       2       com.gitlab.pdftk_java.com.lowagie.text.pdf.PdfArray::getPdfObject (12 bytes)
Event: 7.508 Thread 0x00007f086811c800 nmethod 652 0x00007f08588e4f50 code [0x00007f08588e50e0, 0x00007f08588e5398]
Event: 7.508 Thread 0x00007f086811c800  653       2       com.gitlab.pdftk_java.com.lowagie.text.pdf.PdfReader::replaceNamedDestination (272 bytes)
Event: 7.510 Thread 0x00007f086811c800 nmethod 653 0x00007f08588fa5d0 code [0x00007f08588fa9c0, 0x00007f08588fbde8]
Event: 7.510 Thread 0x00007f086811c800  648       3       com.gitlab.pdftk_java.com.lowagie.text.pdf.PdfObject::isNull (15 bytes)
Event: 7.510 Thread 0x00007f086811c800 nmethod 648 0x00007f08588e4b90 code [0x00007f08588e4d00, 0x00007f08588e4eb0]
Event: 7.510 Thread 0x00007f086811c800  655       3       com.gitlab.pdftk_java.com.lowagie.text.pdf.PdfReader::setXrefPartialObject (23 bytes)
Event: 7.511 Thread 0x00007f086811c800 nmethod 655 0x00007f08588fdf50 code [0x00007f08588fe100, 0x00007f08588fe6d8]
Event: 7.511 Thread 0x00007f086811c800  639       3       java.lang.Math::floor (5 bytes)
Event: 7.511 Thread 0x00007f086811c800 nmethod 639 0x00007f08588e4750 code [0x00007f08588e48e0, 0x00007f08588e4aa8]
Event: 7.511 Thread 0x00007f086811c800  640       3       java.lang.StrictMath::floor (12 bytes)
Event: 7.511 Thread 0x00007f086811c800 nmethod 640 0x00007f08588fead0 code [0x00007f08588fec60, 0x00007f08588fede8]
Event: 7.511 Thread 0x00007f086811c800  637       3       com.gitlab.pdftk_java.com.lowagie.text.pdf.PdfString::getValue (66 bytes)
Event: 7.511 Thread 0x00007f086811c800 nmethod 637 0x00007f08588fee90 code [0x00007f08588ff020, 0x00007f08588ff4a8]
Event: 7.511 Thread 0x00007f086811c800  638       3       com.gitlab.pdftk_java.com.lowagie.text.pdf.PdfString::isUnicode (27 bytes)
Event: 7.511 Thread 0x00007f086811c800 nmethod 638 0x00007f08588ff5d0 code [0x00007f08588ff740, 0x00007f08588ff990]
Event: 7.511 Thread 0x00007f086811c800  641       3       java.lang.StrictMath::floorOrCeil (128 bytes)
Event: 7.512 Thread 0x00007f086811c800 nmethod 641 0x00007f08588ffa50 code [0x00007f08588ffbe0, 0x00007f0858900070]
Event: 7.512 Thread 0x00007f086811c800  642       3       java.lang.Math::getExponent (17 bytes)
Event: 7.512 Thread 0x00007f086811c800 nmethod 642 0x00007f08588e4410 code [0x00007f08588e4560, 0x00007f08588e46d0]
Event: 7.512 Thread 0x00007f086811c800  636       3       com.gitlab.pdftk_java.com.lowagie.text.pdf.PdfString::toUnicodeString (5 bytes)
Event: 7.512 Thread 0x00007f086811c800 nmethod 636 0x00007f0858900150 code [0x00007f08589002c0, 0x00007f0858900448]
Event: 7.512 Thread 0x00007f086811c800  644       3       com.gitlab.pdftk_java.com.lowagie.text.pdf.PdfObject::isArray (14 bytes)
Event: 7.512 Thread 0x00007f086811c800 nmethod 644 0x00007f08589004d0 code [0x00007f0858900640, 0x00007f08589007f0]
Event: 7.512 Thread 0x00007f086811c800  661       2       com.gitlab.pdftk_java.com.lowagie.text.pdf.PdfReader$PageRefs::size (20 bytes)
Event: 7.512 Thread 0x00007f086811c800 nmethod 661 0x00007f0858900890 code [0x00007f0858900a00, 0x00007f0858900b70]
Event: 7.514 Thread 0x00007f0868119800 nmethod 643 0x00007f0858903a50 code [0x00007f0858903ba0, 0x00007f0858903db8]
Event: 7.514 Thread 0x00007f0868119800  646       4       java.util.HashMap$EntryIterator::next (5 bytes)
Event: 7.517 Thread 0x00007f0868119800 nmethod 646 0x00007f0858903f10 code [0x00007f0858904060, 0x00007f0858904278]
Event: 7.517 Thread 0x00007f0868119800  654       4       java.util.HashMap::put (13 bytes)
Event: 7.518 Thread 0x00007f0868119800 nmethod 654 0x00007f08589043d0 code [0x00007f0858904520, 0x00007f0858904648]
Event: 7.518 Thread 0x00007f0868119800  657       4       com.gitlab.pdftk_java.com.lowagie.text.pdf.PdfArray::size (8 bytes)
Event: 7.518 Thread 0x00007f0868119800 nmethod 657 0x00007f0858904750 code [0x00007f08589048a0, 0x00007f0858904918]
Event: 7.518 Thread 0x00007f0868119800  659       4       com.gitlab.pdftk_java.com.lowagie.text.pdf.PdfArray::getPdfObject (12 bytes)
Event: 7.519 Thread 0x00007f0868119800 nmethod 659 0x00007f0858904990 code [0x00007f0858904ae0, 0x00007f0858904bf8]
Event: 7.519 Thread 0x00007f0868119800  660       4       com.gitlab.pdftk_java.com.lowagie.text.pdf.PdfReader::replaceNamedDestination (272 bytes)
Event: 7.522 Thread 0x00007f086811c800  662       2       com.gitlab.pdftk_java.com.lowagie.text.pdf.PdfString::toString (5 bytes)
Event: 7.522 Thread 0x00007f086811c800 nmethod 662 0x00007f08589036d0 code [0x00007f0858903840, 0x00007f08589039a8]
Event: 7.528 Thread 0x00007f086811c800  664       3       com.gitlab.pdftk_java.com.lowagie.text.pdf.PdfName::compareTo (92 bytes)
Event: 7.529 Thread 0x00007f086811c800 nmethod 664 0x00007f0858902e10 code [0x00007f0858902fa0, 0x00007f08589034b0]
Event: 7.529 Thread 0x00007f086811c800  665       3       java.util.HashMap::keySet (25 bytes)
Event: 7.529 Thread 0x00007f086811c800 nmethod 665 0x00007f0858902750 code [0x00007f08589028e0, 0x00007f0858902c70]
Event: 7.529 Thread 0x00007f086811c800  663       3       com.gitlab.pdftk_java.com.lowagie.text.pdf.PdfName::equals (30 bytes)
Event: 7.529 Thread 0x00007f086811c800 nmethod 663 0x00007f08589021d0 code [0x00007f0858902360, 0x00007f08589026c8]
Event: 7.560 Thread 0x00007f0868119800 nmethod 660 0x00007f0858909050 code [0x00007f0858909420, 0x00007f085890bf20]
Event: 7.560 Thread 0x00007f0868119800  667       4       java.util.HashMap::keySet (25 bytes)
Event: 7.561 Thread 0x00007f0868119800 nmethod 667 0x00007f0858907550 code [0x00007f08589076a0, 0x00007f0858907798]
Event: 7.561 Thread 0x00007f0868119800  666 %     4       com.gitlab.pdftk_java.com.lowagie.text.pdf.PdfReader::removeUnusedNode @ 14 (635 bytes)
Event: 7.629 Thread 0x00007f0868119800 nmethod 666% 0x00007f0858913750 code [0x00007f0858913b80, 0x00007f0858917010]
Event: 7.629 Thread 0x00007f0868119800  656       4       com.gitlab.pdftk_java.com.lowagie.text.pdf.PdfReader::releaseLastXrefPartial (34 bytes)
Event: 7.630 Thread 0x00007f0868119800 nmethod 656 0x00007f0858907310 code [0x00007f0858907460, 0x00007f08589074d8]
Event: 7.630 Thread 0x00007f0868119800  668       4       com.gitlab.pdftk_java.com.lowagie.text.pdf.PdfReader::removeUnusedNode (635 bytes)
Event: 7.677 Thread 0x00007f0868119800 nmethod 668 0x00007f085891a410 code [0x00007f085891a820, 0x00007f085891cca0]

GC Heap History (9 events):
Event: 1.832 GC heap before
{Heap before GC invocations=1 (full 0):
 PSYoungGen      total 72704K, used 62464K [0x000000076eb00000, 0x0000000773c00000, 0x00000007c0000000)
  eden space 62464K, 100% used [0x000000076eb00000,0x0000000772800000,0x0000000772800000)
  from space 10240K, 0% used [0x0000000773200000,0x0000000773200000,0x0000000773c00000)
  to   space 10240K, 0% used [0x0000000772800000,0x0000000772800000,0x0000000773200000)
 ParOldGen       total 166912K, used 0K [0x00000006cc000000, 0x00000006d6300000, 0x000000076eb00000)
  object space 166912K, 0% used [0x00000006cc000000,0x00000006cc000000,0x00000006d6300000)
 Metaspace       used 4107K, capacity 5048K, committed 5376K, reserved 1056768K
  class space    used 373K, capacity 424K, committed 512K, reserved 1048576K
Event: 1.857 GC heap after
Heap after GC invocations=1 (full 0):
 PSYoungGen      total 72704K, used 10220K [0x000000076eb00000, 0x0000000777900000, 0x00000007c0000000)
  eden space 62464K, 0% used [0x000000076eb00000,0x000000076eb00000,0x0000000772800000)
  from space 10240K, 99% used [0x0000000772800000,0x00000007731fb1a0,0x0000000773200000)
  to   space 10240K, 0% used [0x0000000776f00000,0x0000000776f00000,0x0000000777900000)
 ParOldGen       total 166912K, used 5195K [0x00000006cc000000, 0x00000006d6300000, 0x000000076eb00000)
  object space 166912K, 3% used [0x00000006cc000000,0x00000006cc512e58,0x00000006d6300000)
 Metaspace       used 4107K, capacity 5048K, committed 5376K, reserved 1056768K
  class space    used 373K, capacity 424K, committed 512K, reserved 1048576K
}
Event: 3.716 GC heap before
{Heap before GC invocations=2 (full 0):
 PSYoungGen      total 72704K, used 72684K [0x000000076eb00000, 0x0000000777900000, 0x00000007c0000000)
  eden space 62464K, 100% used [0x000000076eb00000,0x0000000772800000,0x0000000772800000)
  from space 10240K, 99% used [0x0000000772800000,0x00000007731fb1a0,0x0000000773200000)
  to   space 10240K, 0% used [0x0000000776f00000,0x0000000776f00000,0x0000000777900000)
 ParOldGen       total 166912K, used 5195K [0x00000006cc000000, 0x00000006d6300000, 0x000000076eb00000)
  object space 166912K, 3% used [0x00000006cc000000,0x00000006cc512e58,0x00000006d6300000)
 Metaspace       used 4107K, capacity 5048K, committed 5376K, reserved 1056768K
  class space    used 373K, capacity 424K, committed 512K, reserved 1048576K
Event: 3.755 GC heap after
Heap after GC invocations=2 (full 0):
 PSYoungGen      total 135168K, used 10234K [0x000000076eb00000, 0x0000000777900000, 0x00000007c0000000)
  eden space 124928K, 0% used [0x000000076eb00000,0x000000076eb00000,0x0000000776500000)
  from space 10240K, 99% used [0x0000000776f00000,0x00000007778feb90,0x0000000777900000)
  to   space 10240K, 0% used [0x0000000776500000,0x0000000776500000,0x0000000776f00000)
 ParOldGen       total 166912K, used 18899K [0x00000006cc000000, 0x00000006d6300000, 0x000000076eb00000)
  object space 166912K, 11% used [0x00000006cc000000,0x00000006cd274e88,0x00000006d6300000)
 Metaspace       used 4107K, capacity 5048K, committed 5376K, reserved 1056768K
  class space    used 373K, capacity 424K, committed 512K, reserved 1048576K
}
Event: 6.674 GC heap before
{Heap before GC invocations=3 (full 0):
 PSYoungGen      total 135168K, used 135162K [0x000000076eb00000, 0x0000000777900000, 0x00000007c0000000)
  eden space 124928K, 100% used [0x000000076eb00000,0x0000000776500000,0x0000000776500000)
  from space 10240K, 99% used [0x0000000776f00000,0x00000007778feb90,0x0000000777900000)
  to   space 10240K, 0% used [0x0000000776500000,0x0000000776500000,0x0000000776f00000)
 ParOldGen       total 166912K, used 18899K [0x00000006cc000000, 0x00000006d6300000, 0x000000076eb00000)
  object space 166912K, 11% used [0x00000006cc000000,0x00000006cd274e88,0x00000006d6300000)
 Metaspace       used 4588K, capacity 5272K, committed 5376K, reserved 1056768K
  class space    used 417K, capacity 456K, committed 512K, reserved 1048576K
Event: 6.741 GC heap after
Heap after GC invocations=3 (full 0):
 PSYoungGen      total 135168K, used 10209K [0x000000076eb00000, 0x000000077f300000, 0x00000007c0000000)
  eden space 124928K, 0% used [0x000000076eb00000,0x000000076eb00000,0x0000000776500000)
  from space 10240K, 99% used [0x0000000776500000,0x0000000776ef8760,0x0000000776f00000)
  to   space 10240K, 0% used [0x000000077e900000,0x000000077e900000,0x000000077f300000)
 ParOldGen       total 166912K, used 41351K [0x00000006cc000000, 0x00000006d6300000, 0x000000076eb00000)
  object space 166912K, 24% used [0x00000006cc000000,0x00000006ce861ec8,0x00000006d6300000)
 Metaspace       used 4588K, capacity 5272K, committed 5376K, reserved 1056768K
  class space    used 417K, capacity 456K, committed 512K, reserved 1048576K
}
Event: 6.884 GC heap before
{Heap before GC invocations=4 (full 0):
 PSYoungGen      total 135168K, used 135137K [0x000000076eb00000, 0x000000077f300000, 0x00000007c0000000)
  eden space 124928K, 100% used [0x000000076eb00000,0x0000000776500000,0x0000000776500000)
  from space 10240K, 99% used [0x0000000776500000,0x0000000776ef8760,0x0000000776f00000)
  to   space 10240K, 0% used [0x000000077e900000,0x000000077e900000,0x000000077f300000)
 ParOldGen       total 166912K, used 41351K [0x00000006cc000000, 0x00000006d6300000, 0x000000076eb00000)
  object space 166912K, 24% used [0x00000006cc000000,0x00000006ce861ec8,0x00000006d6300000)
 Metaspace       used 4591K, capacity 5272K, committed 5376K, reserved 1056768K
  class space    used 417K, capacity 456K, committed 512K, reserved 1048576K
Event: 6.959 GC heap after
Heap after GC invocations=4 (full 0):
 PSYoungGen      total 260096K, used 10214K [0x000000076eb00000, 0x000000077f300000, 0x00000007c0000000)
  eden space 249856K, 0% used [0x000000076eb00000,0x000000076eb00000,0x000000077df00000)
  from space 10240K, 99% used [0x000000077e900000,0x000000077f2f99a0,0x000000077f300000)
  to   space 10240K, 0% used [0x000000077df00000,0x000000077df00000,0x000000077e900000)
 ParOldGen       total 166912K, used 69495K [0x00000006cc000000, 0x00000006d6300000, 0x000000076eb00000)
  object space 166912K, 41% used [0x00000006cc000000,0x00000006d03ddec8,0x00000006d6300000)
 Metaspace       used 4591K, capacity 5272K, committed 5376K, reserved 1056768K
  class space    used 417K, capacity 456K, committed 512K, reserved 1048576K
}
Event: 7.722 GC heap before
{Heap before GC invocations=5 (full 0):
 PSYoungGen      total 260096K, used 260070K [0x000000076eb00000, 0x000000077f300000, 0x00000007c0000000)
  eden space 249856K, 100% used [0x000000076eb00000,0x000000077df00000,0x000000077df00000)
  from space 10240K, 99% used [0x000000077e900000,0x000000077f2f99a0,0x000000077f300000)
  to   space 10240K, 0% used [0x000000077df00000,0x000000077df00000,0x000000077e900000)
 ParOldGen       total 166912K, used 69495K [0x00000006cc000000, 0x00000006d6300000, 0x000000076eb00000)
  object space 166912K, 41% used [0x00000006cc000000,0x00000006d03ddec8,0x00000006d6300000)
 Metaspace       used 4682K, capacity 5272K, committed 5376K, reserved 1056768K
  class space    used 422K, capacity 456K, committed 512K, reserved 1048576K

Deoptimization events (49 events):
Event: 0.149 Thread 0x00007f086804b800 Uncommon trap: reason=unstable_if action=reinterpret pc=0x00007f08586f676c method=java.io.ByteArrayInputStream.read()I @ 8
Event: 4.676 Thread 0x00007f086804b800 Uncommon trap: reason=unstable_if action=reinterpret pc=0x00007f085877dff4 method=com.gitlab.pdftk_java.com.lowagie.text.pdf.PdfObject.isStream()Z @ 6
Event: 4.676 Thread 0x00007f086804b800 Uncommon trap: reason=unstable_if action=reinterpret pc=0x00007f085878b038 method=sun.misc.FloatingDecimal.readJavaFormatString(Ljava/lang/String;)Lsun/misc/FloatingDecimal$ASCIIToBinaryConverter; @ 178
Event: 4.682 Thread 0x00007f086804b800 Uncommon trap: reason=unstable_if action=reinterpret pc=0x00007f085878f6f4 method=com.gitlab.pdftk_java.com.lowagie.text.pdf.PdfReader.readPRObject()Lcom/gitlab/pdftk_java/com/lowagie/text/pdf/PdfObject; @ 505
Event: 4.817 Thread 0x00007f086804b800 Uncommon trap: reason=unstable_if action=reinterpret pc=0x00007f0858780340 method=com.gitlab.pdftk_java.com.lowagie.text.pdf.PRTokeniser.nextToken()Z @ 907
Event: 4.817 Thread 0x00007f086804b800 Uncommon trap: reason=unstable_if action=reinterpret pc=0x00007f085877d674 method=sun.misc.FloatingDecimal$ASCIIToBinaryBuffer.doubleValue()D @ 135
Event: 5.970 Thread 0x00007f086804b800 Uncommon trap: reason=unstable_if action=reinterpret pc=0x00007f08587c15e4 method=com.gitlab.pdftk_java.com.lowagie.text.pdf.PdfReader.readPRObject()Lcom/gitlab/pdftk_java/com/lowagie/text/pdf/PdfObject; @ 445
Event: 6.093 Thread 0x00007f086804b800 Uncommon trap: reason=class_check action=maybe_recompile pc=0x00007f08587849fc method=java.util.HashMap.putVal(ILjava/lang/Object;Ljava/lang/Object;ZZ)Ljava/lang/Object; @ 203
Event: 6.093 Thread 0x00007f086804b800 Uncommon trap: reason=class_check action=maybe_recompile pc=0x00007f08587849fc method=java.util.HashMap.putVal(ILjava/lang/Object;Ljava/lang/Object;ZZ)Ljava/lang/Object; @ 203
Event: 6.093 Thread 0x00007f086804b800 Uncommon trap: reason=class_check action=maybe_recompile pc=0x00007f08587849fc method=java.util.HashMap.putVal(ILjava/lang/Object;Ljava/lang/Object;ZZ)Ljava/lang/Object; @ 203
Event: 6.093 Thread 0x00007f086804b800 Uncommon trap: reason=class_check action=maybe_recompile pc=0x00007f08587849fc method=java.util.HashMap.putVal(ILjava/lang/Object;Ljava/lang/Object;ZZ)Ljava/lang/Object; @ 203
Event: 6.466 Thread 0x00007f086804b800 Uncommon trap: reason=unstable_if action=reinterpret pc=0x00007f08587eb8ac method=com.gitlab.pdftk_java.com.lowagie.text.pdf.PdfObject.isIndirect()Z @ 6
Event: 6.467 Thread 0x00007f086804b800 Uncommon trap: reason=unstable_if action=reinterpret pc=0x00007f08587ed654 method=com.gitlab.pdftk_java.com.lowagie.text.pdf.PdfName.equals(Ljava/lang/Object;)Z @ 2
Event: 6.467 Thread 0x00007f086804b800 Uncommon trap: reason=unstable_if action=reinterpret pc=0x00007f08587e8dfc method=com.gitlab.pdftk_java.com.lowagie.text.pdf.PdfName.compareTo(Ljava/lang/Object;)I @ 45
Event: 6.476 Thread 0x00007f086804b800 Uncommon trap: reason=class_check action=maybe_recompile pc=0x00007f08587f6a90 method=java.util.HashMap.putVal(ILjava/lang/Object;Ljava/lang/Object;ZZ)Ljava/lang/Object; @ 56
Event: 6.476 Thread 0x00007f086804b800 Uncommon trap: reason=class_check action=maybe_recompile pc=0x00007f08587f6a90 method=java.util.HashMap.putVal(ILjava/lang/Object;Ljava/lang/Object;ZZ)Ljava/lang/Object; @ 56
Event: 6.481 Thread 0x00007f086804b800 Uncommon trap: reason=unstable_if action=reinterpret pc=0x00007f085871ab38 method=java.util.HashMap.getNode(ILjava/lang/Object;)Ljava/util/HashMap$Node; @ 49
Event: 6.490 Thread 0x00007f086804b800 Uncommon trap: reason=unstable_if action=reinterpret pc=0x00007f08586f9388 method=java.io.ByteArrayOutputStream.ensureCapacity(I)V @ 7
Event: 6.505 Thread 0x00007f086804b800 Uncommon trap: reason=unstable_if action=reinterpret pc=0x00007f08586f6d14 method=java.io.ByteArrayOutputStream.ensureCapacity(I)V @ 7
Event: 6.571 Thread 0x00007f086804b800 Uncommon trap: reason=unstable_if action=reinterpret pc=0x00007f08587ed194 method=com.gitlab.pdftk_java.com.lowagie.text.pdf.PdfReader.releaseLastXrefPartial(Lcom/gitlab/pdftk_java/com/lowagie/text/pdf/PdfObject;)V @ 1
Event: 6.571 Thread 0x00007f086804b800 Uncommon trap: reason=unstable_if action=reinterpret pc=0x00007f08587035b4 method=java.io.ByteArrayInputStream.read([BII)I @ 63
Event: 6.571 Thread 0x00007f086804b800 Uncommon trap: reason=unstable_if action=reinterpret pc=0x00007f08587ca184 method=com.gitlab.pdftk_java.com.lowagie.text.pdf.RandomAccessFileOrArray.read()I @ 25
Event: 6.571 Thread 0x00007f086804b800 Uncommon trap: reason=unstable_if action=reinterpret pc=0x00007f0858783a50 method=com.gitlab.pdftk_java.com.lowagie.text.pdf.RandomAccessFileOrArray.read()I @ 25
Event: 6.571 Thread 0x00007f086804b800 Uncommon trap: reason=unstable_if action=reinterpret pc=0x00007f08587866a8 method=com.gitlab.pdftk_java.com.lowagie.text.pdf.RandomAccessFileOrArray.seek(I)V @ 15
Event: 6.571 Thread 0x00007f086804b800 Uncommon trap: reason=unstable_if action=reinterpret pc=0x00007f0858788038 method=com.gitlab.pdftk_java.com.lowagie.text.pdf.RandomAccessFileOrArray.insureOpen()V @ 4
Event: 6.571 Thread 0x00007f086804b800 Uncommon trap: reason=unstable_if action=reinterpret pc=0x00007f0858786b20 method=com.gitlab.pdftk_java.com.lowagie.text.pdf.RandomAccessFileOrArray.seek(I)V @ 15
Event: 6.571 Thread 0x00007f086804b800 Uncommon trap: reason=unstable_if action=reinterpret pc=0x00007f085879a85c method=com.gitlab.pdftk_java.com.lowagie.text.pdf.RandomAccessFileOrArray.insureOpen()V @ 4
Event: 6.571 Thread 0x00007f086804b800 Uncommon trap: reason=unstable_if action=reinterpret pc=0x00007f08587e893c method=com.gitlab.pdftk_java.com.lowagie.text.pdf.RandomAccessFileOrArray.insureOpen()V @ 4
Event: 6.574 Thread 0x00007f086804b800 Uncommon trap: reason=unstable_if action=reinterpret pc=0x00007f08587f0a90 method=com.gitlab.pdftk_java.com.lowagie.text.pdf.RandomAccessFileOrArray.insureOpen()V @ 4
Event: 6.574 Thread 0x00007f086804b800 Uncommon trap: reason=unstable_if action=reinterpret pc=0x00007f08587f0a90 method=com.gitlab.pdftk_java.com.lowagie.text.pdf.RandomAccessFileOrArray.insureOpen()V @ 4
Event: 6.813 Thread 0x00007f086804b800 Uncommon trap: reason=bimorphic action=maybe_recompile pc=0x00007f085887b5a4 method=java.util.HashMap.getNode(ILjava/lang/Object;)Ljava/util/HashMap$Node; @ 126
Event: 6.813 Thread 0x00007f086804b800 Uncommon trap: reason=bimorphic action=maybe_recompile pc=0x00007f085887b5a4 method=java.util.HashMap.getNode(ILjava/lang/Object;)Ljava/util/HashMap$Node; @ 126
Event: 6.813 Thread 0x00007f086804b800 Uncommon trap: reason=bimorphic action=maybe_recompile pc=0x00007f085887b5a4 method=java.util.HashMap.getNode(ILjava/lang/Object;)Ljava/util/HashMap$Node; @ 126
Event: 6.813 Thread 0x00007f086804b800 Uncommon trap: reason=bimorphic action=maybe_recompile pc=0x00007f085887b5a4 method=java.util.HashMap.getNode(ILjava/lang/Object;)Ljava/util/HashMap$Node; @ 126
Event: 7.170 Thread 0x00007f086804b800 Uncommon trap: reason=unstable_if action=reinterpret pc=0x00007f085879990c method=java.util.HashMap.putMapEntries(Ljava/util/Map;Z)V @ 8
Event: 7.171 Thread 0x00007f086804b800 Uncommon trap: reason=unstable_if action=reinterpret pc=0x00007f085889a850 method=com.gitlab.pdftk_java.com.lowagie.text.pdf.IntHashtable.containsKey(I)Z @ 24
Event: 7.171 Thread 0x00007f086804b800 Uncommon trap: reason=unstable_if action=reinterpret pc=0x00007f08588a6fac method=com.gitlab.pdftk_java.com.lowagie.text.pdf.PdfReader.releaseLastXrefPartial(Lcom/gitlab/pdftk_java/com/lowagie/text/pdf/PdfObject;)V @ 9
Event: 7.171 Thread 0x00007f086804b800 Uncommon trap: reason=unstable_if action=reinterpret pc=0x00007f085886d5ac method=java.util.HashMap.getNode(ILjava/lang/Object;)Ljava/util/HashMap$Node; @ 116
Event: 7.172 Thread 0x00007f086804b800 Uncommon trap: reason=unstable_if action=reinterpret pc=0x00007f08586f81d8 method=java.util.HashMap.getNode(ILjava/lang/Object;)Ljava/util/HashMap$Node; @ 49
Event: 7.172 Thread 0x00007f086804b800 Uncommon trap: reason=unstable_if action=reinterpret pc=0x00007f08587ebd04 method=com.gitlab.pdftk_java.com.lowagie.text.pdf.PdfObject.isNull()Z @ 6
Event: 7.241 Thread 0x00007f086804b800 Uncommon trap: reason=predicate action=maybe_recompile pc=0x00007f08588cbb94 method=java.util.AbstractCollection.toArray([Ljava/lang/Object;)[Ljava/lang/Object; @ 49
Event: 7.252 Thread 0x00007f086804b800 Uncommon trap: reason=array_check action=maybe_recompile pc=0x00007f08588d9128 method=java.util.AbstractCollection.toArray([Ljava/lang/Object;)[Ljava/lang/Object; @ 119
Event: 7.252 Thread 0x00007f086804b800 Uncommon trap: reason=array_check action=maybe_recompile pc=0x00007f08588d9128 method=java.util.AbstractCollection.toArray([Ljava/lang/Object;)[Ljava/lang/Object; @ 119
Event: 7.252 Thread 0x00007f086804b800 Uncommon trap: reason=array_check action=maybe_recompile pc=0x00007f08588d9128 method=java.util.AbstractCollection.toArray([Ljava/lang/Object;)[Ljava/lang/Object; @ 119
Event: 7.252 Thread 0x00007f086804b800 Uncommon trap: reason=array_check action=maybe_recompile pc=0x00007f08588d9128 method=java.util.AbstractCollection.toArray([Ljava/lang/Object;)[Ljava/lang/Object; @ 119
Event: 7.322 Thread 0x00007f086804b800 Uncommon trap: reason=range_check action=make_not_entrant pc=0x00007f08588eeb48 method=com.gitlab.pdftk_java.com.lowagie.text.pdf.PdfReader.removeUnusedNode(Lcom/gitlab/pdftk_java/com/lowagie/text/pdf/PdfObject;[Z)V @ 217
Event: 7.492 Thread 0x00007f086804b800 Uncommon trap: reason=unstable_if action=reinterpret pc=0x00007f08588f5658 method=com.gitlab.pdftk_java.com.lowagie.text.pdf.PdfReader.removeUnusedNode(Lcom/gitlab/pdftk_java/com/lowagie/text/pdf/PdfObject;[Z)V @ 18
Event: 7.525 Thread 0x00007f086804b800 Uncommon trap: reason=unstable_if action=reinterpret pc=0x00007f08588ca8f4 method=java.util.HashMap.keySet()Ljava/util/Set; @ 6
Event: 7.630 Thread 0x00007f086804b800 Uncommon trap: reason=unstable_if action=reinterpret pc=0x00007f08588eaf68 method=java.util.HashMap.keySet()Ljava/util/Set; @ 6

Classes redefined (0 events):
No events

Internal exceptions (2 events):
Event: 0.019 Thread 0x00007f086804b800 Exception <a 'java/lang/NoSuchMethodError': Method sun.misc.Unsafe.defineClass(Ljava/lang/String;[BII)Ljava/lang/Class; name or signature does not match> (0x000000076eb07cd8) thrown at [/builddir/build/BUILD/java-1.8.0-openjdk-1.8.0.392.b08-2.el7_9.x86_64
Event: 0.019 Thread 0x00007f086804b800 Exception <a 'java/lang/NoSuchMethodError': Method sun.misc.Unsafe.prefetchRead(Ljava/lang/Object;J)V name or signature does not match> (0x000000076eb07fc0) thrown at [/builddir/build/BUILD/java-1.8.0-openjdk-1.8.0.392.b08-2.el7_9.x86_64/shenandoah-jdk8u3

Events (250 events):
Event: 6.500 loading class org/bouncycastle/crypto/BufferedBlockCipher
Event: 6.500 loading class org/bouncycastle/crypto/BufferedBlockCipher done
Event: 6.501 loading class org/bouncycastle/crypto/paddings/BlockCipherPadding
Event: 6.501 loading class org/bouncycastle/crypto/paddings/BlockCipherPadding done
Event: 6.501 loading class org/bouncycastle/crypto/paddings/PKCS7Padding
Event: 6.501 loading class org/bouncycastle/crypto/paddings/PKCS7Padding done
Event: 6.501 loading class org/bouncycastle/crypto/InvalidCipherTextException
Event: 6.501 loading class org/bouncycastle/crypto/InvalidCipherTextException done
Event: 6.501 loading class org/bouncycastle/crypto/CryptoException
Event: 6.501 loading class org/bouncycastle/crypto/CryptoException done
Event: 6.502 loading class org/bouncycastle/crypto/params/KeyParameter
Event: 6.502 loading class org/bouncycastle/crypto/params/KeyParameter done
Event: 6.502 loading class org/bouncycastle/crypto/params/ParametersWithIV
Event: 6.502 loading class org/bouncycastle/crypto/params/ParametersWithIV done
Event: 6.502 loading class org/bouncycastle/util/Arrays
Event: 6.502 loading class org/bouncycastle/util/Arrays done
Event: 6.504 loading class org/bouncycastle/crypto/params/ParametersWithRandom
Event: 6.504 loading class org/bouncycastle/crypto/params/ParametersWithRandom done
Event: 6.504 loading class org/bouncycastle/util/Pack
Event: 6.504 loading class org/bouncycastle/util/Pack done
Event: 6.505 Thread 0x00007f086804b800 Uncommon trap: trap_request=0xffffff65 fr.pc=0x00007f08586f6d14
Event: 6.505 Executing VM operation: RevokeBias
Event: 6.505 Executing VM operation: RevokeBias done
Event: 6.505 Thread 0x00007f086804b800 DEOPT PACKING pc=0x00007f08586f6d14 sp=0x00007f086e6f4140
Event: 6.505 Thread 0x00007f086804b800 DEOPT UNPACKING pc=0x00007f08585e647a sp=0x00007f086e6f4048 mode 2
Event: 6.543 Thread 0x00007f086804b800 DEOPT PACKING pc=0x00007f0858827c57 sp=0x00007f086e6f40c0
Event: 6.543 Thread 0x00007f086804b800 DEOPT UNPACKING pc=0x00007f08585e84c4 sp=0x00007f086e6f3dc8 mode 0
Event: 6.545 Thread 0x00007f086804b800 DEOPT PACKING pc=0x00007f08588085d6 sp=0x00007f086e6f4080
Event: 6.545 Thread 0x00007f086804b800 DEOPT UNPACKING pc=0x00007f08585e84c4 sp=0x00007f086e6f3dc0 mode 0
Event: 6.546 Thread 0x00007f086804b800 DEOPT PACKING pc=0x00007f08588085d6 sp=0x00007f086e6f4080
Event: 6.546 Thread 0x00007f086804b800 DEOPT UNPACKING pc=0x00007f08585e84c4 sp=0x00007f086e6f3dc0 mode 0
Event: 6.548 Thread 0x00007f086804b800 DEOPT PACKING pc=0x00007f08588085d6 sp=0x00007f086e6f4080
Event: 6.548 Thread 0x00007f086804b800 DEOPT UNPACKING pc=0x00007f08585e84c4 sp=0x00007f086e6f3dc0 mode 0
Event: 6.549 Thread 0x00007f086804b800 DEOPT PACKING pc=0x00007f08588085d6 sp=0x00007f086e6f40a0
Event: 6.549 Thread 0x00007f086804b800 DEOPT UNPACKING pc=0x00007f08585e84c4 sp=0x00007f086e6f3dd0 mode 0
Event: 6.550 Thread 0x00007f086804b800 DEOPT PACKING pc=0x00007f08588085d6 sp=0x00007f086e6f40a0
Event: 6.550 Thread 0x00007f086804b800 DEOPT UNPACKING pc=0x00007f08585e84c4 sp=0x00007f086e6f3dd0 mode 0
Event: 6.551 Thread 0x00007f086804b800 DEOPT PACKING pc=0x00007f08588085d6 sp=0x00007f086e6f40a0
Event: 6.551 Thread 0x00007f086804b800 DEOPT UNPACKING pc=0x00007f08585e84c4 sp=0x00007f086e6f3dd0 mode 0
Event: 6.552 Thread 0x00007f086804b800 DEOPT PACKING pc=0x00007f08588085d6 sp=0x00007f086e6f40a0
Event: 6.552 Thread 0x00007f086804b800 DEOPT UNPACKING pc=0x00007f08585e84c4 sp=0x00007f086e6f3dd0 mode 0
Event: 6.553 Thread 0x00007f086804b800 DEOPT PACKING pc=0x00007f08588085d6 sp=0x00007f086e6f40a0
Event: 6.553 Thread 0x00007f086804b800 DEOPT UNPACKING pc=0x00007f08585e84c4 sp=0x00007f086e6f3dd0 mode 0
Event: 6.554 Thread 0x00007f086804b800 DEOPT PACKING pc=0x00007f08588085d6 sp=0x00007f086e6f40a0
Event: 6.554 Thread 0x00007f086804b800 DEOPT UNPACKING pc=0x00007f08585e84c4 sp=0x00007f086e6f3dd0 mode 0
Event: 6.554 Thread 0x00007f086804b800 DEOPT PACKING pc=0x00007f08588085d6 sp=0x00007f086e6f40a0
Event: 6.554 Thread 0x00007f086804b800 DEOPT UNPACKING pc=0x00007f08585e84c4 sp=0x00007f086e6f3dd0 mode 0
Event: 6.555 Thread 0x00007f086804b800 DEOPT PACKING pc=0x00007f08588085d6 sp=0x00007f086e6f40a0
Event: 6.555 Thread 0x00007f086804b800 DEOPT UNPACKING pc=0x00007f08585e84c4 sp=0x00007f086e6f3dd0 mode 0
Event: 6.556 Thread 0x00007f086804b800 DEOPT PACKING pc=0x00007f08588085d6 sp=0x00007f086e6f40a0
Event: 6.556 Thread 0x00007f086804b800 DEOPT UNPACKING pc=0x00007f08585e84c4 sp=0x00007f086e6f3dd0 mode 0
Event: 6.557 Thread 0x00007f086804b800 DEOPT PACKING pc=0x00007f08588085d6 sp=0x00007f086e6f40a0
Event: 6.557 Thread 0x00007f086804b800 DEOPT UNPACKING pc=0x00007f08585e84c4 sp=0x00007f086e6f3dd0 mode 0
Event: 6.558 Thread 0x00007f086804b800 DEOPT PACKING pc=0x00007f08588085d6 sp=0x00007f086e6f40a0
Event: 6.558 Thread 0x00007f086804b800 DEOPT UNPACKING pc=0x00007f08585e84c4 sp=0x00007f086e6f3dd0 mode 0
Event: 6.558 Thread 0x00007f086804b800 DEOPT PACKING pc=0x00007f08588085d6 sp=0x00007f086e6f40a0
Event: 6.558 Thread 0x00007f086804b800 DEOPT UNPACKING pc=0x00007f08585e84c4 sp=0x00007f086e6f3dd0 mode 0
Event: 6.559 Thread 0x00007f086804b800 DEOPT PACKING pc=0x00007f08588085d6 sp=0x00007f086e6f40a0
Event: 6.559 Thread 0x00007f086804b800 DEOPT UNPACKING pc=0x00007f08585e84c4 sp=0x00007f086e6f3dd0 mode 0
Event: 6.560 Thread 0x00007f086804b800 DEOPT PACKING pc=0x00007f08588085d6 sp=0x00007f086e6f40a0
Event: 6.560 Thread 0x00007f086804b800 DEOPT UNPACKING pc=0x00007f08585e84c4 sp=0x00007f086e6f3dd0 mode 0
Event: 6.561 Thread 0x00007f086804b800 DEOPT PACKING pc=0x00007f08588085d6 sp=0x00007f086e6f40a0
Event: 6.561 Thread 0x00007f086804b800 DEOPT UNPACKING pc=0x00007f08585e84c4 sp=0x00007f086e6f3dd0 mode 0
Event: 6.561 Thread 0x00007f086804b800 DEOPT PACKING pc=0x00007f08588085d6 sp=0x00007f086e6f40a0
Event: 6.561 Thread 0x00007f086804b800 DEOPT UNPACKING pc=0x00007f08585e84c4 sp=0x00007f086e6f3dd0 mode 0
Event: 6.562 Thread 0x00007f086804b800 DEOPT PACKING pc=0x00007f08588085d6 sp=0x00007f086e6f40a0
Event: 6.562 Thread 0x00007f086804b800 DEOPT UNPACKING pc=0x00007f08585e84c4 sp=0x00007f086e6f3dd0 mode 0
Event: 6.563 Thread 0x00007f086804b800 DEOPT PACKING pc=0x00007f08588085d6 sp=0x00007f086e6f40a0
Event: 6.563 Thread 0x00007f086804b800 DEOPT UNPACKING pc=0x00007f08585e84c4 sp=0x00007f086e6f3dd0 mode 0
Event: 6.564 Thread 0x00007f086804b800 DEOPT PACKING pc=0x00007f08588085d6 sp=0x00007f086e6f40a0
Event: 6.564 Thread 0x00007f086804b800 DEOPT UNPACKING pc=0x00007f08585e84c4 sp=0x00007f086e6f3dd0 mode 0
Event: 6.565 Thread 0x00007f086804b800 DEOPT PACKING pc=0x00007f08588085d6 sp=0x00007f086e6f40a0
Event: 6.565 Thread 0x00007f086804b800 DEOPT UNPACKING pc=0x00007f08585e84c4 sp=0x00007f086e6f3dd0 mode 0
Event: 6.565 Thread 0x00007f086804b800 DEOPT PACKING pc=0x00007f08588085d6 sp=0x00007f086e6f40a0
Event: 6.565 Thread 0x00007f086804b800 DEOPT UNPACKING pc=0x00007f08585e84c4 sp=0x00007f086e6f3dd0 mode 0
Event: 6.566 Thread 0x00007f086804b800 DEOPT PACKING pc=0x00007f08588085d6 sp=0x00007f086e6f40a0
Event: 6.566 Thread 0x00007f086804b800 DEOPT UNPACKING pc=0x00007f08585e84c4 sp=0x00007f086e6f3dd0 mode 0
Event: 6.567 Thread 0x00007f086804b800 DEOPT PACKING pc=0x00007f08588085d6 sp=0x00007f086e6f40a0
Event: 6.567 Thread 0x00007f086804b800 DEOPT UNPACKING pc=0x00007f08585e84c4 sp=0x00007f086e6f3dd0 mode 0
Event: 6.568 Thread 0x00007f086804b800 DEOPT PACKING pc=0x00007f08588085d6 sp=0x00007f086e6f40a0
Event: 6.568 Thread 0x00007f086804b800 DEOPT UNPACKING pc=0x00007f08585e84c4 sp=0x00007f086e6f3dd0 mode 0
Event: 6.569 Thread 0x00007f086804b800 DEOPT PACKING pc=0x00007f08588085d6 sp=0x00007f086e6f40a0
Event: 6.569 Thread 0x00007f086804b800 DEOPT UNPACKING pc=0x00007f08585e84c4 sp=0x00007f086e6f3dd0 mode 0
Event: 6.571 Thread 0x00007f086804b800 Uncommon trap: trap_request=0xffffff65 fr.pc=0x00007f08587ed194
Event: 6.571 Thread 0x00007f086804b800 DEOPT PACKING pc=0x00007f08587ed194 sp=0x00007f086e6f4160
Event: 6.571 Thread 0x00007f086804b800 DEOPT UNPACKING pc=0x00007f08585e647a sp=0x00007f086e6f4110 mode 2
Event: 6.571 Thread 0x00007f086804b800 Uncommon trap: trap_request=0xffffff65 fr.pc=0x00007f08587035b4
Event: 6.571 Executing VM operation: RevokeBias
Event: 6.571 Executing VM operation: RevokeBias done
Event: 6.571 Thread 0x00007f086804b800 DEOPT PACKING pc=0x00007f08587035b4 sp=0x00007f086e6f3ef0
Event: 6.571 Thread 0x00007f086804b800 DEOPT UNPACKING pc=0x00007f08585e647a sp=0x00007f086e6f3eb8 mode 2
Event: 6.571 Thread 0x00007f086804b800 Uncommon trap: trap_request=0xffffff65 fr.pc=0x00007f08587ca184
Event: 6.571 Thread 0x00007f086804b800 DEOPT PACKING pc=0x00007f08587ca184 sp=0x00007f086e6f41f0
Event: 6.571 Thread 0x00007f086804b800 DEOPT UNPACKING pc=0x00007f08585e647a sp=0x00007f086e6f4190 mode 2
Event: 6.571 Thread 0x00007f086804b800 Uncommon trap: trap_request=0xffffff65 fr.pc=0x00007f0858783a50
Event: 6.571 Thread 0x00007f086804b800 DEOPT PACKING pc=0x00007f0858783a50 sp=0x00007f086e6f41c0
Event: 6.571 Thread 0x00007f086804b800 DEOPT UNPACKING pc=0x00007f08585e647a sp=0x00007f086e6f4180 mode 2
Event: 6.571 Thread 0x00007f086804b800 Uncommon trap: trap_request=0xffffff65 fr.pc=0x00007f08587866a8
Event: 6.571 Thread 0x00007f086804b800 DEOPT PACKING pc=0x00007f08587866a8 sp=0x00007f086e6f4250
Event: 6.571 Thread 0x00007f086804b800 DEOPT UNPACKING pc=0x00007f08585e647a sp=0x00007f086e6f41b8 mode 2
Event: 6.571 Thread 0x00007f086804b800 Uncommon trap: trap_request=0xffffff65 fr.pc=0x00007f0858788038
Event: 6.571 Thread 0x00007f086804b800 DEOPT PACKING pc=0x00007f0858788038 sp=0x00007f086e6f4110
Event: 6.571 Thread 0x00007f086804b800 DEOPT UNPACKING pc=0x00007f08585e647a sp=0x00007f086e6f4018 mode 2
Event: 6.571 Thread 0x00007f086804b800 Uncommon trap: trap_request=0xffffff65 fr.pc=0x00007f0858786b20
Event: 6.571 Thread 0x00007f086804b800 DEOPT PACKING pc=0x00007f0858786b20 sp=0x00007f086e6f41f0
Event: 6.571 Thread 0x00007f086804b800 DEOPT UNPACKING pc=0x00007f08585e647a sp=0x00007f086e6f41b8 mode 2
Event: 6.571 Thread 0x00007f086804b800 Uncommon trap: trap_request=0xffffff65 fr.pc=0x00007f085879a85c
Event: 6.571 Thread 0x00007f086804b800 DEOPT PACKING pc=0x00007f085879a85c sp=0x00007f086e6f40a0
Event: 6.571 Thread 0x00007f086804b800 DEOPT UNPACKING pc=0x00007f08585e647a sp=0x00007f086e6f4008 mode 2
Event: 6.571 Thread 0x00007f086804b800 Uncommon trap: trap_request=0xffffff65 fr.pc=0x00007f08587e893c
Event: 6.571 Thread 0x00007f086804b800 DEOPT PACKING pc=0x00007f08587e893c sp=0x00007f086e6f4040
Event: 6.571 Thread 0x00007f086804b800 DEOPT UNPACKING pc=0x00007f08585e647a sp=0x00007f086e6f4008 mode 2
Event: 6.574 Thread 0x00007f086804b800 Uncommon trap: trap_request=0xffffff65 fr.pc=0x00007f08587f0a90
Event: 6.574 Thread 0x00007f086804b800 DEOPT PACKING pc=0x00007f08587f0a90 sp=0x00007f086e6f4160
Event: 6.574 Thread 0x00007f086804b800 DEOPT UNPACKING pc=0x00007f08585e647a sp=0x00007f086e6f4048 mode 2
Event: 6.574 Thread 0x00007f086804b800 Uncommon trap: trap_request=0xffffff65 fr.pc=0x00007f08587f0a90
Event: 6.574 Thread 0x00007f086804b800 DEOPT PACKING pc=0x00007f08587f0a90 sp=0x00007f086e6f41f0
Event: 6.574 Thread 0x00007f086804b800 DEOPT UNPACKING pc=0x00007f08585e647a sp=0x00007f086e6f40e0 mode 2
Event: 6.585 Thread 0x00007f086804b800 DEOPT PACKING pc=0x00007f08588085d6 sp=0x00007f086e6f3fc0
Event: 6.585 Thread 0x00007f086804b800 DEOPT UNPACKING pc=0x00007f08585e84c4 sp=0x00007f086e6f3cf0 mode 0
Event: 6.673 Executing VM operation: ParallelGCFailedAllocation
Event: 6.741 Executing VM operation: ParallelGCFailedAllocation done
Event: 6.754 Executing VM operation: RevokeBias
Event: 6.755 Executing VM operation: RevokeBias done
Event: 6.761 Executing VM operation: RevokeBias
Event: 6.762 Executing VM operation: RevokeBias done
Event: 6.772 Executing VM operation: RevokeBias
Event: 6.773 Executing VM operation: RevokeBias done
Event: 6.773 Executing VM operation: RevokeBias
Event: 6.773 Executing VM operation: RevokeBias done
Event: 6.773 Executing VM operation: RevokeBias
Event: 6.773 Executing VM operation: RevokeBias done
Event: 6.773 Executing VM operation: RevokeBias
Event: 6.773 Executing VM operation: RevokeBias done
Event: 6.773 Executing VM operation: RevokeBias
Event: 6.773 Executing VM operation: RevokeBias done
Event: 6.773 Executing VM operation: RevokeBias
Event: 6.773 Executing VM operation: RevokeBias done
Event: 6.773 Executing VM operation: RevokeBias
Event: 6.773 Executing VM operation: RevokeBias done
Event: 6.773 Executing VM operation: RevokeBias
Event: 6.773 Executing VM operation: RevokeBias done
Event: 6.773 Executing VM operation: RevokeBias
Event: 6.773 Executing VM operation: RevokeBias done
Event: 6.773 Executing VM operation: RevokeBias
Event: 6.773 Executing VM operation: RevokeBias done
Event: 6.773 Executing VM operation: RevokeBias
Event: 6.773 Executing VM operation: RevokeBias done
Event: 6.773 Executing VM operation: RevokeBias
Event: 6.773 Executing VM operation: RevokeBias done
Event: 6.773 Executing VM operation: RevokeBias
Event: 6.773 Executing VM operation: RevokeBias done
Event: 6.773 Executing VM operation: RevokeBias
Event: 6.773 Executing VM operation: RevokeBias done
Event: 6.773 Executing VM operation: RevokeBias
Event: 6.773 Executing VM operation: RevokeBias done
Event: 6.773 Executing VM operation: RevokeBias
Event: 6.773 Executing VM operation: RevokeBias done
Event: 6.773 Executing VM operation: RevokeBias
Event: 6.773 Executing VM operation: RevokeBias done
Event: 6.773 Executing VM operation: RevokeBias
Event: 6.773 Executing VM operation: RevokeBias done
Event: 6.773 Executing VM operation: BulkRevokeBias
Event: 6.774 Executing VM operation: BulkRevokeBias done
Event: 6.813 Thread 0x00007f086804b800 Uncommon trap: trap_request=0xffffffc6 fr.pc=0x00007f085887b5a4
Event: 6.813 Thread 0x00007f086804b800 DEOPT PACKING pc=0x00007f085887b5a4 sp=0x00007f086e6f3f10
Event: 6.813 Thread 0x00007f086804b800 DEOPT UNPACKING pc=0x00007f08585e647a sp=0x00007f086e6f3e48 mode 2
Event: 6.813 Thread 0x00007f086804b800 Uncommon trap: trap_request=0xffffffc6 fr.pc=0x00007f085887b5a4
Event: 6.813 Thread 0x00007f086804b800 DEOPT PACKING pc=0x00007f085887b5a4 sp=0x00007f086e6f3f10
Event: 6.813 Thread 0x00007f086804b800 DEOPT UNPACKING pc=0x00007f08585e647a sp=0x00007f086e6f3e48 mode 2
Event: 6.813 Thread 0x00007f086804b800 Uncommon trap: trap_request=0xffffffc6 fr.pc=0x00007f085887b5a4
Event: 6.813 Thread 0x00007f086804b800 DEOPT PACKING pc=0x00007f085887b5a4 sp=0x00007f086e6f3f10
Event: 6.813 Thread 0x00007f086804b800 DEOPT UNPACKING pc=0x00007f08585e647a sp=0x00007f086e6f3e48 mode 2
Event: 6.813 Thread 0x00007f086804b800 Uncommon trap: trap_request=0xffffffc6 fr.pc=0x00007f085887b5a4
Event: 6.813 Thread 0x00007f086804b800 DEOPT PACKING pc=0x00007f085887b5a4 sp=0x00007f086e6f3f10
Event: 6.813 Thread 0x00007f086804b800 DEOPT UNPACKING pc=0x00007f08585e647a sp=0x00007f086e6f3e48 mode 2
Event: 6.884 Executing VM operation: ParallelGCFailedAllocation
Event: 6.959 Executing VM operation: ParallelGCFailedAllocation done
Event: 6.992 Thread 0x00007f086804b800 DEOPT PACKING pc=0x00007f085887cb70 sp=0x00007f086e6f4250
Event: 6.992 Thread 0x00007f086804b800 DEOPT UNPACKING pc=0x00007f08585e84c4 sp=0x00007f086e6f3ff8 mode 0
Event: 7.117 Thread 0x00007f086804b800 DEOPT PACKING pc=0x00007f085888d980 sp=0x00007f086e6f4250
Event: 7.117 Thread 0x00007f086804b800 DEOPT UNPACKING pc=0x00007f08585e84c4 sp=0x00007f086e6f3ff8 mode 0
Event: 7.154 Thread 0x00007f086804b800 DEOPT PACKING pc=0x00007f085888d8c6 sp=0x00007f086e6f4250
Event: 7.154 Thread 0x00007f086804b800 DEOPT UNPACKING pc=0x00007f08585e84c4 sp=0x00007f086e6f3ff8 mode 0
Event: 7.169 loading class com/gitlab/pdftk_java/com/lowagie/text/pdf/PdfReader$PageRefs
Event: 7.169 loading class com/gitlab/pdftk_java/com/lowagie/text/pdf/PdfReader$PageRefs done
Event: 7.170 Thread 0x00007f086804b800 Uncommon trap: trap_request=0xffffff65 fr.pc=0x00007f085879990c
Event: 7.170 Thread 0x00007f086804b800 DEOPT PACKING pc=0x00007f085879990c sp=0x00007f086e6f4050
Event: 7.170 Thread 0x00007f086804b800 DEOPT UNPACKING pc=0x00007f08585e647a sp=0x00007f086e6f4020 mode 2
Event: 7.170 loading class java/util/HashMap$KeySet
Event: 7.170 loading class java/util/HashMap$KeySet done
Event: 7.170 loading class java/util/HashMap$KeyIterator
Event: 7.171 loading class java/util/HashMap$KeyIterator done
Event: 7.171 Executing VM operation: Deoptimize
Event: 7.171 Executing VM operation: Deoptimize done
Event: 7.171 Thread 0x00007f086804b800 Uncommon trap: trap_request=0xffffff65 fr.pc=0x00007f085889a850
Event: 7.171 Thread 0x00007f086804b800 DEOPT PACKING pc=0x00007f085889a850 sp=0x00007f086e6f43f0
Event: 7.171 Thread 0x00007f086804b800 DEOPT UNPACKING pc=0x00007f08585e647a sp=0x00007f086e6f4398 mode 2
Event: 7.171 Thread 0x00007f086804b800 Uncommon trap: trap_request=0xffffff65 fr.pc=0x00007f08588a6fac
Event: 7.171 Thread 0x00007f086804b800 DEOPT PACKING pc=0x00007f08588a6fac sp=0x00007f086e6f4350
Event: 7.171 Thread 0x00007f086804b800 DEOPT UNPACKING pc=0x00007f08585e647a sp=0x00007f086e6f42b8 mode 2
Event: 7.171 Thread 0x00007f086804b800 Uncommon trap: trap_request=0xffffff65 fr.pc=0x00007f085886d5ac
Event: 7.171 Thread 0x00007f086804b800 DEOPT PACKING pc=0x00007f085886d5ac sp=0x00007f086e6f4310
Event: 7.171 Thread 0x00007f086804b800 DEOPT UNPACKING pc=0x00007f08585e647a sp=0x00007f086e6f4238 mode 2
Event: 7.172 Thread 0x00007f086804b800 Uncommon trap: trap_request=0xffffff65 fr.pc=0x00007f08586f81d8
Event: 7.172 Thread 0x00007f086804b800 DEOPT PACKING pc=0x00007f08586f81d8 sp=0x00007f086e6f4280
Event: 7.172 Thread 0x00007f086804b800 DEOPT UNPACKING pc=0x00007f08585e647a sp=0x00007f086e6f4228 mode 2
Event: 7.172 Thread 0x00007f086804b800 Uncommon trap: trap_request=0xffffff65 fr.pc=0x00007f08587ebd04
Event: 7.172 Thread 0x00007f086804b800 DEOPT PACKING pc=0x00007f08587ebd04 sp=0x00007f086e6f4340
Event: 7.172 Thread 0x00007f086804b800 DEOPT UNPACKING pc=0x00007f08585e647a sp=0x00007f086e6f42b8 mode 2
Event: 7.241 Thread 0x00007f086804b800 Uncommon trap: trap_request=0xffffff86 fr.pc=0x00007f08588cbb94
Event: 7.241 Thread 0x00007f086804b800 DEOPT PACKING pc=0x00007f08588cbb94 sp=0x00007f086e6f41c0
Event: 7.241 Thread 0x00007f086804b800 DEOPT UNPACKING pc=0x00007f08585e647a sp=0x00007f086e6f4190 mode 2
Event: 7.252 Thread 0x00007f086804b800 Uncommon trap: trap_request=0xffffffd6 fr.pc=0x00007f08588d9128
Event: 7.252 Thread 0x00007f086804b800 DEOPT PACKING pc=0x00007f08588d9128 sp=0x00007f086e6f41c0
Event: 7.252 Thread 0x00007f086804b800 DEOPT UNPACKING pc=0x00007f08585e647a sp=0x00007f086e6f4178 mode 2
Event: 7.252 Thread 0x00007f086804b800 Uncommon trap: trap_request=0xffffffd6 fr.pc=0x00007f08588d9128
Event: 7.252 Thread 0x00007f086804b800 DEOPT PACKING pc=0x00007f08588d9128 sp=0x00007f086e6f41c0
Event: 7.252 Thread 0x00007f086804b800 DEOPT UNPACKING pc=0x00007f08585e647a sp=0x00007f086e6f4178 mode 2
Event: 7.252 Thread 0x00007f086804b800 Uncommon trap: trap_request=0xffffffd6 fr.pc=0x00007f08588d9128
Event: 7.252 Thread 0x00007f086804b800 DEOPT PACKING pc=0x00007f08588d9128 sp=0x00007f086e6f41c0
Event: 7.252 Thread 0x00007f086804b800 DEOPT UNPACKING pc=0x00007f08585e647a sp=0x00007f086e6f4178 mode 2
Event: 7.252 Thread 0x00007f086804b800 Uncommon trap: trap_request=0xffffffd6 fr.pc=0x00007f08588d9128
Event: 7.252 Thread 0x00007f086804b800 DEOPT PACKING pc=0x00007f08588d9128 sp=0x00007f086e6f41c0
Event: 7.252 Thread 0x00007f086804b800 DEOPT UNPACKING pc=0x00007f08585e647a sp=0x00007f086e6f4178 mode 2
Event: 7.322 Thread 0x00007f086804b800 DEOPT PACKING pc=0x00007f08588d3319 sp=0x00007f086e6f4220
Event: 7.322 Thread 0x00007f086804b800 DEOPT UNPACKING pc=0x00007f08585e84c4 sp=0x00007f086e6f4108 mode 0
Event: 7.322 Thread 0x00007f086804b800 Uncommon trap: trap_request=0xffffffe4 fr.pc=0x00007f08588eeb48
Event: 7.322 Thread 0x00007f086804b800 DEOPT PACKING pc=0x00007f08588eeb48 sp=0x00007f086e6f4370
Event: 7.322 Thread 0x00007f086804b800 DEOPT UNPACKING pc=0x00007f08585e647a sp=0x00007f086e6f4388 mode 2
Event: 7.492 Thread 0x00007f086804b800 Uncommon trap: trap_request=0xffffff65 fr.pc=0x00007f08588f5658
Event: 7.492 Thread 0x00007f086804b800 DEOPT PACKING pc=0x00007f08588f5658 sp=0x00007f086e6f4370
Event: 7.492 Thread 0x00007f086804b800 DEOPT UNPACKING pc=0x00007f08585e647a sp=0x00007f086e6f4390 mode 2
Event: 7.494 loading class java/io/RandomAccessFile$1
Event: 7.494 loading class java/io/RandomAccessFile$1 done
Event: 7.494 loading class com/gitlab/pdftk_java/com/lowagie/text/pdf/PdfNameTree
Event: 7.494 loading class com/gitlab/pdftk_java/com/lowagie/text/pdf/PdfNameTree done
Event: 7.494 loading class com/gitlab/pdftk_java/com/lowagie/text/StringCompare
Event: 7.494 loading class com/gitlab/pdftk_java/com/lowagie/text/StringCompare done
Event: 7.495 loading class java/lang/StrictMath
Event: 7.495 loading class java/lang/StrictMath done
Event: 7.525 Thread 0x00007f086804b800 Uncommon trap: trap_request=0xffffff65 fr.pc=0x00007f08588ca8f4
Event: 7.525 Thread 0x00007f086804b800 DEOPT PACKING pc=0x00007f08588ca8f4 sp=0x00007f086e6f4360
Event: 7.525 Thread 0x00007f086804b800 DEOPT UNPACKING pc=0x00007f08585e647a sp=0x00007f086e6f4318 mode 2
Event: 7.630 Thread 0x00007f086804b800 DEOPT PACKING pc=0x00007f08588e01ef sp=0x00007f086e6f4390
Event: 7.630 Thread 0x00007f086804b800 DEOPT UNPACKING pc=0x00007f08585e84c4 sp=0x00007f086e6f4248 mode 0
Event: 7.630 Thread 0x00007f086804b800 Uncommon trap: trap_request=0xffffff65 fr.pc=0x00007f08588eaf68
Event: 7.630 Thread 0x00007f086804b800 DEOPT PACKING pc=0x00007f08588eaf68 sp=0x00007f086e6f44a0
Event: 7.630 Thread 0x00007f086804b800 DEOPT UNPACKING pc=0x00007f08585e647a sp=0x00007f086e6f4408 mode 2
Event: 7.722 Executing VM operation: ParallelGCFailedAllocation


Dynamic libraries:
6cc000000-6d6300000 rw-p 00000000 00:00 0 
6d6300000-76eb00000 ---p 00000000 00:00 0 
76eb00000-77f300000 rw-p 00000000 00:00 0 
794d00000-7c0000000 ---p 00000000 00:00 0 
7c0000000-7c0080000 rw-p 00000000 00:00 0 
7c0080000-800000000 ---p 00000000 00:00 0 
5594c46c7000-5594c46c8000 r-xp 00000000 fd:01 3547731                    /usr/lib/jvm/java-1.8.0-openjdk-1.8.0.392.b08-2.el7_9.x86_64/jre/bin/java
5594c48c7000-5594c48c8000 r--p 00000000 fd:01 3547731                    /usr/lib/jvm/java-1.8.0-openjdk-1.8.0.392.b08-2.el7_9.x86_64/jre/bin/java
5594c48c8000-5594c48c9000 rw-p 00001000 fd:01 3547731                    /usr/lib/jvm/java-1.8.0-openjdk-1.8.0.392.b08-2.el7_9.x86_64/jre/bin/java
5594c583b000-5594c585c000 rw-p 00000000 00:00 0                          [heap]
7f0824000000-7f0824021000 rw-p 00000000 00:00 0 
7f0824021000-7f0828000000 ---p 00000000 00:00 0 
7f0828000000-7f0828021000 rw-p 00000000 00:00 0 
7f0828021000-7f082c000000 ---p 00000000 00:00 0 
7f082c000000-7f082c876000 rw-p 00000000 00:00 0 
7f082c876000-7f0830000000 ---p 00000000 00:00 0 
7f0830000000-7f0830569000 rw-p 00000000 00:00 0 
7f0830569000-7f0834000000 ---p 00000000 00:00 0 
7f0834000000-7f0834021000 rw-p 00000000 00:00 0 
7f0834021000-7f0838000000 ---p 00000000 00:00 0 
7f0838000000-7f0838021000 rw-p 00000000 00:00 0 
7f0838021000-7f083c000000 ---p 00000000 00:00 0 
7f083c000000-7f083c021000 rw-p 00000000 00:00 0 
7f083c021000-7f0840000000 ---p 00000000 00:00 0 
7f0840600000-7f0848000000 rw-p 00000000 00:00 0 
7f0848000000-7f0848021000 rw-p 00000000 00:00 0 
7f0848021000-7f084c000000 ---p 00000000 00:00 0 
7f084c000000-7f084c2c4000 rw-p 00000000 00:00 0 
7f084c2c4000-7f0850000000 ---p 00000000 00:00 0 
7f0850000000-7f0850021000 rw-p 00000000 00:00 0 
7f0850021000-7f0854000000 ---p 00000000 00:00 0 
7f0854a7a000-7f0854a8b000 r--s 00211000 fd:01 3547822                    /usr/lib/jvm/java-1.8.0-openjdk-1.8.0.392.b08-2.el7_9.x86_64/jre/lib/jsse.jar
7f0854a8b000-7f0854abc000 rw-p 00000000 00:00 0 
7f0854abc000-7f0854ad4000 r-xp 00000000 fd:01 3547768                    /usr/lib/jvm/java-1.8.0-openjdk-1.8.0.392.b08-2.el7_9.x86_64/jre/lib/amd64/libnet.so
7f0854ad4000-7f0854cd3000 ---p 00018000 fd:01 3547768                    /usr/lib/jvm/java-1.8.0-openjdk-1.8.0.392.b08-2.el7_9.x86_64/jre/lib/amd64/libnet.so
7f0854cd3000-7f0854cd4000 r--p 00017000 fd:01 3547768                    /usr/lib/jvm/java-1.8.0-openjdk-1.8.0.392.b08-2.el7_9.x86_64/jre/lib/amd64/libnet.so
7f0854cd4000-7f0854cd5000 rw-p 00018000 fd:01 3547768                    /usr/lib/jvm/java-1.8.0-openjdk-1.8.0.392.b08-2.el7_9.x86_64/jre/lib/amd64/libnet.so
7f0854cd5000-7f0854ce7000 r-xp 00000000 fd:01 3547769                    /usr/lib/jvm/java-1.8.0-openjdk-1.8.0.392.b08-2.el7_9.x86_64/jre/lib/amd64/libnio.so
7f0854ce7000-7f0854ee6000 ---p 00012000 fd:01 3547769                    /usr/lib/jvm/java-1.8.0-openjdk-1.8.0.392.b08-2.el7_9.x86_64/jre/lib/amd64/libnio.so
7f0854ee6000-7f0854ee7000 r--p 00011000 fd:01 3547769                    /usr/lib/jvm/java-1.8.0-openjdk-1.8.0.392.b08-2.el7_9.x86_64/jre/lib/amd64/libnio.so
7f0854ee7000-7f0854ee8000 rw-p 00012000 fd:01 3547769                    /usr/lib/jvm/java-1.8.0-openjdk-1.8.0.392.b08-2.el7_9.x86_64/jre/lib/amd64/libnio.so
7f0854ee8000-7f0854ef1000 r--s 000ed000 fd:01 3549795                    /usr/share/java/pdftk.jar
7f0854ef1000-7f0854f44000 r--s 003fd000 fd:01 3549785                    /usr/share/java/bcprov.jar
7f0854f44000-7f0854f45000 ---p 00000000 00:00 0 
7f0854f45000-7f0855045000 rw-p 00000000 00:00 0 
7f0855045000-7f0855048000 ---p 00000000 00:00 0 
7f0855048000-7f0855146000 rw-p 00000000 00:00 0 
7f0855146000-7f085514a000 ---p 00000000 00:00 0 
7f085514a000-7f0855247000 rw-p 00000000 00:00 0 
7f0855247000-7f085524b000 ---p 00000000 00:00 0 
7f085524b000-7f0855348000 rw-p 00000000 00:00 0 
7f0855348000-7f085534b000 ---p 00000000 00:00 0 
7f085534b000-7f0855449000 rw-p 00000000 00:00 0 
7f0855449000-7f085544c000 ---p 00000000 00:00 0 
7f085544c000-7f085554a000 rw-p 00000000 00:00 0 
7f085554a000-7f085554d000 ---p 00000000 00:00 0 
7f085554d000-7f085564b000 rw-p 00000000 00:00 0 
7f085564b000-7f085564c000 ---p 00000000 00:00 0 
7f085564c000-7f08560e5000 rw-p 00000000 00:00 0 
7f08560e5000-7f08562b7000 r--s 044c8000 fd:01 3547836                    /usr/lib/jvm/java-1.8.0-openjdk-1.8.0.392.b08-2.el7_9.x86_64/jre/lib/rt.jar
7f08562b7000-7f0856848000 rw-p 00000000 00:00 0 
7f0856848000-7f0856b88000 ---p 00000000 00:00 0 
7f0856b88000-7f0857328000 rw-p 00000000 00:00 0 
7f0857328000-7f0857329000 ---p 00000000 00:00 0 
7f0857329000-7f0857429000 rw-p 00000000 00:00 0 
7f0857429000-7f085742a000 ---p 00000000 00:00 0 
7f085742a000-7f085757c000 rw-p 00000000 00:00 0 
7f085757c000-7f0857a40000 ---p 00000000 00:00 0 
7f0857a40000-7f0857a92000 rw-p 00000000 00:00 0 
7f0857a92000-7f0857f55000 ---p 00000000 00:00 0 
7f0857f55000-7f0857fda000 rw-p 00000000 00:00 0 
7f0857fda000-7f08581e0000 ---p 00000000 00:00 0 
7f08581e0000-7f08581ef000 rw-p 00000000 00:00 0 
7f08581ef000-7f08585a1000 ---p 00000000 00:00 0 
7f08585a1000-7f0858921000 rwxp 00000000 00:00 0 
7f0858921000-7f08675a1000 ---p 00000000 00:00 0 
7f08675a1000-7f08675a9000 r-xp 00000000 fd:01 3547776                    /usr/lib/jvm/java-1.8.0-openjdk-1.8.0.392.b08-2.el7_9.x86_64/jre/lib/amd64/libzip.so
7f08675a9000-7f08677a8000 ---p 00008000 fd:01 3547776                    /usr/lib/jvm/java-1.8.0-openjdk-1.8.0.392.b08-2.el7_9.x86_64/jre/lib/amd64/libzip.so
7f08677a8000-7f08677a9000 r--p 00007000 fd:01 3547776                    /usr/lib/jvm/java-1.8.0-openjdk-1.8.0.392.b08-2.el7_9.x86_64/jre/lib/amd64/libzip.so
7f08677a9000-7f08677aa000 rw-p 00008000 fd:01 3547776                    /usr/lib/jvm/java-1.8.0-openjdk-1.8.0.392.b08-2.el7_9.x86_64/jre/lib/amd64/libzip.so
7f08677aa000-7f08677b6000 r-xp 00000000 fd:01 1070102                    /usr/lib64/libnss_files-2.17.so
7f08677b6000-7f08679b5000 ---p 0000c000 fd:01 1070102                    /usr/lib64/libnss_files-2.17.so
7f08679b5000-7f08679b6000 r--p 0000b000 fd:01 1070102                    /usr/lib64/libnss_files-2.17.so
7f08679b6000-7f08679b7000 rw-p 0000c000 fd:01 1070102                    /usr/lib64/libnss_files-2.17.so
7f08679b7000-7f08679bd000 rw-p 00000000 00:00 0 
7f08679bd000-7f08679e7000 r-xp 00000000 fd:01 3547758                    /usr/lib/jvm/java-1.8.0-openjdk-1.8.0.392.b08-2.el7_9.x86_64/jre/lib/amd64/libjava.so
7f08679e7000-7f0867be6000 ---p 0002a000 fd:01 3547758                    /usr/lib/jvm/java-1.8.0-openjdk-1.8.0.392.b08-2.el7_9.x86_64/jre/lib/amd64/libjava.so
7f0867be6000-7f0867be7000 r--p 00029000 fd:01 3547758                    /usr/lib/jvm/java-1.8.0-openjdk-1.8.0.392.b08-2.el7_9.x86_64/jre/lib/amd64/libjava.so
7f0867be7000-7f0867be9000 rw-p 0002a000 fd:01 3547758                    /usr/lib/jvm/java-1.8.0-openjdk-1.8.0.392.b08-2.el7_9.x86_64/jre/lib/amd64/libjava.so
7f0867be9000-7f0867bf6000 r-xp 00000000 fd:01 3547775                    /usr/lib/jvm/java-1.8.0-openjdk-1.8.0.392.b08-2.el7_9.x86_64/jre/lib/amd64/libverify.so
7f0867bf6000-7f0867df5000 ---p 0000d000 fd:01 3547775                    /usr/lib/jvm/java-1.8.0-openjdk-1.8.0.392.b08-2.el7_9.x86_64/jre/lib/amd64/libverify.so
7f0867df5000-7f0867df7000 r--p 0000c000 fd:01 3547775                    /usr/lib/jvm/java-1.8.0-openjdk-1.8.0.392.b08-2.el7_9.x86_64/jre/lib/amd64/libverify.so
7f0867df7000-7f0867df8000 rw-p 0000e000 fd:01 3547775                    /usr/lib/jvm/java-1.8.0-openjdk-1.8.0.392.b08-2.el7_9.x86_64/jre/lib/amd64/libverify.so
7f0867df8000-7f0867dff000 r-xp 00000000 fd:01 1070110                    /usr/lib64/librt-2.17.so
7f0867dff000-7f0867ffe000 ---p 00007000 fd:01 1070110                    /usr/lib64/librt-2.17.so
7f0867ffe000-7f0867fff000 r--p 00006000 fd:01 1070110                    /usr/lib64/librt-2.17.so
7f0867fff000-7f0868000000 rw-p 00007000 fd:01 1070110                    /usr/lib64/librt-2.17.so
7f0868000000-7f08684af000 rw-p 00000000 00:00 0 
7f08684af000-7f086c000000 ---p 00000000 00:00 0 
7f086c004000-7f086c019000 r-xp 00000000 fd:01 1058473                    /usr/lib64/libgcc_s-4.8.5-20150702.so.1
7f086c019000-7f086c218000 ---p 00015000 fd:01 1058473                    /usr/lib64/libgcc_s-4.8.5-20150702.so.1
7f086c218000-7f086c219000 r--p 00014000 fd:01 1058473                    /usr/lib64/libgcc_s-4.8.5-20150702.so.1
7f086c219000-7f086c21a000 rw-p 00015000 fd:01 1058473                    /usr/lib64/libgcc_s-4.8.5-20150702.so.1
7f086c21a000-7f086c31b000 r-xp 00000000 fd:01 1050419                    /usr/lib64/libm-2.17.so
7f086c31b000-7f086c51a000 ---p 00101000 fd:01 1050419                    /usr/lib64/libm-2.17.so
7f086c51a000-7f086c51b000 r--p 00100000 fd:01 1050419                    /usr/lib64/libm-2.17.so
7f086c51b000-7f086c51c000 rw-p 00101000 fd:01 1050419                    /usr/lib64/libm-2.17.so
7f086c51c000-7f086c605000 r-xp 00000000 fd:01 1066701                    /usr/lib64/libstdc++.so.6.0.19
7f086c605000-7f086c805000 ---p 000e9000 fd:01 1066701                    /usr/lib64/libstdc++.so.6.0.19
7f086c805000-7f086c80d000 r--p 000e9000 fd:01 1066701                    /usr/lib64/libstdc++.so.6.0.19
7f086c80d000-7f086c80f000 rw-p 000f1000 fd:01 1066701                    /usr/lib64/libstdc++.so.6.0.19
7f086c80f000-7f086c824000 rw-p 00000000 00:00 0 
7f086c824000-7f086d5c7000 r-xp 00000000 fd:01 3547780                    /usr/lib/jvm/java-1.8.0-openjdk-1.8.0.392.b08-2.el7_9.x86_64/jre/lib/amd64/server/libjvm.so
7f086d5c7000-7f086d7c7000 ---p 00da3000 fd:01 3547780                    /usr/lib/jvm/java-1.8.0-openjdk-1.8.0.392.b08-2.el7_9.x86_64/jre/lib/amd64/server/libjvm.so
7f086d7c7000-7f086d875000 r--p 00da3000 fd:01 3547780                    /usr/lib/jvm/java-1.8.0-openjdk-1.8.0.392.b08-2.el7_9.x86_64/jre/lib/amd64/server/libjvm.so
7f086d875000-7f086d8a0000 rw-p 00e51000 fd:01 3547780                    /usr/lib/jvm/java-1.8.0-openjdk-1.8.0.392.b08-2.el7_9.x86_64/jre/lib/amd64/server/libjvm.so
7f086d8a0000-7f086d8d6000 rw-p 00000000 00:00 0 
7f086d8d6000-7f086da9a000 r-xp 00000000 fd:01 1049986                    /usr/lib64/libc-2.17.so
7f086da9a000-7f086dc99000 ---p 001c4000 fd:01 1049986                    /usr/lib64/libc-2.17.so
7f086dc99000-7f086dc9d000 r--p 001c3000 fd:01 1049986                    /usr/lib64/libc-2.17.so
7f086dc9d000-7f086dc9f000 rw-p 001c7000 fd:01 1049986                    /usr/lib64/libc-2.17.so
7f086dc9f000-7f086dca4000 rw-p 00000000 00:00 0 
7f086dca4000-7f086dca6000 r-xp 00000000 fd:01 1050417                    /usr/lib64/libdl-2.17.so
7f086dca6000-7f086dea6000 ---p 00002000 fd:01 1050417                    /usr/lib64/libdl-2.17.so
7f086dea6000-7f086dea7000 r--p 00002000 fd:01 1050417                    /usr/lib64/libdl-2.17.so
7f086dea7000-7f086dea8000 rw-p 00003000 fd:01 1050417                    /usr/lib64/libdl-2.17.so
7f086dea8000-7f086deb6000 r-xp 00000000 fd:01 3547745                    /usr/lib/jvm/java-1.8.0-openjdk-1.8.0.392.b08-2.el7_9.x86_64/jre/lib/amd64/jli/libjli.so
7f086deb6000-7f086e0b5000 ---p 0000e000 fd:01 3547745                    /usr/lib/jvm/java-1.8.0-openjdk-1.8.0.392.b08-2.el7_9.x86_64/jre/lib/amd64/jli/libjli.so
7f086e0b5000-7f086e0b6000 r--p 0000d000 fd:01 3547745                    /usr/lib/jvm/java-1.8.0-openjdk-1.8.0.392.b08-2.el7_9.x86_64/jre/lib/amd64/jli/libjli.so
7f086e0b6000-7f086e0b7000 rw-p 0000e000 fd:01 3547745                    /usr/lib/jvm/java-1.8.0-openjdk-1.8.0.392.b08-2.el7_9.x86_64/jre/lib/amd64/jli/libjli.so
7f086e0b7000-7f086e0cc000 r-xp 00000000 fd:01 1070125                    /usr/lib64/libz.so.1.2.7
7f086e0cc000-7f086e2cb000 ---p 00015000 fd:01 1070125                    /usr/lib64/libz.so.1.2.7
7f086e2cb000-7f086e2cc000 r--p 00014000 fd:01 1070125                    /usr/lib64/libz.so.1.2.7
7f086e2cc000-7f086e2cd000 rw-p 00015000 fd:01 1070125                    /usr/lib64/libz.so.1.2.7
7f086e2cd000-7f086e2e4000 r-xp 00000000 fd:01 1050012                    /usr/lib64/libpthread-2.17.so
7f086e2e4000-7f086e4e3000 ---p 00017000 fd:01 1050012                    /usr/lib64/libpthread-2.17.so
7f086e4e3000-7f086e4e4000 r--p 00016000 fd:01 1050012                    /usr/lib64/libpthread-2.17.so
7f086e4e4000-7f086e4e5000 rw-p 00017000 fd:01 1050012                    /usr/lib64/libpthread-2.17.so
7f086e4e5000-7f086e4e9000 rw-p 00000000 00:00 0 
7f086e4e9000-7f086e50b000 r-xp 00000000 fd:01 1050409                    /usr/lib64/ld-2.17.so
7f086e513000-7f086e518000 r--s 00048000 fd:01 3549788                    /usr/share/java/apache-commons-lang3.jar
7f086e518000-7f086e51e000 r--s 000f6000 fd:01 3547819                    /usr/lib/jvm/java-1.8.0-openjdk-1.8.0.392.b08-2.el7_9.x86_64/jre/lib/jfr.jar
7f086e51e000-7f086e5f5000 rw-p 00000000 00:00 0 
7f086e5f5000-7f086e5f9000 ---p 00000000 00:00 0 
7f086e5f9000-7f086e6fb000 rw-p 00000000 00:00 0 
7f086e6fe000-7f086e6ff000 rw-p 00000000 00:00 0 
7f086e6ff000-7f086e707000 rw-s 00000000 fd:01 2626728                    /tmp/hsperfdata_www/9571
7f086e707000-7f086e708000 rw-p 00000000 00:00 0 
7f086e708000-7f086e709000 ---p 00000000 00:00 0 
7f086e709000-7f086e70a000 rw-p 00000000 00:00 0 
7f086e70a000-7f086e70b000 r--p 00021000 fd:01 1050409                    /usr/lib64/ld-2.17.so
7f086e70b000-7f086e70c000 rw-p 00022000 fd:01 1050409                    /usr/lib64/ld-2.17.so
7f086e70c000-7f086e70d000 rw-p 00000000 00:00 0 
7ffd0cf6d000-7ffd0cf8e000 rw-p 00000000 00:00 0                          [stack]
7ffd0cfbf000-7ffd0cfc1000 r-xp 00000000 00:00 0                          [vdso]
ffffffffff600000-ffffffffff601000 r-xp 00000000 00:00 0                  [vsyscall]

VM Arguments:
java_command: com.gitlab.pdftk_java.pdftk /www/wwwroot/print/public/uploads/20240327/1a60dac02d825645b38d30843a4223b5.pdf dump_data
java_class_path (initial): /usr/share/java/bcprov.jar:/usr/share/java/commons-lang3.jar:/usr/share/java/pdftk.jar
Launcher Type: SUN_STANDARD

Environment Variables:

Signal Handlers:
SIGSEGV: [libjvm.so+0xb6a6a0], sa_mask[0]=11111111011111111101111111111110, sa_flags=SA_RESTART|SA_SIGINFO
SIGBUS: [libjvm.so+0xb6a6a0], sa_mask[0]=11111111011111111101111111111110, sa_flags=SA_RESTART|SA_SIGINFO
SIGFPE: [libjvm.so+0x93fef0], sa_mask[0]=11111111011111111101111111111110, sa_flags=SA_RESTART|SA_SIGINFO
SIGPIPE: [libjvm.so+0x93fef0], sa_mask[0]=11111111011111111101111111111110, sa_flags=SA_RESTART|SA_SIGINFO
SIGXFSZ: [libjvm.so+0x93fef0], sa_mask[0]=11111111011111111101111111111110, sa_flags=SA_RESTART|SA_SIGINFO
SIGILL: [libjvm.so+0x93fef0], sa_mask[0]=11111111011111111101111111111110, sa_flags=SA_RESTART|SA_SIGINFO
SIGUSR1: SIG_DFL, sa_mask[0]=00000000000000000000000000000000, sa_flags=none
SIGUSR2: [libjvm.so+0x940060], sa_mask[0]=00000000000000000000000000000000, sa_flags=SA_RESTART|SA_SIGINFO
SIGHUP: [libjvm.so+0x93ffb0], sa_mask[0]=11111111011111111101111111111110, sa_flags=SA_RESTART|SA_SIGINFO
SIGINT: [libjvm.so+0x93ffb0], sa_mask[0]=11111111011111111101111111111110, sa_flags=SA_RESTART|SA_SIGINFO
SIGTERM: [libjvm.so+0x93ffb0], sa_mask[0]=11111111011111111101111111111110, sa_flags=SA_RESTART|SA_SIGINFO
SIGQUIT: [libjvm.so+0x93ffb0], sa_mask[0]=11111111011111111101111111111110, sa_flags=SA_RESTART|SA_SIGINFO


---------------  S Y S T E M  ---------------

OS:CentOS Linux release 7.9.2009 (Core)

uname:Linux 3.10.0-1160.105.1.el7.x86_64 #1 SMP Thu Dec 7 15:39:45 UTC 2023 x86_64
libc:glibc 2.17 NPTL 2.17 
rlimit: STACK 8192k, CORE 0k, NPROC 62381, NOFILE 4096, AS infinity
load average:0.64 0.34 0.19

/proc/meminfo:
MemTotal:       15990628 kB
MemFree:          173980 kB
MemAvailable:     189276 kB
Buffers:           12420 kB
Cached:           236040 kB
SwapCached:            0 kB
Active:         14844120 kB
Inactive:         121048 kB
Active(anon):   14717100 kB
Inactive(anon):      580 kB
Active(file):     127020 kB
Inactive(file):   120468 kB
Unevictable:           0 kB
Mlocked:               0 kB
SwapTotal:             0 kB
SwapFree:              0 kB
Dirty:               860 kB
Writeback:             0 kB
AnonPages:      14716872 kB
Mapped:            39936 kB
Shmem:               972 kB
Slab:             256464 kB
SReclaimable:      41164 kB
SUnreclaim:       215300 kB
KernelStack:       19840 kB
PageTables:       214508 kB
NFS_Unstable:          0 kB
Bounce:                0 kB
WritebackTmp:          0 kB
CommitLimit:     7995312 kB
Committed_AS:   23860320 kB
VmallocTotal:   34359738367 kB
VmallocUsed:       33464 kB
VmallocChunk:   34359699964 kB
Percpu:              424 kB
HardwareCorrupted:     0 kB
AnonHugePages:   1005568 kB
CmaTotal:              0 kB
CmaFree:               0 kB
HugePages_Total:       0
HugePages_Free:        0
HugePages_Rsvd:        0
HugePages_Surp:        0
Hugepagesize:       2048 kB
DirectMap4k:       74424 kB
DirectMap2M:     4888576 kB
DirectMap1G:    11534336 kB

container (cgroup) information:
container_type: cgroupv1
cpu_cpuset_cpus: 0-1
cpu_memory_nodes: 0
active_processor_count: 2
cpu_quota: -1
cpu_period: 100000
cpu_shares: -1
memory_limit_in_bytes: -1
memory_and_swap_limit_in_bytes: -1
memory_soft_limit_in_bytes: -1
memory_usage_in_bytes: 15324602368
memory_max_usage_in_bytes: 0


CPU:total 2 (initial active 2) (1 cores per cpu, 2 threads per core) family 6 model 85 stepping 7, cmov, cx8, fxsr, mmx, sse, sse2, sse3, ssse3, sse4.1, sse4.2, popcnt, avx, avx2, aes, clmul, erms, rtm, 3dnowpref, lzcnt, ht, tsc, tscinvbit, bmi1, bmi2, adx

/proc/cpuinfo:
processor	: 0
vendor_id	: GenuineIntel
cpu family	: 6
model		: 85
model name	: Intel(R) Xeon(R) Platinum 8269CY CPU @ 2.50GHz
stepping	: 7
microcode	: 0x1
cpu MHz		: 2500.002
cache size	: 36608 KB
physical id	: 0
siblings	: 2
core id		: 0
cpu cores	: 1
apicid		: 0
initial apicid	: 0
fpu		: yes
fpu_exception	: yes
cpuid level	: 22
wp		: yes
flags		: fpu vme de pse tsc msr pae mce cx8 apic sep mtrr pge mca cmov pat pse36 clflush mmx fxsr sse sse2 ss ht syscall nx pdpe1gb rdtscp lm constant_tsc rep_good nopl xtopology nonstop_tsc eagerfpu pni pclmulqdq monitor ssse3 fma cx16 pcid sse4_1 sse4_2 x2apic movbe popcnt aes xsave avx f16c rdrand hypervisor lahf_lm abm 3dnowprefetch invpcid_single rsb_ctxsw fsgsbase tsc_adjust bmi1 hle avx2 smep bmi2 erms invpcid rtm mpx avx512f avx512dq rdseed adx smap clflushopt clwb avx512cd avx512bw avx512vl xsaveopt xsavec xgetbv1 arat avx512_vnni
bogomips	: 5000.00
clflush size	: 64
cache_alignment	: 64
address sizes	: 46 bits physical, 48 bits virtual
power management:

processor	: 1
vendor_id	: GenuineIntel
cpu family	: 6
model		: 85
model name	: Intel(R) Xeon(R) Platinum 8269CY CPU @ 2.50GHz
stepping	: 7
microcode	: 0x1
cpu MHz		: 2500.002
cache size	: 36608 KB
physical id	: 0
siblings	: 2
core id		: 0
cpu cores	: 1
apicid		: 1
initial apicid	: 1
fpu		: yes
fpu_exception	: yes
cpuid level	: 22
wp		: yes
flags		: fpu vme de pse tsc msr pae mce cx8 apic sep mtrr pge mca cmov pat pse36 clflush mmx fxsr sse sse2 ss ht syscall nx pdpe1gb rdtscp lm constant_tsc rep_good nopl xtopology nonstop_tsc eagerfpu pni pclmulqdq monitor ssse3 fma cx16 pcid sse4_1 sse4_2 x2apic movbe popcnt aes xsave avx f16c rdrand hypervisor lahf_lm abm 3dnowprefetch invpcid_single rsb_ctxsw fsgsbase tsc_adjust bmi1 hle avx2 smep bmi2 erms invpcid rtm mpx avx512f avx512dq rdseed adx smap clflushopt clwb avx512cd avx512bw avx512vl xsaveopt xsavec xgetbv1 arat avx512_vnni
bogomips	: 5000.00
clflush size	: 64
cache_alignment	: 64
address sizes	: 46 bits physical, 48 bits virtual
power management:



Memory: 4k page, physical 15990628k(173856k free), swap 0k(0k free)

vm_info: OpenJDK 64-Bit Server VM (25.392-b08) for linux-amd64 JRE (1.8.0_392-b08), built on Nov 14 2023 16:31:55 by "mockbuild" with gcc 4.8.5 20150623 (Red Hat 4.8.5-44)

time: Wed Mar 27 01:30:19 2024
timezone: CST
elapsed time: 7.856787 seconds (0d 0h 0m 7s)

