#
# There is insufficient memory for the Java Runtime Environment to continue.
# Native memory allocation (mmap) failed to map 362807296 bytes for committing reserved memory.
# Possible reasons:
#   The system is out of physical RAM or swap space
#   The process is running with CompressedOops enabled, and the Java Heap may be blocking the growth of the native heap
# Possible solutions:
#   Reduce memory load on the system
#   Increase physical memory or swap space
#   Check if swap backing store is full
#   Decrease Java heap size (-Xmx/-Xms)
#   Decrease number of Java threads
#   Decrease Java thread stack sizes (-Xss)
#   Set larger code cache with -XX:ReservedCodeCacheSize=
#   JVM is running with Zero Based Compressed Oops mode in which the Java heap is
#     placed in the first 32GB address space. The Java Heap base address is the
#     maximum limit for the native heap growth. Please use -XX:HeapBaseMinAddress
#     to set the Java Heap base and to place the Java Heap above 32GB virtual address.
# This output file may be truncated or incomplete.
#
#  Out of Memory Error (os_linux.cpp:2791), pid=8933, tid=0x00007fac7a173700
#
# JRE version: OpenJDK Runtime Environment (8.0_392-b08) (build 1.8.0_392-b08)
# Java VM: OpenJDK 64-Bit Server VM (25.392-b08 mixed mode linux-amd64 compressed oops)
# Failed to write core dump. Core dumps have been disabled. To enable core dumping, try "ulimit -c unlimited" before starting Java again
#

---------------  T H R E A D  ---------------

Current thread (0x00007fac8c0d1800):  VMThread [stack: 0x00007fac7a074000,0x00007fac7a174000] [id=8952]

Stack: [0x00007fac7a074000,0x00007fac7a174000],  sp=0x00007fac7a172300,  free space=1016k
Native frames: (J=compiled Java code, j=interpreted, Vv=VM code, C=native code)
V  [libjvm.so+0xb69c5d]  VMError::report_and_die()+0x1cd
V  [libjvm.so+0x50d67a]  report_vm_out_of_memory(char const*, int, unsigned long, VMErrorType, char const*)+0xaa
V  [libjvm.so+0x944e08]  os::pd_commit_memory(char*, unsigned long, unsigned long, bool)+0xd8
V  [libjvm.so+0x93ecce]  os::commit_memory(char*, unsigned long, unsigned long, bool)+0x2e
V  [libjvm.so+0x9bcaab]  PSVirtualSpace::expand_by(unsigned long)+0x5b
V  [libjvm.so+0x9bd780]  PSYoungGen::resize_generation(unsigned long, unsigned long)+0xd0
V  [libjvm.so+0x9bdadb]  PSYoungGen::resize(unsigned long, unsigned long)+0x1b
V  [libjvm.so+0x9b9d27]  PSScavenge::invoke_no_policy()+0xde7
V  [libjvm.so+0x9ba4b8]  PSScavenge::invoke()+0x38
V  [libjvm.so+0x96c6d3]  ParallelScavengeHeap::failed_mem_allocate(unsigned long)+0x63
V  [libjvm.so+0xb6b8b3]  VM_ParallelGCFailedAllocation::doit()+0x93
V  [libjvm.so+0xb70ce5]  VM_Operation::evaluate()+0x55
V  [libjvm.so+0xb6ed0a]  VMThread::evaluate_operation(VM_Operation*)+0x11a
V  [libjvm.so+0xb6f179]  VMThread::loop()+0x219
V  [libjvm.so+0xb6f629]  VMThread::run()+0x89
V  [libjvm.so+0x941db2]  java_start(Thread*)+0xf2

VM_Operation (0x00007fac93127350): ParallelGCFailedAllocation, mode: safepoint, requested by thread 0x00007fac8c04b800


---------------  P R O C E S S  ---------------

Java Threads: ( => current thread )
  0x00007fac8c127000 JavaThread "Service Thread" daemon [_thread_blocked, id=8958, stack(0x00007fac79a6d000,0x00007fac79b6e000)]
  0x00007fac8c11c800 JavaThread "C1 CompilerThread1" daemon [_thread_blocked, id=8957, stack(0x00007fac79b6f000,0x00007fac79c6f000)]
  0x00007fac8c119800 JavaThread "C2 CompilerThread0" daemon [_thread_blocked, id=8956, stack(0x00007fac79c70000,0x00007fac79d70000)]
  0x00007fac8c109000 JavaThread "Signal Dispatcher" daemon [_thread_blocked, id=8955, stack(0x00007fac79d70000,0x00007fac79e71000)]
  0x00007fac8c0e0000 JavaThread "Finalizer" daemon [_thread_blocked, id=8954, stack(0x00007fac79e71000,0x00007fac79f72000)]
  0x00007fac8c0db800 JavaThread "Reference Handler" daemon [_thread_blocked, id=8953, stack(0x00007fac79f72000,0x00007fac7a073000)]
  0x00007fac8c04b800 JavaThread "main" [_thread_blocked, id=8949, stack(0x00007fac93029000,0x00007fac93129000)]

Other Threads:
=>0x00007fac8c0d1800 VMThread [stack: 0x00007fac7a074000,0x00007fac7a174000] [id=8952]
  0x00007fac8c129800 WatcherThread [stack: 0x00007fac7996d000,0x00007fac79a6d000] [id=8959]

VM state:at safepoint (normal execution)

VM Mutex/Monitor currently owned by a thread:  ([mutex/lock_event])
[0x00007fac8c048df0] Threads_lock - owner thread: 0x00007fac8c0d1800
[0x00007fac8c0492f0] Heap_lock - owner thread: 0x00007fac8c04b800

heap address: 0x00000006cc000000, size: 3904 MB, Compressed Oops mode: Zero based, Oop shift amount: 3
Narrow klass base: 0x0000000000000000, Narrow klass shift: 3
Compressed class space size: 1073741824 Address: 0x00000007c0000000

Heap:
 PSYoungGen      total 260096K, used 10223K [0x000000076eb00000, 0x000000077f300000, 0x00000007c0000000)
  eden space 249856K, 0% used [0x000000076eb00000,0x000000076eb00000,0x000000077df00000)
  from space 10240K, 99% used [0x000000077df00000,0x000000077e8fbf98,0x000000077e900000)
  to   space 10240K, 0% used [0x000000077e900000,0x000000077e900000,0x000000077f300000)
 ParOldGen       total 166912K, used 116937K [0x00000006cc000000, 0x00000006d6300000, 0x000000076eb00000)
  object space 166912K, 70% used [0x00000006cc000000,0x00000006d3232500,0x00000006d6300000)
 Metaspace       used 4673K, capacity 5272K, committed 5376K, reserved 1056768K
  class space    used 422K, capacity 456K, committed 512K, reserved 1048576K

Card table byte_map: [0x00007fac7c296000,0x00007fac7ca37000] byte_map_base: 0x00007fac78c36000

Marking Bits: (ParMarkBitMap*) 0x00007fac922eb640
 Begin Bits: [0x00007fac64600000, 0x00007fac68300000)
 End Bits:   [0x00007fac68300000, 0x00007fac6c000000)

Polling page: 0x00007fac9313b000

CodeCache: size=245760Kb used=3484Kb max_used=3503Kb free=242275Kb
 bounds [0x00007fac7cdf7000, 0x00007fac7d177000, 0x00007fac8bdf7000]
 total_blobs=923 nmethods=661 adapters=175
 compilation: enabled

Compilation events (250 events):
Event: 6.754 Thread 0x00007fac8c119800  530       4       org.bouncycastle.crypto.modes.CBCBlockCipher::processBlock (29 bytes)
Event: 6.764 Thread 0x00007fac8c119800 nmethod 530 0x00007fac7d0bc090 code [0x00007fac7d0bc220, 0x00007fac7d0bc9c8]
Event: 6.764 Thread 0x00007fac8c119800  539  s    4       java.io.ByteArrayOutputStream::write (66 bytes)
Event: 6.771 Thread 0x00007fac8c119800 nmethod 539 0x00007fac7d0d0c90 code [0x00007fac7d0d0e00, 0x00007fac7d0d1598]
Event: 6.771 Thread 0x00007fac8c119800  508       4       java.lang.Integer::parseInt (7 bytes)
Event: 6.771 Thread 0x00007fac8c11c800  541       3       com.gitlab.pdftk_java.com.lowagie.text.pdf.PdfReader::readPRObject (545 bytes)
Event: 6.774 Thread 0x00007fac8c11c800 nmethod 541 0x00007fac7d0d37d0 code [0x00007fac7d0d3d00, 0x00007fac7d0d68e8]
Event: 6.774 Thread 0x00007fac8c11c800  540       3       com.gitlab.pdftk_java.com.lowagie.text.pdf.RandomAccessFileOrArray::seek (109 bytes)
Event: 6.775 Thread 0x00007fac8c11c800 nmethod 540 0x00007fac7d0d0110 code [0x00007fac7d0d02e0, 0x00007fac7d0d0978]
Event: 6.777 Thread 0x00007fac8c119800 nmethod 508 0x00007fac7d0d8210 code [0x00007fac7d0d8380, 0x00007fac7d0d8778]
Event: 6.778 Thread 0x00007fac8c119800  500       4       sun.security.provider.DigestBase::engineUpdate (189 bytes)
Event: 6.781 Thread 0x00007fac8c119800 nmethod 500 0x00007fac7d0d8cd0 code [0x00007fac7d0d8e40, 0x00007fac7d0d91d8]
Event: 6.781 Thread 0x00007fac8c119800  543       4       com.gitlab.pdftk_java.com.lowagie.text.pdf.PdfReader::readPRObject (545 bytes)
Event: 6.782 Thread 0x00007fac8c11c800  542       3       com.gitlab.pdftk_java.com.lowagie.text.pdf.RandomAccessFileOrArray::getFilePointer (61 bytes)
Event: 6.783 Thread 0x00007fac8c11c800 nmethod 542 0x00007fac7d0be410 code [0x00007fac7d0be5a0, 0x00007fac7d0be978]
Event: 6.783 Thread 0x00007fac8c11c800  546       3       com.gitlab.pdftk_java.com.lowagie.text.pdf.IntHashtable::containsKey (59 bytes)
Event: 6.783 Thread 0x00007fac8c11c800 nmethod 546 0x00007fac7d0bde50 code [0x00007fac7d0bdfc0, 0x00007fac7d0be290]
Event: 6.783 Thread 0x00007fac8c11c800  544       1       com.gitlab.pdftk_java.com.lowagie.text.pdf.PRStream::getReader (5 bytes)
Event: 6.783 Thread 0x00007fac8c11c800 nmethod 544 0x00007fac7d0bb890 code [0x00007fac7d0bb9e0, 0x00007fac7d0bbaf0]
Event: 6.783 Thread 0x00007fac8c11c800  545       1       com.gitlab.pdftk_java.com.lowagie.text.pdf.PRStream::getLength (5 bytes)
Event: 6.783 Thread 0x00007fac8c11c800 nmethod 545 0x00007fac7d0bdb90 code [0x00007fac7d0bdce0, 0x00007fac7d0bddf0]
Event: 6.783 Thread 0x00007fac8c11c800  547       1       com.gitlab.pdftk_java.com.lowagie.text.pdf.PRStream::getObjNum (5 bytes)
Event: 6.783 Thread 0x00007fac8c11c800 nmethod 547 0x00007fac7d0bd8d0 code [0x00007fac7d0bda20, 0x00007fac7d0bdb30]
Event: 6.783 Thread 0x00007fac8c11c800  548       1       com.gitlab.pdftk_java.com.lowagie.text.pdf.PRStream::getObjGen (5 bytes)
Event: 6.783 Thread 0x00007fac8c11c800 nmethod 548 0x00007fac7d0bd590 code [0x00007fac7d0bd6e0, 0x00007fac7d0bd7f0]
Event: 6.916 Thread 0x00007fac8c11c800  553       3       java.util.zip.InflaterInputStream::<init> (79 bytes)
Event: 6.917 Thread 0x00007fac8c11c800 nmethod 553 0x00007fac7d0d2c50 code [0x00007fac7d0d2e00, 0x00007fac7d0d34f8]
Event: 6.917 Thread 0x00007fac8c11c800  554       3       java.util.zip.InflaterInputStream::close (34 bytes)
Event: 6.917 Thread 0x00007fac8c11c800 nmethod 554 0x00007fac7d0d26d0 code [0x00007fac7d0d2860, 0x00007fac7d0d2b58]
Event: 6.930 Thread 0x00007fac8c11c800  555       3       com.gitlab.pdftk_java.com.lowagie.text.pdf.PdfObject::isName (14 bytes)
Event: 6.931 Thread 0x00007fac8c11c800 nmethod 555 0x00007fac7d0d2310 code [0x00007fac7d0d2480, 0x00007fac7d0d2630]
Event: 6.937 Thread 0x00007fac8c11c800  556       3       java.util.zip.ZStreamRef::clear (6 bytes)
Event: 6.938 Thread 0x00007fac8c11c800 nmethod 556 0x00007fac7d0d1fd0 code [0x00007fac7d0d2120, 0x00007fac7d0d2290]
Event: 6.944 Thread 0x00007fac8c119800 nmethod 543 0x00007fac7d0dd850 code [0x00007fac7d0de120, 0x00007fac7d0e11a8]
Event: 6.944 Thread 0x00007fac8c119800  552       4       com.gitlab.pdftk_java.com.lowagie.text.pdf.RandomAccessFileOrArray::getFilePointer (61 bytes)
Event: 6.945 Thread 0x00007fac8c119800 nmethod 552 0x00007fac7d0d1c50 code [0x00007fac7d0d1da0, 0x00007fac7d0d1ea8]
Event: 6.945 Thread 0x00007fac8c119800  551       4       com.gitlab.pdftk_java.com.lowagie.text.pdf.RandomAccessFileOrArray::seek (109 bytes)
Event: 6.947 Thread 0x00007fac8c119800 nmethod 551 0x00007fac7d0da7d0 code [0x00007fac7d0da920, 0x00007fac7d0daa48]
Event: 6.947 Thread 0x00007fac8c119800  550       4       org.bouncycastle.crypto.paddings.PaddedBufferedBlockCipher::processBytes (199 bytes)
Event: 6.959 Thread 0x00007fac8c11c800  558   !   3       java.lang.ref.Finalizer::add (41 bytes)
Event: 6.960 Thread 0x00007fac8c11c800 nmethod 558 0x00007fac7d0da190 code [0x00007fac7d0da300, 0x00007fac7d0da6b0]
Event: 6.977 Thread 0x00007fac8c11c800  559       3       com.gitlab.pdftk_java.com.lowagie.text.pdf.PRTokeniser::<init> (48 bytes)
Event: 6.978 Thread 0x00007fac8c11c800 nmethod 559 0x00007fac7d0d9c50 code [0x00007fac7d0d9dc0, 0x00007fac7d0da088]
Event: 6.984 Thread 0x00007fac8c11c800  560   !   3       com.gitlab.pdftk_java.com.lowagie.text.pdf.PdfReader::FlateDecode (96 bytes)
Event: 6.986 Thread 0x00007fac8c11c800 nmethod 560 0x00007fac7d0e6ed0 code [0x00007fac7d0e71c0, 0x00007fac7d0e8a08]
Event: 6.986 Thread 0x00007fac8c119800 nmethod 550 0x00007fac7d0e9910 code [0x00007fac7d0e9b40, 0x00007fac7d0eb2f8]
Event: 6.986 Thread 0x00007fac8c119800  557       4       com.gitlab.pdftk_java.com.lowagie.text.pdf.IntHashtable::containsKey (59 bytes)
Event: 6.987 Thread 0x00007fac8c119800 nmethod 557 0x00007fac7d0d9890 code [0x00007fac7d0d99e0, 0x00007fac7d0d9b18]
Event: 6.987 Thread 0x00007fac8c119800  501       4       org.bouncycastle.crypto.modes.CBCBlockCipher::getBlockSize (10 bytes)
Event: 6.988 Thread 0x00007fac8c119800 nmethod 501 0x00007fac7d0d1910 code [0x00007fac7d0d1a60, 0x00007fac7d0d1af8]
Event: 6.988 Thread 0x00007fac8c119800  549       4       com.gitlab.pdftk_java.com.lowagie.text.pdf.PdfString::<init> (41 bytes)
Event: 6.988 Thread 0x00007fac8c119800 nmethod 549 0x00007fac7d090710 code [0x00007fac7d090860, 0x00007fac7d0908f8]
Event: 6.991 Thread 0x00007fac8c119800  562 % !   4       com.gitlab.pdftk_java.com.lowagie.text.pdf.PdfReader::readObjStm @ 199 (275 bytes)
Event: 6.999 Thread 0x00007fac8c119800 nmethod 562% 0x00007fac7d0db010 code [0x00007fac7d0db1e0, 0x00007fac7d0dba78]
Event: 6.999 Thread 0x00007fac8c11c800  563       3       com.gitlab.pdftk_java.com.lowagie.text.pdf.PdfReader::getStreamBytesRaw (203 bytes)
Event: 7.000 Thread 0x00007fac8c11c800 nmethod 563 0x00007fac7d0ec990 code [0x00007fac7d0ecd20, 0x00007fac7d0ee8f8]
Event: 7.000 Thread 0x00007fac8c11c800  564       3       com.gitlab.pdftk_java.com.lowagie.text.pdf.RandomAccessFileOrArray::readFully (9 bytes)
Event: 7.001 Thread 0x00007fac8c11c800 nmethod 564 0x00007fac7d0dab50 code [0x00007fac7d0dacc0, 0x00007fac7d0dae68]
Event: 7.007 Thread 0x00007fac8c11c800  565   !   3       com.gitlab.pdftk_java.com.lowagie.text.pdf.PdfReader::getPdfObject (170 bytes)
Event: 7.008 Thread 0x00007fac8c11c800 nmethod 565 0x00007fac7d0e4c50 code [0x00007fac7d0e4f20, 0x00007fac7d0e6488]
Event: 7.008 Thread 0x00007fac8c11c800  566       3       com.gitlab.pdftk_java.com.lowagie.text.pdf.PdfReader::releaseLastXrefPartial (76 bytes)
Event: 7.009 Thread 0x00007fac8c11c800 nmethod 566 0x00007fac7d0dc6d0 code [0x00007fac7d0dc8c0, 0x00007fac7d0dd378]
Event: 7.009 Thread 0x00007fac8c119800  567 % !   4       com.gitlab.pdftk_java.com.lowagie.text.pdf.PdfReader::readObjStm @ 73 (275 bytes)
Event: 7.035 Thread 0x00007fac8c119800 nmethod 567% 0x00007fac7d0f3d50 code [0x00007fac7d0f3fe0, 0x00007fac7d0f56f0]
Event: 7.037 Thread 0x00007fac8c119800  568   !   4       com.gitlab.pdftk_java.com.lowagie.text.pdf.PdfReader::readObjStm (275 bytes)
Event: 7.074 Thread 0x00007fac8c11c800  570  s    3       java.io.ByteArrayInputStream::read (101 bytes)
Event: 7.075 Thread 0x00007fac8c11c800 nmethod 570 0x00007fac7d0e40d0 code [0x00007fac7d0e4280, 0x00007fac7d0e49e8]
Event: 7.075 Thread 0x00007fac8c11c800  569   !   3       java.util.zip.Inflater::end (50 bytes)
Event: 7.075 Thread 0x00007fac8c11c800 nmethod 569 0x00007fac7d0f34d0 code [0x00007fac7d0f3660, 0x00007fac7d0f3b08]
Event: 7.108 Thread 0x00007fac8c119800 nmethod 568 0x00007fac7d0fba10 code [0x00007fac7d0fbde0, 0x00007fac7d0fed20]
Event: 7.108 Thread 0x00007fac8c11c800  571       3       java.util.zip.ZipFile::ensureOpen (37 bytes)
Event: 7.108 Thread 0x00007fac8c11c800 nmethod 571 0x00007fac7d0f2e50 code [0x00007fac7d0f2fe0, 0x00007fac7d0f3358]
Event: 7.108 Thread 0x00007fac8c11c800  572       3       java.util.zip.ZipCoder::getBytes (192 bytes)
Event: 7.110 Thread 0x00007fac8c11c800 nmethod 572 0x00007fac7d0f8190 code [0x00007fac7d0f8540, 0x00007fac7d0fa858]
Event: 7.110 Thread 0x00007fac8c11c800  580       2       java.util.HashMap$HashIterator::nextNode (100 bytes)
Event: 7.110 Thread 0x00007fac8c11c800 nmethod 580 0x00007fac7d0f7a90 code [0x00007fac7d0f7c20, 0x00007fac7d0f7f78]
Event: 7.110 Thread 0x00007fac8c11c800  576       3       com.gitlab.pdftk_java.com.lowagie.text.pdf.IntHashtable::containsKey (59 bytes)
Event: 7.110 Thread 0x00007fac8c119800  573       4       com.gitlab.pdftk_java.com.lowagie.text.pdf.PdfDictionary::get (12 bytes)
Event: 7.111 Thread 0x00007fac8c11c800 nmethod 576 0x00007fac7d0f74d0 code [0x00007fac7d0f7640, 0x00007fac7d0f7910]
Event: 7.111 Thread 0x00007fac8c11c800  578       2       java.util.HashMap$HashIterator::hasNext (13 bytes)
Event: 7.111 Thread 0x00007fac8c11c800 nmethod 578 0x00007fac7d0dc350 code [0x00007fac7d0dc4a0, 0x00007fac7d0dc610]
Event: 7.111 Thread 0x00007fac8c11c800  579       3       java.util.HashMap::get (23 bytes)
Event: 7.111 Thread 0x00007fac8c11c800 nmethod 579 0x00007fac7d0f2750 code [0x00007fac7d0f28e0, 0x00007fac7d0f2cf8]
Event: 7.111 Thread 0x00007fac8c11c800  577  s    1       java.util.Vector::size (5 bytes)
Event: 7.111 Thread 0x00007fac8c11c800 nmethod 577 0x00007fac7d0f2310 code [0x00007fac7d0f2460, 0x00007fac7d0f26d0]
Event: 7.111 Thread 0x00007fac8c11c800  575       3       com.gitlab.pdftk_java.com.lowagie.text.pdf.PdfDictionary::getDirectObject (9 bytes)
Event: 7.111 Thread 0x00007fac8c11c800 nmethod 575 0x00007fac7d0f1c10 code [0x00007fac7d0f1da0, 0x00007fac7d0f21b8]
Event: 7.111 Thread 0x00007fac8c11c800  574       1       com.gitlab.pdftk_java.com.lowagie.text.pdf.PdfIndirectReference::getNumber (5 bytes)
Event: 7.111 Thread 0x00007fac8c11c800 nmethod 574 0x00007fac7d0f1950 code [0x00007fac7d0f1aa0, 0x00007fac7d0f1bb0]
Event: 7.118 Thread 0x00007fac8c11c800  590       3       java.util.HashMap::getNode (148 bytes)
Event: 7.119 Thread 0x00007fac8c11c800 nmethod 590 0x00007fac7d0f0b10 code [0x00007fac7d0f0ce0, 0x00007fac7d0f1688]
Event: 7.119 Thread 0x00007fac8c11c800  582  s    3       java.util.Vector::addElement (38 bytes)
Event: 7.119 Thread 0x00007fac8c11c800 nmethod 582 0x00007fac7d0f0250 code [0x00007fac7d0f03e0, 0x00007fac7d0f0908]
Event: 7.119 Thread 0x00007fac8c11c800  583       2       java.util.Stack::empty (13 bytes)
Event: 7.119 Thread 0x00007fac8c11c800 nmethod 583 0x00007fac7d0efd50 code [0x00007fac7d0efec0, 0x00007fac7d0f01b0]
Event: 7.119 Thread 0x00007fac8c11c800  584       3       java.util.Vector::elementData (7 bytes)
Event: 7.120 Thread 0x00007fac8c11c800 nmethod 584 0x00007fac7d102e50 code [0x00007fac7d102fc0, 0x00007fac7d103150]
Event: 7.120 Thread 0x00007fac8c11c800  585       3       java.util.Stack::push (7 bytes)
Event: 7.120 Thread 0x00007fac8c11c800 nmethod 585 0x00007fac7d103250 code [0x00007fac7d1033c0, 0x00007fac7d1035e8]
Event: 7.120 Thread 0x00007fac8c11c800  586  s    2       java.util.Vector::elementAt (48 bytes)
Event: 7.120 Thread 0x00007fac8c11c800 nmethod 586 0x00007fac7d103690 code [0x00007fac7d103840, 0x00007fac7d103dc8]
Event: 7.120 Thread 0x00007fac8c11c800  588  s    2       java.util.Stack::peek (25 bytes)
Event: 7.120 Thread 0x00007fac8c11c800 nmethod 588 0x00007fac7d104190 code [0x00007fac7d104320, 0x00007fac7d1047f8]
Event: 7.120 Thread 0x00007fac8c11c800  587  s    2       java.util.Stack::pop (19 bytes)
Event: 7.121 Thread 0x00007fac8c11c800 nmethod 587 0x00007fac7d104950 code [0x00007fac7d104b00, 0x00007fac7d105368]
Event: 7.121 Thread 0x00007fac8c11c800  589  s    2       java.util.Vector::removeElementAt (115 bytes)
Event: 7.121 Thread 0x00007fac8c11c800 nmethod 589 0x00007fac7d105710 code [0x00007fac7d105900, 0x00007fac7d105fe8]
Event: 7.121 Thread 0x00007fac8c11c800  581       3       java.util.Vector::ensureCapacityHelper (16 bytes)
Event: 7.121 Thread 0x00007fac8c11c800 nmethod 581 0x00007fac7d106410 code [0x00007fac7d106580, 0x00007fac7d106768]
Event: 7.121 Thread 0x00007fac8c11c800  591       3       java.util.HashMap$KeyIterator::next (8 bytes)
Event: 7.121 Thread 0x00007fac8c11c800 nmethod 591 0x00007fac7d106810 code [0x00007fac7d106980, 0x00007fac7d106b88]
Event: 7.121 Thread 0x00007fac8c11c800  592       1       com.gitlab.pdftk_java.com.lowagie.text.pdf.PdfArray::getArrayList (5 bytes)
Event: 7.121 Thread 0x00007fac8c11c800 nmethod 592 0x00007fac7d0ef9d0 code [0x00007fac7d0efb20, 0x00007fac7d0efc30]
Event: 7.124 Thread 0x00007fac8c119800 nmethod 573 0x00007fac7d10a210 code [0x00007fac7d10a3e0, 0x00007fac7d10ad58]
Event: 7.124 Thread 0x00007fac8c119800  604       4       java.util.HashMap$HashIterator::nextNode (100 bytes)
Event: 7.127 Thread 0x00007fac8c119800 nmethod 604 0x00007fac7d106f50 code [0x00007fac7d1070a0, 0x00007fac7d1072b8]
Event: 7.127 Thread 0x00007fac8c119800  599       4       java.util.HashMap$HashIterator::hasNext (13 bytes)
Event: 7.127 Thread 0x00007fac8c119800 nmethod 599 0x00007fac7d0bbe10 code [0x00007fac7d0bbf60, 0x00007fac7d0bbfd8]
Event: 7.127 Thread 0x00007fac8c119800  601       4       java.util.Stack::empty (13 bytes)
Event: 7.127 Thread 0x00007fac8c11c800  605       2       java.util.AbstractCollection::toArray (147 bytes)
Event: 7.128 Thread 0x00007fac8c119800 nmethod 601 0x00007fac7d10b7d0 code [0x00007fac7d10b920, 0x00007fac7d10bb18]
Event: 7.128 Thread 0x00007fac8c119800  609  s    4       java.util.Vector::addElement (38 bytes)
Event: 7.130 Thread 0x00007fac8c119800 nmethod 609 0x00007fac7d108610 code [0x00007fac7d108780, 0x00007fac7d108b68]
Event: 7.130 Thread 0x00007fac8c119800  610       4       java.util.Stack::push (7 bytes)
Event: 7.132 Thread 0x00007fac8c119800 nmethod 610 0x00007fac7d107ed0 code [0x00007fac7d108040, 0x00007fac7d108428]
Event: 7.132 Thread 0x00007fac8c119800  611       4       com.gitlab.pdftk_java.com.lowagie.text.pdf.PdfObject::isIndirect (15 bytes)
Event: 7.133 Thread 0x00007fac8c119800 nmethod 611 0x00007fac7d106c50 code [0x00007fac7d106da0, 0x00007fac7d106e18]
Event: 7.133 Thread 0x00007fac8c119800  600  s    4       java.util.Vector::elementAt (48 bytes)
Event: 7.134 Thread 0x00007fac8c119800 nmethod 600 0x00007fac7d1079d0 code [0x00007fac7d107b20, 0x00007fac7d107d98]
Event: 7.134 Thread 0x00007fac8c119800  603  s    4       java.util.Stack::pop (19 bytes)
Event: 7.136 Thread 0x00007fac8c119800 nmethod 603 0x00007fac7d10d690 code [0x00007fac7d10d7e0, 0x00007fac7d10daf8]
Event: 7.136 Thread 0x00007fac8c119800  602  s    4       java.util.Vector::removeElementAt (115 bytes)
Event: 7.138 Thread 0x00007fac8c119800 nmethod 602 0x00007fac7d1073d0 code [0x00007fac7d107520, 0x00007fac7d1077d8]
Event: 7.138 Thread 0x00007fac8c119800  612       4       java.util.HashMap$KeyIterator::next (8 bytes)
Event: 7.139 Thread 0x00007fac8c11c800 nmethod 605 0x00007fac7d109610 code [0x00007fac7d109820, 0x00007fac7d109e78]
Event: 7.139 Thread 0x00007fac8c11c800  596       3       java.util.HashMap$KeySet::iterator (12 bytes)
Event: 7.139 Thread 0x00007fac8c11c800 nmethod 596 0x00007fac7d109150 code [0x00007fac7d1092c0, 0x00007fac7d109528]
Event: 7.139 Thread 0x00007fac8c11c800  597       3       java.util.HashMap$KeyIterator::<init> (11 bytes)
Event: 7.139 Thread 0x00007fac8c11c800 nmethod 597 0x00007fac7d108d10 code [0x00007fac7d108e80, 0x00007fac7d109028]
Event: 7.139 Thread 0x00007fac8c11c800  594       3       com.gitlab.pdftk_java.com.lowagie.text.pdf.PdfDictionary::getKeys (8 bytes)
Event: 7.139 Thread 0x00007fac8c11c800 nmethod 594 0x00007fac7d10d250 code [0x00007fac7d10d3c0, 0x00007fac7d10d5e8]
Event: 7.139 Thread 0x00007fac8c11c800  595       3       java.util.HashMap::keySet (25 bytes)
Event: 7.139 Thread 0x00007fac8c11c800 nmethod 595 0x00007fac7d10cb90 code [0x00007fac7d10cd20, 0x00007fac7d10d0b0]
Event: 7.139 Thread 0x00007fac8c11c800  606       2       java.util.HashMap$KeySet::<init> (10 bytes)
Event: 7.140 Thread 0x00007fac8c11c800 nmethod 606 0x00007fac7d10c850 code [0x00007fac7d10c9a0, 0x00007fac7d10cb10]
Event: 7.140 Thread 0x00007fac8c11c800  608       2       java.util.HashMap$KeySet::size (8 bytes)
Event: 7.140 Thread 0x00007fac8c11c800 nmethod 608 0x00007fac7d10c510 code [0x00007fac7d10c660, 0x00007fac7d10c7b0]
Event: 7.140 Thread 0x00007fac8c11c800  607       2       com.gitlab.pdftk_java.com.lowagie.text.pdf.PdfDictionary::size (8 bytes)
Event: 7.140 Thread 0x00007fac8c11c800 nmethod 607 0x00007fac7d10c1d0 code [0x00007fac7d10c320, 0x00007fac7d10c470]
Event: 7.140 Thread 0x00007fac8c11c800  598   !   3       com.gitlab.pdftk_java.com.lowagie.text.pdf.PdfReader::getPdfObject (92 bytes)
Event: 7.140 Thread 0x00007fac8c11c800 nmethod 598 0x00007fac7d10dd90 code [0x00007fac7d10df80, 0x00007fac7d10e798]
Event: 7.141 Thread 0x00007fac8c119800 nmethod 612 0x00007fac7d10bd10 code [0x00007fac7d10be60, 0x00007fac7d10c098]
Event: 7.141 Thread 0x00007fac8c119800  593       4       java.lang.Integer::<init> (10 bytes)
Event: 7.141 Thread 0x00007fac8c119800 nmethod 593 0x00007fac7d066690 code [0x00007fac7d0667e0, 0x00007fac7d066838]
Event: 7.142 Thread 0x00007fac8c119800  613       4       com.gitlab.pdftk_java.com.lowagie.text.pdf.PdfReader::getPdfObjectRelease (11 bytes)
Event: 7.145 Thread 0x00007fac8c119800 nmethod 613 0x00007fac7d10fdd0 code [0x00007fac7d10ff60, 0x00007fac7d110278]
Event: 7.145 Thread 0x00007fac8c119800  614       4       java.util.HashMap$HashIterator::<init> (79 bytes)
Event: 7.148 Thread 0x00007fac8c119800 nmethod 614 0x00007fac7d10f8d0 code [0x00007fac7d10fa20, 0x00007fac7d10fc98]
Event: 7.148 Thread 0x00007fac8c11c800  615       3       com.gitlab.pdftk_java.com.lowagie.text.pdf.PdfDictionary::size (8 bytes)
Event: 7.148 Thread 0x00007fac8c11c800 nmethod 615 0x00007fac7d10f4d0 code [0x00007fac7d10f640, 0x00007fac7d10f830]
Event: 7.148 Thread 0x00007fac8c11c800  617       3       java.util.AbstractCollection::toArray (147 bytes)
Event: 7.149 Thread 0x00007fac8c11c800 nmethod 617 0x00007fac7d111d50 code [0x00007fac7d111fc0, 0x00007fac7d1130f8]
Event: 7.149 Thread 0x00007fac8c11c800  616       1       java.util.HashMap$KeySet::size (8 bytes)
Event: 7.149 Thread 0x00007fac8c11c800 nmethod 616 0x00007fac7d10f1d0 code [0x00007fac7d10f320, 0x00007fac7d10f430]
Event: 7.151 Thread 0x00007fac8c11c800  618 %     3       com.gitlab.pdftk_java.com.lowagie.text.pdf.PdfReader::removeUnusedNode @ 14 (635 bytes)
Event: 7.155 Thread 0x00007fac8c11c800 nmethod 618% 0x00007fac7d1135d0 code [0x00007fac7d113d60, 0x00007fac7d11a508]
Event: 7.156 Thread 0x00007fac8c11c800  619       3       com.gitlab.pdftk_java.com.lowagie.text.pdf.PdfReader::removeUnusedNode (635 bytes)
Event: 7.160 Thread 0x00007fac8c11c800 nmethod 619 0x00007fac7d11e410 code [0x00007fac7d11eb80, 0x00007fac7d125148]
Event: 7.160 Thread 0x00007fac8c119800  620       4       java.util.AbstractCollection::toArray (147 bytes)
Event: 7.167 Thread 0x00007fac8c119800 nmethod 620 0x00007fac7d12aad0 code [0x00007fac7d12ac60, 0x00007fac7d12b118]
Event: 7.167 Thread 0x00007fac8c119800  622       4       java.util.HashMap::getNode (148 bytes)
Event: 7.169 Thread 0x00007fac8c119800 nmethod 622 0x00007fac7d12b750 code [0x00007fac7d12b8c0, 0x00007fac7d12bb58]
Event: 7.169 Thread 0x00007fac8c119800  623       4       java.util.AbstractCollection::toArray (147 bytes)
Event: 7.178 Thread 0x00007fac8c119800 nmethod 623 0x00007fac7d129e10 code [0x00007fac7d129fa0, 0x00007fac7d12a478]
Event: 7.178 Thread 0x00007fac8c119800  621       4       java.util.HashMap::get (23 bytes)
Event: 7.181 Thread 0x00007fac8c119800 nmethod 621 0x00007fac7d1296d0 code [0x00007fac7d129840, 0x00007fac7d129b18]
Event: 7.181 Thread 0x00007fac8c119800  626       4       java.util.AbstractCollection::toArray (147 bytes)
Event: 7.191 Thread 0x00007fac8c119800 nmethod 626 0x00007fac7d12cbd0 code [0x00007fac7d12cd60, 0x00007fac7d12d2f8]
Event: 7.191 Thread 0x00007fac8c119800  624 %     4       com.gitlab.pdftk_java.com.lowagie.text.pdf.PdfReader::removeUnusedNode @ 14 (635 bytes)
Event: 7.256 Thread 0x00007fac8c119800 nmethod 624% 0x00007fac7d134350 code [0x00007fac7d134760, 0x00007fac7d137cd0]
Event: 7.256 Thread 0x00007fac8c119800  630       4       com.gitlab.pdftk_java.com.lowagie.text.pdf.PdfReader::releaseLastXrefPartial (76 bytes)
Event: 7.256 Thread 0x00007fac8c119800 nmethod 630 0x00007fac7d10eed0 code [0x00007fac7d10f020, 0x00007fac7d10f0d8]
Event: 7.256 Thread 0x00007fac8c119800  628   !   4       com.gitlab.pdftk_java.com.lowagie.text.pdf.PdfReader::getPdfObject (170 bytes)
Event: 7.259 Thread 0x00007fac8c119800 nmethod 628 0x00007fac7d128f10 code [0x00007fac7d129080, 0x00007fac7d1292f8]
Event: 7.259 Thread 0x00007fac8c119800  625       4       java.util.HashMap::keySet (25 bytes)
Event: 7.260 Thread 0x00007fac8c119800 nmethod 625 0x00007fac7d12c890 code [0x00007fac7d12c9e0, 0x00007fac7d12caf8]
Event: 7.260 Thread 0x00007fac8c119800  632       4       com.gitlab.pdftk_java.com.lowagie.text.pdf.PdfDictionary::getKeys (8 bytes)
Event: 7.261 Thread 0x00007fac8c119800 nmethod 632 0x00007fac7d12c4d0 code [0x00007fac7d12c620, 0x00007fac7d12c778]
Event: 7.261 Thread 0x00007fac8c119800  633       4       com.gitlab.pdftk_java.com.lowagie.text.pdf.PdfDictionary::size (8 bytes)
Event: 7.261 Thread 0x00007fac8c119800 nmethod 633 0x00007fac7d12c290 code [0x00007fac7d12c3e0, 0x00007fac7d12c458]
Event: 7.261 Thread 0x00007fac8c119800  629   !   4       com.gitlab.pdftk_java.com.lowagie.text.pdf.PdfReader::getPdfObject (92 bytes)
Event: 7.263 Thread 0x00007fac8c119800 nmethod 629 0x00007fac7d12bd90 code [0x00007fac7d12bf00, 0x00007fac7d12c098]
Event: 7.263 Thread 0x00007fac8c119800  631 %     4       com.gitlab.pdftk_java.com.lowagie.text.pdf.PdfReader::removeUnusedNode @ 14 (635 bytes)
Event: 7.327 Thread 0x00007fac8c119800 nmethod 631% 0x00007fac7d13b150 code [0x00007fac7d13b580, 0x00007fac7d13ea30]
Event: 7.408 Thread 0x00007fac8c11c800  634 %     3       com.gitlab.pdftk_java.com.lowagie.text.pdf.PdfReader::removeUnusedObjects @ 86 (119 bytes)
Event: 7.409 Thread 0x00007fac8c11c800 nmethod 634% 0x00007fac7d132890 code [0x00007fac7d132b00, 0x00007fac7d1338e8]
Event: 7.410 Thread 0x00007fac8c11c800  635  s    3       java.lang.StringBuffer::append (13 bytes)
Event: 7.410 Thread 0x00007fac8c11c800 nmethod 635 0x00007fac7d1117d0 code [0x00007fac7d111940, 0x00007fac7d111c68]
Event: 7.411 Thread 0x00007fac8c119800  637   !   4       com.gitlab.pdftk_java.com.lowagie.text.pdf.PdfEncodings::convertToString (354 bytes)
Event: 7.417 Thread 0x00007fac8c11c800  647       3       java.util.HashMap::putMapEntries (154 bytes)
Event: 7.418 Thread 0x00007fac8c11c800 nmethod 647 0x00007fac7d131490 code [0x00007fac7d131700, 0x00007fac7d132448]
Event: 7.418 Thread 0x00007fac8c11c800  649       3       com.gitlab.pdftk_java.com.lowagie.text.pdf.PdfDictionary::put (34 bytes)
Event: 7.419 Thread 0x00007fac8c11c800 nmethod 649 0x00007fac7d130590 code [0x00007fac7d130780, 0x00007fac7d1310b8]
Event: 7.419 Thread 0x00007fac8c11c800  650       3       com.gitlab.pdftk_java.com.lowagie.text.pdf.PdfReader::releaseLastXrefPartial (34 bytes)
Event: 7.419 Thread 0x00007fac8c11c800 nmethod 650 0x00007fac7d110690 code [0x00007fac7d110840, 0x00007fac7d110e18]
Event: 7.419 Thread 0x00007fac8c11c800  651       2       com.gitlab.pdftk_java.com.lowagie.text.pdf.PdfArray::size (8 bytes)
Event: 7.419 Thread 0x00007fac8c11c800 nmethod 651 0x00007fac7d130250 code [0x00007fac7d1303a0, 0x00007fac7d1304f0]
Event: 7.419 Thread 0x00007fac8c11c800  652       2       com.gitlab.pdftk_java.com.lowagie.text.pdf.PdfObject::isDictionary (15 bytes)
Event: 7.419 Thread 0x00007fac8c11c800 nmethod 652 0x00007fac7d12ff10 code [0x00007fac7d130060, 0x00007fac7d1301d0]
Event: 7.419 Thread 0x00007fac8c11c800  653       2       com.gitlab.pdftk_java.com.lowagie.text.pdf.PdfArray::getPdfObject (12 bytes)
Event: 7.419 Thread 0x00007fac8c11c800 nmethod 653 0x00007fac7d12f810 code [0x00007fac7d12f9a0, 0x00007fac7d12fc58]
Event: 7.419 Thread 0x00007fac8c11c800  654       3       com.gitlab.pdftk_java.com.lowagie.text.pdf.PdfReader::replaceNamedDestination (272 bytes)
Event: 7.423 Thread 0x00007fac8c11c800 nmethod 654 0x00007fac7d141ed0 code [0x00007fac7d142580, 0x00007fac7d1471e8]
Event: 7.423 Thread 0x00007fac8c11c800  655       3       com.gitlab.pdftk_java.com.lowagie.text.pdf.PdfReader::setXrefPartialObject (23 bytes)
Event: 7.423 Thread 0x00007fac8c11c800 nmethod 655 0x00007fac7d12ec90 code [0x00007fac7d12ee40, 0x00007fac7d12f418]
Event: 7.423 Thread 0x00007fac8c11c800  639       3       com.gitlab.pdftk_java.com.lowagie.text.pdf.PdfString::getValue (66 bytes)
Event: 7.423 Thread 0x00007fac8c11c800 nmethod 639 0x00007fac7d12e550 code [0x00007fac7d12e6e0, 0x00007fac7d12eb68]
Event: 7.423 Thread 0x00007fac8c11c800  640       3       com.gitlab.pdftk_java.com.lowagie.text.pdf.PdfString::isUnicode (27 bytes)
Event: 7.423 Thread 0x00007fac8c11c800 nmethod 640 0x00007fac7d12e0d0 code [0x00007fac7d12e240, 0x00007fac7d12e490]
Event: 7.423 Thread 0x00007fac8c11c800  641       3       java.lang.Math::floor (5 bytes)
Event: 7.424 Thread 0x00007fac8c11c800 nmethod 641 0x00007fac7d12dc90 code [0x00007fac7d12de20, 0x00007fac7d12dfe8]
Event: 7.424 Thread 0x00007fac8c11c800  642       3       java.lang.StrictMath::floor (12 bytes)
Event: 7.424 Thread 0x00007fac8c11c800 nmethod 642 0x00007fac7d14a410 code [0x00007fac7d14a5a0, 0x00007fac7d14a728]
Event: 7.424 Thread 0x00007fac8c11c800  643       3       java.lang.StrictMath::floorOrCeil (128 bytes)
Event: 7.424 Thread 0x00007fac8c11c800 nmethod 643 0x00007fac7d14a7d0 code [0x00007fac7d14a960, 0x00007fac7d14adf0]
Event: 7.424 Thread 0x00007fac8c11c800  644       3       java.lang.Math::getExponent (17 bytes)
Event: 7.424 Thread 0x00007fac8c11c800 nmethod 644 0x00007fac7d14aed0 code [0x00007fac7d14b020, 0x00007fac7d14b190]
Event: 7.424 Thread 0x00007fac8c11c800  638       3       com.gitlab.pdftk_java.com.lowagie.text.pdf.PdfString::toUnicodeString (5 bytes)
Event: 7.424 Thread 0x00007fac8c11c800 nmethod 638 0x00007fac7d14b210 code [0x00007fac7d14b380, 0x00007fac7d14b508]
Event: 7.424 Thread 0x00007fac8c11c800  646       3       com.gitlab.pdftk_java.com.lowagie.text.pdf.PdfObject::isArray (14 bytes)
Event: 7.424 Thread 0x00007fac8c11c800 nmethod 646 0x00007fac7d14b590 code [0x00007fac7d14b700, 0x00007fac7d14b8b0]
Event: 7.428 Thread 0x00007fac8c119800 nmethod 637 0x00007fac7d14ce50 code [0x00007fac7d14d020, 0x00007fac7d14d8c8]
Event: 7.428 Thread 0x00007fac8c119800  645       4       java.util.HashMap$EntryIterator::next (5 bytes)
Event: 7.430 Thread 0x00007fac8c119800 nmethod 645 0x00007fac7d14f6d0 code [0x00007fac7d14f820, 0x00007fac7d14fa38]
Event: 7.431 Thread 0x00007fac8c119800  661       4       com.gitlab.pdftk_java.com.lowagie.text.pdf.PdfReader::replaceNamedDestination (272 bytes)
Event: 7.437 Thread 0x00007fac8c11c800  659       3       com.gitlab.pdftk_java.com.lowagie.text.pdf.PdfString::toString (5 bytes)
Event: 7.438 Thread 0x00007fac8c11c800 nmethod 659 0x00007fac7d14cad0 code [0x00007fac7d14cc40, 0x00007fac7d14cdc8]
Event: 7.438 Thread 0x00007fac8c11c800  660       3       com.gitlab.pdftk_java.com.lowagie.text.pdf.PdfReader$PageRefs::size (20 bytes)
Event: 7.438 Thread 0x00007fac8c11c800 nmethod 660 0x00007fac7d14c6d0 code [0x00007fac7d14c840, 0x00007fac7d14ca10]
Event: 7.444 Thread 0x00007fac8c11c800  662       3       java.util.HashMap::keySet (25 bytes)
Event: 7.445 Thread 0x00007fac8c11c800 nmethod 662 0x00007fac7d14c010 code [0x00007fac7d14c1a0, 0x00007fac7d14c530]
Event: 7.469 Thread 0x00007fac8c119800 nmethod 661 0x00007fac7d153c90 code [0x00007fac7d154020, 0x00007fac7d156960]
Event: 7.469 Thread 0x00007fac8c119800  663 %     4       com.gitlab.pdftk_java.com.lowagie.text.pdf.PdfReader::removeUnusedNode @ 14 (635 bytes)
Event: 7.533 Thread 0x00007fac8c119800 nmethod 663% 0x00007fac7d15ddd0 code [0x00007fac7d15e200, 0x00007fac7d161670]
Event: 7.533 Thread 0x00007fac8c119800  664       4       java.util.HashMap::keySet (25 bytes)
Event: 7.534 Thread 0x00007fac8c119800 nmethod 664 0x00007fac7d12d990 code [0x00007fac7d12dae0, 0x00007fac7d12dbd8]
Event: 7.534 Thread 0x00007fac8c119800  665       4       com.gitlab.pdftk_java.com.lowagie.text.pdf.PdfReader::removeUnusedNode (635 bytes)
Event: 7.578 Thread 0x00007fac8c119800 nmethod 665 0x00007fac7d164a90 code [0x00007fac7d164ea0, 0x00007fac7d1672e0]
Event: 7.579 Thread 0x00007fac8c119800  648       4       java.util.HashMap$EntryIterator::next (5 bytes)
Event: 7.581 Thread 0x00007fac8c119800 nmethod 648 0x00007fac7d14bb50 code [0x00007fac7d14bca0, 0x00007fac7d14beb8]

GC Heap History (9 events):
Event: 1.834 GC heap before
{Heap before GC invocations=1 (full 0):
 PSYoungGen      total 72704K, used 62464K [0x000000076eb00000, 0x0000000773c00000, 0x00000007c0000000)
  eden space 62464K, 100% used [0x000000076eb00000,0x0000000772800000,0x0000000772800000)
  from space 10240K, 0% used [0x0000000773200000,0x0000000773200000,0x0000000773c00000)
  to   space 10240K, 0% used [0x0000000772800000,0x0000000772800000,0x0000000773200000)
 ParOldGen       total 166912K, used 0K [0x00000006cc000000, 0x00000006d6300000, 0x000000076eb00000)
  object space 166912K, 0% used [0x00000006cc000000,0x00000006cc000000,0x00000006d6300000)
 Metaspace       used 4106K, capacity 5048K, committed 5376K, reserved 1056768K
  class space    used 373K, capacity 424K, committed 512K, reserved 1048576K
Event: 1.859 GC heap after
Heap after GC invocations=1 (full 0):
 PSYoungGen      total 72704K, used 10220K [0x000000076eb00000, 0x0000000777900000, 0x00000007c0000000)
  eden space 62464K, 0% used [0x000000076eb00000,0x000000076eb00000,0x0000000772800000)
  from space 10240K, 99% used [0x0000000772800000,0x00000007731fb1a0,0x0000000773200000)
  to   space 10240K, 0% used [0x0000000776f00000,0x0000000776f00000,0x0000000777900000)
 ParOldGen       total 166912K, used 5191K [0x00000006cc000000, 0x00000006d6300000, 0x000000076eb00000)
  object space 166912K, 3% used [0x00000006cc000000,0x00000006cc511ce0,0x00000006d6300000)
 Metaspace       used 4106K, capacity 5048K, committed 5376K, reserved 1056768K
  class space    used 373K, capacity 424K, committed 512K, reserved 1048576K
}
Event: 3.654 GC heap before
{Heap before GC invocations=2 (full 0):
 PSYoungGen      total 72704K, used 72684K [0x000000076eb00000, 0x0000000777900000, 0x00000007c0000000)
  eden space 62464K, 100% used [0x000000076eb00000,0x0000000772800000,0x0000000772800000)
  from space 10240K, 99% used [0x0000000772800000,0x00000007731fb1a0,0x0000000773200000)
  to   space 10240K, 0% used [0x0000000776f00000,0x0000000776f00000,0x0000000777900000)
 ParOldGen       total 166912K, used 5191K [0x00000006cc000000, 0x00000006d6300000, 0x000000076eb00000)
  object space 166912K, 3% used [0x00000006cc000000,0x00000006cc511ce0,0x00000006d6300000)
 Metaspace       used 4107K, capacity 5048K, committed 5376K, reserved 1056768K
  class space    used 373K, capacity 424K, committed 512K, reserved 1048576K
Event: 3.693 GC heap after
Heap after GC invocations=2 (full 0):
 PSYoungGen      total 135168K, used 10234K [0x000000076eb00000, 0x0000000777900000, 0x00000007c0000000)
  eden space 124928K, 0% used [0x000000076eb00000,0x000000076eb00000,0x0000000776500000)
  from space 10240K, 99% used [0x0000000776f00000,0x00000007778feb90,0x0000000777900000)
  to   space 10240K, 0% used [0x0000000776500000,0x0000000776500000,0x0000000776f00000)
 ParOldGen       total 166912K, used 18899K [0x00000006cc000000, 0x00000006d6300000, 0x000000076eb00000)
  object space 166912K, 11% used [0x00000006cc000000,0x00000006cd274d20,0x00000006d6300000)
 Metaspace       used 4107K, capacity 5048K, committed 5376K, reserved 1056768K
  class space    used 373K, capacity 424K, committed 512K, reserved 1048576K
}
Event: 6.625 GC heap before
{Heap before GC invocations=3 (full 0):
 PSYoungGen      total 135168K, used 135162K [0x000000076eb00000, 0x0000000777900000, 0x00000007c0000000)
  eden space 124928K, 100% used [0x000000076eb00000,0x0000000776500000,0x0000000776500000)
  from space 10240K, 99% used [0x0000000776f00000,0x00000007778feb90,0x0000000777900000)
  to   space 10240K, 0% used [0x0000000776500000,0x0000000776500000,0x0000000776f00000)
 ParOldGen       total 166912K, used 18899K [0x00000006cc000000, 0x00000006d6300000, 0x000000076eb00000)
  object space 166912K, 11% used [0x00000006cc000000,0x00000006cd274d20,0x00000006d6300000)
 Metaspace       used 4579K, capacity 5272K, committed 5376K, reserved 1056768K
  class space    used 417K, capacity 456K, committed 512K, reserved 1048576K
Event: 6.683 GC heap after
Heap after GC invocations=3 (full 0):
 PSYoungGen      total 135168K, used 10209K [0x000000076eb00000, 0x000000077f300000, 0x00000007c0000000)
  eden space 124928K, 0% used [0x000000076eb00000,0x000000076eb00000,0x0000000776500000)
  from space 10240K, 99% used [0x0000000776500000,0x0000000776ef8760,0x0000000776f00000)
  to   space 10240K, 0% used [0x000000077e900000,0x000000077e900000,0x000000077f300000)
 ParOldGen       total 166912K, used 41351K [0x00000006cc000000, 0x00000006d6300000, 0x000000076eb00000)
  object space 166912K, 24% used [0x00000006cc000000,0x00000006ce861d60,0x00000006d6300000)
 Metaspace       used 4579K, capacity 5272K, committed 5376K, reserved 1056768K
  class space    used 417K, capacity 456K, committed 512K, reserved 1048576K
}
Event: 6.818 GC heap before
{Heap before GC invocations=4 (full 0):
 PSYoungGen      total 135168K, used 135137K [0x000000076eb00000, 0x000000077f300000, 0x00000007c0000000)
  eden space 124928K, 100% used [0x000000076eb00000,0x0000000776500000,0x0000000776500000)
  from space 10240K, 99% used [0x0000000776500000,0x0000000776ef8760,0x0000000776f00000)
  to   space 10240K, 0% used [0x000000077e900000,0x000000077e900000,0x000000077f300000)
 ParOldGen       total 166912K, used 41351K [0x00000006cc000000, 0x00000006d6300000, 0x000000076eb00000)
  object space 166912K, 24% used [0x00000006cc000000,0x00000006ce861d60,0x00000006d6300000)
 Metaspace       used 4582K, capacity 5272K, committed 5376K, reserved 1056768K
  class space    used 417K, capacity 456K, committed 512K, reserved 1048576K
Event: 6.895 GC heap after
Heap after GC invocations=4 (full 0):
 PSYoungGen      total 260096K, used 10214K [0x000000076eb00000, 0x000000077f300000, 0x00000007c0000000)
  eden space 249856K, 0% used [0x000000076eb00000,0x000000076eb00000,0x000000077df00000)
  from space 10240K, 99% used [0x000000077e900000,0x000000077f2f99a0,0x000000077f300000)
  to   space 10240K, 0% used [0x000000077df00000,0x000000077df00000,0x000000077e900000)
 ParOldGen       total 166912K, used 69495K [0x00000006cc000000, 0x00000006d6300000, 0x000000076eb00000)
  object space 166912K, 41% used [0x00000006cc000000,0x00000006d03ddd60,0x00000006d6300000)
 Metaspace       used 4582K, capacity 5272K, committed 5376K, reserved 1056768K
  class space    used 417K, capacity 456K, committed 512K, reserved 1048576K
}
Event: 7.633 GC heap before
{Heap before GC invocations=5 (full 0):
 PSYoungGen      total 260096K, used 260070K [0x000000076eb00000, 0x000000077f300000, 0x00000007c0000000)
  eden space 249856K, 100% used [0x000000076eb00000,0x000000077df00000,0x000000077df00000)
  from space 10240K, 99% used [0x000000077e900000,0x000000077f2f99a0,0x000000077f300000)
  to   space 10240K, 0% used [0x000000077df00000,0x000000077df00000,0x000000077e900000)
 ParOldGen       total 166912K, used 69495K [0x00000006cc000000, 0x00000006d6300000, 0x000000076eb00000)
  object space 166912K, 41% used [0x00000006cc000000,0x00000006d03ddd60,0x00000006d6300000)
 Metaspace       used 4673K, capacity 5272K, committed 5376K, reserved 1056768K
  class space    used 422K, capacity 456K, committed 512K, reserved 1048576K

Deoptimization events (44 events):
Event: 0.155 Thread 0x00007fac8c04b800 Uncommon trap: reason=unstable_if action=reinterpret pc=0x00007fac7cf4b8ec method=java.io.ByteArrayInputStream.read()I @ 8
Event: 4.615 Thread 0x00007fac8c04b800 Uncommon trap: reason=unstable_if action=reinterpret pc=0x00007fac7cfddcb4 method=com.gitlab.pdftk_java.com.lowagie.text.pdf.PdfObject.isStream()Z @ 6
Event: 4.615 Thread 0x00007fac8c04b800 Uncommon trap: reason=unstable_if action=reinterpret pc=0x00007fac7cfdf1b8 method=sun.misc.FloatingDecimal.readJavaFormatString(Ljava/lang/String;)Lsun/misc/FloatingDecimal$ASCIIToBinaryConverter; @ 178
Event: 4.620 Thread 0x00007fac8c04b800 Uncommon trap: reason=unstable_if action=reinterpret pc=0x00007fac7cfe3894 method=com.gitlab.pdftk_java.com.lowagie.text.pdf.PdfReader.readPRObject()Lcom/gitlab/pdftk_java/com/lowagie/text/pdf/PdfObject; @ 505
Event: 4.756 Thread 0x00007fac8c04b800 Uncommon trap: reason=unstable_if action=reinterpret pc=0x00007fac7cfd0dbc method=com.gitlab.pdftk_java.com.lowagie.text.pdf.PRTokeniser.nextToken()Z @ 907
Event: 4.756 Thread 0x00007fac8c04b800 Uncommon trap: reason=unstable_if action=reinterpret pc=0x00007fac7cfda734 method=sun.misc.FloatingDecimal$ASCIIToBinaryBuffer.doubleValue()D @ 135
Event: 5.915 Thread 0x00007fac8c04b800 Uncommon trap: reason=unstable_if action=reinterpret pc=0x00007fac7d01fa6c method=com.gitlab.pdftk_java.com.lowagie.text.pdf.PdfReader.readPRObject()Lcom/gitlab/pdftk_java/com/lowagie/text/pdf/PdfObject; @ 445
Event: 6.038 Thread 0x00007fac8c04b800 Uncommon trap: reason=class_check action=maybe_recompile pc=0x00007fac7cfd6ebc method=java.util.HashMap.putVal(ILjava/lang/Object;Ljava/lang/Object;ZZ)Ljava/lang/Object; @ 203
Event: 6.038 Thread 0x00007fac8c04b800 Uncommon trap: reason=class_check action=maybe_recompile pc=0x00007fac7cfd6ebc method=java.util.HashMap.putVal(ILjava/lang/Object;Ljava/lang/Object;ZZ)Ljava/lang/Object; @ 203
Event: 6.038 Thread 0x00007fac8c04b800 Uncommon trap: reason=class_check action=maybe_recompile pc=0x00007fac7cfd6ebc method=java.util.HashMap.putVal(ILjava/lang/Object;Ljava/lang/Object;ZZ)Ljava/lang/Object; @ 203
Event: 6.038 Thread 0x00007fac8c04b800 Uncommon trap: reason=class_check action=maybe_recompile pc=0x00007fac7cfd6ebc method=java.util.HashMap.putVal(ILjava/lang/Object;Ljava/lang/Object;ZZ)Ljava/lang/Object; @ 203
Event: 6.410 Thread 0x00007fac8c04b800 Uncommon trap: reason=unstable_if action=reinterpret pc=0x00007fac7d059eac method=com.gitlab.pdftk_java.com.lowagie.text.pdf.PdfObject.isIndirect()Z @ 6
Event: 6.410 Thread 0x00007fac8c04b800 Uncommon trap: reason=unstable_if action=reinterpret pc=0x00007fac7d04a254 method=com.gitlab.pdftk_java.com.lowagie.text.pdf.PdfName.equals(Ljava/lang/Object;)Z @ 2
Event: 6.411 Thread 0x00007fac8c04b800 Uncommon trap: reason=unstable_if action=reinterpret pc=0x00007fac7d047ffc method=com.gitlab.pdftk_java.com.lowagie.text.pdf.PdfName.compareTo(Ljava/lang/Object;)I @ 45
Event: 6.420 Thread 0x00007fac8c04b800 Uncommon trap: reason=class_check action=maybe_recompile pc=0x00007fac7d055cb8 method=java.util.HashMap.putVal(ILjava/lang/Object;Ljava/lang/Object;ZZ)Ljava/lang/Object; @ 56
Event: 6.420 Thread 0x00007fac8c04b800 Uncommon trap: reason=class_check action=maybe_recompile pc=0x00007fac7d055cb8 method=java.util.HashMap.putVal(ILjava/lang/Object;Ljava/lang/Object;ZZ)Ljava/lang/Object; @ 56
Event: 6.424 Thread 0x00007fac8c04b800 Uncommon trap: reason=unstable_if action=reinterpret pc=0x00007fac7cf4e7e8 method=java.util.HashMap.getNode(ILjava/lang/Object;)Ljava/util/HashMap$Node; @ 49
Event: 6.430 Thread 0x00007fac8c04b800 Uncommon trap: reason=unstable_if action=reinterpret pc=0x00007fac7cf4ddc8 method=java.io.ByteArrayOutputStream.ensureCapacity(I)V @ 7
Event: 6.444 Thread 0x00007fac8c04b800 Uncommon trap: reason=unstable_if action=reinterpret pc=0x00007fac7cf58494 method=java.io.ByteArrayOutputStream.ensureCapacity(I)V @ 7
Event: 6.518 Thread 0x00007fac8c04b800 Uncommon trap: reason=unstable_if action=reinterpret pc=0x00007fac7d058f54 method=com.gitlab.pdftk_java.com.lowagie.text.pdf.PdfReader.releaseLastXrefPartial(Lcom/gitlab/pdftk_java/com/lowagie/text/pdf/PdfObject;)V @ 1
Event: 6.518 Thread 0x00007fac8c04b800 Uncommon trap: reason=unstable_if action=reinterpret pc=0x00007fac7cf4b1f4 method=java.io.ByteArrayInputStream.read([BII)I @ 63
Event: 6.518 Thread 0x00007fac8c04b800 Uncommon trap: reason=unstable_if action=reinterpret pc=0x00007fac7d0286d0 method=com.gitlab.pdftk_java.com.lowagie.text.pdf.RandomAccessFileOrArray.read()I @ 25
Event: 6.518 Thread 0x00007fac8c04b800 Uncommon trap: reason=unstable_if action=reinterpret pc=0x00007fac7cf9bfd0 method=com.gitlab.pdftk_java.com.lowagie.text.pdf.RandomAccessFileOrArray.read()I @ 25
Event: 6.518 Thread 0x00007fac8c04b800 Uncommon trap: reason=unstable_if action=reinterpret pc=0x00007fac7cfed028 method=com.gitlab.pdftk_java.com.lowagie.text.pdf.RandomAccessFileOrArray.seek(I)V @ 15
Event: 6.518 Thread 0x00007fac8c04b800 Uncommon trap: reason=unstable_if action=reinterpret pc=0x00007fac7cfdc1f8 method=com.gitlab.pdftk_java.com.lowagie.text.pdf.RandomAccessFileOrArray.insureOpen()V @ 4
Event: 6.518 Thread 0x00007fac8c04b800 Uncommon trap: reason=unstable_if action=reinterpret pc=0x00007fac7cfe0e60 method=com.gitlab.pdftk_java.com.lowagie.text.pdf.RandomAccessFileOrArray.seek(I)V @ 15
Event: 6.518 Thread 0x00007fac8c04b800 Uncommon trap: reason=unstable_if action=reinterpret pc=0x00007fac7cfeea5c method=com.gitlab.pdftk_java.com.lowagie.text.pdf.RandomAccessFileOrArray.insureOpen()V @ 4
Event: 6.518 Thread 0x00007fac8c04b800 Uncommon trap: reason=unstable_if action=reinterpret pc=0x00007fac7d047b3c method=com.gitlab.pdftk_java.com.lowagie.text.pdf.RandomAccessFileOrArray.insureOpen()V @ 4
Event: 6.521 Thread 0x00007fac8c04b800 Uncommon trap: reason=unstable_if action=reinterpret pc=0x00007fac7d04fc68 method=com.gitlab.pdftk_java.com.lowagie.text.pdf.RandomAccessFileOrArray.insureOpen()V @ 4
Event: 6.521 Thread 0x00007fac8c04b800 Uncommon trap: reason=unstable_if action=reinterpret pc=0x00007fac7d04fc68 method=com.gitlab.pdftk_java.com.lowagie.text.pdf.RandomAccessFileOrArray.insureOpen()V @ 4
Event: 7.108 Thread 0x00007fac8c04b800 Uncommon trap: reason=unstable_if action=reinterpret pc=0x00007fac7cfedb0c method=java.util.HashMap.putMapEntries(Ljava/util/Map;Z)V @ 8
Event: 7.109 Thread 0x00007fac8c04b800 Uncommon trap: reason=unstable_if action=reinterpret pc=0x00007fac7d0d9ad0 method=com.gitlab.pdftk_java.com.lowagie.text.pdf.IntHashtable.containsKey(I)Z @ 24
Event: 7.109 Thread 0x00007fac8c04b800 Uncommon trap: reason=unstable_if action=reinterpret pc=0x00007fac7d0cbc30 method=java.util.HashMap.getNode(ILjava/lang/Object;)Ljava/util/HashMap$Node; @ 116
Event: 7.109 Thread 0x00007fac8c04b800 Uncommon trap: reason=unstable_if action=reinterpret pc=0x00007fac7cf6f81c method=java.util.HashMap.getNode(ILjava/lang/Object;)Ljava/util/HashMap$Node; @ 49
Event: 7.109 Thread 0x00007fac8c04b800 Uncommon trap: reason=unstable_if action=reinterpret pc=0x00007fac7d04aed8 method=com.gitlab.pdftk_java.com.lowagie.text.pdf.PdfObject.isNull()Z @ 6
Event: 7.167 Thread 0x00007fac8c04b800 Uncommon trap: reason=predicate action=maybe_recompile pc=0x00007fac7d12b004 method=java.util.AbstractCollection.toArray([Ljava/lang/Object;)[Ljava/lang/Object; @ 49
Event: 7.178 Thread 0x00007fac8c04b800 Uncommon trap: reason=array_check action=maybe_recompile pc=0x00007fac7d12a268 method=java.util.AbstractCollection.toArray([Ljava/lang/Object;)[Ljava/lang/Object; @ 119
Event: 7.178 Thread 0x00007fac8c04b800 Uncommon trap: reason=array_check action=maybe_recompile pc=0x00007fac7d12a268 method=java.util.AbstractCollection.toArray([Ljava/lang/Object;)[Ljava/lang/Object; @ 119
Event: 7.178 Thread 0x00007fac8c04b800 Uncommon trap: reason=array_check action=maybe_recompile pc=0x00007fac7d12a268 method=java.util.AbstractCollection.toArray([Ljava/lang/Object;)[Ljava/lang/Object; @ 119
Event: 7.178 Thread 0x00007fac8c04b800 Uncommon trap: reason=array_check action=maybe_recompile pc=0x00007fac7d12a268 method=java.util.AbstractCollection.toArray([Ljava/lang/Object;)[Ljava/lang/Object; @ 119
Event: 7.257 Thread 0x00007fac8c04b800 Uncommon trap: reason=range_check action=make_not_entrant pc=0x00007fac7d1364b8 method=com.gitlab.pdftk_java.com.lowagie.text.pdf.PdfReader.removeUnusedNode(Lcom/gitlab/pdftk_java/com/lowagie/text/pdf/PdfObject;[Z)V @ 217
Event: 7.408 Thread 0x00007fac8c04b800 Uncommon trap: reason=unstable_if action=reinterpret pc=0x00007fac7d13cf7c method=com.gitlab.pdftk_java.com.lowagie.text.pdf.PdfReader.removeUnusedNode(Lcom/gitlab/pdftk_java/com/lowagie/text/pdf/PdfObject;[Z)V @ 18
Event: 7.440 Thread 0x00007fac8c04b800 Uncommon trap: reason=unstable_if action=reinterpret pc=0x00007fac7d12cab4 method=java.util.HashMap.keySet()Ljava/util/Set; @ 6
Event: 7.533 Thread 0x00007fac8c04b800 Uncommon trap: reason=unstable_if action=reinterpret pc=0x00007fac7d12c728 method=java.util.HashMap.keySet()Ljava/util/Set; @ 6

Classes redefined (0 events):
No events

Internal exceptions (2 events):
Event: 0.019 Thread 0x00007fac8c04b800 Exception <a 'java/lang/NoSuchMethodError': Method sun.misc.Unsafe.defineClass(Ljava/lang/String;[BII)Ljava/lang/Class; name or signature does not match> (0x000000076eb07cd8) thrown at [/builddir/build/BUILD/java-1.8.0-openjdk-1.8.0.392.b08-2.el7_9.x86_64
Event: 0.019 Thread 0x00007fac8c04b800 Exception <a 'java/lang/NoSuchMethodError': Method sun.misc.Unsafe.prefetchRead(Ljava/lang/Object;J)V name or signature does not match> (0x000000076eb07fc0) thrown at [/builddir/build/BUILD/java-1.8.0-openjdk-1.8.0.392.b08-2.el7_9.x86_64/shenandoah-jdk8u3

Events (250 events):
Event: 6.440 loading class org/bouncycastle/crypto/BufferedBlockCipher done
Event: 6.440 loading class org/bouncycastle/crypto/paddings/BlockCipherPadding
Event: 6.440 loading class org/bouncycastle/crypto/paddings/BlockCipherPadding done
Event: 6.441 loading class org/bouncycastle/crypto/paddings/PKCS7Padding
Event: 6.441 loading class org/bouncycastle/crypto/paddings/PKCS7Padding done
Event: 6.441 loading class org/bouncycastle/crypto/InvalidCipherTextException
Event: 6.441 loading class org/bouncycastle/crypto/InvalidCipherTextException done
Event: 6.441 loading class org/bouncycastle/crypto/CryptoException
Event: 6.441 loading class org/bouncycastle/crypto/CryptoException done
Event: 6.441 loading class org/bouncycastle/crypto/params/KeyParameter
Event: 6.441 loading class org/bouncycastle/crypto/params/KeyParameter done
Event: 6.442 loading class org/bouncycastle/crypto/params/ParametersWithIV
Event: 6.442 loading class org/bouncycastle/crypto/params/ParametersWithIV done
Event: 6.442 loading class org/bouncycastle/util/Arrays
Event: 6.442 loading class org/bouncycastle/util/Arrays done
Event: 6.443 loading class org/bouncycastle/crypto/params/ParametersWithRandom
Event: 6.443 loading class org/bouncycastle/crypto/params/ParametersWithRandom done
Event: 6.444 loading class org/bouncycastle/util/Pack
Event: 6.444 loading class org/bouncycastle/util/Pack done
Event: 6.444 Thread 0x00007fac8c04b800 Uncommon trap: trap_request=0xffffff65 fr.pc=0x00007fac7cf58494
Event: 6.444 Executing VM operation: RevokeBias
Event: 6.444 Executing VM operation: RevokeBias done
Event: 6.444 Thread 0x00007fac8c04b800 DEOPT PACKING pc=0x00007fac7cf58494 sp=0x00007fac93127140
Event: 6.444 Thread 0x00007fac8c04b800 DEOPT UNPACKING pc=0x00007fac7ce3c47a sp=0x00007fac93127048 mode 2
Event: 6.493 Thread 0x00007fac8c04b800 DEOPT PACKING pc=0x00007fac7d0887d7 sp=0x00007fac931270c0
Event: 6.493 Thread 0x00007fac8c04b800 DEOPT UNPACKING pc=0x00007fac7ce3e4c4 sp=0x00007fac93126dc8 mode 0
Event: 6.493 Thread 0x00007fac8c04b800 DEOPT PACKING pc=0x00007fac7d0772fa sp=0x00007fac93126e20
Event: 6.493 Thread 0x00007fac8c04b800 DEOPT UNPACKING pc=0x00007fac7ce3e4c4 sp=0x00007fac93126b30 mode 0
Event: 6.494 Thread 0x00007fac8c04b800 DEOPT PACKING pc=0x00007fac7d070196 sp=0x00007fac93127080
Event: 6.494 Thread 0x00007fac8c04b800 DEOPT UNPACKING pc=0x00007fac7ce3e4c4 sp=0x00007fac93126dc0 mode 0
Event: 6.495 Thread 0x00007fac8c04b800 DEOPT PACKING pc=0x00007fac7d070196 sp=0x00007fac93127080
Event: 6.495 Thread 0x00007fac8c04b800 DEOPT UNPACKING pc=0x00007fac7ce3e4c4 sp=0x00007fac93126dc0 mode 0
Event: 6.495 Thread 0x00007fac8c04b800 DEOPT PACKING pc=0x00007fac7d070196 sp=0x00007fac93127080
Event: 6.496 Thread 0x00007fac8c04b800 DEOPT UNPACKING pc=0x00007fac7ce3e4c4 sp=0x00007fac93126dc0 mode 0
Event: 6.496 Thread 0x00007fac8c04b800 DEOPT PACKING pc=0x00007fac7d070196 sp=0x00007fac93127080
Event: 6.496 Thread 0x00007fac8c04b800 DEOPT UNPACKING pc=0x00007fac7ce3e4c4 sp=0x00007fac93126dc0 mode 0
Event: 6.497 Thread 0x00007fac8c04b800 DEOPT PACKING pc=0x00007fac7d06fd4c sp=0x00007fac93126de0
Event: 6.497 Thread 0x00007fac8c04b800 DEOPT UNPACKING pc=0x00007fac7ce3e4c4 sp=0x00007fac93126b28 mode 0
Event: 6.497 Thread 0x00007fac8c04b800 DEOPT PACKING pc=0x00007fac7d070196 sp=0x00007fac93127080
Event: 6.497 Thread 0x00007fac8c04b800 DEOPT UNPACKING pc=0x00007fac7ce3e4c4 sp=0x00007fac93126dc0 mode 0
Event: 6.498 Thread 0x00007fac8c04b800 DEOPT PACKING pc=0x00007fac7d070196 sp=0x00007fac93127080
Event: 6.498 Thread 0x00007fac8c04b800 DEOPT UNPACKING pc=0x00007fac7ce3e4c4 sp=0x00007fac93126dc0 mode 0
Event: 6.499 Thread 0x00007fac8c04b800 DEOPT PACKING pc=0x00007fac7d070196 sp=0x00007fac93127080
Event: 6.499 Thread 0x00007fac8c04b800 DEOPT UNPACKING pc=0x00007fac7ce3e4c4 sp=0x00007fac93126dc0 mode 0
Event: 6.500 Thread 0x00007fac8c04b800 DEOPT PACKING pc=0x00007fac7d070196 sp=0x00007fac931270a0
Event: 6.500 Thread 0x00007fac8c04b800 DEOPT UNPACKING pc=0x00007fac7ce3e4c4 sp=0x00007fac93126dd0 mode 0
Event: 6.500 Thread 0x00007fac8c04b800 DEOPT PACKING pc=0x00007fac7d06fd4c sp=0x00007fac93126e00
Event: 6.500 Thread 0x00007fac8c04b800 DEOPT UNPACKING pc=0x00007fac7ce3e4c4 sp=0x00007fac93126b38 mode 0
Event: 6.501 Thread 0x00007fac8c04b800 DEOPT PACKING pc=0x00007fac7d070196 sp=0x00007fac931270a0
Event: 6.501 Thread 0x00007fac8c04b800 DEOPT UNPACKING pc=0x00007fac7ce3e4c4 sp=0x00007fac93126dd0 mode 0
Event: 6.502 Thread 0x00007fac8c04b800 DEOPT PACKING pc=0x00007fac7d070196 sp=0x00007fac931270a0
Event: 6.502 Thread 0x00007fac8c04b800 DEOPT UNPACKING pc=0x00007fac7ce3e4c4 sp=0x00007fac93126dd0 mode 0
Event: 6.502 Thread 0x00007fac8c04b800 DEOPT PACKING pc=0x00007fac7d070196 sp=0x00007fac931270a0
Event: 6.502 Thread 0x00007fac8c04b800 DEOPT UNPACKING pc=0x00007fac7ce3e4c4 sp=0x00007fac93126dd0 mode 0
Event: 6.503 Thread 0x00007fac8c04b800 DEOPT PACKING pc=0x00007fac7d070196 sp=0x00007fac931270a0
Event: 6.503 Thread 0x00007fac8c04b800 DEOPT UNPACKING pc=0x00007fac7ce3e4c4 sp=0x00007fac93126dd0 mode 0
Event: 6.503 Thread 0x00007fac8c04b800 DEOPT PACKING pc=0x00007fac7d06fd4c sp=0x00007fac93126e00
Event: 6.503 Thread 0x00007fac8c04b800 DEOPT UNPACKING pc=0x00007fac7ce3e4c4 sp=0x00007fac93126b38 mode 0
Event: 6.504 Thread 0x00007fac8c04b800 DEOPT PACKING pc=0x00007fac7d070196 sp=0x00007fac931270a0
Event: 6.504 Thread 0x00007fac8c04b800 DEOPT UNPACKING pc=0x00007fac7ce3e4c4 sp=0x00007fac93126dd0 mode 0
Event: 6.505 Thread 0x00007fac8c04b800 DEOPT PACKING pc=0x00007fac7d070196 sp=0x00007fac931270a0
Event: 6.505 Thread 0x00007fac8c04b800 DEOPT UNPACKING pc=0x00007fac7ce3e4c4 sp=0x00007fac93126dd0 mode 0
Event: 6.505 Thread 0x00007fac8c04b800 DEOPT PACKING pc=0x00007fac7d070196 sp=0x00007fac931270a0
Event: 6.505 Thread 0x00007fac8c04b800 DEOPT UNPACKING pc=0x00007fac7ce3e4c4 sp=0x00007fac93126dd0 mode 0
Event: 6.506 Thread 0x00007fac8c04b800 DEOPT PACKING pc=0x00007fac7d070196 sp=0x00007fac931270a0
Event: 6.506 Thread 0x00007fac8c04b800 DEOPT UNPACKING pc=0x00007fac7ce3e4c4 sp=0x00007fac93126dd0 mode 0
Event: 6.506 Thread 0x00007fac8c04b800 DEOPT PACKING pc=0x00007fac7d06fd4c sp=0x00007fac93126e00
Event: 6.506 Thread 0x00007fac8c04b800 DEOPT UNPACKING pc=0x00007fac7ce3e4c4 sp=0x00007fac93126b38 mode 0
Event: 6.507 Thread 0x00007fac8c04b800 DEOPT PACKING pc=0x00007fac7d070196 sp=0x00007fac931270a0
Event: 6.507 Thread 0x00007fac8c04b800 DEOPT UNPACKING pc=0x00007fac7ce3e4c4 sp=0x00007fac93126dd0 mode 0
Event: 6.508 Thread 0x00007fac8c04b800 DEOPT PACKING pc=0x00007fac7d070196 sp=0x00007fac931270a0
Event: 6.508 Thread 0x00007fac8c04b800 DEOPT UNPACKING pc=0x00007fac7ce3e4c4 sp=0x00007fac93126dd0 mode 0
Event: 6.509 Thread 0x00007fac8c04b800 DEOPT PACKING pc=0x00007fac7d070196 sp=0x00007fac931270a0
Event: 6.509 Thread 0x00007fac8c04b800 DEOPT UNPACKING pc=0x00007fac7ce3e4c4 sp=0x00007fac93126dd0 mode 0
Event: 6.509 Thread 0x00007fac8c04b800 DEOPT PACKING pc=0x00007fac7d070196 sp=0x00007fac931270a0
Event: 6.509 Thread 0x00007fac8c04b800 DEOPT UNPACKING pc=0x00007fac7ce3e4c4 sp=0x00007fac93126dd0 mode 0
Event: 6.509 Thread 0x00007fac8c04b800 DEOPT PACKING pc=0x00007fac7d06fd4c sp=0x00007fac93126e00
Event: 6.510 Thread 0x00007fac8c04b800 DEOPT UNPACKING pc=0x00007fac7ce3e4c4 sp=0x00007fac93126b38 mode 0
Event: 6.510 Thread 0x00007fac8c04b800 DEOPT PACKING pc=0x00007fac7d070196 sp=0x00007fac931270a0
Event: 6.510 Thread 0x00007fac8c04b800 DEOPT UNPACKING pc=0x00007fac7ce3e4c4 sp=0x00007fac93126dd0 mode 0
Event: 6.511 Thread 0x00007fac8c04b800 DEOPT PACKING pc=0x00007fac7d070196 sp=0x00007fac931270a0
Event: 6.511 Thread 0x00007fac8c04b800 DEOPT UNPACKING pc=0x00007fac7ce3e4c4 sp=0x00007fac93126dd0 mode 0
Event: 6.512 Thread 0x00007fac8c04b800 DEOPT PACKING pc=0x00007fac7d070196 sp=0x00007fac931270a0
Event: 6.512 Thread 0x00007fac8c04b800 DEOPT UNPACKING pc=0x00007fac7ce3e4c4 sp=0x00007fac93126dd0 mode 0
Event: 6.512 Thread 0x00007fac8c04b800 DEOPT PACKING pc=0x00007fac7d070196 sp=0x00007fac931270a0
Event: 6.512 Thread 0x00007fac8c04b800 DEOPT UNPACKING pc=0x00007fac7ce3e4c4 sp=0x00007fac93126dd0 mode 0
Event: 6.513 Thread 0x00007fac8c04b800 DEOPT PACKING pc=0x00007fac7d06fd4c sp=0x00007fac93126e00
Event: 6.513 Thread 0x00007fac8c04b800 DEOPT UNPACKING pc=0x00007fac7ce3e4c4 sp=0x00007fac93126b38 mode 0
Event: 6.513 Thread 0x00007fac8c04b800 DEOPT PACKING pc=0x00007fac7d070196 sp=0x00007fac931270a0
Event: 6.513 Thread 0x00007fac8c04b800 DEOPT UNPACKING pc=0x00007fac7ce3e4c4 sp=0x00007fac93126dd0 mode 0
Event: 6.514 Thread 0x00007fac8c04b800 DEOPT PACKING pc=0x00007fac7d070196 sp=0x00007fac931270a0
Event: 6.514 Thread 0x00007fac8c04b800 DEOPT UNPACKING pc=0x00007fac7ce3e4c4 sp=0x00007fac93126dd0 mode 0
Event: 6.515 Thread 0x00007fac8c04b800 DEOPT PACKING pc=0x00007fac7d070196 sp=0x00007fac931270a0
Event: 6.515 Thread 0x00007fac8c04b800 DEOPT UNPACKING pc=0x00007fac7ce3e4c4 sp=0x00007fac93126dd0 mode 0
Event: 6.516 Thread 0x00007fac8c04b800 DEOPT PACKING pc=0x00007fac7d070196 sp=0x00007fac931270a0
Event: 6.516 Thread 0x00007fac8c04b800 DEOPT UNPACKING pc=0x00007fac7ce3e4c4 sp=0x00007fac93126dd0 mode 0
Event: 6.516 Thread 0x00007fac8c04b800 DEOPT PACKING pc=0x00007fac7d06fd4c sp=0x00007fac93126e00
Event: 6.516 Thread 0x00007fac8c04b800 DEOPT UNPACKING pc=0x00007fac7ce3e4c4 sp=0x00007fac93126b38 mode 0
Event: 6.517 Thread 0x00007fac8c04b800 DEOPT PACKING pc=0x00007fac7d070196 sp=0x00007fac931270a0
Event: 6.517 Thread 0x00007fac8c04b800 DEOPT UNPACKING pc=0x00007fac7ce3e4c4 sp=0x00007fac93126dd0 mode 0
Event: 6.518 Thread 0x00007fac8c04b800 Uncommon trap: trap_request=0xffffff65 fr.pc=0x00007fac7d058f54
Event: 6.518 Thread 0x00007fac8c04b800 DEOPT PACKING pc=0x00007fac7d058f54 sp=0x00007fac93127160
Event: 6.518 Thread 0x00007fac8c04b800 DEOPT UNPACKING pc=0x00007fac7ce3c47a sp=0x00007fac93127110 mode 2
Event: 6.518 Thread 0x00007fac8c04b800 Uncommon trap: trap_request=0xffffff65 fr.pc=0x00007fac7cf4b1f4
Event: 6.518 Executing VM operation: RevokeBias
Event: 6.518 Executing VM operation: RevokeBias done
Event: 6.518 Thread 0x00007fac8c04b800 DEOPT PACKING pc=0x00007fac7cf4b1f4 sp=0x00007fac93126ef0
Event: 6.518 Thread 0x00007fac8c04b800 DEOPT UNPACKING pc=0x00007fac7ce3c47a sp=0x00007fac93126eb8 mode 2
Event: 6.518 Thread 0x00007fac8c04b800 Uncommon trap: trap_request=0xffffff65 fr.pc=0x00007fac7d0286d0
Event: 6.518 Thread 0x00007fac8c04b800 DEOPT PACKING pc=0x00007fac7d0286d0 sp=0x00007fac931271e0
Event: 6.518 Thread 0x00007fac8c04b800 DEOPT UNPACKING pc=0x00007fac7ce3c47a sp=0x00007fac93127190 mode 2
Event: 6.518 Thread 0x00007fac8c04b800 Uncommon trap: trap_request=0xffffff65 fr.pc=0x00007fac7cf9bfd0
Event: 6.518 Thread 0x00007fac8c04b800 DEOPT PACKING pc=0x00007fac7cf9bfd0 sp=0x00007fac931271c0
Event: 6.518 Thread 0x00007fac8c04b800 DEOPT UNPACKING pc=0x00007fac7ce3c47a sp=0x00007fac93127180 mode 2
Event: 6.518 Thread 0x00007fac8c04b800 Uncommon trap: trap_request=0xffffff65 fr.pc=0x00007fac7cfed028
Event: 6.518 Thread 0x00007fac8c04b800 DEOPT PACKING pc=0x00007fac7cfed028 sp=0x00007fac93127250
Event: 6.518 Thread 0x00007fac8c04b800 DEOPT UNPACKING pc=0x00007fac7ce3c47a sp=0x00007fac931271b8 mode 2
Event: 6.518 Thread 0x00007fac8c04b800 Uncommon trap: trap_request=0xffffff65 fr.pc=0x00007fac7cfdc1f8
Event: 6.518 Thread 0x00007fac8c04b800 DEOPT PACKING pc=0x00007fac7cfdc1f8 sp=0x00007fac93127110
Event: 6.518 Thread 0x00007fac8c04b800 DEOPT UNPACKING pc=0x00007fac7ce3c47a sp=0x00007fac93127018 mode 2
Event: 6.518 Thread 0x00007fac8c04b800 Uncommon trap: trap_request=0xffffff65 fr.pc=0x00007fac7cfe0e60
Event: 6.518 Thread 0x00007fac8c04b800 DEOPT PACKING pc=0x00007fac7cfe0e60 sp=0x00007fac931271f0
Event: 6.518 Thread 0x00007fac8c04b800 DEOPT UNPACKING pc=0x00007fac7ce3c47a sp=0x00007fac931271b8 mode 2
Event: 6.518 Thread 0x00007fac8c04b800 Uncommon trap: trap_request=0xffffff65 fr.pc=0x00007fac7cfeea5c
Event: 6.518 Thread 0x00007fac8c04b800 DEOPT PACKING pc=0x00007fac7cfeea5c sp=0x00007fac931270a0
Event: 6.518 Thread 0x00007fac8c04b800 DEOPT UNPACKING pc=0x00007fac7ce3c47a sp=0x00007fac93127008 mode 2
Event: 6.518 Thread 0x00007fac8c04b800 Uncommon trap: trap_request=0xffffff65 fr.pc=0x00007fac7d047b3c
Event: 6.518 Thread 0x00007fac8c04b800 DEOPT PACKING pc=0x00007fac7d047b3c sp=0x00007fac93127040
Event: 6.518 Thread 0x00007fac8c04b800 DEOPT UNPACKING pc=0x00007fac7ce3c47a sp=0x00007fac93127008 mode 2
Event: 6.521 Thread 0x00007fac8c04b800 Uncommon trap: trap_request=0xffffff65 fr.pc=0x00007fac7d04fc68
Event: 6.521 Thread 0x00007fac8c04b800 DEOPT PACKING pc=0x00007fac7d04fc68 sp=0x00007fac93127160
Event: 6.521 Thread 0x00007fac8c04b800 DEOPT UNPACKING pc=0x00007fac7ce3c47a sp=0x00007fac93127048 mode 2
Event: 6.521 Thread 0x00007fac8c04b800 Uncommon trap: trap_request=0xffffff65 fr.pc=0x00007fac7d04fc68
Event: 6.521 Thread 0x00007fac8c04b800 DEOPT PACKING pc=0x00007fac7d04fc68 sp=0x00007fac931271f0
Event: 6.521 Thread 0x00007fac8c04b800 DEOPT UNPACKING pc=0x00007fac7ce3c47a sp=0x00007fac931270e0 mode 2
Event: 6.590 Thread 0x00007fac8c04b800 DEOPT PACKING pc=0x00007fac7d070196 sp=0x00007fac93126fc0
Event: 6.590 Thread 0x00007fac8c04b800 DEOPT UNPACKING pc=0x00007fac7ce3e4c4 sp=0x00007fac93126cf0 mode 0
Event: 6.625 Executing VM operation: ParallelGCFailedAllocation
Event: 6.683 Executing VM operation: ParallelGCFailedAllocation done
Event: 6.694 Executing VM operation: RevokeBias
Event: 6.695 Executing VM operation: RevokeBias done
Event: 6.701 Executing VM operation: RevokeBias
Event: 6.702 Executing VM operation: RevokeBias done
Event: 6.708 Executing VM operation: RevokeBias
Event: 6.709 Executing VM operation: RevokeBias done
Event: 6.719 Executing VM operation: RevokeBias
Event: 6.720 Executing VM operation: RevokeBias done
Event: 6.726 Executing VM operation: RevokeBias
Event: 6.727 Executing VM operation: RevokeBias done
Event: 6.727 Executing VM operation: RevokeBias
Event: 6.727 Executing VM operation: RevokeBias done
Event: 6.727 Executing VM operation: RevokeBias
Event: 6.727 Executing VM operation: RevokeBias done
Event: 6.727 Executing VM operation: RevokeBias
Event: 6.727 Executing VM operation: RevokeBias done
Event: 6.727 Executing VM operation: RevokeBias
Event: 6.727 Executing VM operation: RevokeBias done
Event: 6.727 Executing VM operation: RevokeBias
Event: 6.727 Executing VM operation: RevokeBias done
Event: 6.727 Executing VM operation: RevokeBias
Event: 6.727 Executing VM operation: RevokeBias done
Event: 6.727 Executing VM operation: RevokeBias
Event: 6.727 Executing VM operation: RevokeBias done
Event: 6.727 Executing VM operation: RevokeBias
Event: 6.727 Executing VM operation: RevokeBias done
Event: 6.727 Executing VM operation: RevokeBias
Event: 6.727 Executing VM operation: RevokeBias done
Event: 6.727 Executing VM operation: RevokeBias
Event: 6.727 Executing VM operation: RevokeBias done
Event: 6.727 Executing VM operation: RevokeBias
Event: 6.727 Executing VM operation: RevokeBias done
Event: 6.727 Executing VM operation: RevokeBias
Event: 6.727 Executing VM operation: RevokeBias done
Event: 6.727 Executing VM operation: RevokeBias
Event: 6.727 Executing VM operation: RevokeBias done
Event: 6.727 Executing VM operation: RevokeBias
Event: 6.727 Executing VM operation: RevokeBias done
Event: 6.727 Executing VM operation: BulkRevokeBias
Event: 6.727 Executing VM operation: BulkRevokeBias done
Event: 6.728 Executing VM operation: RevokeBias
Event: 6.728 Executing VM operation: RevokeBias done
Event: 6.818 Executing VM operation: ParallelGCFailedAllocation
Event: 6.895 Executing VM operation: ParallelGCFailedAllocation done
Event: 7.037 Thread 0x00007fac8c04b800 DEOPT PACKING pc=0x00007fac7d0ce240 sp=0x00007fac93127250
Event: 7.037 Thread 0x00007fac8c04b800 DEOPT UNPACKING pc=0x00007fac7ce3e4c4 sp=0x00007fac93126ff8 mode 0
Event: 7.076 Thread 0x00007fac8c04b800 DEOPT PACKING pc=0x00007fac7d0ce186 sp=0x00007fac93127250
Event: 7.076 Thread 0x00007fac8c04b800 DEOPT UNPACKING pc=0x00007fac7ce3e4c4 sp=0x00007fac93126ff8 mode 0
Event: 7.107 loading class com/gitlab/pdftk_java/com/lowagie/text/pdf/PdfReader$PageRefs
Event: 7.107 loading class com/gitlab/pdftk_java/com/lowagie/text/pdf/PdfReader$PageRefs done
Event: 7.108 Thread 0x00007fac8c04b800 Uncommon trap: trap_request=0xffffff65 fr.pc=0x00007fac7cfedb0c
Event: 7.108 Thread 0x00007fac8c04b800 DEOPT PACKING pc=0x00007fac7cfedb0c sp=0x00007fac93127050
Event: 7.108 Thread 0x00007fac8c04b800 DEOPT UNPACKING pc=0x00007fac7ce3c47a sp=0x00007fac93127020 mode 2
Event: 7.108 loading class java/util/HashMap$KeySet
Event: 7.108 loading class java/util/HashMap$KeySet done
Event: 7.108 loading class java/util/HashMap$KeyIterator
Event: 7.108 loading class java/util/HashMap$KeyIterator done
Event: 7.108 Executing VM operation: Deoptimize
Event: 7.108 Executing VM operation: Deoptimize done
Event: 7.109 Thread 0x00007fac8c04b800 Uncommon trap: trap_request=0xffffff65 fr.pc=0x00007fac7d0d9ad0
Event: 7.109 Thread 0x00007fac8c04b800 DEOPT PACKING pc=0x00007fac7d0d9ad0 sp=0x00007fac931273f0
Event: 7.109 Thread 0x00007fac8c04b800 DEOPT UNPACKING pc=0x00007fac7ce3c47a sp=0x00007fac93127398 mode 2
Event: 7.109 Thread 0x00007fac8c04b800 Uncommon trap: trap_request=0xffffff65 fr.pc=0x00007fac7d0cbc30
Event: 7.109 Thread 0x00007fac8c04b800 DEOPT PACKING pc=0x00007fac7d0cbc30 sp=0x00007fac93127310
Event: 7.109 Thread 0x00007fac8c04b800 DEOPT UNPACKING pc=0x00007fac7ce3c47a sp=0x00007fac93127238 mode 2
Event: 7.109 Thread 0x00007fac8c04b800 Uncommon trap: trap_request=0xffffff65 fr.pc=0x00007fac7cf6f81c
Event: 7.109 Thread 0x00007fac8c04b800 DEOPT PACKING pc=0x00007fac7cf6f81c sp=0x00007fac93127280
Event: 7.109 Thread 0x00007fac8c04b800 DEOPT UNPACKING pc=0x00007fac7ce3c47a sp=0x00007fac93127228 mode 2
Event: 7.109 Thread 0x00007fac8c04b800 Uncommon trap: trap_request=0xffffff65 fr.pc=0x00007fac7d04aed8
Event: 7.109 Thread 0x00007fac8c04b800 DEOPT PACKING pc=0x00007fac7d04aed8 sp=0x00007fac93127340
Event: 7.109 Thread 0x00007fac8c04b800 DEOPT UNPACKING pc=0x00007fac7ce3c47a sp=0x00007fac931272b8 mode 2
Event: 7.167 Thread 0x00007fac8c04b800 Uncommon trap: trap_request=0xffffff86 fr.pc=0x00007fac7d12b004
Event: 7.167 Thread 0x00007fac8c04b800 DEOPT PACKING pc=0x00007fac7d12b004 sp=0x00007fac931271c0
Event: 7.167 Thread 0x00007fac8c04b800 DEOPT UNPACKING pc=0x00007fac7ce3c47a sp=0x00007fac93127190 mode 2
Event: 7.178 Thread 0x00007fac8c04b800 Uncommon trap: trap_request=0xffffffd6 fr.pc=0x00007fac7d12a268
Event: 7.178 Thread 0x00007fac8c04b800 DEOPT PACKING pc=0x00007fac7d12a268 sp=0x00007fac931271c0
Event: 7.178 Thread 0x00007fac8c04b800 DEOPT UNPACKING pc=0x00007fac7ce3c47a sp=0x00007fac93127178 mode 2
Event: 7.178 Thread 0x00007fac8c04b800 Uncommon trap: trap_request=0xffffffd6 fr.pc=0x00007fac7d12a268
Event: 7.178 Thread 0x00007fac8c04b800 DEOPT PACKING pc=0x00007fac7d12a268 sp=0x00007fac931271c0
Event: 7.178 Thread 0x00007fac8c04b800 DEOPT UNPACKING pc=0x00007fac7ce3c47a sp=0x00007fac93127178 mode 2
Event: 7.178 Thread 0x00007fac8c04b800 Uncommon trap: trap_request=0xffffffd6 fr.pc=0x00007fac7d12a268
Event: 7.178 Thread 0x00007fac8c04b800 DEOPT PACKING pc=0x00007fac7d12a268 sp=0x00007fac931271c0
Event: 7.178 Thread 0x00007fac8c04b800 DEOPT UNPACKING pc=0x00007fac7ce3c47a sp=0x00007fac93127178 mode 2
Event: 7.178 Thread 0x00007fac8c04b800 Uncommon trap: trap_request=0xffffffd6 fr.pc=0x00007fac7d12a268
Event: 7.178 Thread 0x00007fac8c04b800 DEOPT PACKING pc=0x00007fac7d12a268 sp=0x00007fac931271c0
Event: 7.178 Thread 0x00007fac8c04b800 DEOPT UNPACKING pc=0x00007fac7ce3c47a sp=0x00007fac93127178 mode 2
Event: 7.256 Thread 0x00007fac8c04b800 DEOPT PACKING pc=0x00007fac7d11a099 sp=0x00007fac93127220
Event: 7.256 Thread 0x00007fac8c04b800 DEOPT UNPACKING pc=0x00007fac7ce3e4c4 sp=0x00007fac93127108 mode 0
Event: 7.257 Thread 0x00007fac8c04b800 Uncommon trap: trap_request=0xffffffe4 fr.pc=0x00007fac7d1364b8
Event: 7.257 Thread 0x00007fac8c04b800 DEOPT PACKING pc=0x00007fac7d1364b8 sp=0x00007fac93127370
Event: 7.257 Thread 0x00007fac8c04b800 DEOPT UNPACKING pc=0x00007fac7ce3c47a sp=0x00007fac93127388 mode 2
Event: 7.408 Thread 0x00007fac8c04b800 Uncommon trap: trap_request=0xffffff65 fr.pc=0x00007fac7d13cf7c
Event: 7.408 Thread 0x00007fac8c04b800 DEOPT PACKING pc=0x00007fac7d13cf7c sp=0x00007fac93127370
Event: 7.408 Thread 0x00007fac8c04b800 DEOPT UNPACKING pc=0x00007fac7ce3c47a sp=0x00007fac93127390 mode 2
Event: 7.409 loading class java/io/RandomAccessFile$1
Event: 7.409 loading class java/io/RandomAccessFile$1 done
Event: 7.409 loading class com/gitlab/pdftk_java/com/lowagie/text/pdf/PdfNameTree
Event: 7.409 loading class com/gitlab/pdftk_java/com/lowagie/text/pdf/PdfNameTree done
Event: 7.410 loading class com/gitlab/pdftk_java/com/lowagie/text/StringCompare
Event: 7.410 loading class com/gitlab/pdftk_java/com/lowagie/text/StringCompare done
Event: 7.410 loading class java/lang/StrictMath
Event: 7.410 loading class java/lang/StrictMath done
Event: 7.440 Thread 0x00007fac8c04b800 Uncommon trap: trap_request=0xffffff65 fr.pc=0x00007fac7d12cab4
Event: 7.440 Thread 0x00007fac8c04b800 DEOPT PACKING pc=0x00007fac7d12cab4 sp=0x00007fac93127360
Event: 7.440 Thread 0x00007fac8c04b800 DEOPT UNPACKING pc=0x00007fac7ce3c47a sp=0x00007fac93127318 mode 2
Event: 7.533 Thread 0x00007fac8c04b800 DEOPT PACKING pc=0x00007fac7d124cff sp=0x00007fac93127390
Event: 7.533 Thread 0x00007fac8c04b800 DEOPT UNPACKING pc=0x00007fac7ce3e4c4 sp=0x00007fac93127248 mode 0
Event: 7.533 Thread 0x00007fac8c04b800 Uncommon trap: trap_request=0xffffff65 fr.pc=0x00007fac7d12c728
Event: 7.533 Thread 0x00007fac8c04b800 DEOPT PACKING pc=0x00007fac7d12c728 sp=0x00007fac931274a0
Event: 7.533 Thread 0x00007fac8c04b800 DEOPT UNPACKING pc=0x00007fac7ce3c47a sp=0x00007fac93127408 mode 2
Event: 7.633 Executing VM operation: ParallelGCFailedAllocation


Dynamic libraries:
6cc000000-6d6300000 rw-p 00000000 00:00 0 
6d6300000-76eb00000 ---p 00000000 00:00 0 
76eb00000-77f300000 rw-p 00000000 00:00 0 
794d00000-7c0000000 ---p 00000000 00:00 0 
7c0000000-7c0080000 rw-p 00000000 00:00 0 
7c0080000-800000000 ---p 00000000 00:00 0 
560861d77000-560861d78000 r-xp 00000000 fd:01 3547731                    /usr/lib/jvm/java-1.8.0-openjdk-1.8.0.392.b08-2.el7_9.x86_64/jre/bin/java
560861f77000-560861f78000 r--p 00000000 fd:01 3547731                    /usr/lib/jvm/java-1.8.0-openjdk-1.8.0.392.b08-2.el7_9.x86_64/jre/bin/java
560861f78000-560861f79000 rw-p 00001000 fd:01 3547731                    /usr/lib/jvm/java-1.8.0-openjdk-1.8.0.392.b08-2.el7_9.x86_64/jre/bin/java
560862165000-560862186000 rw-p 00000000 00:00 0                          [heap]
7fac40000000-7fac40021000 rw-p 00000000 00:00 0 
7fac40021000-7fac44000000 ---p 00000000 00:00 0 
7fac48000000-7fac4854c000 rw-p 00000000 00:00 0 
7fac4854c000-7fac4c000000 ---p 00000000 00:00 0 
7fac4c000000-7fac4c021000 rw-p 00000000 00:00 0 
7fac4c021000-7fac50000000 ---p 00000000 00:00 0 
7fac50000000-7fac50021000 rw-p 00000000 00:00 0 
7fac50021000-7fac54000000 ---p 00000000 00:00 0 
7fac54000000-7fac54875000 rw-p 00000000 00:00 0 
7fac54875000-7fac58000000 ---p 00000000 00:00 0 
7fac58000000-7fac58021000 rw-p 00000000 00:00 0 
7fac58021000-7fac5c000000 ---p 00000000 00:00 0 
7fac5c000000-7fac5c021000 rw-p 00000000 00:00 0 
7fac5c021000-7fac60000000 ---p 00000000 00:00 0 
7fac60000000-7fac602c4000 rw-p 00000000 00:00 0 
7fac602c4000-7fac64000000 ---p 00000000 00:00 0 
7fac64600000-7fac6c000000 rw-p 00000000 00:00 0 
7fac6c000000-7fac6c021000 rw-p 00000000 00:00 0 
7fac6c021000-7fac70000000 ---p 00000000 00:00 0 
7fac74000000-7fac74021000 rw-p 00000000 00:00 0 
7fac74021000-7fac78000000 ---p 00000000 00:00 0 
7fac794ab000-7fac794bc000 r--s 00211000 fd:01 3547822                    /usr/lib/jvm/java-1.8.0-openjdk-1.8.0.392.b08-2.el7_9.x86_64/jre/lib/jsse.jar
7fac794bc000-7fac794ed000 rw-p 00000000 00:00 0 
7fac794ed000-7fac79505000 r-xp 00000000 fd:01 3547768                    /usr/lib/jvm/java-1.8.0-openjdk-1.8.0.392.b08-2.el7_9.x86_64/jre/lib/amd64/libnet.so
7fac79505000-7fac79704000 ---p 00018000 fd:01 3547768                    /usr/lib/jvm/java-1.8.0-openjdk-1.8.0.392.b08-2.el7_9.x86_64/jre/lib/amd64/libnet.so
7fac79704000-7fac79705000 r--p 00017000 fd:01 3547768                    /usr/lib/jvm/java-1.8.0-openjdk-1.8.0.392.b08-2.el7_9.x86_64/jre/lib/amd64/libnet.so
7fac79705000-7fac79706000 rw-p 00018000 fd:01 3547768                    /usr/lib/jvm/java-1.8.0-openjdk-1.8.0.392.b08-2.el7_9.x86_64/jre/lib/amd64/libnet.so
7fac79706000-7fac79718000 r-xp 00000000 fd:01 3547769                    /usr/lib/jvm/java-1.8.0-openjdk-1.8.0.392.b08-2.el7_9.x86_64/jre/lib/amd64/libnio.so
7fac79718000-7fac79917000 ---p 00012000 fd:01 3547769                    /usr/lib/jvm/java-1.8.0-openjdk-1.8.0.392.b08-2.el7_9.x86_64/jre/lib/amd64/libnio.so
7fac79917000-7fac79918000 r--p 00011000 fd:01 3547769                    /usr/lib/jvm/java-1.8.0-openjdk-1.8.0.392.b08-2.el7_9.x86_64/jre/lib/amd64/libnio.so
7fac79918000-7fac79919000 rw-p 00012000 fd:01 3547769                    /usr/lib/jvm/java-1.8.0-openjdk-1.8.0.392.b08-2.el7_9.x86_64/jre/lib/amd64/libnio.so
7fac79919000-7fac7996c000 r--s 003fd000 fd:01 3549785                    /usr/share/java/bcprov.jar
7fac7996c000-7fac7996d000 ---p 00000000 00:00 0 
7fac7996d000-7fac79a6d000 rw-p 00000000 00:00 0 
7fac79a6d000-7fac79a70000 ---p 00000000 00:00 0 
7fac79a70000-7fac79b6e000 rw-p 00000000 00:00 0 
7fac79b6e000-7fac79b72000 ---p 00000000 00:00 0 
7fac79b72000-7fac79c6f000 rw-p 00000000 00:00 0 
7fac79c6f000-7fac79c73000 ---p 00000000 00:00 0 
7fac79c73000-7fac79d70000 rw-p 00000000 00:00 0 
7fac79d70000-7fac79d73000 ---p 00000000 00:00 0 
7fac79d73000-7fac79e71000 rw-p 00000000 00:00 0 
7fac79e71000-7fac79e74000 ---p 00000000 00:00 0 
7fac79e74000-7fac79f72000 rw-p 00000000 00:00 0 
7fac79f72000-7fac79f75000 ---p 00000000 00:00 0 
7fac79f75000-7fac7a073000 rw-p 00000000 00:00 0 
7fac7a073000-7fac7a074000 ---p 00000000 00:00 0 
7fac7a074000-7fac7ab0d000 rw-p 00000000 00:00 0 
7fac7ab0d000-7fac7acdf000 r--s 044c8000 fd:01 3547836                    /usr/lib/jvm/java-1.8.0-openjdk-1.8.0.392.b08-2.el7_9.x86_64/jre/lib/rt.jar
7fac7acdf000-7fac7b19f000 rw-p 00000000 00:00 0 
7fac7b19f000-7fac7b4df000 ---p 00000000 00:00 0 
7fac7b4df000-7fac7bc7f000 rw-p 00000000 00:00 0 
7fac7bc7f000-7fac7bc80000 ---p 00000000 00:00 0 
7fac7bc80000-7fac7bdd2000 rw-p 00000000 00:00 0 
7fac7bdd2000-7fac7c296000 ---p 00000000 00:00 0 
7fac7c296000-7fac7c2e8000 rw-p 00000000 00:00 0 
7fac7c2e8000-7fac7c7ab000 ---p 00000000 00:00 0 
7fac7c7ab000-7fac7c830000 rw-p 00000000 00:00 0 
7fac7c830000-7fac7ca36000 ---p 00000000 00:00 0 
7fac7ca36000-7fac7ca45000 rw-p 00000000 00:00 0 
7fac7ca45000-7fac7cdf7000 ---p 00000000 00:00 0 
7fac7cdf7000-7fac7d177000 rwxp 00000000 00:00 0 
7fac7d177000-7fac8bdf7000 ---p 00000000 00:00 0 
7fac8bdf7000-7fac8bdff000 r-xp 00000000 fd:01 3547776                    /usr/lib/jvm/java-1.8.0-openjdk-1.8.0.392.b08-2.el7_9.x86_64/jre/lib/amd64/libzip.so
7fac8bdff000-7fac8bffe000 ---p 00008000 fd:01 3547776                    /usr/lib/jvm/java-1.8.0-openjdk-1.8.0.392.b08-2.el7_9.x86_64/jre/lib/amd64/libzip.so
7fac8bffe000-7fac8bfff000 r--p 00007000 fd:01 3547776                    /usr/lib/jvm/java-1.8.0-openjdk-1.8.0.392.b08-2.el7_9.x86_64/jre/lib/amd64/libzip.so
7fac8bfff000-7fac8c000000 rw-p 00008000 fd:01 3547776                    /usr/lib/jvm/java-1.8.0-openjdk-1.8.0.392.b08-2.el7_9.x86_64/jre/lib/amd64/libzip.so
7fac8c000000-7fac8c4b6000 rw-p 00000000 00:00 0 
7fac8c4b6000-7fac90000000 ---p 00000000 00:00 0 
7fac90006000-7fac9000f000 r--s 000ed000 fd:01 3549795                    /usr/share/java/pdftk.jar
7fac9000f000-7fac900e0000 rw-p 00000000 00:00 0 
7fac900e0000-7fac900e1000 ---p 00000000 00:00 0 
7fac900e1000-7fac901e1000 rw-p 00000000 00:00 0 
7fac901e1000-7fac901ed000 r-xp 00000000 fd:01 1070102                    /usr/lib64/libnss_files-2.17.so
7fac901ed000-7fac903ec000 ---p 0000c000 fd:01 1070102                    /usr/lib64/libnss_files-2.17.so
7fac903ec000-7fac903ed000 r--p 0000b000 fd:01 1070102                    /usr/lib64/libnss_files-2.17.so
7fac903ed000-7fac903ee000 rw-p 0000c000 fd:01 1070102                    /usr/lib64/libnss_files-2.17.so
7fac903ee000-7fac903f4000 rw-p 00000000 00:00 0 
7fac903f4000-7fac9041e000 r-xp 00000000 fd:01 3547758                    /usr/lib/jvm/java-1.8.0-openjdk-1.8.0.392.b08-2.el7_9.x86_64/jre/lib/amd64/libjava.so
7fac9041e000-7fac9061d000 ---p 0002a000 fd:01 3547758                    /usr/lib/jvm/java-1.8.0-openjdk-1.8.0.392.b08-2.el7_9.x86_64/jre/lib/amd64/libjava.so
7fac9061d000-7fac9061e000 r--p 00029000 fd:01 3547758                    /usr/lib/jvm/java-1.8.0-openjdk-1.8.0.392.b08-2.el7_9.x86_64/jre/lib/amd64/libjava.so
7fac9061e000-7fac90620000 rw-p 0002a000 fd:01 3547758                    /usr/lib/jvm/java-1.8.0-openjdk-1.8.0.392.b08-2.el7_9.x86_64/jre/lib/amd64/libjava.so
7fac90620000-7fac9062d000 r-xp 00000000 fd:01 3547775                    /usr/lib/jvm/java-1.8.0-openjdk-1.8.0.392.b08-2.el7_9.x86_64/jre/lib/amd64/libverify.so
7fac9062d000-7fac9082c000 ---p 0000d000 fd:01 3547775                    /usr/lib/jvm/java-1.8.0-openjdk-1.8.0.392.b08-2.el7_9.x86_64/jre/lib/amd64/libverify.so
7fac9082c000-7fac9082e000 r--p 0000c000 fd:01 3547775                    /usr/lib/jvm/java-1.8.0-openjdk-1.8.0.392.b08-2.el7_9.x86_64/jre/lib/amd64/libverify.so
7fac9082e000-7fac9082f000 rw-p 0000e000 fd:01 3547775                    /usr/lib/jvm/java-1.8.0-openjdk-1.8.0.392.b08-2.el7_9.x86_64/jre/lib/amd64/libverify.so
7fac9082f000-7fac90836000 r-xp 00000000 fd:01 1070110                    /usr/lib64/librt-2.17.so
7fac90836000-7fac90a35000 ---p 00007000 fd:01 1070110                    /usr/lib64/librt-2.17.so
7fac90a35000-7fac90a36000 r--p 00006000 fd:01 1070110                    /usr/lib64/librt-2.17.so
7fac90a36000-7fac90a37000 rw-p 00007000 fd:01 1070110                    /usr/lib64/librt-2.17.so
7fac90a37000-7fac90a4c000 r-xp 00000000 fd:01 1058473                    /usr/lib64/libgcc_s-4.8.5-20150702.so.1
7fac90a4c000-7fac90c4b000 ---p 00015000 fd:01 1058473                    /usr/lib64/libgcc_s-4.8.5-20150702.so.1
7fac90c4b000-7fac90c4c000 r--p 00014000 fd:01 1058473                    /usr/lib64/libgcc_s-4.8.5-20150702.so.1
7fac90c4c000-7fac90c4d000 rw-p 00015000 fd:01 1058473                    /usr/lib64/libgcc_s-4.8.5-20150702.so.1
7fac90c4d000-7fac90d4e000 r-xp 00000000 fd:01 1050419                    /usr/lib64/libm-2.17.so
7fac90d4e000-7fac90f4d000 ---p 00101000 fd:01 1050419                    /usr/lib64/libm-2.17.so
7fac90f4d000-7fac90f4e000 r--p 00100000 fd:01 1050419                    /usr/lib64/libm-2.17.so
7fac90f4e000-7fac90f4f000 rw-p 00101000 fd:01 1050419                    /usr/lib64/libm-2.17.so
7fac90f4f000-7fac91038000 r-xp 00000000 fd:01 1066701                    /usr/lib64/libstdc++.so.6.0.19
7fac91038000-7fac91238000 ---p 000e9000 fd:01 1066701                    /usr/lib64/libstdc++.so.6.0.19
7fac91238000-7fac91240000 r--p 000e9000 fd:01 1066701                    /usr/lib64/libstdc++.so.6.0.19
7fac91240000-7fac91242000 rw-p 000f1000 fd:01 1066701                    /usr/lib64/libstdc++.so.6.0.19
7fac91242000-7fac91257000 rw-p 00000000 00:00 0 
7fac91257000-7fac91ffa000 r-xp 00000000 fd:01 3547780                    /usr/lib/jvm/java-1.8.0-openjdk-1.8.0.392.b08-2.el7_9.x86_64/jre/lib/amd64/server/libjvm.so
7fac91ffa000-7fac921fa000 ---p 00da3000 fd:01 3547780                    /usr/lib/jvm/java-1.8.0-openjdk-1.8.0.392.b08-2.el7_9.x86_64/jre/lib/amd64/server/libjvm.so
7fac921fa000-7fac922a8000 r--p 00da3000 fd:01 3547780                    /usr/lib/jvm/java-1.8.0-openjdk-1.8.0.392.b08-2.el7_9.x86_64/jre/lib/amd64/server/libjvm.so
7fac922a8000-7fac922d3000 rw-p 00e51000 fd:01 3547780                    /usr/lib/jvm/java-1.8.0-openjdk-1.8.0.392.b08-2.el7_9.x86_64/jre/lib/amd64/server/libjvm.so
7fac922d3000-7fac92309000 rw-p 00000000 00:00 0 
7fac92309000-7fac924cd000 r-xp 00000000 fd:01 1049986                    /usr/lib64/libc-2.17.so
7fac924cd000-7fac926cc000 ---p 001c4000 fd:01 1049986                    /usr/lib64/libc-2.17.so
7fac926cc000-7fac926d0000 r--p 001c3000 fd:01 1049986                    /usr/lib64/libc-2.17.so
7fac926d0000-7fac926d2000 rw-p 001c7000 fd:01 1049986                    /usr/lib64/libc-2.17.so
7fac926d2000-7fac926d7000 rw-p 00000000 00:00 0 
7fac926d7000-7fac926d9000 r-xp 00000000 fd:01 1050417                    /usr/lib64/libdl-2.17.so
7fac926d9000-7fac928d9000 ---p 00002000 fd:01 1050417                    /usr/lib64/libdl-2.17.so
7fac928d9000-7fac928da000 r--p 00002000 fd:01 1050417                    /usr/lib64/libdl-2.17.so
7fac928da000-7fac928db000 rw-p 00003000 fd:01 1050417                    /usr/lib64/libdl-2.17.so
7fac928db000-7fac928e9000 r-xp 00000000 fd:01 3547745                    /usr/lib/jvm/java-1.8.0-openjdk-1.8.0.392.b08-2.el7_9.x86_64/jre/lib/amd64/jli/libjli.so
7fac928e9000-7fac92ae8000 ---p 0000e000 fd:01 3547745                    /usr/lib/jvm/java-1.8.0-openjdk-1.8.0.392.b08-2.el7_9.x86_64/jre/lib/amd64/jli/libjli.so
7fac92ae8000-7fac92ae9000 r--p 0000d000 fd:01 3547745                    /usr/lib/jvm/java-1.8.0-openjdk-1.8.0.392.b08-2.el7_9.x86_64/jre/lib/amd64/jli/libjli.so
7fac92ae9000-7fac92aea000 rw-p 0000e000 fd:01 3547745                    /usr/lib/jvm/java-1.8.0-openjdk-1.8.0.392.b08-2.el7_9.x86_64/jre/lib/amd64/jli/libjli.so
7fac92aea000-7fac92aff000 r-xp 00000000 fd:01 1070125                    /usr/lib64/libz.so.1.2.7
7fac92aff000-7fac92cfe000 ---p 00015000 fd:01 1070125                    /usr/lib64/libz.so.1.2.7
7fac92cfe000-7fac92cff000 r--p 00014000 fd:01 1070125                    /usr/lib64/libz.so.1.2.7
7fac92cff000-7fac92d00000 rw-p 00015000 fd:01 1070125                    /usr/lib64/libz.so.1.2.7
7fac92d00000-7fac92d17000 r-xp 00000000 fd:01 1050012                    /usr/lib64/libpthread-2.17.so
7fac92d17000-7fac92f16000 ---p 00017000 fd:01 1050012                    /usr/lib64/libpthread-2.17.so
7fac92f16000-7fac92f17000 r--p 00016000 fd:01 1050012                    /usr/lib64/libpthread-2.17.so
7fac92f17000-7fac92f18000 rw-p 00017000 fd:01 1050012                    /usr/lib64/libpthread-2.17.so
7fac92f18000-7fac92f1c000 rw-p 00000000 00:00 0 
7fac92f1c000-7fac92f3e000 r-xp 00000000 fd:01 1050409                    /usr/lib64/ld-2.17.so
7fac92f46000-7fac92f4b000 r--s 00048000 fd:01 3549788                    /usr/share/java/apache-commons-lang3.jar
7fac92f4b000-7fac92f51000 r--s 000f6000 fd:01 3547819                    /usr/lib/jvm/java-1.8.0-openjdk-1.8.0.392.b08-2.el7_9.x86_64/jre/lib/jfr.jar
7fac92f51000-7fac93028000 rw-p 00000000 00:00 0 
7fac93028000-7fac9302c000 ---p 00000000 00:00 0 
7fac9302c000-7fac9312e000 rw-p 00000000 00:00 0 
7fac93131000-7fac93132000 rw-p 00000000 00:00 0 
7fac93132000-7fac9313a000 rw-s 00000000 fd:01 2626728                    /tmp/hsperfdata_www/8933
7fac9313a000-7fac9313b000 rw-p 00000000 00:00 0 
7fac9313b000-7fac9313c000 ---p 00000000 00:00 0 
7fac9313c000-7fac9313d000 rw-p 00000000 00:00 0 
7fac9313d000-7fac9313e000 r--p 00021000 fd:01 1050409                    /usr/lib64/ld-2.17.so
7fac9313e000-7fac9313f000 rw-p 00022000 fd:01 1050409                    /usr/lib64/ld-2.17.so
7fac9313f000-7fac93140000 rw-p 00000000 00:00 0 
7ffecdfcd000-7ffecdfee000 rw-p 00000000 00:00 0                          [stack]
7ffecdff1000-7ffecdff3000 r-xp 00000000 00:00 0                          [vdso]
ffffffffff600000-ffffffffff601000 r-xp 00000000 00:00 0                  [vsyscall]

VM Arguments:
java_command: com.gitlab.pdftk_java.pdftk /www/wwwroot/print/public/uploads/20240327/1a60dac02d825645b38d30843a4223b5.pdf dump_data
java_class_path (initial): /usr/share/java/bcprov.jar:/usr/share/java/commons-lang3.jar:/usr/share/java/pdftk.jar
Launcher Type: SUN_STANDARD

Environment Variables:

Signal Handlers:
SIGSEGV: [libjvm.so+0xb6a6a0], sa_mask[0]=11111111011111111101111111111110, sa_flags=SA_RESTART|SA_SIGINFO
SIGBUS: [libjvm.so+0xb6a6a0], sa_mask[0]=11111111011111111101111111111110, sa_flags=SA_RESTART|SA_SIGINFO
SIGFPE: [libjvm.so+0x93fef0], sa_mask[0]=11111111011111111101111111111110, sa_flags=SA_RESTART|SA_SIGINFO
SIGPIPE: [libjvm.so+0x93fef0], sa_mask[0]=11111111011111111101111111111110, sa_flags=SA_RESTART|SA_SIGINFO
SIGXFSZ: [libjvm.so+0x93fef0], sa_mask[0]=11111111011111111101111111111110, sa_flags=SA_RESTART|SA_SIGINFO
SIGILL: [libjvm.so+0x93fef0], sa_mask[0]=11111111011111111101111111111110, sa_flags=SA_RESTART|SA_SIGINFO
SIGUSR1: SIG_DFL, sa_mask[0]=00000000000000000000000000000000, sa_flags=none
SIGUSR2: [libjvm.so+0x940060], sa_mask[0]=00000000000000000000000000000000, sa_flags=SA_RESTART|SA_SIGINFO
SIGHUP: [libjvm.so+0x93ffb0], sa_mask[0]=11111111011111111101111111111110, sa_flags=SA_RESTART|SA_SIGINFO
SIGINT: [libjvm.so+0x93ffb0], sa_mask[0]=11111111011111111101111111111110, sa_flags=SA_RESTART|SA_SIGINFO
SIGTERM: [libjvm.so+0x93ffb0], sa_mask[0]=11111111011111111101111111111110, sa_flags=SA_RESTART|SA_SIGINFO
SIGQUIT: [libjvm.so+0x93ffb0], sa_mask[0]=11111111011111111101111111111110, sa_flags=SA_RESTART|SA_SIGINFO


---------------  S Y S T E M  ---------------

OS:CentOS Linux release 7.9.2009 (Core)

uname:Linux 3.10.0-1160.105.1.el7.x86_64 #1 SMP Thu Dec 7 15:39:45 UTC 2023 x86_64
libc:glibc 2.17 NPTL 2.17 
rlimit: STACK 8192k, CORE 0k, NPROC 62381, NOFILE 4096, AS infinity
load average:0.41 0.11 0.08

/proc/meminfo:
MemTotal:       15990628 kB
MemFree:          175448 kB
MemAvailable:     187384 kB
Buffers:            5164 kB
Cached:           238916 kB
SwapCached:            0 kB
Active:         14838800 kB
Inactive:         120096 kB
Active(anon):   14715048 kB
Inactive(anon):      580 kB
Active(file):     123752 kB
Inactive(file):   119516 kB
Unevictable:           0 kB
Mlocked:               0 kB
SwapTotal:             0 kB
SwapFree:              0 kB
Dirty:             16140 kB
Writeback:             0 kB
AnonPages:      14714904 kB
Mapped:            39612 kB
Shmem:               972 kB
Slab:             258104 kB
SReclaimable:      42888 kB
SUnreclaim:       215216 kB
KernelStack:       19840 kB
PageTables:       214464 kB
NFS_Unstable:          0 kB
Bounce:                0 kB
WritebackTmp:          0 kB
CommitLimit:     7995312 kB
Committed_AS:   23856152 kB
VmallocTotal:   34359738367 kB
VmallocUsed:       33464 kB
VmallocChunk:   34359699964 kB
Percpu:              424 kB
HardwareCorrupted:     0 kB
AnonHugePages:   1005568 kB
CmaTotal:              0 kB
CmaFree:               0 kB
HugePages_Total:       0
HugePages_Free:        0
HugePages_Rsvd:        0
HugePages_Surp:        0
Hugepagesize:       2048 kB
DirectMap4k:       74424 kB
DirectMap2M:     4888576 kB
DirectMap1G:    11534336 kB

container (cgroup) information:
container_type: cgroupv1
cpu_cpuset_cpus: 0-1
cpu_memory_nodes: 0
active_processor_count: 2
cpu_quota: -1
cpu_period: 100000
cpu_shares: -1
memory_limit_in_bytes: -1
memory_and_swap_limit_in_bytes: -1
memory_soft_limit_in_bytes: -1
memory_usage_in_bytes: 15318204416
memory_max_usage_in_bytes: 0


CPU:total 2 (initial active 2) (1 cores per cpu, 2 threads per core) family 6 model 85 stepping 7, cmov, cx8, fxsr, mmx, sse, sse2, sse3, ssse3, sse4.1, sse4.2, popcnt, avx, avx2, aes, clmul, erms, rtm, 3dnowpref, lzcnt, ht, tsc, tscinvbit, bmi1, bmi2, adx

/proc/cpuinfo:
processor	: 0
vendor_id	: GenuineIntel
cpu family	: 6
model		: 85
model name	: Intel(R) Xeon(R) Platinum 8269CY CPU @ 2.50GHz
stepping	: 7
microcode	: 0x1
cpu MHz		: 2500.002
cache size	: 36608 KB
physical id	: 0
siblings	: 2
core id		: 0
cpu cores	: 1
apicid		: 0
initial apicid	: 0
fpu		: yes
fpu_exception	: yes
cpuid level	: 22
wp		: yes
flags		: fpu vme de pse tsc msr pae mce cx8 apic sep mtrr pge mca cmov pat pse36 clflush mmx fxsr sse sse2 ss ht syscall nx pdpe1gb rdtscp lm constant_tsc rep_good nopl xtopology nonstop_tsc eagerfpu pni pclmulqdq monitor ssse3 fma cx16 pcid sse4_1 sse4_2 x2apic movbe popcnt aes xsave avx f16c rdrand hypervisor lahf_lm abm 3dnowprefetch invpcid_single rsb_ctxsw fsgsbase tsc_adjust bmi1 hle avx2 smep bmi2 erms invpcid rtm mpx avx512f avx512dq rdseed adx smap clflushopt clwb avx512cd avx512bw avx512vl xsaveopt xsavec xgetbv1 arat avx512_vnni
bogomips	: 5000.00
clflush size	: 64
cache_alignment	: 64
address sizes	: 46 bits physical, 48 bits virtual
power management:

processor	: 1
vendor_id	: GenuineIntel
cpu family	: 6
model		: 85
model name	: Intel(R) Xeon(R) Platinum 8269CY CPU @ 2.50GHz
stepping	: 7
microcode	: 0x1
cpu MHz		: 2500.002
cache size	: 36608 KB
physical id	: 0
siblings	: 2
core id		: 0
cpu cores	: 1
apicid		: 1
initial apicid	: 1
fpu		: yes
fpu_exception	: yes
cpuid level	: 22
wp		: yes
flags		: fpu vme de pse tsc msr pae mce cx8 apic sep mtrr pge mca cmov pat pse36 clflush mmx fxsr sse sse2 ss ht syscall nx pdpe1gb rdtscp lm constant_tsc rep_good nopl xtopology nonstop_tsc eagerfpu pni pclmulqdq monitor ssse3 fma cx16 pcid sse4_1 sse4_2 x2apic movbe popcnt aes xsave avx f16c rdrand hypervisor lahf_lm abm 3dnowprefetch invpcid_single rsb_ctxsw fsgsbase tsc_adjust bmi1 hle avx2 smep bmi2 erms invpcid rtm mpx avx512f avx512dq rdseed adx smap clflushopt clwb avx512cd avx512bw avx512vl xsaveopt xsavec xgetbv1 arat avx512_vnni
bogomips	: 5000.00
clflush size	: 64
cache_alignment	: 64
address sizes	: 46 bits physical, 48 bits virtual
power management:



Memory: 4k page, physical 15990628k(175448k free), swap 0k(0k free)

vm_info: OpenJDK 64-Bit Server VM (25.392-b08) for linux-amd64 JRE (1.8.0_392-b08), built on Nov 14 2023 16:31:55 by "mockbuild" with gcc 4.8.5 20150623 (Red Hat 4.8.5-44)

time: Wed Mar 27 01:23:38 2024
timezone: CST
elapsed time: 7.776330 seconds (0d 0h 0m 7s)

