#
# There is insufficient memory for the Java Runtime Environment to continue.
# Native memory allocation (mmap) failed to map 170917888 bytes for committing reserved memory.
# Possible reasons:
#   The system is out of physical RAM or swap space
#   The process is running with CompressedOops enabled, and the Java Heap may be blocking the growth of the native heap
# Possible solutions:
#   Reduce memory load on the system
#   Increase physical memory or swap space
#   Check if swap backing store is full
#   Decrease Java heap size (-Xmx/-Xms)
#   Decrease number of Java threads
#   Decrease Java thread stack sizes (-Xss)
#   Set larger code cache with -XX:ReservedCodeCacheSize=
# This output file may be truncated or incomplete.
#
#  Out of Memory Error (os_linux.cpp:2791), pid=19045, tid=0x00007ff37361b700
#
# JRE version:  (8.0_392-b08) (build )
# Java VM: OpenJDK 64-Bit Server VM (25.392-b08 mixed mode linux-amd64 compressed oops)
# Failed to write core dump. Core dumps have been disabled. To enable core dumping, try "ulimit -c unlimited" before starting Java again
#

---------------  T H R E A D  ---------------

Current thread (0x00007ff36c04b800):  JavaThread "Unknown thread" [_thread_in_vm, id=19046, stack(0x00007ff37351c000,0x00007ff37361c000)]

Stack: [0x00007ff37351c000,0x00007ff37361c000],  sp=0x00007ff37361a600,  free space=1017k
Native frames: (J=compiled Java code, j=interpreted, Vv=VM code, C=native code)
V  [libjvm.so+0xb69c5d]  VMError::report_and_die()+0x1cd
V  [libjvm.so+0x50d67a]  report_vm_out_of_memory(char const*, int, unsigned long, VMErrorType, char const*)+0xaa
V  [libjvm.so+0x944e08]  os::pd_commit_memory(char*, unsigned long, unsigned long, bool)+0xd8
V  [libjvm.so+0x93ecce]  os::commit_memory(char*, unsigned long, unsigned long, bool)+0x2e
V  [libjvm.so+0x9bcaab]  PSVirtualSpace::expand_by(unsigned long)+0x5b
V  [libjvm.so+0x9addd8]  PSOldGen::initialize(ReservedSpace, unsigned long, char const*, int)+0xa8
V  [libjvm.so+0x2f2153]  AdjoiningGenerations::AdjoiningGenerations(ReservedSpace, GenerationSizer*, unsigned long)+0x373
V  [libjvm.so+0x96ce10]  ParallelScavengeHeap::initialize()+0x220
V  [libjvm.so+0xb32ab9]  Universe::initialize_heap()+0x159
V  [libjvm.so+0xb32d62]  universe_init()+0x42
V  [libjvm.so+0x649c4f]  init_globals()+0x6f
V  [libjvm.so+0xb150ff]  Threads::create_vm(JavaVMInitArgs*, bool*)+0x29f
V  [libjvm.so+0x71cabd]  JNI_CreateJavaVM+0x5d
C  [libjli.so+0x3043]  JavaMain+0xa3
C  [libpthread.so.0+0x7ea5]  start_thread+0xc5


---------------  P R O C E S S  ---------------

Java Threads: ( => current thread )

Other Threads:

=>0x00007ff36c04b800 (exited) JavaThread "Unknown thread" [_thread_in_vm, id=19046, stack(0x00007ff37351c000,0x00007ff37361c000)]

VM state:not at safepoint (not fully initialized)

VM Mutex/Monitor currently owned by a thread: None

heap address: 0x00000006cc000000, size: 3904 MB, Compressed Oops mode: Non-zero based:0x00000006cbfff000, Oop shift amount: 3
Narrow klass base: 0x0000000000000000, Narrow klass shift: 0

GC Heap History (0 events):
No events

Deoptimization events (0 events):
No events

Classes redefined (0 events):
No events

Internal exceptions (0 events):
No events

Events (0 events):
No events


Dynamic libraries:
6d6300000-76eb00000 ---p 00000000 00:00 0 
76eb00000-773c00000 rw-p 00000000 00:00 0 
773c00000-7c0000000 ---p 00000000 00:00 0 
55fde1ff4000-55fde1ff5000 r-xp 00000000 fd:01 3547731                    /usr/lib/jvm/java-1.8.0-openjdk-1.8.0.392.b08-2.el7_9.x86_64/jre/bin/java
55fde21f4000-55fde21f5000 r--p 00000000 fd:01 3547731                    /usr/lib/jvm/java-1.8.0-openjdk-1.8.0.392.b08-2.el7_9.x86_64/jre/bin/java
55fde21f5000-55fde21f6000 rw-p 00001000 fd:01 3547731                    /usr/lib/jvm/java-1.8.0-openjdk-1.8.0.392.b08-2.el7_9.x86_64/jre/bin/java
55fde411c000-55fde413d000 rw-p 00000000 00:00 0                          [heap]
7ff35c6a3000-7ff35c85f000 rw-p 00000000 00:00 0 
7ff35c85f000-7ff35cd74000 ---p 00000000 00:00 0 
7ff35cd74000-7ff35cd9d000 rw-p 00000000 00:00 0 
7ff35cd9d000-7ff35cfff000 ---p 00000000 00:00 0 
7ff35cfff000-7ff35d000000 rw-p 00000000 00:00 0 
7ff35d000000-7ff35d270000 rwxp 00000000 00:00 0 
7ff35d270000-7ff36c000000 ---p 00000000 00:00 0 
7ff36c000000-7ff36c072000 rw-p 00000000 00:00 0 
7ff36c072000-7ff370000000 ---p 00000000 00:00 0 
7ff370008000-7ff370115000 rw-p 00000000 00:00 0 
7ff370115000-7ff3704cb000 ---p 00000000 00:00 0 
7ff3704cb000-7ff3704d3000 r-xp 00000000 fd:01 3547776                    /usr/lib/jvm/java-1.8.0-openjdk-1.8.0.392.b08-2.el7_9.x86_64/jre/lib/amd64/libzip.so
7ff3704d3000-7ff3706d2000 ---p 00008000 fd:01 3547776                    /usr/lib/jvm/java-1.8.0-openjdk-1.8.0.392.b08-2.el7_9.x86_64/jre/lib/amd64/libzip.so
7ff3706d2000-7ff3706d3000 r--p 00007000 fd:01 3547776                    /usr/lib/jvm/java-1.8.0-openjdk-1.8.0.392.b08-2.el7_9.x86_64/jre/lib/amd64/libzip.so
7ff3706d3000-7ff3706d4000 rw-p 00008000 fd:01 3547776                    /usr/lib/jvm/java-1.8.0-openjdk-1.8.0.392.b08-2.el7_9.x86_64/jre/lib/amd64/libzip.so
7ff3706d4000-7ff3706e0000 r-xp 00000000 fd:01 1070102                    /usr/lib64/libnss_files-2.17.so
7ff3706e0000-7ff3708df000 ---p 0000c000 fd:01 1070102                    /usr/lib64/libnss_files-2.17.so
7ff3708df000-7ff3708e0000 r--p 0000b000 fd:01 1070102                    /usr/lib64/libnss_files-2.17.so
7ff3708e0000-7ff3708e1000 rw-p 0000c000 fd:01 1070102                    /usr/lib64/libnss_files-2.17.so
7ff3708e1000-7ff3708e7000 rw-p 00000000 00:00 0 
7ff3708e7000-7ff370911000 r-xp 00000000 fd:01 3547758                    /usr/lib/jvm/java-1.8.0-openjdk-1.8.0.392.b08-2.el7_9.x86_64/jre/lib/amd64/libjava.so
7ff370911000-7ff370b10000 ---p 0002a000 fd:01 3547758                    /usr/lib/jvm/java-1.8.0-openjdk-1.8.0.392.b08-2.el7_9.x86_64/jre/lib/amd64/libjava.so
7ff370b10000-7ff370b11000 r--p 00029000 fd:01 3547758                    /usr/lib/jvm/java-1.8.0-openjdk-1.8.0.392.b08-2.el7_9.x86_64/jre/lib/amd64/libjava.so
7ff370b11000-7ff370b13000 rw-p 0002a000 fd:01 3547758                    /usr/lib/jvm/java-1.8.0-openjdk-1.8.0.392.b08-2.el7_9.x86_64/jre/lib/amd64/libjava.so
7ff370b13000-7ff370b20000 r-xp 00000000 fd:01 3547775                    /usr/lib/jvm/java-1.8.0-openjdk-1.8.0.392.b08-2.el7_9.x86_64/jre/lib/amd64/libverify.so
7ff370b20000-7ff370d1f000 ---p 0000d000 fd:01 3547775                    /usr/lib/jvm/java-1.8.0-openjdk-1.8.0.392.b08-2.el7_9.x86_64/jre/lib/amd64/libverify.so
7ff370d1f000-7ff370d21000 r--p 0000c000 fd:01 3547775                    /usr/lib/jvm/java-1.8.0-openjdk-1.8.0.392.b08-2.el7_9.x86_64/jre/lib/amd64/libverify.so
7ff370d21000-7ff370d22000 rw-p 0000e000 fd:01 3547775                    /usr/lib/jvm/java-1.8.0-openjdk-1.8.0.392.b08-2.el7_9.x86_64/jre/lib/amd64/libverify.so
7ff370d22000-7ff370d29000 r-xp 00000000 fd:01 1070110                    /usr/lib64/librt-2.17.so
7ff370d29000-7ff370f28000 ---p 00007000 fd:01 1070110                    /usr/lib64/librt-2.17.so
7ff370f28000-7ff370f29000 r--p 00006000 fd:01 1070110                    /usr/lib64/librt-2.17.so
7ff370f29000-7ff370f2a000 rw-p 00007000 fd:01 1070110                    /usr/lib64/librt-2.17.so
7ff370f2a000-7ff370f3f000 r-xp 00000000 fd:01 1058473                    /usr/lib64/libgcc_s-4.8.5-20150702.so.1
7ff370f3f000-7ff37113e000 ---p 00015000 fd:01 1058473                    /usr/lib64/libgcc_s-4.8.5-20150702.so.1
7ff37113e000-7ff37113f000 r--p 00014000 fd:01 1058473                    /usr/lib64/libgcc_s-4.8.5-20150702.so.1
7ff37113f000-7ff371140000 rw-p 00015000 fd:01 1058473                    /usr/lib64/libgcc_s-4.8.5-20150702.so.1
7ff371140000-7ff371241000 r-xp 00000000 fd:01 1050419                    /usr/lib64/libm-2.17.so
7ff371241000-7ff371440000 ---p 00101000 fd:01 1050419                    /usr/lib64/libm-2.17.so
7ff371440000-7ff371441000 r--p 00100000 fd:01 1050419                    /usr/lib64/libm-2.17.so
7ff371441000-7ff371442000 rw-p 00101000 fd:01 1050419                    /usr/lib64/libm-2.17.so
7ff371442000-7ff37152b000 r-xp 00000000 fd:01 1066701                    /usr/lib64/libstdc++.so.6.0.19
7ff37152b000-7ff37172b000 ---p 000e9000 fd:01 1066701                    /usr/lib64/libstdc++.so.6.0.19
7ff37172b000-7ff371733000 r--p 000e9000 fd:01 1066701                    /usr/lib64/libstdc++.so.6.0.19
7ff371733000-7ff371735000 rw-p 000f1000 fd:01 1066701                    /usr/lib64/libstdc++.so.6.0.19
7ff371735000-7ff37174a000 rw-p 00000000 00:00 0 
7ff37174a000-7ff3724ed000 r-xp 00000000 fd:01 3547780                    /usr/lib/jvm/java-1.8.0-openjdk-1.8.0.392.b08-2.el7_9.x86_64/jre/lib/amd64/server/libjvm.so
7ff3724ed000-7ff3726ed000 ---p 00da3000 fd:01 3547780                    /usr/lib/jvm/java-1.8.0-openjdk-1.8.0.392.b08-2.el7_9.x86_64/jre/lib/amd64/server/libjvm.so
7ff3726ed000-7ff37279b000 r--p 00da3000 fd:01 3547780                    /usr/lib/jvm/java-1.8.0-openjdk-1.8.0.392.b08-2.el7_9.x86_64/jre/lib/amd64/server/libjvm.so
7ff37279b000-7ff3727c6000 rw-p 00e51000 fd:01 3547780                    /usr/lib/jvm/java-1.8.0-openjdk-1.8.0.392.b08-2.el7_9.x86_64/jre/lib/amd64/server/libjvm.so
7ff3727c6000-7ff3727fc000 rw-p 00000000 00:00 0 
7ff3727fc000-7ff3729c0000 r-xp 00000000 fd:01 1049986                    /usr/lib64/libc-2.17.so
7ff3729c0000-7ff372bbf000 ---p 001c4000 fd:01 1049986                    /usr/lib64/libc-2.17.so
7ff372bbf000-7ff372bc3000 r--p 001c3000 fd:01 1049986                    /usr/lib64/libc-2.17.so
7ff372bc3000-7ff372bc5000 rw-p 001c7000 fd:01 1049986                    /usr/lib64/libc-2.17.so
7ff372bc5000-7ff372bca000 rw-p 00000000 00:00 0 
7ff372bca000-7ff372bcc000 r-xp 00000000 fd:01 1050417                    /usr/lib64/libdl-2.17.so
7ff372bcc000-7ff372dcc000 ---p 00002000 fd:01 1050417                    /usr/lib64/libdl-2.17.so
7ff372dcc000-7ff372dcd000 r--p 00002000 fd:01 1050417                    /usr/lib64/libdl-2.17.so
7ff372dcd000-7ff372dce000 rw-p 00003000 fd:01 1050417                    /usr/lib64/libdl-2.17.so
7ff372dce000-7ff372ddc000 r-xp 00000000 fd:01 3547745                    /usr/lib/jvm/java-1.8.0-openjdk-1.8.0.392.b08-2.el7_9.x86_64/jre/lib/amd64/jli/libjli.so
7ff372ddc000-7ff372fdb000 ---p 0000e000 fd:01 3547745                    /usr/lib/jvm/java-1.8.0-openjdk-1.8.0.392.b08-2.el7_9.x86_64/jre/lib/amd64/jli/libjli.so
7ff372fdb000-7ff372fdc000 r--p 0000d000 fd:01 3547745                    /usr/lib/jvm/java-1.8.0-openjdk-1.8.0.392.b08-2.el7_9.x86_64/jre/lib/amd64/jli/libjli.so
7ff372fdc000-7ff372fdd000 rw-p 0000e000 fd:01 3547745                    /usr/lib/jvm/java-1.8.0-openjdk-1.8.0.392.b08-2.el7_9.x86_64/jre/lib/amd64/jli/libjli.so
7ff372fdd000-7ff372ff2000 r-xp 00000000 fd:01 1070125                    /usr/lib64/libz.so.1.2.7
7ff372ff2000-7ff3731f1000 ---p 00015000 fd:01 1070125                    /usr/lib64/libz.so.1.2.7
7ff3731f1000-7ff3731f2000 r--p 00014000 fd:01 1070125                    /usr/lib64/libz.so.1.2.7
7ff3731f2000-7ff3731f3000 rw-p 00015000 fd:01 1070125                    /usr/lib64/libz.so.1.2.7
7ff3731f3000-7ff37320a000 r-xp 00000000 fd:01 1050012                    /usr/lib64/libpthread-2.17.so
7ff37320a000-7ff373409000 ---p 00017000 fd:01 1050012                    /usr/lib64/libpthread-2.17.so
7ff373409000-7ff37340a000 r--p 00016000 fd:01 1050012                    /usr/lib64/libpthread-2.17.so
7ff37340a000-7ff37340b000 rw-p 00017000 fd:01 1050012                    /usr/lib64/libpthread-2.17.so
7ff37340b000-7ff37340f000 rw-p 00000000 00:00 0 
7ff37340f000-7ff373431000 r-xp 00000000 fd:01 1050409                    /usr/lib64/ld-2.17.so
7ff3734da000-7ff37351b000 rw-p 00000000 00:00 0 
7ff37351b000-7ff37351f000 ---p 00000000 00:00 0 
7ff37351f000-7ff373621000 rw-p 00000000 00:00 0 
7ff373622000-7ff373625000 rw-p 00000000 00:00 0 
7ff373625000-7ff37362d000 rw-s 00000000 fd:01 2629727                    /tmp/hsperfdata_www/19045
7ff37362d000-7ff37362e000 rw-p 00000000 00:00 0 
7ff37362e000-7ff37362f000 r--p 00000000 00:00 0 
7ff37362f000-7ff373630000 rw-p 00000000 00:00 0 
7ff373630000-7ff373631000 r--p 00021000 fd:01 1050409                    /usr/lib64/ld-2.17.so
7ff373631000-7ff373632000 rw-p 00022000 fd:01 1050409                    /usr/lib64/ld-2.17.so
7ff373632000-7ff373633000 rw-p 00000000 00:00 0 
7ffcb9768000-7ffcb9789000 rw-p 00000000 00:00 0                          [stack]
7ffcb978d000-7ffcb978f000 r-xp 00000000 00:00 0                          [vdso]
ffffffffff600000-ffffffffff601000 r-xp 00000000 00:00 0                  [vsyscall]

VM Arguments:
java_command: JREProperties noaccessibility
java_class_path (initial): /usr/lib64/libreoffice/program
Launcher Type: SUN_STANDARD

Environment Variables:

Signal Handlers:
SIGSEGV: [libjvm.so+0xb6a6a0], sa_mask[0]=11111111011111111101111111111110, sa_flags=SA_RESTART|SA_SIGINFO
SIGBUS: [libjvm.so+0xb6a6a0], sa_mask[0]=11111111011111111101111111111110, sa_flags=SA_RESTART|SA_SIGINFO
SIGFPE: [libjvm.so+0x93fef0], sa_mask[0]=11111111011111111101111111111110, sa_flags=SA_RESTART|SA_SIGINFO
SIGPIPE: [libjvm.so+0x93fef0], sa_mask[0]=11111111011111111101111111111110, sa_flags=SA_RESTART|SA_SIGINFO
SIGXFSZ: [libjvm.so+0x93fef0], sa_mask[0]=11111111011111111101111111111110, sa_flags=SA_RESTART|SA_SIGINFO
SIGILL: [libjvm.so+0x93fef0], sa_mask[0]=11111111011111111101111111111110, sa_flags=SA_RESTART|SA_SIGINFO
SIGUSR1: SIG_DFL, sa_mask[0]=00000000000000000000000000000000, sa_flags=none
SIGUSR2: [libjvm.so+0x940060], sa_mask[0]=00000000000000000000000000000000, sa_flags=SA_RESTART|SA_SIGINFO
SIGHUP: SIG_DFL, sa_mask[0]=00000000000000000000000000000000, sa_flags=none
SIGINT: SIG_DFL, sa_mask[0]=00000000000000000000000000000000, sa_flags=none
SIGTERM: SIG_DFL, sa_mask[0]=00000000000000000000000000000000, sa_flags=none
SIGQUIT: SIG_DFL, sa_mask[0]=00000000000000000000000000000000, sa_flags=none


---------------  S Y S T E M  ---------------

OS:CentOS Linux release 7.9.2009 (Core)

uname:Linux 3.10.0-1160.105.1.el7.x86_64 #1 SMP Thu Dec 7 15:39:45 UTC 2023 x86_64
libc:glibc 2.17 NPTL 2.17 
rlimit: STACK 8192k, CORE 0k, NPROC 62381, NOFILE 4096, AS infinity
load average:1.03 3.67 3.23

/proc/meminfo:
MemTotal:       15990628 kB
MemFree:          150824 kB
MemAvailable:      73128 kB
Buffers:            8616 kB
Cached:           132748 kB
SwapCached:            0 kB
Active:         14979552 kB
Inactive:          74024 kB
Active(anon):   14912676 kB
Inactive(anon):      632 kB
Active(file):      66876 kB
Inactive(file):    73392 kB
Unevictable:           0 kB
Mlocked:               0 kB
SwapTotal:             0 kB
SwapFree:              0 kB
Dirty:               532 kB
Writeback:             0 kB
AnonPages:      14912452 kB
Mapped:            39776 kB
Shmem:              1024 kB
Slab:             219836 kB
SReclaimable:      40948 kB
SUnreclaim:       178888 kB
KernelStack:       29200 kB
PageTables:       276380 kB
NFS_Unstable:          0 kB
Bounce:                0 kB
WritebackTmp:          0 kB
CommitLimit:     7995312 kB
Committed_AS:   28399232 kB
VmallocTotal:   34359738367 kB
VmallocUsed:       33464 kB
VmallocChunk:   34359699964 kB
Percpu:              424 kB
HardwareCorrupted:     0 kB
AnonHugePages:    499712 kB
CmaTotal:              0 kB
CmaFree:               0 kB
HugePages_Total:       0
HugePages_Free:        0
HugePages_Rsvd:        0
HugePages_Surp:        0
Hugepagesize:       2048 kB
DirectMap4k:       74424 kB
DirectMap2M:     4888576 kB
DirectMap1G:    11534336 kB

container (cgroup) information:
container_type: cgroupv1
cpu_cpuset_cpus: 0-1
cpu_memory_nodes: 0
active_processor_count: 2
cpu_quota: -1
cpu_period: 100000
cpu_shares: -1
memory_limit_in_bytes: -1
memory_and_swap_limit_in_bytes: -1
memory_soft_limit_in_bytes: -1
memory_usage_in_bytes: 15415128064
memory_max_usage_in_bytes: 0


CPU:total 2 (initial active 2) (1 cores per cpu, 2 threads per core) family 6 model 85 stepping 7, cmov, cx8, fxsr, mmx, sse, sse2, sse3, ssse3, sse4.1, sse4.2, popcnt, avx, avx2, aes, clmul, erms, rtm, 3dnowpref, lzcnt, ht, tsc, tscinvbit, bmi1, bmi2, adx

/proc/cpuinfo:
processor	: 0
vendor_id	: GenuineIntel
cpu family	: 6
model		: 85
model name	: Intel(R) Xeon(R) Platinum 8269CY CPU @ 2.50GHz
stepping	: 7
microcode	: 0x1
cpu MHz		: 2500.002
cache size	: 36608 KB
physical id	: 0
siblings	: 2
core id		: 0
cpu cores	: 1
apicid		: 0
initial apicid	: 0
fpu		: yes
fpu_exception	: yes
cpuid level	: 22
wp		: yes
flags		: fpu vme de pse tsc msr pae mce cx8 apic sep mtrr pge mca cmov pat pse36 clflush mmx fxsr sse sse2 ss ht syscall nx pdpe1gb rdtscp lm constant_tsc rep_good nopl xtopology nonstop_tsc eagerfpu pni pclmulqdq monitor ssse3 fma cx16 pcid sse4_1 sse4_2 x2apic movbe popcnt aes xsave avx f16c rdrand hypervisor lahf_lm abm 3dnowprefetch invpcid_single rsb_ctxsw fsgsbase tsc_adjust bmi1 hle avx2 smep bmi2 erms invpcid rtm mpx avx512f avx512dq rdseed adx smap clflushopt clwb avx512cd avx512bw avx512vl xsaveopt xsavec xgetbv1 arat avx512_vnni
bogomips	: 5000.00
clflush size	: 64
cache_alignment	: 64
address sizes	: 46 bits physical, 48 bits virtual
power management:

processor	: 1
vendor_id	: GenuineIntel
cpu family	: 6
model		: 85
model name	: Intel(R) Xeon(R) Platinum 8269CY CPU @ 2.50GHz
stepping	: 7
microcode	: 0x1
cpu MHz		: 2500.002
cache size	: 36608 KB
physical id	: 0
siblings	: 2
core id		: 0
cpu cores	: 1
apicid		: 1
initial apicid	: 1
fpu		: yes
fpu_exception	: yes
cpuid level	: 22
wp		: yes
flags		: fpu vme de pse tsc msr pae mce cx8 apic sep mtrr pge mca cmov pat pse36 clflush mmx fxsr sse sse2 ss ht syscall nx pdpe1gb rdtscp lm constant_tsc rep_good nopl xtopology nonstop_tsc eagerfpu pni pclmulqdq monitor ssse3 fma cx16 pcid sse4_1 sse4_2 x2apic movbe popcnt aes xsave avx f16c rdrand hypervisor lahf_lm abm 3dnowprefetch invpcid_single rsb_ctxsw fsgsbase tsc_adjust bmi1 hle avx2 smep bmi2 erms invpcid rtm mpx avx512f avx512dq rdseed adx smap clflushopt clwb avx512cd avx512bw avx512vl xsaveopt xsavec xgetbv1 arat avx512_vnni
bogomips	: 5000.00
clflush size	: 64
cache_alignment	: 64
address sizes	: 46 bits physical, 48 bits virtual
power management:



Memory: 4k page, physical 15990628k(150824k free), swap 0k(0k free)

vm_info: OpenJDK 64-Bit Server VM (25.392-b08) for linux-amd64 JRE (1.8.0_392-b08), built on Nov 14 2023 16:31:55 by "mockbuild" with gcc 4.8.5 20150623 (Red Hat 4.8.5-44)

time: Mon Apr  1 23:56:45 2024
timezone: CST
elapsed time: 0.009927 seconds (0d 0h 0m 0s)

