#
# There is insufficient memory for the Java Runtime Environment to continue.
# Native memory allocation (mmap) failed to map 359661568 bytes for committing reserved memory.
# Possible reasons:
#   The system is out of physical RAM or swap space
#   The process is running with CompressedOops enabled, and the Java Heap may be blocking the growth of the native heap
# Possible solutions:
#   Reduce memory load on the system
#   Increase physical memory or swap space
#   Check if swap backing store is full
#   Decrease Java heap size (-Xmx/-Xms)
#   Decrease number of Java threads
#   Decrease Java thread stack sizes (-Xss)
#   Set larger code cache with -XX:ReservedCodeCacheSize=
#   JVM is running with Zero Based Compressed Oops mode in which the Java heap is
#     placed in the first 32GB address space. The Java Heap base address is the
#     maximum limit for the native heap growth. Please use -XX:HeapBaseMinAddress
#     to set the Java Heap base and to place the Java Heap above 32GB virtual address.
# This output file may be truncated or incomplete.
#
#  Out of Memory Error (os_linux.cpp:2791), pid=9287, tid=0x00007f75223ac700
#
# JRE version: OpenJDK Runtime Environment (8.0_392-b08) (build 1.8.0_392-b08)
# Java VM: OpenJDK 64-Bit Server VM (25.392-b08 mixed mode linux-amd64 compressed oops)
# Failed to write core dump. Core dumps have been disabled. To enable core dumping, try "ulimit -c unlimited" before starting Java again
#

---------------  T H R E A D  ---------------

Current thread (0x00007f75340d1800):  VMThread [stack: 0x00007f75222ad000,0x00007f75223ad000] [id=9306]

Stack: [0x00007f75222ad000,0x00007f75223ad000],  sp=0x00007f75223ab300,  free space=1016k
Native frames: (J=compiled Java code, j=interpreted, Vv=VM code, C=native code)
V  [libjvm.so+0xb69c5d]  VMError::report_and_die()+0x1cd
V  [libjvm.so+0x50d67a]  report_vm_out_of_memory(char const*, int, unsigned long, VMErrorType, char const*)+0xaa
V  [libjvm.so+0x944e08]  os::pd_commit_memory(char*, unsigned long, unsigned long, bool)+0xd8
V  [libjvm.so+0x93ecce]  os::commit_memory(char*, unsigned long, unsigned long, bool)+0x2e
V  [libjvm.so+0x9bcaab]  PSVirtualSpace::expand_by(unsigned long)+0x5b
V  [libjvm.so+0x9bd780]  PSYoungGen::resize_generation(unsigned long, unsigned long)+0xd0
V  [libjvm.so+0x9bdadb]  PSYoungGen::resize(unsigned long, unsigned long)+0x1b
V  [libjvm.so+0x9b9d27]  PSScavenge::invoke_no_policy()+0xde7
V  [libjvm.so+0x9ba4b8]  PSScavenge::invoke()+0x38
V  [libjvm.so+0x96c6d3]  ParallelScavengeHeap::failed_mem_allocate(unsigned long)+0x63
V  [libjvm.so+0xb6b8b3]  VM_ParallelGCFailedAllocation::doit()+0x93
V  [libjvm.so+0xb70ce5]  VM_Operation::evaluate()+0x55
V  [libjvm.so+0xb6ed0a]  VMThread::evaluate_operation(VM_Operation*)+0x11a
V  [libjvm.so+0xb6f179]  VMThread::loop()+0x219
V  [libjvm.so+0xb6f629]  VMThread::run()+0x89
V  [libjvm.so+0x941db2]  java_start(Thread*)+0xf2

VM_Operation (0x00007f753b361360): ParallelGCFailedAllocation, mode: safepoint, requested by thread 0x00007f753404b800


---------------  P R O C E S S  ---------------

Java Threads: ( => current thread )
  0x00007f7534127000 JavaThread "Service Thread" daemon [_thread_blocked, id=9312, stack(0x00007f7521ca6000,0x00007f7521da7000)]
  0x00007f753411c800 JavaThread "C1 CompilerThread1" daemon [_thread_blocked, id=9311, stack(0x00007f7521da8000,0x00007f7521ea8000)]
  0x00007f7534119800 JavaThread "C2 CompilerThread0" daemon [_thread_blocked, id=9310, stack(0x00007f7521ea9000,0x00007f7521fa9000)]
  0x00007f7534109000 JavaThread "Signal Dispatcher" daemon [_thread_blocked, id=9309, stack(0x00007f7521fa9000,0x00007f75220aa000)]
  0x00007f75340e0000 JavaThread "Finalizer" daemon [_thread_blocked, id=9308, stack(0x00007f75220aa000,0x00007f75221ab000)]
  0x00007f75340db800 JavaThread "Reference Handler" daemon [_thread_blocked, id=9307, stack(0x00007f75221ab000,0x00007f75222ac000)]
  0x00007f753404b800 JavaThread "main" [_thread_blocked, id=9303, stack(0x00007f753b263000,0x00007f753b363000)]

Other Threads:
=>0x00007f75340d1800 VMThread [stack: 0x00007f75222ad000,0x00007f75223ad000] [id=9306]
  0x00007f753412a000 WatcherThread [stack: 0x00007f7521ba6000,0x00007f7521ca6000] [id=9313]

VM state:at safepoint (normal execution)

VM Mutex/Monitor currently owned by a thread:  ([mutex/lock_event])
[0x00007f7534048df0] Threads_lock - owner thread: 0x00007f75340d1800
[0x00007f75340492f0] Heap_lock - owner thread: 0x00007f753404b800

heap address: 0x00000006cc000000, size: 3904 MB, Compressed Oops mode: Zero based, Oop shift amount: 3
Narrow klass base: 0x0000000000000000, Narrow klass shift: 3
Compressed class space size: 1073741824 Address: 0x00000007c0000000

Heap:
 PSYoungGen      total 260096K, used 10217K [0x000000076eb00000, 0x000000077f300000, 0x00000007c0000000)
  eden space 249856K, 0% used [0x000000076eb00000,0x000000076eb00000,0x000000077df00000)
  from space 10240K, 99% used [0x000000077df00000,0x000000077e8fa728,0x000000077e900000)
  to   space 10240K, 0% used [0x000000077e900000,0x000000077e900000,0x000000077f300000)
 ParOldGen       total 166912K, used 116814K [0x00000006cc000000, 0x00000006d6300000, 0x000000076eb00000)
  object space 166912K, 69% used [0x00000006cc000000,0x00000006d3213b40,0x00000006d6300000)
 Metaspace       used 4992K, capacity 5504K, committed 5632K, reserved 1056768K
  class space    used 451K, capacity 496K, committed 512K, reserved 1048576K

Card table byte_map: [0x00007f752449f000,0x00007f7524c40000] byte_map_base: 0x00007f7520e3f000

Marking Bits: (ParMarkBitMap*) 0x00007f753a525640
 Begin Bits: [0x00007f750c600000, 0x00007f7510300000)
 End Bits:   [0x00007f7510300000, 0x00007f7514000000)

Polling page: 0x00007f753b375000

CodeCache: size=245760Kb used=3462Kb max_used=3471Kb free=242297Kb
 bounds [0x00007f7525000000, 0x00007f7525370000, 0x00007f7534000000]
 total_blobs=945 nmethods=672 adapters=186
 compilation: enabled

Compilation events (250 events):
Event: 5.676 Thread 0x00007f7534119800  545       4       org.bouncycastle.crypto.paddings.PaddedBufferedBlockCipher::processBytes (199 bytes)
Event: 5.698 Thread 0x00007f7534119800 nmethod 545 0x00007f75252d7210 code [0x00007f75252d7460, 0x00007f75252d86d0]
Event: 5.698 Thread 0x00007f7534119800  546 % !   4       com.gitlab.pdftk_java.com.lowagie.text.pdf.PdfReader::readObjStm @ 199 (275 bytes)
Event: 5.700 Thread 0x00007f753411c800  547   !   3       java.util.zip.Inflater::setInput (74 bytes)
Event: 5.700 Thread 0x00007f753411c800 nmethod 547 0x00007f75252ccf10 code [0x00007f75252cd0a0, 0x00007f75252cd5d8]
Event: 5.706 Thread 0x00007f7534119800 nmethod 546% 0x00007f75252d49d0 code [0x00007f75252d4ba0, 0x00007f75252d5438]
Event: 5.707 Thread 0x00007f753411c800  548       3       java.util.zip.InflaterInputStream::fill (60 bytes)
Event: 5.707 Thread 0x00007f753411c800 nmethod 548 0x00007f75252d68d0 code [0x00007f75252d6aa0, 0x00007f75252d6fb8]
Event: 5.708 Thread 0x00007f7534119800  549       4       java.util.Arrays::fill (21 bytes)
Event: 5.709 Thread 0x00007f7534119800 nmethod 549 0x00007f75252b38d0 code [0x00007f75252b3a20, 0x00007f75252b3ab8]
Event: 5.715 Thread 0x00007f7534119800  550   !   4       com.gitlab.pdftk_java.com.lowagie.text.pdf.PdfReader::readObjStm (275 bytes)
Event: 5.726 Thread 0x00007f753411c800  555       3       com.gitlab.pdftk_java.com.lowagie.text.pdf.PdfReader::getStreamBytes (423 bytes)
Event: 5.730 Thread 0x00007f753411c800 nmethod 555 0x00007f75252d9a10 code [0x00007f75252da160, 0x00007f75252def48]
Event: 5.730 Thread 0x00007f753411c800  552       3       com.gitlab.pdftk_java.com.lowagie.text.pdf.PdfReader::FlateDecode (18 bytes)
Event: 5.730 Thread 0x00007f753411c800 nmethod 552 0x00007f75252d5d10 code [0x00007f75252d5e80, 0x00007f75252d6078]
Event: 5.730 Thread 0x00007f753411c800  554       3       java.io.ByteArrayInputStream::close (1 bytes)
Event: 5.730 Thread 0x00007f753411c800 nmethod 554 0x00007f75252c4350 code [0x00007f75252c44a0, 0x00007f75252c45f0]
Event: 5.780 Thread 0x00007f753411c800  557       3       com.gitlab.pdftk_java.com.lowagie.text.pdf.PdfReader::readPRObject (545 bytes)
Event: 5.782 Thread 0x00007f753411c800 nmethod 557 0x00007f75252e1dd0 code [0x00007f75252e2300, 0x00007f75252e4ee8]
Event: 5.782 Thread 0x00007f753411c800  558       2       com.gitlab.pdftk_java.com.lowagie.text.pdf.PdfString::setHexWriting (7 bytes)
Event: 5.783 Thread 0x00007f753411c800 nmethod 558 0x00007f75252d0f50 code [0x00007f75252d10a0, 0x00007f75252d11f0]
Event: 5.783 Thread 0x00007f753411c800  559       2       com.gitlab.pdftk_java.com.lowagie.text.pdf.PdfString::setObjNum (11 bytes)
Event: 5.783 Thread 0x00007f753411c800 nmethod 559 0x00007f75252d0c10 code [0x00007f75252d0d60, 0x00007f75252d0eb0]
Event: 5.783 Thread 0x00007f753411c800  561       1       com.gitlab.pdftk_java.com.lowagie.text.pdf.PRTokeniser::isHexString (5 bytes)
Event: 5.783 Thread 0x00007f753411c800 nmethod 561 0x00007f75252d0950 code [0x00007f75252d0aa0, 0x00007f75252d0bb0]
Event: 5.789 Thread 0x00007f753411c800  572       3       java.util.HashMap::getNode (148 bytes)
Event: 5.789 Thread 0x00007f753411c800 nmethod 572 0x00007f75252cfb10 code [0x00007f75252cfce0, 0x00007f75252d0688]
Event: 5.789 Thread 0x00007f753411c800  567       2       java.util.HashMap$HashIterator::hasNext (13 bytes)
Event: 5.789 Thread 0x00007f753411c800 nmethod 567 0x00007f75252cf7d0 code [0x00007f75252cf920, 0x00007f75252cfa90]
Event: 5.789 Thread 0x00007f753411c800  571       3       com.gitlab.pdftk_java.com.lowagie.text.pdf.PdfReader::getPdfObjectRelease (11 bytes)
Event: 5.789 Thread 0x00007f753411c800 nmethod 571 0x00007f75252cf3d0 code [0x00007f75252cf540, 0x00007f75252cf6f8]
Event: 5.789 Thread 0x00007f753411c800  570       3       java.util.HashMap::get (23 bytes)
Event: 5.790 Thread 0x00007f753411c800 nmethod 570 0x00007f75252cecd0 code [0x00007f75252cee60, 0x00007f75252cf278]
Event: 5.790 Thread 0x00007f753411c800  569  s    1       java.util.Vector::size (5 bytes)
Event: 5.790 Thread 0x00007f753411c800 nmethod 569 0x00007f75252ce890 code [0x00007f75252ce9e0, 0x00007f75252cec50]
Event: 5.790 Thread 0x00007f753411c800  573       3       java.util.Vector::ensureCapacityHelper (16 bytes)
Event: 5.790 Thread 0x00007f753411c800 nmethod 573 0x00007f75252ce490 code [0x00007f75252ce600, 0x00007f75252ce7e8]
Event: 5.790 Thread 0x00007f753411c800  576       3       java.util.Stack::empty (13 bytes)
Event: 5.790 Thread 0x00007f753411c800 nmethod 576 0x00007f75252e6810 code [0x00007f75252e6980, 0x00007f75252e6d50]
Event: 5.790 Thread 0x00007f753411c800  574  s    3       java.util.Vector::addElement (38 bytes)
Event: 5.790 Thread 0x00007f753411c800 nmethod 574 0x00007f75252e6e10 code [0x00007f75252e6fa0, 0x00007f75252e74c8]
Event: 5.790 Thread 0x00007f753411c800  577  s    3       java.util.Vector::elementAt (48 bytes)
Event: 5.791 Thread 0x00007f753411c800 nmethod 577 0x00007f75252e76d0 code [0x00007f75252e78e0, 0x00007f75252e8468]
Event: 5.791 Thread 0x00007f753411c800  579       3       java.util.Stack::push (7 bytes)
Event: 5.791 Thread 0x00007f753411c800 nmethod 579 0x00007f75252e8a10 code [0x00007f75252e8b80, 0x00007f75252e8da8]
Event: 5.791 Thread 0x00007f753411c800  578       3       java.util.Vector::elementData (7 bytes)
Event: 5.791 Thread 0x00007f753411c800 nmethod 578 0x00007f75252e8e50 code [0x00007f75252e8fc0, 0x00007f75252e9150]
Event: 5.791 Thread 0x00007f753411c800  581  s    3       java.util.Stack::peek (25 bytes)
Event: 5.791 Thread 0x00007f753411c800 nmethod 581 0x00007f75252e9250 code [0x00007f75252e93e0, 0x00007f75252e9a18]
Event: 5.791 Thread 0x00007f753411c800  580  s    3       java.util.Stack::pop (19 bytes)
Event: 5.792 Thread 0x00007f753411c800 nmethod 580 0x00007f75252e9b90 code [0x00007f75252e9d60, 0x00007f75252ea8a8]
Event: 5.792 Thread 0x00007f753411c800  582  s    3       java.util.Vector::removeElementAt (115 bytes)
Event: 5.792 Thread 0x00007f753411c800 nmethod 582 0x00007f75252eac90 code [0x00007f75252eaec0, 0x00007f75252ebc68]
Event: 5.792 Thread 0x00007f753411c800  584       3       java.util.HashMap$KeyIterator::next (8 bytes)
Event: 5.792 Thread 0x00007f753411c800 nmethod 584 0x00007f75252ec2d0 code [0x00007f75252ec440, 0x00007f75252ec648]
Event: 5.792 Thread 0x00007f753411c800  583       3       java.util.AbstractSet::<init> (5 bytes)
Event: 5.792 Thread 0x00007f753411c800 nmethod 583 0x00007f75252ec710 code [0x00007f75252ec880, 0x00007f75252eca90]
Event: 5.792 Thread 0x00007f753411c800  568       1       com.gitlab.pdftk_java.com.lowagie.text.pdf.PdfIndirectReference::getNumber (5 bytes)
Event: 5.792 Thread 0x00007f753411c800 nmethod 568 0x00007f75252ecb90 code [0x00007f75252ecce0, 0x00007f75252ecdf0]
Event: 5.792 Thread 0x00007f753411c800  566       3       com.gitlab.pdftk_java.com.lowagie.text.pdf.PdfDictionary::getDirectObject (9 bytes)
Event: 5.793 Thread 0x00007f753411c800 nmethod 566 0x00007f75252ece50 code [0x00007f75252ecfe0, 0x00007f75252ed3f8]
Event: 5.793 Thread 0x00007f753411c800  585       1       com.gitlab.pdftk_java.com.lowagie.text.pdf.PdfArray::getArrayList (5 bytes)
Event: 5.793 Thread 0x00007f753411c800 nmethod 585 0x00007f75252ed550 code [0x00007f75252ed6a0, 0x00007f75252ed7b0]
Event: 5.793 Thread 0x00007f753411c800  563       3       java.util.zip.ZipFile::ensureOpen (37 bytes)
Event: 5.793 Thread 0x00007f753411c800 nmethod 563 0x00007f75252ed810 code [0x00007f75252ed9a0, 0x00007f75252edd18]
Event: 5.793 Thread 0x00007f753411c800  564       3       java.util.zip.ZipCoder::getBytes (192 bytes)
Event: 5.795 Thread 0x00007f753411c800 nmethod 564 0x00007f75252ede90 code [0x00007f75252ee240, 0x00007f75252f0558]
Event: 5.795 Thread 0x00007f753411c800  586       3       com.gitlab.pdftk_java.com.lowagie.text.pdf.PdfDictionary::getKeys (8 bytes)
Event: 5.795 Thread 0x00007f753411c800 nmethod 586 0x00007f75252f1710 code [0x00007f75252f1880, 0x00007f75252f1aa8]
Event: 5.795 Thread 0x00007f753411c800  587       3       java.util.HashMap::keySet (25 bytes)
Event: 5.795 Thread 0x00007f753411c800 nmethod 587 0x00007f75252f1b50 code [0x00007f75252f1ce0, 0x00007f75252f2070]
Event: 5.795 Thread 0x00007f753411c800  588       3       java.util.HashMap$KeySet::iterator (12 bytes)
Event: 5.795 Thread 0x00007f753411c800 nmethod 588 0x00007f75252f2210 code [0x00007f75252f2380, 0x00007f75252f25e8]
Event: 5.795 Thread 0x00007f753411c800  592       2       java.util.AbstractCollection::toArray (147 bytes)
Event: 5.796 Thread 0x00007f753411c800 nmethod 592 0x00007f75252f26d0 code [0x00007f75252f28e0, 0x00007f75252f2f38]
Event: 5.796 Thread 0x00007f753411c800  589       3       java.util.HashMap$KeyIterator::<init> (11 bytes)
Event: 5.796 Thread 0x00007f753411c800 nmethod 589 0x00007f75252f32d0 code [0x00007f75252f3440, 0x00007f75252f35e8]
Event: 5.796 Thread 0x00007f753411c800  590   !   3       com.gitlab.pdftk_java.com.lowagie.text.pdf.PdfReader::getPdfObject (92 bytes)
Event: 5.796 Thread 0x00007f753411c800 nmethod 590 0x00007f75252f3690 code [0x00007f75252f3880, 0x00007f75252f4098]
Event: 5.796 Thread 0x00007f753411c800  593       2       com.gitlab.pdftk_java.com.lowagie.text.pdf.PdfDictionary::size (8 bytes)
Event: 5.796 Thread 0x00007f753411c800 nmethod 593 0x00007f75252f4650 code [0x00007f75252f47a0, 0x00007f75252f48f0]
Event: 5.796 Thread 0x00007f753411c800  594       2       java.util.HashMap$KeySet::size (8 bytes)
Event: 5.796 Thread 0x00007f753411c800 nmethod 594 0x00007f75252f4990 code [0x00007f75252f4ae0, 0x00007f75252f4c30]
Event: 5.811 Thread 0x00007f7534119800 nmethod 550 0x00007f75252fab90 code [0x00007f75252faf60, 0x00007f75252fe120]
Event: 5.811 Thread 0x00007f7534119800  556       4       com.gitlab.pdftk_java.com.lowagie.text.pdf.PdfName::compareTo (92 bytes)
Event: 5.814 Thread 0x00007f753411c800  602       1       java.util.HashMap$KeySet::size (8 bytes)
Event: 5.814 Thread 0x00007f753411c800 nmethod 602 0x00007f75252f9390 code [0x00007f75252f94e0, 0x00007f75252f95f0]
Event: 5.814 Thread 0x00007f7534119800 nmethod 556 0x00007f75252f73d0 code [0x00007f75252f7540, 0x00007f75252f77f8]
Event: 5.814 Thread 0x00007f7534119800  591       4       java.util.HashMap$HashIterator::hasNext (13 bytes)
Event: 5.814 Thread 0x00007f7534119800 nmethod 591 0x00007f75252a7c50 code [0x00007f75252a7da0, 0x00007f75252a7e18]
Event: 5.814 Thread 0x00007f7534119800  560       4       com.gitlab.pdftk_java.com.lowagie.text.pdf.PdfReader::readArray (56 bytes)
Event: 5.821 Thread 0x00007f7534119800 nmethod 560 0x00007f75252f8750 code [0x00007f75252f8900, 0x00007f75252f8e98]
Event: 5.821 Thread 0x00007f7534119800  603       4       java.util.HashMap$HashIterator::nextNode (100 bytes)
Event: 5.824 Thread 0x00007f7534119800 nmethod 603 0x00007f75252f82d0 code [0x00007f75252f8420, 0x00007f75252f8638]
Event: 5.824 Thread 0x00007f7534119800  575       4       java.util.ArrayList::get (11 bytes)
Event: 5.824 Thread 0x00007f7534119800 nmethod 575 0x00007f75252f7f90 code [0x00007f75252f80e0, 0x00007f75252f81b8]
Event: 5.824 Thread 0x00007f7534119800  565       4       com.gitlab.pdftk_java.com.lowagie.text.pdf.PdfDictionary::get (12 bytes)
Event: 5.828 Thread 0x00007f753411c800  605 %     3       java.util.AbstractCollection::toArray @ 42 (147 bytes)
Event: 5.828 Thread 0x00007f753411c800 nmethod 605% 0x00007f75252f5a90 code [0x00007f75252f5d00, 0x00007f75252f6e78]
Event: 5.828 Thread 0x00007f753411c800  604 %     3       com.gitlab.pdftk_java.com.lowagie.text.pdf.PdfReader::removeUnusedNode @ 14 (635 bytes)
Event: 5.833 Thread 0x00007f753411c800 nmethod 604% 0x00007f7525302250 code [0x00007f75253029e0, 0x00007f7525309188]
Event: 5.833 Thread 0x00007f753411c800  606       3       java.util.AbstractCollection::toArray (147 bytes)
Event: 5.834 Thread 0x00007f753411c800 nmethod 606 0x00007f752530d090 code [0x00007f752530d300, 0x00007f752530e438]
Event: 5.834 Thread 0x00007f753411c800  608       3       com.gitlab.pdftk_java.com.lowagie.text.pdf.PdfReader::removeUnusedNode (635 bytes)
Event: 5.838 Thread 0x00007f753411c800 nmethod 608 0x00007f752530e910 code [0x00007f752530f080, 0x00007f75253155c8]
Event: 5.849 Thread 0x00007f7534119800 nmethod 565 0x00007f752531b490 code [0x00007f752531b660, 0x00007f752531c018]
Event: 5.849 Thread 0x00007f7534119800  610       4       java.util.HashMap::getNode (148 bytes)
Event: 5.857 Thread 0x00007f7534119800 nmethod 610 0x00007f75252f4cd0 code [0x00007f75252f4e80, 0x00007f75252f54b8]
Event: 5.857 Thread 0x00007f7534119800  609       4       java.util.HashMap::get (23 bytes)
Event: 5.865 Thread 0x00007f7534119800 nmethod 609 0x00007f752531ca90 code [0x00007f752531cc40, 0x00007f752531d318]
Event: 5.865 Thread 0x00007f7534119800  611       4       java.util.HashMap$HashIterator::<init> (79 bytes)
Event: 5.869 Thread 0x00007f7534119800 nmethod 611 0x00007f75252f79d0 code [0x00007f75252f7b20, 0x00007f75252f7e18]
Event: 5.869 Thread 0x00007f7534119800  600  s    4       java.util.Vector::addElement (38 bytes)
Event: 5.871 Thread 0x00007f7534119800 nmethod 600 0x00007f752531da10 code [0x00007f752531db80, 0x00007f752531df68]
Event: 5.871 Thread 0x00007f7534119800  612 %     4       com.gitlab.pdftk_java.com.lowagie.text.pdf.PdfReader::removeUnusedNode @ 14 (635 bytes)
Event: 5.940 Thread 0x00007f7534119800 nmethod 612% 0x00007f7525322e90 code [0x00007f75253232a0, 0x00007f7525326830]
Event: 5.940 Thread 0x00007f7534119800  613       4       java.util.AbstractCollection::toArray (147 bytes)
Event: 5.948 Thread 0x00007f7534119800 nmethod 613 0x00007f75253221d0 code [0x00007f7525322360, 0x00007f7525322858]
Event: 5.948 Thread 0x00007f7534119800  614       4       java.util.HashMap::keySet (25 bytes)
Event: 5.949 Thread 0x00007f7534119800 nmethod 614 0x00007f7525319950 code [0x00007f7525319aa0, 0x00007f7525319bb8]
Event: 5.949 Thread 0x00007f7534119800  618       4       java.util.AbstractCollection::toArray (147 bytes)
Event: 5.959 Thread 0x00007f7534119800 nmethod 618 0x00007f752531a750 code [0x00007f752531a8e0, 0x00007f752531ae18]
Event: 5.959 Thread 0x00007f7534119800  617       4       com.gitlab.pdftk_java.com.lowagie.text.pdf.PdfDictionary::getKeys (8 bytes)
Event: 5.960 Thread 0x00007f7534119800 nmethod 617 0x00007f7525319590 code [0x00007f75253196e0, 0x00007f7525319838]
Event: 5.960 Thread 0x00007f7534119800  620       4       java.util.AbstractCollection::toArray (147 bytes)
Event: 5.970 Thread 0x00007f7534119800 nmethod 620 0x00007f752531f710 code [0x00007f752531f8a0, 0x00007f752531fe58]
Event: 5.970 Thread 0x00007f7534119800  615       4       java.util.HashMap$KeySet::iterator (12 bytes)
Event: 5.974 Thread 0x00007f7534119800 nmethod 615 0x00007f752531a050 code [0x00007f752531a1c0, 0x00007f752531a538]
Event: 5.974 Thread 0x00007f7534119800  616 %     4       com.gitlab.pdftk_java.com.lowagie.text.pdf.PdfReader::removeUnusedNode @ 14 (635 bytes)
Event: 6.044 Thread 0x00007f7534119800 nmethod 616% 0x00007f752532e990 code [0x00007f752532edc0, 0x00007f7525332290]
Event: 6.044 Thread 0x00007f7534119800  621   !   4       com.gitlab.pdftk_java.com.lowagie.text.pdf.PdfReader::getPdfObject (170 bytes)
Event: 6.047 Thread 0x00007f7534119800 nmethod 621 0x00007f752531f010 code [0x00007f752531f180, 0x00007f752531f3f8]
Event: 6.047 Thread 0x00007f7534119800  601       4       java.util.Stack::push (7 bytes)
Event: 6.049 Thread 0x00007f7534119800 nmethod 601 0x00007f752531e8d0 code [0x00007f752531ea40, 0x00007f752531ee28]
Event: 6.049 Thread 0x00007f7534119800  596       4       java.util.Stack::empty (13 bytes)
Event: 6.050 Thread 0x00007f7534119800 nmethod 596 0x00007f752531e4d0 code [0x00007f752531e620, 0x00007f752531e818]
Event: 6.050 Thread 0x00007f7534119800  597  s    4       java.util.Vector::elementAt (48 bytes)
Event: 6.051 Thread 0x00007f7534119800 nmethod 597 0x00007f752532e490 code [0x00007f752532e5e0, 0x00007f752532e858]
Event: 6.051 Thread 0x00007f7534119800  598  s    4       java.util.Stack::pop (19 bytes)
Event: 6.053 Thread 0x00007f7534119800 nmethod 598 0x00007f752532dd90 code [0x00007f752532dee0, 0x00007f752532e1f8]
Event: 6.053 Thread 0x00007f7534119800  599  s    4       java.util.Vector::removeElementAt (115 bytes)
Event: 6.055 Thread 0x00007f7534119800 nmethod 599 0x00007f752532d810 code [0x00007f752532d960, 0x00007f752532dc18]
Event: 6.055 Thread 0x00007f7534119800  595       4       com.gitlab.pdftk_java.com.lowagie.text.pdf.PdfObject::isIndirect (15 bytes)
Event: 6.055 Thread 0x00007f7534119800 nmethod 595 0x00007f75252ce210 code [0x00007f75252ce360, 0x00007f75252ce3d8]
Event: 6.055 Thread 0x00007f7534119800  607       4       java.util.HashMap$KeyIterator::next (8 bytes)
Event: 6.057 Thread 0x00007f7534119800 nmethod 607 0x00007f752532d350 code [0x00007f752532d4a0, 0x00007f752532d6d8]
Event: 6.057 Thread 0x00007f7534119800  562       4       com.gitlab.pdftk_java.com.lowagie.text.pdf.PRIndirectReference::<init> (26 bytes)
Event: 6.058 Thread 0x00007f7534119800 nmethod 562 0x00007f7525319e10 code [0x00007f7525319f60, 0x00007f7525319ff8]
Event: 6.058 Thread 0x00007f7534119800  619       4       com.gitlab.pdftk_java.com.lowagie.text.pdf.PdfDictionary::size (8 bytes)
Event: 6.058 Thread 0x00007f7534119800 nmethod 619 0x00007f752531e290 code [0x00007f752531e3e0, 0x00007f752531e458]
Event: 6.137 Thread 0x00007f753411c800  622 %     3       com.gitlab.pdftk_java.com.lowagie.text.pdf.PdfReader::removeUnusedObjects @ 86 (119 bytes)
Event: 6.138 Thread 0x00007f753411c800 nmethod 622% 0x00007f7525320710 code [0x00007f7525320980, 0x00007f7525321768]
Event: 6.138 Thread 0x00007f753411c800  623  s    3       java.lang.StringBuffer::append (13 bytes)
Event: 6.139 Thread 0x00007f753411c800 nmethod 623 0x00007f75252fa610 code [0x00007f75252fa780, 0x00007f75252faaa8]
Event: 6.139 Thread 0x00007f7534119800  625   !   4       com.gitlab.pdftk_java.com.lowagie.text.pdf.PdfEncodings::convertToString (354 bytes)
Event: 6.150 Thread 0x00007f753411c800  638       3       com.gitlab.pdftk_java.com.lowagie.text.pdf.PdfName::compareTo (92 bytes)
Event: 6.150 Thread 0x00007f753411c800 nmethod 638 0x00007f752532ca90 code [0x00007f752532cc20, 0x00007f752532d130]
Event: 6.150 Thread 0x00007f753411c800  644       3       java.util.HashMap::getNode (148 bytes)
Event: 6.151 Thread 0x00007f753411c800 nmethod 644 0x00007f752532bc50 code [0x00007f752532be20, 0x00007f752532c7c8]
Event: 6.151 Thread 0x00007f753411c800  635       2       java.util.HashMap$EntryIterator::next (5 bytes)
Event: 6.151 Thread 0x00007f753411c800 nmethod 635 0x00007f75252f9a10 code [0x00007f75252f9b80, 0x00007f75252f9ce8]
Event: 6.151 Thread 0x00007f753411c800  637       3       com.gitlab.pdftk_java.com.lowagie.text.pdf.PdfDictionary::put (34 bytes)
Event: 6.151 Thread 0x00007f753411c800 nmethod 637 0x00007f752532ad50 code [0x00007f752532af40, 0x00007f752532b878]
Event: 6.151 Thread 0x00007f753411c800  640       2       com.gitlab.pdftk_java.com.lowagie.text.pdf.PdfReader::releaseLastXrefPartial (34 bytes)
Event: 6.151 Thread 0x00007f753411c800 nmethod 640 0x00007f752532a650 code [0x00007f752532a7e0, 0x00007f752532aa98]
Event: 6.151 Thread 0x00007f753411c800  641       2       com.gitlab.pdftk_java.com.lowagie.text.pdf.PdfArray::size (8 bytes)
Event: 6.152 Thread 0x00007f753411c800 nmethod 641 0x00007f75252f9690 code [0x00007f75252f97e0, 0x00007f75252f9930]
Event: 6.152 Thread 0x00007f753411c800  643       2       com.gitlab.pdftk_java.com.lowagie.text.pdf.PdfArray::getPdfObject (12 bytes)
Event: 6.152 Thread 0x00007f753411c800 nmethod 643 0x00007f7525329f50 code [0x00007f752532a0e0, 0x00007f752532a398]
Event: 6.152 Thread 0x00007f753411c800  642       2       com.gitlab.pdftk_java.com.lowagie.text.pdf.PdfObject::isDictionary (15 bytes)
Event: 6.152 Thread 0x00007f753411c800 nmethod 642 0x00007f7525335750 code [0x00007f75253358a0, 0x00007f7525335a10]
Event: 6.152 Thread 0x00007f753411c800  645       2       com.gitlab.pdftk_java.com.lowagie.text.pdf.PdfReader::replaceNamedDestination (272 bytes)
Event: 6.154 Thread 0x00007f753411c800 nmethod 645 0x00007f7525335a90 code [0x00007f7525335e80, 0x00007f75253372a8]
Event: 6.154 Thread 0x00007f753411c800  646       3       com.gitlab.pdftk_java.com.lowagie.text.pdf.PdfReader::setXrefPartialObject (23 bytes)
Event: 6.154 Thread 0x00007f753411c800 nmethod 646 0x00007f7525339410 code [0x00007f75253395c0, 0x00007f7525339b98]
Event: 6.154 Thread 0x00007f753411c800  626       3       com.gitlab.pdftk_java.com.lowagie.text.pdf.PdfString::toUnicodeString (5 bytes)
Event: 6.154 Thread 0x00007f753411c800 nmethod 626 0x00007f7525339f90 code [0x00007f752533a100, 0x00007f752533a288]
Event: 6.154 Thread 0x00007f753411c800  627       3       com.gitlab.pdftk_java.com.lowagie.text.pdf.PdfString::getValue (66 bytes)
Event: 6.155 Thread 0x00007f753411c800 nmethod 627 0x00007f752533a310 code [0x00007f752533a4a0, 0x00007f752533a928]
Event: 6.155 Thread 0x00007f753411c800  628       3       com.gitlab.pdftk_java.com.lowagie.text.pdf.PdfString::isUnicode (27 bytes)
Event: 6.155 Thread 0x00007f753411c800 nmethod 628 0x00007f752533aa50 code [0x00007f752533abc0, 0x00007f752533ae10]
Event: 6.155 Thread 0x00007f753411c800  629       3       java.lang.Math::floor (5 bytes)
Event: 6.155 Thread 0x00007f753411c800 nmethod 629 0x00007f752533aed0 code [0x00007f752533b060, 0x00007f752533b228]
Event: 6.155 Thread 0x00007f753411c800  630       3       java.lang.StrictMath::floor (12 bytes)
Event: 6.155 Thread 0x00007f753411c800 nmethod 630 0x00007f752533b310 code [0x00007f752533b4a0, 0x00007f752533b628]
Event: 6.155 Thread 0x00007f753411c800  633       3       java.lang.StrictMath::floorOrCeil (128 bytes)
Event: 6.155 Thread 0x00007f753411c800 nmethod 633 0x00007f752533b6d0 code [0x00007f752533b860, 0x00007f752533bcf0]
Event: 6.155 Thread 0x00007f753411c800  634       3       java.lang.Math::getExponent (17 bytes)
Event: 6.155 Thread 0x00007f753411c800 nmethod 634 0x00007f752533bdd0 code [0x00007f752533bf20, 0x00007f752533c090]
Event: 6.155 Thread 0x00007f753411c800  651       2       com.gitlab.pdftk_java.com.lowagie.text.pdf.PdfString::toString (5 bytes)
Event: 6.156 Thread 0x00007f753411c800 nmethod 651 0x00007f752533c110 code [0x00007f752533c280, 0x00007f752533c3e8]
Event: 6.156 Thread 0x00007f7534119800 nmethod 625 0x00007f752533d490 code [0x00007f752533d660, 0x00007f752533df08]
Event: 6.156 Thread 0x00007f7534119800  632       4       com.gitlab.pdftk_java.com.lowagie.text.pdf.PdfReader::releaseLastXrefPartial (76 bytes)
Event: 6.157 Thread 0x00007f7534119800 nmethod 632 0x00007f75252f9f90 code [0x00007f75252fa0e0, 0x00007f75252fa198]
Event: 6.157 Thread 0x00007f7534119800  636       4       com.gitlab.pdftk_java.com.lowagie.text.pdf.PdfReader::getPdfObjectRelease (11 bytes)
Event: 6.160 Thread 0x00007f7534119800 nmethod 636 0x00007f752533cb90 code [0x00007f752533cd20, 0x00007f752533d058]
Event: 6.160 Thread 0x00007f7534119800  639       4       java.util.HashMap::get (23 bytes)
Event: 6.164 Thread 0x00007f7534119800 nmethod 639 0x00007f752533f190 code [0x00007f752533f320, 0x00007f752533f6d8]
Event: 6.164 Thread 0x00007f7534119800  655       4       java.util.HashMap::getNode (148 bytes)
Event: 6.166 Thread 0x00007f753411c800  654       2       com.gitlab.pdftk_java.com.lowagie.text.pdf.PdfObject::isArray (14 bytes)
Event: 6.166 Thread 0x00007f753411c800 nmethod 654 0x00007f752533c850 code [0x00007f752533c9a0, 0x00007f752533cb10]
Event: 6.166 Thread 0x00007f753411c800  653       2       com.gitlab.pdftk_java.com.lowagie.text.pdf.PdfReader$PageRefs::size (20 bytes)
Event: 6.166 Thread 0x00007f753411c800 nmethod 653 0x00007f752533c490 code [0x00007f752533c600, 0x00007f752533c770]
Event: 6.167 Thread 0x00007f7534119800 nmethod 655 0x00007f752533e9d0 code [0x00007f752533eb60, 0x00007f752533ee78]
Event: 6.167 Thread 0x00007f7534119800  631       4       java.util.HashMap::put (13 bytes)
Event: 6.168 Thread 0x00007f7534119800 nmethod 631 0x00007f752533e650 code [0x00007f752533e7a0, 0x00007f752533e8c8]
Event: 6.168 Thread 0x00007f7534119800  648       4       com.gitlab.pdftk_java.com.lowagie.text.pdf.PdfArray::size (8 bytes)
Event: 6.168 Thread 0x00007f7534119800 nmethod 648 0x00007f7525329cd0 code [0x00007f7525329e20, 0x00007f7525329e98]
Event: 6.168 Thread 0x00007f7534119800  649       4       com.gitlab.pdftk_java.com.lowagie.text.pdf.PdfArray::getPdfObject (12 bytes)
Event: 6.169 Thread 0x00007f7534119800 nmethod 649 0x00007f7525342ad0 code [0x00007f7525342c20, 0x00007f7525342d38]
Event: 6.169 Thread 0x00007f7534119800  652       4       com.gitlab.pdftk_java.com.lowagie.text.pdf.PdfReader::replaceNamedDestination (272 bytes)
Event: 6.177 Thread 0x00007f753411c800  656       3       java.util.HashMap::keySet (25 bytes)
Event: 6.177 Thread 0x00007f753411c800 nmethod 656 0x00007f7525342410 code [0x00007f75253425a0, 0x00007f7525342930]
Event: 6.209 Thread 0x00007f7534119800 nmethod 652 0x00007f7525346f10 code [0x00007f75253472c0, 0x00007f7525349b20]
Event: 6.209 Thread 0x00007f7534119800  658       4       java.util.HashMap::keySet (25 bytes)
Event: 6.210 Thread 0x00007f7534119800 nmethod 658 0x00007f7525340c10 code [0x00007f7525340d60, 0x00007f7525340e58]
Event: 6.210 Thread 0x00007f7534119800  657 %     4       com.gitlab.pdftk_java.com.lowagie.text.pdf.PdfReader::removeUnusedNode @ 14 (635 bytes)
Event: 6.304 Thread 0x00007f7534119800 nmethod 657% 0x00007f7525351610 code [0x00007f7525351a60, 0x00007f75253551f0]
Event: 6.304 Thread 0x00007f7534119800  647       4       com.gitlab.pdftk_java.com.lowagie.text.pdf.PdfReader::releaseLastXrefPartial (34 bytes)
Event: 6.304 Thread 0x00007f7534119800 nmethod 647 0x00007f752533e3d0 code [0x00007f752533e520, 0x00007f752533e598]
Event: 6.305 Thread 0x00007f7534119800  659       4       com.gitlab.pdftk_java.com.lowagie.text.pdf.PdfReader::removeUnusedNode (635 bytes)
Event: 6.315 Thread 0x00007f753411c800  660       3       com.gitlab.pdftk_java.com.lowagie.text.pdf.PdfDictionary::getKeys (8 bytes)
Event: 6.315 Thread 0x00007f753411c800 nmethod 660 0x00007f75253407d0 code [0x00007f7525340940, 0x00007f7525340b68]
Event: 6.374 Thread 0x00007f7534119800 nmethod 659 0x00007f75253588d0 code [0x00007f7525358d00, 0x00007f752535b440]
Event: 6.447 Thread 0x00007f753411c800  661       3       com.gitlab.pdftk_java.com.lowagie.text.pdf.PdfReader::removeUnusedObjects (119 bytes)
Event: 6.448 Thread 0x00007f753411c800 nmethod 661 0x00007f7525345650 code [0x00007f75253458a0, 0x00007f7525346588]
Event: 6.459 Thread 0x00007f753411c800  663       3       sun.nio.cs.UTF_8$Decoder::decode (779 bytes)
Event: 6.464 Thread 0x00007f753411c800 nmethod 663 0x00007f752535e890 code [0x00007f752535eec0, 0x00007f7525363978]
Event: 6.464 Thread 0x00007f753411c800  666       3       java.util.concurrent.ConcurrentHashMap::addCount (281 bytes)
Event: 6.465 Thread 0x00007f753411c800 nmethod 666 0x00007f7525341390 code [0x00007f75253415a0, 0x00007f7525342068]
Event: 6.465 Thread 0x00007f753411c800  664       1       java.lang.StringCoding$StringDecoder::requestedCharsetName (5 bytes)
Event: 6.465 Thread 0x00007f753411c800 nmethod 664 0x00007f75253410d0 code [0x00007f7525341220, 0x00007f7525341330]
Event: 6.465 Thread 0x00007f7534119800  662   !   4       java.util.zip.Inflater::inflate (113 bytes)
Event: 6.468 Thread 0x00007f7534119800 nmethod 662 0x00007f7525343890 code [0x00007f7525343a00, 0x00007f7525343ec8]
Event: 6.475 Thread 0x00007f753411c800  667       3       java.lang.String::regionMatches (149 bytes)
Event: 6.477 Thread 0x00007f753411c800 nmethod 667 0x00007f752534fd50 code [0x00007f752534ffc0, 0x00007f7525350c98]
Event: 6.477 Thread 0x00007f753411c800  672       1       java.util.Formatter$Flags::valueOf (5 bytes)
Event: 6.477 Thread 0x00007f753411c800 nmethod 672 0x00007f7525342ed0 code [0x00007f7525343020, 0x00007f7525343130]
Event: 6.477 Thread 0x00007f753411c800  669       3       java.lang.Character::isHighSurrogate (18 bytes)
Event: 6.477 Thread 0x00007f753411c800 nmethod 669 0x00007f7525345290 code [0x00007f7525345400, 0x00007f75253455d0]
Event: 6.477 Thread 0x00007f753411c800  670       1       java.nio.Buffer::position (5 bytes)
Event: 6.477 Thread 0x00007f753411c800 nmethod 670 0x00007f7525344fd0 code [0x00007f7525345120, 0x00007f7525345230]
Event: 6.477 Thread 0x00007f753411c800  671       1       java.nio.Buffer::limit (5 bytes)
Event: 6.477 Thread 0x00007f753411c800 nmethod 671 0x00007f7525344d10 code [0x00007f7525344e60, 0x00007f7525344f70]
Event: 6.477 Thread 0x00007f7534119800  668       4       java.lang.String::indexOf (70 bytes)
Event: 6.479 Thread 0x00007f7534119800 nmethod 668 0x00007f752534cb90 code [0x00007f752534cce0, 0x00007f752534ce78]
Event: 6.480 Thread 0x00007f753411c800  674       3       java.util.Formatter$Flags::contains (22 bytes)
Event: 6.480 Thread 0x00007f753411c800 nmethod 674 0x00007f752534c690 code [0x00007f752534c800, 0x00007f752534ca10]
Event: 6.480 Thread 0x00007f753411c800  673       3       java.nio.Buffer::position (40 bytes)
Event: 6.481 Thread 0x00007f753411c800 nmethod 673 0x00007f7525344810 code [0x00007f7525344980, 0x00007f7525344c48]

GC Heap History (9 events):
Event: 1.874 GC heap before
{Heap before GC invocations=1 (full 0):
 PSYoungGen      total 72704K, used 62464K [0x000000076eb00000, 0x0000000773c00000, 0x00000007c0000000)
  eden space 62464K, 100% used [0x000000076eb00000,0x0000000772800000,0x0000000772800000)
  from space 10240K, 0% used [0x0000000773200000,0x0000000773200000,0x0000000773c00000)
  to   space 10240K, 0% used [0x0000000772800000,0x0000000772800000,0x0000000773200000)
 ParOldGen       total 166912K, used 0K [0x00000006cc000000, 0x00000006d6300000, 0x000000076eb00000)
  object space 166912K, 0% used [0x00000006cc000000,0x00000006cc000000,0x00000006d6300000)
 Metaspace       used 4106K, capacity 5048K, committed 5376K, reserved 1056768K
  class space    used 373K, capacity 424K, committed 512K, reserved 1048576K
Event: 1.899 GC heap after
Heap after GC invocations=1 (full 0):
 PSYoungGen      total 72704K, used 10214K [0x000000076eb00000, 0x0000000777900000, 0x00000007c0000000)
  eden space 62464K, 0% used [0x000000076eb00000,0x000000076eb00000,0x0000000772800000)
  from space 10240K, 99% used [0x0000000772800000,0x00000007731f9a80,0x0000000773200000)
  to   space 10240K, 0% used [0x0000000776f00000,0x0000000776f00000,0x0000000777900000)
 ParOldGen       total 166912K, used 5440K [0x00000006cc000000, 0x00000006d6300000, 0x000000076eb00000)
  object space 166912K, 3% used [0x00000006cc000000,0x00000006cc550040,0x00000006d6300000)
 Metaspace       used 4106K, capacity 5048K, committed 5376K, reserved 1056768K
  class space    used 373K, capacity 424K, committed 512K, reserved 1048576K
}
Event: 3.682 GC heap before
{Heap before GC invocations=2 (full 0):
 PSYoungGen      total 72704K, used 72678K [0x000000076eb00000, 0x0000000777900000, 0x00000007c0000000)
  eden space 62464K, 100% used [0x000000076eb00000,0x0000000772800000,0x0000000772800000)
  from space 10240K, 99% used [0x0000000772800000,0x00000007731f9a80,0x0000000773200000)
  to   space 10240K, 0% used [0x0000000776f00000,0x0000000776f00000,0x0000000777900000)
 ParOldGen       total 166912K, used 5440K [0x00000006cc000000, 0x00000006d6300000, 0x000000076eb00000)
  object space 166912K, 3% used [0x00000006cc000000,0x00000006cc550040,0x00000006d6300000)
 Metaspace       used 4106K, capacity 5048K, committed 5376K, reserved 1056768K
  class space    used 373K, capacity 424K, committed 512K, reserved 1048576K
Event: 3.720 GC heap after
Heap after GC invocations=2 (full 0):
 PSYoungGen      total 135168K, used 10213K [0x000000076eb00000, 0x0000000777900000, 0x00000007c0000000)
  eden space 124928K, 0% used [0x000000076eb00000,0x000000076eb00000,0x0000000776500000)
  from space 10240K, 99% used [0x0000000776f00000,0x00000007778f9460,0x0000000777900000)
  to   space 10240K, 0% used [0x0000000776500000,0x0000000776500000,0x0000000776f00000)
 ParOldGen       total 166912K, used 19240K [0x00000006cc000000, 0x00000006d6300000, 0x000000076eb00000)
  object space 166912K, 11% used [0x00000006cc000000,0x00000006cd2ca070,0x00000006d6300000)
 Metaspace       used 4106K, capacity 5048K, committed 5376K, reserved 1056768K
  class space    used 373K, capacity 424K, committed 512K, reserved 1048576K
}
Event: 5.333 GC heap before
{Heap before GC invocations=3 (full 0):
 PSYoungGen      total 135168K, used 135141K [0x000000076eb00000, 0x0000000777900000, 0x00000007c0000000)
  eden space 124928K, 100% used [0x000000076eb00000,0x0000000776500000,0x0000000776500000)
  from space 10240K, 99% used [0x0000000776f00000,0x00000007778f9460,0x0000000777900000)
  to   space 10240K, 0% used [0x0000000776500000,0x0000000776500000,0x0000000776f00000)
 ParOldGen       total 166912K, used 19240K [0x00000006cc000000, 0x00000006d6300000, 0x000000076eb00000)
  object space 166912K, 11% used [0x00000006cc000000,0x00000006cd2ca070,0x00000006d6300000)
 Metaspace       used 4575K, capacity 5272K, committed 5376K, reserved 1056768K
  class space    used 417K, capacity 456K, committed 512K, reserved 1048576K
Event: 5.411 GC heap after
Heap after GC invocations=3 (full 0):
 PSYoungGen      total 135168K, used 10230K [0x000000076eb00000, 0x000000077f300000, 0x00000007c0000000)
  eden space 124928K, 0% used [0x000000076eb00000,0x000000076eb00000,0x0000000776500000)
  from space 10240K, 99% used [0x0000000776500000,0x0000000776efdaa8,0x0000000776f00000)
  to   space 10240K, 0% used [0x000000077e900000,0x000000077e900000,0x000000077f300000)
 ParOldGen       total 166912K, used 45100K [0x00000006cc000000, 0x00000006d6300000, 0x000000076eb00000)
  object space 166912K, 27% used [0x00000006cc000000,0x00000006cec0b0b0,0x00000006d6300000)
 Metaspace       used 4575K, capacity 5272K, committed 5376K, reserved 1056768K
  class space    used 417K, capacity 456K, committed 512K, reserved 1048576K
}
Event: 5.520 GC heap before
{Heap before GC invocations=4 (full 0):
 PSYoungGen      total 135168K, used 135158K [0x000000076eb00000, 0x000000077f300000, 0x00000007c0000000)
  eden space 124928K, 100% used [0x000000076eb00000,0x0000000776500000,0x0000000776500000)
  from space 10240K, 99% used [0x0000000776500000,0x0000000776efdaa8,0x0000000776f00000)
  to   space 10240K, 0% used [0x000000077e900000,0x000000077e900000,0x000000077f300000)
 ParOldGen       total 166912K, used 45100K [0x00000006cc000000, 0x00000006d6300000, 0x000000076eb00000)
  object space 166912K, 27% used [0x00000006cc000000,0x00000006cec0b0b0,0x00000006d6300000)
 Metaspace       used 4589K, capacity 5272K, committed 5376K, reserved 1056768K
  class space    used 417K, capacity 456K, committed 512K, reserved 1048576K
Event: 5.591 GC heap after
Heap after GC invocations=4 (full 0):
 PSYoungGen      total 260096K, used 10213K [0x000000076eb00000, 0x000000077f300000, 0x00000007c0000000)
  eden space 249856K, 0% used [0x000000076eb00000,0x000000076eb00000,0x000000077df00000)
  from space 10240K, 99% used [0x000000077e900000,0x000000077f2f94b8,0x000000077f300000)
  to   space 10240K, 0% used [0x000000077df00000,0x000000077df00000,0x000000077e900000)
 ParOldGen       total 166912K, used 72916K [0x00000006cc000000, 0x00000006d6300000, 0x000000076eb00000)
  object space 166912K, 43% used [0x00000006cc000000,0x00000006d07350b0,0x00000006d6300000)
 Metaspace       used 4589K, capacity 5272K, committed 5376K, reserved 1056768K
  class space    used 417K, capacity 456K, committed 512K, reserved 1048576K
}
Event: 6.481 GC heap before
{Heap before GC invocations=5 (full 0):
 PSYoungGen      total 260096K, used 260069K [0x000000076eb00000, 0x000000077f300000, 0x00000007c0000000)
  eden space 249856K, 100% used [0x000000076eb00000,0x000000077df00000,0x000000077df00000)
  from space 10240K, 99% used [0x000000077e900000,0x000000077f2f94b8,0x000000077f300000)
  to   space 10240K, 0% used [0x000000077df00000,0x000000077df00000,0x000000077e900000)
 ParOldGen       total 166912K, used 72916K [0x00000006cc000000, 0x00000006d6300000, 0x000000076eb00000)
  object space 166912K, 43% used [0x00000006cc000000,0x00000006d07350b0,0x00000006d6300000)
 Metaspace       used 4992K, capacity 5504K, committed 5632K, reserved 1056768K
  class space    used 451K, capacity 496K, committed 512K, reserved 1048576K

Deoptimization events (45 events):
Event: 0.151 Thread 0x00007f753404b800 Uncommon trap: reason=unstable_if action=reinterpret pc=0x00007f752515696c method=java.io.ByteArrayInputStream.read()I @ 8
Event: 0.476 Thread 0x00007f753404b800 Uncommon trap: reason=null_check action=make_not_entrant pc=0x00007f75251eea10 method=com.gitlab.pdftk_java.com.lowagie.text.pdf.PdfReader.readPRObject()Lcom/gitlab/pdftk_java/com/lowagie/text/pdf/PdfObject; @ 356
Event: 4.730 Thread 0x00007f753404b800 Uncommon trap: reason=unstable_if action=reinterpret pc=0x00007f75251f7cb8 method=com.gitlab.pdftk_java.com.lowagie.text.pdf.PdfReader.readPRObject()Lcom/gitlab/pdftk_java/com/lowagie/text/pdf/PdfObject; @ 505
Event: 4.732 Thread 0x00007f753404b800 Uncommon trap: reason=unstable_if action=reinterpret pc=0x00007f75251d739c method=com.gitlab.pdftk_java.com.lowagie.text.pdf.PRTokeniser.nextToken()Z @ 907
Event: 4.732 Thread 0x00007f753404b800 Uncommon trap: reason=unstable_if action=reinterpret pc=0x00007f75251f3c6c method=sun.misc.FloatingDecimal$ASCIIToBinaryBuffer.doubleValue()D @ 135
Event: 4.736 Thread 0x00007f753404b800 Uncommon trap: reason=class_check action=maybe_recompile pc=0x00007f75251e73c0 method=java.util.HashMap.putVal(ILjava/lang/Object;Ljava/lang/Object;ZZ)Ljava/lang/Object; @ 203
Event: 4.736 Thread 0x00007f753404b800 Uncommon trap: reason=class_check action=maybe_recompile pc=0x00007f75251e73c0 method=java.util.HashMap.putVal(ILjava/lang/Object;Ljava/lang/Object;ZZ)Ljava/lang/Object; @ 203
Event: 4.736 Thread 0x00007f753404b800 Uncommon trap: reason=class_check action=maybe_recompile pc=0x00007f75251e73c0 method=java.util.HashMap.putVal(ILjava/lang/Object;Ljava/lang/Object;ZZ)Ljava/lang/Object; @ 203
Event: 4.736 Thread 0x00007f753404b800 Uncommon trap: reason=class_check action=maybe_recompile pc=0x00007f75251e73c0 method=java.util.HashMap.putVal(ILjava/lang/Object;Ljava/lang/Object;ZZ)Ljava/lang/Object; @ 203
Event: 5.092 Thread 0x00007f753404b800 Uncommon trap: reason=unstable_if action=reinterpret pc=0x00007f752523beac method=com.gitlab.pdftk_java.com.lowagie.text.pdf.PdfObject.isIndirect()Z @ 6
Event: 5.092 Thread 0x00007f753404b800 Uncommon trap: reason=unstable_if action=reinterpret pc=0x00007f7525235e94 method=com.gitlab.pdftk_java.com.lowagie.text.pdf.PdfName.equals(Ljava/lang/Object;)Z @ 2
Event: 5.092 Thread 0x00007f753404b800 Uncommon trap: reason=unstable_if action=reinterpret pc=0x00007f7525236b3c method=com.gitlab.pdftk_java.com.lowagie.text.pdf.PdfName.compareTo(Ljava/lang/Object;)I @ 45
Event: 5.104 Thread 0x00007f753404b800 Uncommon trap: reason=unstable_if action=reinterpret pc=0x00007f7525178d6c method=java.util.HashMap.getNode(ILjava/lang/Object;)Ljava/util/HashMap$Node; @ 49
Event: 5.110 Thread 0x00007f753404b800 Uncommon trap: reason=unstable_if action=reinterpret pc=0x00007f7525158e48 method=java.io.ByteArrayOutputStream.ensureCapacity(I)V @ 7
Event: 5.123 Thread 0x00007f753404b800 Uncommon trap: reason=unstable_if action=reinterpret pc=0x00007f7525155d54 method=java.io.ByteArrayOutputStream.ensureCapacity(I)V @ 7
Event: 5.143 Thread 0x00007f753404b800 Uncommon trap: reason=unstable_if action=reinterpret pc=0x00007f752523bc14 method=com.gitlab.pdftk_java.com.lowagie.text.pdf.PdfReader.releaseLastXrefPartial(Lcom/gitlab/pdftk_java/com/lowagie/text/pdf/PdfObject;)V @ 1
Event: 5.143 Thread 0x00007f753404b800 Uncommon trap: reason=unstable_if action=reinterpret pc=0x00007f752516a734 method=java.io.ByteArrayInputStream.read([BII)I @ 63
Event: 5.143 Thread 0x00007f753404b800 Uncommon trap: reason=unstable_if action=reinterpret pc=0x00007f75251b3110 method=com.gitlab.pdftk_java.com.lowagie.text.pdf.RandomAccessFileOrArray.read()I @ 25
Event: 5.143 Thread 0x00007f753404b800 Uncommon trap: reason=unstable_if action=reinterpret pc=0x00007f75251f6128 method=com.gitlab.pdftk_java.com.lowagie.text.pdf.RandomAccessFileOrArray.seek(I)V @ 15
Event: 5.143 Thread 0x00007f753404b800 Uncommon trap: reason=unstable_if action=reinterpret pc=0x00007f75251e2d34 method=com.gitlab.pdftk_java.com.lowagie.text.pdf.RandomAccessFileOrArray.insureOpen()V @ 4
Event: 5.143 Thread 0x00007f753404b800 Uncommon trap: reason=unstable_if action=reinterpret pc=0x00007f75251f6520 method=com.gitlab.pdftk_java.com.lowagie.text.pdf.RandomAccessFileOrArray.seek(I)V @ 15
Event: 5.779 Thread 0x00007f753404b800 Uncommon trap: reason=unstable_if action=reinterpret pc=0x00007f7525295340 method=com.gitlab.pdftk_java.com.lowagie.text.pdf.PdfReader.readPRObject()Lcom/gitlab/pdftk_java/com/lowagie/text/pdf/PdfObject; @ 445
Event: 5.785 Thread 0x00007f753404b800 Uncommon trap: reason=unstable_if action=reinterpret pc=0x00007f7525201d0c method=java.util.HashMap.putMapEntries(Ljava/util/Map;Z)V @ 8
Event: 5.786 Thread 0x00007f753404b800 Uncommon trap: reason=unstable_if action=reinterpret pc=0x00007f75252a7ad0 method=com.gitlab.pdftk_java.com.lowagie.text.pdf.IntHashtable.containsKey(I)Z @ 24
Event: 5.786 Thread 0x00007f753404b800 Uncommon trap: reason=unstable_if action=reinterpret pc=0x00007f75252cdc04 method=com.gitlab.pdftk_java.com.lowagie.text.pdf.PdfReader.releaseLastXrefPartial(Lcom/gitlab/pdftk_java/com/lowagie/text/pdf/PdfObject;)V @ 9
Event: 5.786 Thread 0x00007f753404b800 Uncommon trap: reason=unstable_if action=reinterpret pc=0x00007f7525292318 method=java.util.HashMap.getNode(ILjava/lang/Object;)Ljava/util/HashMap$Node; @ 116
Event: 5.786 Thread 0x00007f753404b800 Uncommon trap: reason=unstable_if action=reinterpret pc=0x00007f7525179694 method=java.util.HashMap.getNode(ILjava/lang/Object;)Ljava/util/HashMap$Node; @ 49
Event: 5.942 Thread 0x00007f753404b800 Uncommon trap: reason=range_check action=make_not_entrant pc=0x00007f7525325034 method=com.gitlab.pdftk_java.com.lowagie.text.pdf.PdfReader.removeUnusedNode(Lcom/gitlab/pdftk_java/com/lowagie/text/pdf/PdfObject;[Z)V @ 217
Event: 5.948 Thread 0x00007f753404b800 Uncommon trap: reason=predicate action=maybe_recompile pc=0x00007f7525322744 method=java.util.AbstractCollection.toArray([Ljava/lang/Object;)[Ljava/lang/Object; @ 49
Event: 5.959 Thread 0x00007f753404b800 Uncommon trap: reason=array_check action=maybe_recompile pc=0x00007f752531abf8 method=java.util.AbstractCollection.toArray([Ljava/lang/Object;)[Ljava/lang/Object; @ 119
Event: 5.959 Thread 0x00007f753404b800 Uncommon trap: reason=array_check action=maybe_recompile pc=0x00007f752531abf8 method=java.util.AbstractCollection.toArray([Ljava/lang/Object;)[Ljava/lang/Object; @ 119
Event: 5.959 Thread 0x00007f753404b800 Uncommon trap: reason=array_check action=maybe_recompile pc=0x00007f752531abf8 method=java.util.AbstractCollection.toArray([Ljava/lang/Object;)[Ljava/lang/Object; @ 119
Event: 5.959 Thread 0x00007f753404b800 Uncommon trap: reason=array_check action=maybe_recompile pc=0x00007f752531abf8 method=java.util.AbstractCollection.toArray([Ljava/lang/Object;)[Ljava/lang/Object; @ 119
Event: 6.136 Thread 0x00007f753404b800 Uncommon trap: reason=unstable_if action=reinterpret pc=0x00007f7525330040 method=com.gitlab.pdftk_java.com.lowagie.text.pdf.PdfReader.removeUnusedNode(Lcom/gitlab/pdftk_java/com/lowagie/text/pdf/PdfObject;[Z)V @ 536
Event: 6.136 Thread 0x00007f753404b800 Uncommon trap: reason=unstable_if action=reinterpret pc=0x00007f752523a21c method=com.gitlab.pdftk_java.com.lowagie.text.pdf.PdfObject.isNull()Z @ 6
Event: 6.141 Thread 0x00007f753404b800 Uncommon trap: reason=unstable_if action=reinterpret pc=0x00007f75252f7710 method=com.gitlab.pdftk_java.com.lowagie.text.pdf.PdfName.compareTo(Ljava/lang/Object;)I @ 59
Event: 6.141 Thread 0x00007f753404b800 Uncommon trap: reason=bimorphic action=maybe_recompile pc=0x00007f752531d1dc method=java.util.HashMap.getNode(ILjava/lang/Object;)Ljava/util/HashMap$Node; @ 126
Event: 6.141 Thread 0x00007f753404b800 Uncommon trap: reason=bimorphic action=maybe_recompile pc=0x00007f752531d1dc method=java.util.HashMap.getNode(ILjava/lang/Object;)Ljava/util/HashMap$Node; @ 126
Event: 6.141 Thread 0x00007f753404b800 Uncommon trap: reason=bimorphic action=maybe_recompile pc=0x00007f752531d1dc method=java.util.HashMap.getNode(ILjava/lang/Object;)Ljava/util/HashMap$Node; @ 126
Event: 6.141 Thread 0x00007f753404b800 Uncommon trap: reason=bimorphic action=maybe_recompile pc=0x00007f752531d1dc method=java.util.HashMap.getNode(ILjava/lang/Object;)Ljava/util/HashMap$Node; @ 126
Event: 6.141 Thread 0x00007f753404b800 Uncommon trap: reason=bimorphic action=maybe_recompile pc=0x00007f75252f537c method=java.util.HashMap.getNode(ILjava/lang/Object;)Ljava/util/HashMap$Node; @ 126
Event: 6.172 Thread 0x00007f753404b800 Uncommon trap: reason=unstable_if action=reinterpret pc=0x00007f7525319b74 method=java.util.HashMap.keySet()Ljava/util/Set; @ 6
Event: 6.305 Thread 0x00007f753404b800 Uncommon trap: reason=unstable_if action=reinterpret pc=0x00007f75253197e8 method=java.util.HashMap.keySet()Ljava/util/Set; @ 6
Event: 6.448 Thread 0x00007f753404b800 Uncommon trap: reason=unstable_if action=reinterpret pc=0x00007f752533de1c method=com.gitlab.pdftk_java.com.lowagie.text.pdf.PdfEncodings.convertToString([BLjava/lang/String;)Ljava/lang/String; @ 72
Event: 6.449 Thread 0x00007f753404b800 Uncommon trap: reason=class_check action=maybe_recompile pc=0x00007f752525c0a0 method=java.util.HashMap.putVal(ILjava/lang/Object;Ljava/lang/Object;ZZ)Ljava/lang/Object; @ 56

Classes redefined (0 events):
No events

Internal exceptions (2 events):
Event: 0.019 Thread 0x00007f753404b800 Exception <a 'java/lang/NoSuchMethodError': Method sun.misc.Unsafe.defineClass(Ljava/lang/String;[BII)Ljava/lang/Class; name or signature does not match> (0x000000076eb07cd8) thrown at [/builddir/build/BUILD/java-1.8.0-openjdk-1.8.0.392.b08-2.el7_9.x86_64
Event: 0.019 Thread 0x00007f753404b800 Exception <a 'java/lang/NoSuchMethodError': Method sun.misc.Unsafe.prefetchRead(Ljava/lang/Object;J)V name or signature does not match> (0x000000076eb07fc0) thrown at [/builddir/build/BUILD/java-1.8.0-openjdk-1.8.0.392.b08-2.el7_9.x86_64/shenandoah-jdk8u3

Events (250 events):
Event: 5.419 Executing VM operation: RevokeBias done
Event: 5.419 Executing VM operation: RevokeBias
Event: 5.419 Executing VM operation: RevokeBias done
Event: 5.419 Executing VM operation: RevokeBias
Event: 5.419 Executing VM operation: RevokeBias done
Event: 5.419 Executing VM operation: RevokeBias
Event: 5.420 Executing VM operation: RevokeBias done
Event: 5.420 Executing VM operation: RevokeBias
Event: 5.420 Executing VM operation: RevokeBias done
Event: 5.420 Executing VM operation: RevokeBias
Event: 5.420 Executing VM operation: RevokeBias done
Event: 5.420 Executing VM operation: RevokeBias
Event: 5.420 Executing VM operation: RevokeBias done
Event: 5.420 Executing VM operation: RevokeBias
Event: 5.420 Executing VM operation: RevokeBias done
Event: 5.420 Executing VM operation: RevokeBias
Event: 5.420 Executing VM operation: RevokeBias done
Event: 5.420 Executing VM operation: RevokeBias
Event: 5.420 Executing VM operation: RevokeBias done
Event: 5.420 Executing VM operation: RevokeBias
Event: 5.420 Executing VM operation: RevokeBias done
Event: 5.420 Executing VM operation: RevokeBias
Event: 5.420 Executing VM operation: RevokeBias done
Event: 5.420 Executing VM operation: RevokeBias
Event: 5.420 Executing VM operation: RevokeBias done
Event: 5.420 Executing VM operation: RevokeBias
Event: 5.420 Executing VM operation: RevokeBias done
Event: 5.420 Executing VM operation: RevokeBias
Event: 5.420 Executing VM operation: RevokeBias done
Event: 5.420 Executing VM operation: BulkRevokeBias
Event: 5.420 Executing VM operation: BulkRevokeBias done
Event: 5.420 Executing VM operation: RevokeBias
Event: 5.420 Executing VM operation: RevokeBias done
Event: 5.504 Thread 0x00007f753404b800 DEOPT PACKING pc=0x00007f75252606bb sp=0x00007f753b360b50
Event: 5.504 Thread 0x00007f753404b800 DEOPT UNPACKING pc=0x00007f75250474c4 sp=0x00007f753b360960 mode 0
Event: 5.520 Executing VM operation: ParallelGCFailedAllocation
Event: 5.591 Executing VM operation: ParallelGCFailedAllocation done
Event: 5.591 Executing VM operation: RevokeBias
Event: 5.591 Executing VM operation: RevokeBias done
Event: 5.591 Executing VM operation: RevokeBias
Event: 5.591 Executing VM operation: RevokeBias done
Event: 5.592 Executing VM operation: RevokeBias
Event: 5.592 Executing VM operation: RevokeBias done
Event: 5.592 Executing VM operation: RevokeBias
Event: 5.592 Executing VM operation: RevokeBias done
Event: 5.592 Executing VM operation: RevokeBias
Event: 5.592 Executing VM operation: RevokeBias done
Event: 5.592 Executing VM operation: RevokeBias
Event: 5.592 Executing VM operation: RevokeBias done
Event: 5.592 Executing VM operation: RevokeBias
Event: 5.592 Executing VM operation: RevokeBias done
Event: 5.592 Executing VM operation: RevokeBias
Event: 5.592 Executing VM operation: RevokeBias done
Event: 5.592 Executing VM operation: RevokeBias
Event: 5.592 Executing VM operation: RevokeBias done
Event: 5.592 Executing VM operation: RevokeBias
Event: 5.592 Executing VM operation: RevokeBias done
Event: 5.592 Executing VM operation: RevokeBias
Event: 5.592 Executing VM operation: RevokeBias done
Event: 5.592 Executing VM operation: RevokeBias
Event: 5.592 Executing VM operation: RevokeBias done
Event: 5.592 Executing VM operation: RevokeBias
Event: 5.592 Executing VM operation: RevokeBias done
Event: 5.592 Executing VM operation: RevokeBias
Event: 5.593 Executing VM operation: RevokeBias done
Event: 5.593 Executing VM operation: RevokeBias
Event: 5.593 Executing VM operation: RevokeBias done
Event: 5.593 Executing VM operation: RevokeBias
Event: 5.593 Executing VM operation: RevokeBias done
Event: 5.593 Executing VM operation: RevokeBias
Event: 5.593 Executing VM operation: RevokeBias done
Event: 5.593 Executing VM operation: RevokeBias
Event: 5.593 Executing VM operation: RevokeBias done
Event: 5.593 Executing VM operation: RevokeBias
Event: 5.593 Executing VM operation: RevokeBias done
Event: 5.593 Executing VM operation: BulkRevokeBias
Event: 5.593 Executing VM operation: BulkRevokeBias done
Event: 5.596 Thread 0x00007f753404b800 DEOPT PACKING pc=0x00007f7525287370 sp=0x00007f753b361250
Event: 5.596 Thread 0x00007f753404b800 DEOPT UNPACKING pc=0x00007f75250474c4 sp=0x00007f753b360ff8 mode 0
Event: 5.642 Thread 0x00007f753404b800 DEOPT PACKING pc=0x00007f752526d6d7 sp=0x00007f753b360f20
Event: 5.642 Thread 0x00007f753404b800 DEOPT UNPACKING pc=0x00007f75250474c4 sp=0x00007f753b360c28 mode 0
Event: 5.674 Thread 0x00007f753404b800 DEOPT PACKING pc=0x00007f75252724bd sp=0x00007f753b360d70
Event: 5.674 Thread 0x00007f753404b800 DEOPT UNPACKING pc=0x00007f75250474c4 sp=0x00007f753b360b10 mode 0
Event: 5.708 Thread 0x00007f753404b800 DEOPT PACKING pc=0x00007f752524c216 sp=0x00007f753b360f00
Event: 5.708 Thread 0x00007f753404b800 DEOPT UNPACKING pc=0x00007f75250474c4 sp=0x00007f753b360c30 mode 0
Event: 5.715 Thread 0x00007f753404b800 DEOPT PACKING pc=0x00007f75252be206 sp=0x00007f753b361250
Event: 5.715 Thread 0x00007f753404b800 DEOPT UNPACKING pc=0x00007f75250474c4 sp=0x00007f753b360ff8 mode 0
Event: 5.762 Thread 0x00007f753404b800 DEOPT PACKING pc=0x00007f75252be2c0 sp=0x00007f753b361250
Event: 5.762 Thread 0x00007f753404b800 DEOPT UNPACKING pc=0x00007f75250474c4 sp=0x00007f753b360ff8 mode 0
Event: 5.779 Thread 0x00007f753404b800 Uncommon trap: trap_request=0xffffff65 fr.pc=0x00007f7525295340
Event: 5.779 Thread 0x00007f753404b800 DEOPT PACKING pc=0x00007f7525295340 sp=0x00007f753b360fd0
Event: 5.779 Thread 0x00007f753404b800 DEOPT UNPACKING pc=0x00007f752504547a sp=0x00007f753b360fd8 mode 2
Event: 5.784 loading class com/gitlab/pdftk_java/com/lowagie/text/pdf/PdfReader$PageRefs
Event: 5.784 loading class com/gitlab/pdftk_java/com/lowagie/text/pdf/PdfReader$PageRefs done
Event: 5.785 Thread 0x00007f753404b800 Uncommon trap: trap_request=0xffffff65 fr.pc=0x00007f7525201d0c
Event: 5.785 Thread 0x00007f753404b800 DEOPT PACKING pc=0x00007f7525201d0c sp=0x00007f753b3610c0
Event: 5.785 Thread 0x00007f753404b800 DEOPT UNPACKING pc=0x00007f752504547a sp=0x00007f753b361078 mode 2
Event: 5.785 loading class java/util/HashMap$KeySet
Event: 5.785 loading class java/util/HashMap$KeySet done
Event: 5.785 loading class java/util/HashMap$KeyIterator
Event: 5.785 loading class java/util/HashMap$KeyIterator done
Event: 5.785 Executing VM operation: Deoptimize
Event: 5.785 Executing VM operation: Deoptimize done
Event: 5.786 Thread 0x00007f753404b800 Uncommon trap: trap_request=0xffffff65 fr.pc=0x00007f75252a7ad0
Event: 5.786 Thread 0x00007f753404b800 DEOPT PACKING pc=0x00007f75252a7ad0 sp=0x00007f753b3613f0
Event: 5.786 Thread 0x00007f753404b800 DEOPT UNPACKING pc=0x00007f752504547a sp=0x00007f753b361398 mode 2
Event: 5.786 Thread 0x00007f753404b800 Uncommon trap: trap_request=0xffffff65 fr.pc=0x00007f75252cdc04
Event: 5.786 Thread 0x00007f753404b800 DEOPT PACKING pc=0x00007f75252cdc04 sp=0x00007f753b361350
Event: 5.786 Thread 0x00007f753404b800 DEOPT UNPACKING pc=0x00007f752504547a sp=0x00007f753b3612b8 mode 2
Event: 5.786 Thread 0x00007f753404b800 Uncommon trap: trap_request=0xffffff65 fr.pc=0x00007f7525292318
Event: 5.786 Thread 0x00007f753404b800 DEOPT PACKING pc=0x00007f7525292318 sp=0x00007f753b361300
Event: 5.786 Thread 0x00007f753404b800 DEOPT UNPACKING pc=0x00007f752504547a sp=0x00007f753b361238 mode 2
Event: 5.786 Thread 0x00007f753404b800 Uncommon trap: trap_request=0xffffff65 fr.pc=0x00007f7525179694
Event: 5.786 Thread 0x00007f753404b800 DEOPT PACKING pc=0x00007f7525179694 sp=0x00007f753b361280
Event: 5.786 Thread 0x00007f753404b800 DEOPT UNPACKING pc=0x00007f752504547a sp=0x00007f753b361228 mode 2
Event: 5.942 Thread 0x00007f753404b800 DEOPT PACKING pc=0x00007f7525308d30 sp=0x00007f753b361220
Event: 5.942 Thread 0x00007f753404b800 DEOPT UNPACKING pc=0x00007f75250474c4 sp=0x00007f753b361108 mode 0
Event: 5.942 Thread 0x00007f753404b800 Uncommon trap: trap_request=0xffffffe4 fr.pc=0x00007f7525325034
Event: 5.942 Thread 0x00007f753404b800 DEOPT PACKING pc=0x00007f7525325034 sp=0x00007f753b361370
Event: 5.942 Thread 0x00007f753404b800 DEOPT UNPACKING pc=0x00007f752504547a sp=0x00007f753b361388 mode 2
Event: 5.948 Thread 0x00007f753404b800 Uncommon trap: trap_request=0xffffff86 fr.pc=0x00007f7525322744
Event: 5.948 Thread 0x00007f753404b800 DEOPT PACKING pc=0x00007f7525322744 sp=0x00007f753b361330
Event: 5.948 Thread 0x00007f753404b800 DEOPT UNPACKING pc=0x00007f752504547a sp=0x00007f753b361310 mode 2
Event: 5.959 Thread 0x00007f753404b800 Uncommon trap: trap_request=0xffffffd6 fr.pc=0x00007f752531abf8
Event: 5.959 Thread 0x00007f753404b800 DEOPT PACKING pc=0x00007f752531abf8 sp=0x00007f753b361330
Event: 5.959 Thread 0x00007f753404b800 DEOPT UNPACKING pc=0x00007f752504547a sp=0x00007f753b3612f8 mode 2
Event: 5.959 Thread 0x00007f753404b800 Uncommon trap: trap_request=0xffffffd6 fr.pc=0x00007f752531abf8
Event: 5.959 Thread 0x00007f753404b800 DEOPT PACKING pc=0x00007f752531abf8 sp=0x00007f753b361330
Event: 5.959 Thread 0x00007f753404b800 DEOPT UNPACKING pc=0x00007f752504547a sp=0x00007f753b3612f8 mode 2
Event: 5.959 Thread 0x00007f753404b800 Uncommon trap: trap_request=0xffffffd6 fr.pc=0x00007f752531abf8
Event: 5.959 Thread 0x00007f753404b800 DEOPT PACKING pc=0x00007f752531abf8 sp=0x00007f753b361330
Event: 5.959 Thread 0x00007f753404b800 DEOPT UNPACKING pc=0x00007f752504547a sp=0x00007f753b3612f8 mode 2
Event: 5.959 Thread 0x00007f753404b800 Uncommon trap: trap_request=0xffffffd6 fr.pc=0x00007f752531abf8
Event: 5.959 Thread 0x00007f753404b800 DEOPT PACKING pc=0x00007f752531abf8 sp=0x00007f753b361330
Event: 5.959 Thread 0x00007f753404b800 DEOPT UNPACKING pc=0x00007f752504547a sp=0x00007f753b3612f8 mode 2
Event: 6.136 Thread 0x00007f753404b800 Uncommon trap: trap_request=0xffffff65 fr.pc=0x00007f7525330040
Event: 6.136 Thread 0x00007f753404b800 DEOPT PACKING pc=0x00007f7525330040 sp=0x00007f753b361370
Event: 6.136 Thread 0x00007f753404b800 DEOPT UNPACKING pc=0x00007f752504547a sp=0x00007f753b361390 mode 2
Event: 6.136 Thread 0x00007f753404b800 Uncommon trap: trap_request=0xffffff65 fr.pc=0x00007f752523a21c
Event: 6.136 Thread 0x00007f753404b800 DEOPT PACKING pc=0x00007f752523a21c sp=0x00007f753b361320
Event: 6.136 Thread 0x00007f753404b800 DEOPT UNPACKING pc=0x00007f752504547a sp=0x00007f753b3612b8 mode 2
Event: 6.137 loading class java/io/RandomAccessFile$1
Event: 6.137 loading class java/io/RandomAccessFile$1 done
Event: 6.138 loading class com/gitlab/pdftk_java/com/lowagie/text/pdf/PdfNameTree
Event: 6.138 loading class com/gitlab/pdftk_java/com/lowagie/text/pdf/PdfNameTree done
Event: 6.138 loading class com/gitlab/pdftk_java/com/lowagie/text/StringCompare
Event: 6.138 loading class com/gitlab/pdftk_java/com/lowagie/text/StringCompare done
Event: 6.139 loading class java/lang/StrictMath
Event: 6.139 loading class java/lang/StrictMath done
Event: 6.141 Thread 0x00007f753404b800 Uncommon trap: trap_request=0xffffff65 fr.pc=0x00007f75252f7710
Event: 6.141 Thread 0x00007f753404b800 DEOPT PACKING pc=0x00007f75252f7710 sp=0x00007f753b361430
Event: 6.141 Thread 0x00007f753404b800 DEOPT UNPACKING pc=0x00007f752504547a sp=0x00007f753b3613c8 mode 2
Event: 6.141 Thread 0x00007f753404b800 Uncommon trap: trap_request=0xffffffc6 fr.pc=0x00007f752531d1dc
Event: 6.141 Thread 0x00007f753404b800 DEOPT PACKING pc=0x00007f752531d1dc sp=0x00007f753b361460
Event: 6.141 Thread 0x00007f753404b800 DEOPT UNPACKING pc=0x00007f752504547a sp=0x00007f753b3613a8 mode 2
Event: 6.141 Thread 0x00007f753404b800 Uncommon trap: trap_request=0xffffffc6 fr.pc=0x00007f752531d1dc
Event: 6.141 Thread 0x00007f753404b800 DEOPT PACKING pc=0x00007f752531d1dc sp=0x00007f753b361460
Event: 6.141 Thread 0x00007f753404b800 DEOPT UNPACKING pc=0x00007f752504547a sp=0x00007f753b3613a8 mode 2
Event: 6.141 Thread 0x00007f753404b800 Uncommon trap: trap_request=0xffffffc6 fr.pc=0x00007f752531d1dc
Event: 6.141 Thread 0x00007f753404b800 DEOPT PACKING pc=0x00007f752531d1dc sp=0x00007f753b361460
Event: 6.141 Thread 0x00007f753404b800 DEOPT UNPACKING pc=0x00007f752504547a sp=0x00007f753b3613a8 mode 2
Event: 6.141 Thread 0x00007f753404b800 Uncommon trap: trap_request=0xffffffc6 fr.pc=0x00007f752531d1dc
Event: 6.141 Thread 0x00007f753404b800 DEOPT PACKING pc=0x00007f752531d1dc sp=0x00007f753b361460
Event: 6.141 Thread 0x00007f753404b800 DEOPT UNPACKING pc=0x00007f752504547a sp=0x00007f753b3613a8 mode 2
Event: 6.141 Thread 0x00007f753404b800 Uncommon trap: trap_request=0xffffffc6 fr.pc=0x00007f75252f537c
Event: 6.141 Thread 0x00007f753404b800 DEOPT PACKING pc=0x00007f75252f537c sp=0x00007f753b3613f0
Event: 6.141 Thread 0x00007f753404b800 DEOPT UNPACKING pc=0x00007f752504547a sp=0x00007f753b3613a8 mode 2
Event: 6.172 Thread 0x00007f753404b800 Uncommon trap: trap_request=0xffffff65 fr.pc=0x00007f7525319b74
Event: 6.172 Thread 0x00007f753404b800 DEOPT PACKING pc=0x00007f7525319b74 sp=0x00007f753b361360
Event: 6.172 Thread 0x00007f753404b800 DEOPT UNPACKING pc=0x00007f752504547a sp=0x00007f753b361318 mode 2
Event: 6.305 Thread 0x00007f753404b800 DEOPT PACKING pc=0x00007f7525315158 sp=0x00007f753b361390
Event: 6.305 Thread 0x00007f753404b800 DEOPT UNPACKING pc=0x00007f75250474c4 sp=0x00007f753b361248 mode 0
Event: 6.305 Thread 0x00007f753404b800 Uncommon trap: trap_request=0xffffff65 fr.pc=0x00007f75253197e8
Event: 6.305 Thread 0x00007f753404b800 DEOPT PACKING pc=0x00007f75253197e8 sp=0x00007f753b3614a0
Event: 6.305 Thread 0x00007f753404b800 DEOPT UNPACKING pc=0x00007f752504547a sp=0x00007f753b361408 mode 2
Event: 6.444 loading class com/gitlab/pdftk_java/InputPdf$PagesReader
Event: 6.444 loading class com/gitlab/pdftk_java/InputPdf$PagesReader done
Event: 6.444 loading class java/util/HashSet
Event: 6.444 loading class java/util/HashSet done
Event: 6.445 loading class com/gitlab/pdftk_java/report
Event: 6.445 loading class com/gitlab/pdftk_java/report done
Event: 6.448 Thread 0x00007f753404b800 Uncommon trap: trap_request=0xffffff65 fr.pc=0x00007f752533de1c
Event: 6.448 Thread 0x00007f753404b800 DEOPT PACKING pc=0x00007f752533de1c sp=0x00007f753b3615f0
Event: 6.448 Thread 0x00007f753404b800 DEOPT UNPACKING pc=0x00007f752504547a sp=0x00007f753b361588 mode 2
Event: 6.448 loading class org/apache/commons/lang3/StringEscapeUtils
Event: 6.448 loading class org/apache/commons/lang3/StringEscapeUtils done
Event: 6.449 Thread 0x00007f753404b800 Uncommon trap: trap_request=0xffffffde fr.pc=0x00007f752525c0a0
Event: 6.449 Thread 0x00007f753404b800 DEOPT PACKING pc=0x00007f752525c0a0 sp=0x00007f753b35e970
Event: 6.449 Thread 0x00007f753404b800 DEOPT UNPACKING pc=0x00007f752504547a sp=0x00007f753b35e8f0 mode 2
Event: 6.449 loading class org/apache/commons/lang3/text/translate/CharSequenceTranslator
Event: 6.449 loading class org/apache/commons/lang3/text/translate/CharSequenceTranslator done
Event: 6.450 loading class org/apache/commons/lang3/text/translate/AggregateTranslator
Event: 6.450 loading class org/apache/commons/lang3/text/translate/AggregateTranslator done
Event: 6.450 loading class org/apache/commons/lang3/StringEscapeUtils$CsvEscaper
Event: 6.450 loading class org/apache/commons/lang3/StringEscapeUtils$CsvEscaper done
Event: 6.450 loading class org/apache/commons/lang3/StringEscapeUtils$CsvUnescaper
Event: 6.450 loading class org/apache/commons/lang3/StringEscapeUtils$CsvUnescaper done
Event: 6.451 loading class org/apache/commons/lang3/text/translate/LookupTranslator
Event: 6.451 loading class org/apache/commons/lang3/text/translate/LookupTranslator done
Event: 6.451 loading class java/io/StringWriter
Event: 6.451 loading class java/io/StringWriter done
Event: 6.451 loading class org/apache/commons/lang3/text/translate/EntityArrays
Event: 6.451 loading class org/apache/commons/lang3/text/translate/EntityArrays done
Event: 6.453 loading class org/apache/commons/lang3/ArrayUtils
Event: 6.453 loading class org/apache/commons/lang3/ArrayUtils done
Event: 6.457 loading class org/apache/commons/lang3/text/translate/UnicodeEscaper
Event: 6.457 loading class org/apache/commons/lang3/text/translate/UnicodeEscaper done
Event: 6.457 loading class org/apache/commons/lang3/text/translate/CodePointTranslator
Event: 6.457 loading class org/apache/commons/lang3/text/translate/CodePointTranslator done
Event: 6.458 loading class org/apache/commons/lang3/text/translate/OctalUnescaper
Event: 6.458 loading class org/apache/commons/lang3/text/translate/OctalUnescaper done
Event: 6.458 loading class org/apache/commons/lang3/text/translate/UnicodeUnescaper
Event: 6.458 loading class org/apache/commons/lang3/text/translate/UnicodeUnescaper done
Event: 6.468 loading class org/apache/commons/lang3/text/translate/NumericEntityUnescaper
Event: 6.468 loading class org/apache/commons/lang3/text/translate/NumericEntityUnescaper done
Event: 6.469 loading class org/apache/commons/lang3/text/translate/NumericEntityUnescaper$OPTION
Event: 6.469 loading class org/apache/commons/lang3/text/translate/NumericEntityUnescaper$OPTION done
Event: 6.469 loading class java/util/Arrays$ArrayList
Event: 6.469 loading class java/util/Arrays$ArrayList done
Event: 6.469 loading class java/util/EnumSet
Event: 6.470 loading class java/util/EnumSet done
Event: 6.470 loading class java/util/AbstractList$Itr
Event: 6.470 loading class java/util/AbstractList$Itr done
Event: 6.470 loading class java/util/RegularEnumSet
Event: 6.470 loading class java/util/RegularEnumSet done
Event: 6.470 loading class org/apache/commons/lang3/text/translate/NumericEntityEscaper
Event: 6.470 loading class org/apache/commons/lang3/text/translate/NumericEntityEscaper done
Event: 6.472 loading class java/lang/Byte$ByteCache
Event: 6.472 loading class java/lang/Byte$ByteCache done
Event: 6.472 loading class java/util/Formatter
Event: 6.472 loading class java/util/Formatter done
Event: 6.472 loading class java/util/regex/Pattern$Ctype
Event: 6.472 loading class java/util/regex/Pattern$Ctype done
Event: 6.473 loading class java/util/regex/Pattern$5
Event: 6.473 loading class java/util/regex/Pattern$5 done
Event: 6.473 loading class java/util/Locale$Category
Event: 6.473 loading class java/util/Locale$Category done
Event: 6.473 loading class java/util/Locale$1
Event: 6.473 loading class java/util/Locale$1 done
Event: 6.473 loading class java/util/regex/ASCII
Event: 6.473 loading class java/util/regex/ASCII done
Event: 6.473 loading class java/util/Formatter$FormatSpecifier
Event: 6.473 loading class java/util/Formatter$FormatString
Event: 6.473 loading class java/util/Formatter$FormatString done
Event: 6.474 loading class java/util/Formatter$FormatSpecifier done
Event: 6.474 loading class java/util/Formatter$Flags
Event: 6.474 loading class java/util/Formatter$Flags done
Event: 6.474 loading class java/util/Formatter$Conversion
Event: 6.474 loading class java/util/Formatter$Conversion done
Event: 6.481 Executing VM operation: ParallelGCFailedAllocation


Dynamic libraries:
6cc000000-6d6300000 rw-p 00000000 00:00 0 
6d6300000-76eb00000 ---p 00000000 00:00 0 
76eb00000-77f300000 rw-p 00000000 00:00 0 
794a00000-7c0000000 ---p 00000000 00:00 0 
7c0000000-7c0080000 rw-p 00000000 00:00 0 
7c0080000-800000000 ---p 00000000 00:00 0 
555ee9276000-555ee9277000 r-xp 00000000 fd:01 3547731                    /usr/lib/jvm/java-1.8.0-openjdk-1.8.0.392.b08-2.el7_9.x86_64/jre/bin/java
555ee9476000-555ee9477000 r--p 00000000 fd:01 3547731                    /usr/lib/jvm/java-1.8.0-openjdk-1.8.0.392.b08-2.el7_9.x86_64/jre/bin/java
555ee9477000-555ee9478000 rw-p 00001000 fd:01 3547731                    /usr/lib/jvm/java-1.8.0-openjdk-1.8.0.392.b08-2.el7_9.x86_64/jre/bin/java
555eea0e9000-555eea10a000 rw-p 00000000 00:00 0                          [heap]
7f74f0000000-7f74f0021000 rw-p 00000000 00:00 0 
7f74f0021000-7f74f4000000 ---p 00000000 00:00 0 
7f74f4000000-7f74f4021000 rw-p 00000000 00:00 0 
7f74f4021000-7f74f8000000 ---p 00000000 00:00 0 
7f74f8000000-7f74f870d000 rw-p 00000000 00:00 0 
7f74f870d000-7f74fc000000 ---p 00000000 00:00 0 
7f74fc000000-7f74fc425000 rw-p 00000000 00:00 0 
7f74fc425000-7f7500000000 ---p 00000000 00:00 0 
7f7500000000-7f7500021000 rw-p 00000000 00:00 0 
7f7500021000-7f7504000000 ---p 00000000 00:00 0 
7f7504000000-7f7504021000 rw-p 00000000 00:00 0 
7f7504021000-7f7508000000 ---p 00000000 00:00 0 
7f7508000000-7f7508021000 rw-p 00000000 00:00 0 
7f7508021000-7f750c000000 ---p 00000000 00:00 0 
7f750c600000-7f7514000000 rw-p 00000000 00:00 0 
7f7514000000-7f7514021000 rw-p 00000000 00:00 0 
7f7514021000-7f7518000000 ---p 00000000 00:00 0 
7f7518000000-7f75182cc000 rw-p 00000000 00:00 0 
7f75182cc000-7f751c000000 ---p 00000000 00:00 0 
7f751c000000-7f751c021000 rw-p 00000000 00:00 0 
7f751c021000-7f7520000000 ---p 00000000 00:00 0 
7f75216e4000-7f75216f5000 r--s 00211000 fd:01 3547822                    /usr/lib/jvm/java-1.8.0-openjdk-1.8.0.392.b08-2.el7_9.x86_64/jre/lib/jsse.jar
7f75216f5000-7f7521726000 rw-p 00000000 00:00 0 
7f7521726000-7f752173e000 r-xp 00000000 fd:01 3547768                    /usr/lib/jvm/java-1.8.0-openjdk-1.8.0.392.b08-2.el7_9.x86_64/jre/lib/amd64/libnet.so
7f752173e000-7f752193d000 ---p 00018000 fd:01 3547768                    /usr/lib/jvm/java-1.8.0-openjdk-1.8.0.392.b08-2.el7_9.x86_64/jre/lib/amd64/libnet.so
7f752193d000-7f752193e000 r--p 00017000 fd:01 3547768                    /usr/lib/jvm/java-1.8.0-openjdk-1.8.0.392.b08-2.el7_9.x86_64/jre/lib/amd64/libnet.so
7f752193e000-7f752193f000 rw-p 00018000 fd:01 3547768                    /usr/lib/jvm/java-1.8.0-openjdk-1.8.0.392.b08-2.el7_9.x86_64/jre/lib/amd64/libnet.so
7f752193f000-7f7521951000 r-xp 00000000 fd:01 3547769                    /usr/lib/jvm/java-1.8.0-openjdk-1.8.0.392.b08-2.el7_9.x86_64/jre/lib/amd64/libnio.so
7f7521951000-7f7521b50000 ---p 00012000 fd:01 3547769                    /usr/lib/jvm/java-1.8.0-openjdk-1.8.0.392.b08-2.el7_9.x86_64/jre/lib/amd64/libnio.so
7f7521b50000-7f7521b51000 r--p 00011000 fd:01 3547769                    /usr/lib/jvm/java-1.8.0-openjdk-1.8.0.392.b08-2.el7_9.x86_64/jre/lib/amd64/libnio.so
7f7521b51000-7f7521b52000 rw-p 00012000 fd:01 3547769                    /usr/lib/jvm/java-1.8.0-openjdk-1.8.0.392.b08-2.el7_9.x86_64/jre/lib/amd64/libnio.so
7f7521b52000-7f7521ba5000 r--s 003fd000 fd:01 3549785                    /usr/share/java/bcprov.jar
7f7521ba5000-7f7521ba6000 ---p 00000000 00:00 0 
7f7521ba6000-7f7521ca6000 rw-p 00000000 00:00 0 
7f7521ca6000-7f7521ca9000 ---p 00000000 00:00 0 
7f7521ca9000-7f7521da7000 rw-p 00000000 00:00 0 
7f7521da7000-7f7521dab000 ---p 00000000 00:00 0 
7f7521dab000-7f7521ea8000 rw-p 00000000 00:00 0 
7f7521ea8000-7f7521eac000 ---p 00000000 00:00 0 
7f7521eac000-7f7521fa9000 rw-p 00000000 00:00 0 
7f7521fa9000-7f7521fac000 ---p 00000000 00:00 0 
7f7521fac000-7f75220aa000 rw-p 00000000 00:00 0 
7f75220aa000-7f75220ad000 ---p 00000000 00:00 0 
7f75220ad000-7f75221ab000 rw-p 00000000 00:00 0 
7f75221ab000-7f75221ae000 ---p 00000000 00:00 0 
7f75221ae000-7f75222ac000 rw-p 00000000 00:00 0 
7f75222ac000-7f75222ad000 ---p 00000000 00:00 0 
7f75222ad000-7f7522d46000 rw-p 00000000 00:00 0 
7f7522d46000-7f7522f18000 r--s 044c8000 fd:01 3547836                    /usr/lib/jvm/java-1.8.0-openjdk-1.8.0.392.b08-2.el7_9.x86_64/jre/lib/rt.jar
7f7522f18000-7f75234e9000 rw-p 00000000 00:00 0 
7f75234e9000-7f75237e9000 ---p 00000000 00:00 0 
7f75237e9000-7f7523fdb000 rw-p 00000000 00:00 0 
7f7523fdb000-7f752449f000 ---p 00000000 00:00 0 
7f752449f000-7f75244f1000 rw-p 00000000 00:00 0 
7f75244f1000-7f75249b4000 ---p 00000000 00:00 0 
7f75249b4000-7f7524a39000 rw-p 00000000 00:00 0 
7f7524a39000-7f7524c3f000 ---p 00000000 00:00 0 
7f7524c3f000-7f7524c4e000 rw-p 00000000 00:00 0 
7f7524c4e000-7f7525000000 ---p 00000000 00:00 0 
7f7525000000-7f7525370000 rwxp 00000000 00:00 0 
7f7525370000-7f7534000000 ---p 00000000 00:00 0 
7f7534000000-7f753449f000 rw-p 00000000 00:00 0 
7f753449f000-7f7538000000 ---p 00000000 00:00 0 
7f7538007000-7f7538010000 r--s 000ed000 fd:01 3549795                    /usr/share/java/pdftk.jar
7f7538010000-7f7538011000 ---p 00000000 00:00 0 
7f7538011000-7f7538111000 rw-p 00000000 00:00 0 
7f7538111000-7f7538112000 ---p 00000000 00:00 0 
7f7538112000-7f7538212000 rw-p 00000000 00:00 0 
7f7538212000-7f753821a000 r-xp 00000000 fd:01 3547776                    /usr/lib/jvm/java-1.8.0-openjdk-1.8.0.392.b08-2.el7_9.x86_64/jre/lib/amd64/libzip.so
7f753821a000-7f7538419000 ---p 00008000 fd:01 3547776                    /usr/lib/jvm/java-1.8.0-openjdk-1.8.0.392.b08-2.el7_9.x86_64/jre/lib/amd64/libzip.so
7f7538419000-7f753841a000 r--p 00007000 fd:01 3547776                    /usr/lib/jvm/java-1.8.0-openjdk-1.8.0.392.b08-2.el7_9.x86_64/jre/lib/amd64/libzip.so
7f753841a000-7f753841b000 rw-p 00008000 fd:01 3547776                    /usr/lib/jvm/java-1.8.0-openjdk-1.8.0.392.b08-2.el7_9.x86_64/jre/lib/amd64/libzip.so
7f753841b000-7f7538427000 r-xp 00000000 fd:01 1070102                    /usr/lib64/libnss_files-2.17.so
7f7538427000-7f7538626000 ---p 0000c000 fd:01 1070102                    /usr/lib64/libnss_files-2.17.so
7f7538626000-7f7538627000 r--p 0000b000 fd:01 1070102                    /usr/lib64/libnss_files-2.17.so
7f7538627000-7f7538628000 rw-p 0000c000 fd:01 1070102                    /usr/lib64/libnss_files-2.17.so
7f7538628000-7f753862e000 rw-p 00000000 00:00 0 
7f753862e000-7f7538658000 r-xp 00000000 fd:01 3547758                    /usr/lib/jvm/java-1.8.0-openjdk-1.8.0.392.b08-2.el7_9.x86_64/jre/lib/amd64/libjava.so
7f7538658000-7f7538857000 ---p 0002a000 fd:01 3547758                    /usr/lib/jvm/java-1.8.0-openjdk-1.8.0.392.b08-2.el7_9.x86_64/jre/lib/amd64/libjava.so
7f7538857000-7f7538858000 r--p 00029000 fd:01 3547758                    /usr/lib/jvm/java-1.8.0-openjdk-1.8.0.392.b08-2.el7_9.x86_64/jre/lib/amd64/libjava.so
7f7538858000-7f753885a000 rw-p 0002a000 fd:01 3547758                    /usr/lib/jvm/java-1.8.0-openjdk-1.8.0.392.b08-2.el7_9.x86_64/jre/lib/amd64/libjava.so
7f753885a000-7f7538867000 r-xp 00000000 fd:01 3547775                    /usr/lib/jvm/java-1.8.0-openjdk-1.8.0.392.b08-2.el7_9.x86_64/jre/lib/amd64/libverify.so
7f7538867000-7f7538a66000 ---p 0000d000 fd:01 3547775                    /usr/lib/jvm/java-1.8.0-openjdk-1.8.0.392.b08-2.el7_9.x86_64/jre/lib/amd64/libverify.so
7f7538a66000-7f7538a68000 r--p 0000c000 fd:01 3547775                    /usr/lib/jvm/java-1.8.0-openjdk-1.8.0.392.b08-2.el7_9.x86_64/jre/lib/amd64/libverify.so
7f7538a68000-7f7538a69000 rw-p 0000e000 fd:01 3547775                    /usr/lib/jvm/java-1.8.0-openjdk-1.8.0.392.b08-2.el7_9.x86_64/jre/lib/amd64/libverify.so
7f7538a69000-7f7538a70000 r-xp 00000000 fd:01 1070110                    /usr/lib64/librt-2.17.so
7f7538a70000-7f7538c6f000 ---p 00007000 fd:01 1070110                    /usr/lib64/librt-2.17.so
7f7538c6f000-7f7538c70000 r--p 00006000 fd:01 1070110                    /usr/lib64/librt-2.17.so
7f7538c70000-7f7538c71000 rw-p 00007000 fd:01 1070110                    /usr/lib64/librt-2.17.so
7f7538c71000-7f7538c86000 r-xp 00000000 fd:01 1058473                    /usr/lib64/libgcc_s-4.8.5-20150702.so.1
7f7538c86000-7f7538e85000 ---p 00015000 fd:01 1058473                    /usr/lib64/libgcc_s-4.8.5-20150702.so.1
7f7538e85000-7f7538e86000 r--p 00014000 fd:01 1058473                    /usr/lib64/libgcc_s-4.8.5-20150702.so.1
7f7538e86000-7f7538e87000 rw-p 00015000 fd:01 1058473                    /usr/lib64/libgcc_s-4.8.5-20150702.so.1
7f7538e87000-7f7538f88000 r-xp 00000000 fd:01 1050419                    /usr/lib64/libm-2.17.so
7f7538f88000-7f7539187000 ---p 00101000 fd:01 1050419                    /usr/lib64/libm-2.17.so
7f7539187000-7f7539188000 r--p 00100000 fd:01 1050419                    /usr/lib64/libm-2.17.so
7f7539188000-7f7539189000 rw-p 00101000 fd:01 1050419                    /usr/lib64/libm-2.17.so
7f7539189000-7f7539272000 r-xp 00000000 fd:01 1066701                    /usr/lib64/libstdc++.so.6.0.19
7f7539272000-7f7539472000 ---p 000e9000 fd:01 1066701                    /usr/lib64/libstdc++.so.6.0.19
7f7539472000-7f753947a000 r--p 000e9000 fd:01 1066701                    /usr/lib64/libstdc++.so.6.0.19
7f753947a000-7f753947c000 rw-p 000f1000 fd:01 1066701                    /usr/lib64/libstdc++.so.6.0.19
7f753947c000-7f7539491000 rw-p 00000000 00:00 0 
7f7539491000-7f753a234000 r-xp 00000000 fd:01 3547780                    /usr/lib/jvm/java-1.8.0-openjdk-1.8.0.392.b08-2.el7_9.x86_64/jre/lib/amd64/server/libjvm.so
7f753a234000-7f753a434000 ---p 00da3000 fd:01 3547780                    /usr/lib/jvm/java-1.8.0-openjdk-1.8.0.392.b08-2.el7_9.x86_64/jre/lib/amd64/server/libjvm.so
7f753a434000-7f753a4e2000 r--p 00da3000 fd:01 3547780                    /usr/lib/jvm/java-1.8.0-openjdk-1.8.0.392.b08-2.el7_9.x86_64/jre/lib/amd64/server/libjvm.so
7f753a4e2000-7f753a50d000 rw-p 00e51000 fd:01 3547780                    /usr/lib/jvm/java-1.8.0-openjdk-1.8.0.392.b08-2.el7_9.x86_64/jre/lib/amd64/server/libjvm.so
7f753a50d000-7f753a543000 rw-p 00000000 00:00 0 
7f753a543000-7f753a707000 r-xp 00000000 fd:01 1049986                    /usr/lib64/libc-2.17.so
7f753a707000-7f753a906000 ---p 001c4000 fd:01 1049986                    /usr/lib64/libc-2.17.so
7f753a906000-7f753a90a000 r--p 001c3000 fd:01 1049986                    /usr/lib64/libc-2.17.so
7f753a90a000-7f753a90c000 rw-p 001c7000 fd:01 1049986                    /usr/lib64/libc-2.17.so
7f753a90c000-7f753a911000 rw-p 00000000 00:00 0 
7f753a911000-7f753a913000 r-xp 00000000 fd:01 1050417                    /usr/lib64/libdl-2.17.so
7f753a913000-7f753ab13000 ---p 00002000 fd:01 1050417                    /usr/lib64/libdl-2.17.so
7f753ab13000-7f753ab14000 r--p 00002000 fd:01 1050417                    /usr/lib64/libdl-2.17.so
7f753ab14000-7f753ab15000 rw-p 00003000 fd:01 1050417                    /usr/lib64/libdl-2.17.so
7f753ab15000-7f753ab23000 r-xp 00000000 fd:01 3547745                    /usr/lib/jvm/java-1.8.0-openjdk-1.8.0.392.b08-2.el7_9.x86_64/jre/lib/amd64/jli/libjli.so
7f753ab23000-7f753ad22000 ---p 0000e000 fd:01 3547745                    /usr/lib/jvm/java-1.8.0-openjdk-1.8.0.392.b08-2.el7_9.x86_64/jre/lib/amd64/jli/libjli.so
7f753ad22000-7f753ad23000 r--p 0000d000 fd:01 3547745                    /usr/lib/jvm/java-1.8.0-openjdk-1.8.0.392.b08-2.el7_9.x86_64/jre/lib/amd64/jli/libjli.so
7f753ad23000-7f753ad24000 rw-p 0000e000 fd:01 3547745                    /usr/lib/jvm/java-1.8.0-openjdk-1.8.0.392.b08-2.el7_9.x86_64/jre/lib/amd64/jli/libjli.so
7f753ad24000-7f753ad39000 r-xp 00000000 fd:01 1070125                    /usr/lib64/libz.so.1.2.7
7f753ad39000-7f753af38000 ---p 00015000 fd:01 1070125                    /usr/lib64/libz.so.1.2.7
7f753af38000-7f753af39000 r--p 00014000 fd:01 1070125                    /usr/lib64/libz.so.1.2.7
7f753af39000-7f753af3a000 rw-p 00015000 fd:01 1070125                    /usr/lib64/libz.so.1.2.7
7f753af3a000-7f753af51000 r-xp 00000000 fd:01 1050012                    /usr/lib64/libpthread-2.17.so
7f753af51000-7f753b150000 ---p 00017000 fd:01 1050012                    /usr/lib64/libpthread-2.17.so
7f753b150000-7f753b151000 r--p 00016000 fd:01 1050012                    /usr/lib64/libpthread-2.17.so
7f753b151000-7f753b152000 rw-p 00017000 fd:01 1050012                    /usr/lib64/libpthread-2.17.so
7f753b152000-7f753b156000 rw-p 00000000 00:00 0 
7f753b156000-7f753b178000 r-xp 00000000 fd:01 1050409                    /usr/lib64/ld-2.17.so
7f753b180000-7f753b185000 r--s 00048000 fd:01 3549788                    /usr/share/java/apache-commons-lang3.jar
7f753b185000-7f753b18b000 r--s 000f6000 fd:01 3547819                    /usr/lib/jvm/java-1.8.0-openjdk-1.8.0.392.b08-2.el7_9.x86_64/jre/lib/jfr.jar
7f753b18b000-7f753b262000 rw-p 00000000 00:00 0 
7f753b262000-7f753b266000 ---p 00000000 00:00 0 
7f753b266000-7f753b368000 rw-p 00000000 00:00 0 
7f753b36b000-7f753b36c000 rw-p 00000000 00:00 0 
7f753b36c000-7f753b374000 rw-s 00000000 fd:01 2626728                    /tmp/hsperfdata_www/9287
7f753b374000-7f753b375000 rw-p 00000000 00:00 0 
7f753b375000-7f753b376000 ---p 00000000 00:00 0 
7f753b376000-7f753b377000 rw-p 00000000 00:00 0 
7f753b377000-7f753b378000 r--p 00021000 fd:01 1050409                    /usr/lib64/ld-2.17.so
7f753b378000-7f753b379000 rw-p 00022000 fd:01 1050409                    /usr/lib64/ld-2.17.so
7f753b379000-7f753b37a000 rw-p 00000000 00:00 0 
7fff670c4000-7fff670e5000 rw-p 00000000 00:00 0                          [stack]
7fff67184000-7fff67186000 r-xp 00000000 00:00 0                          [vdso]
ffffffffff600000-ffffffffff601000 r-xp 00000000 00:00 0                  [vsyscall]

VM Arguments:
java_command: com.gitlab.pdftk_java.pdftk /www/wwwroot/print/public/uploads/20240327/ee7603ba6d272db8f9d3a6bcc4e8d1d8.pdf dump_data
java_class_path (initial): /usr/share/java/bcprov.jar:/usr/share/java/commons-lang3.jar:/usr/share/java/pdftk.jar
Launcher Type: SUN_STANDARD

Environment Variables:

Signal Handlers:
SIGSEGV: [libjvm.so+0xb6a6a0], sa_mask[0]=11111111011111111101111111111110, sa_flags=SA_RESTART|SA_SIGINFO
SIGBUS: [libjvm.so+0xb6a6a0], sa_mask[0]=11111111011111111101111111111110, sa_flags=SA_RESTART|SA_SIGINFO
SIGFPE: [libjvm.so+0x93fef0], sa_mask[0]=11111111011111111101111111111110, sa_flags=SA_RESTART|SA_SIGINFO
SIGPIPE: [libjvm.so+0x93fef0], sa_mask[0]=11111111011111111101111111111110, sa_flags=SA_RESTART|SA_SIGINFO
SIGXFSZ: [libjvm.so+0x93fef0], sa_mask[0]=11111111011111111101111111111110, sa_flags=SA_RESTART|SA_SIGINFO
SIGILL: [libjvm.so+0x93fef0], sa_mask[0]=11111111011111111101111111111110, sa_flags=SA_RESTART|SA_SIGINFO
SIGUSR1: SIG_DFL, sa_mask[0]=00000000000000000000000000000000, sa_flags=none
SIGUSR2: [libjvm.so+0x940060], sa_mask[0]=00000000000000000000000000000000, sa_flags=SA_RESTART|SA_SIGINFO
SIGHUP: [libjvm.so+0x93ffb0], sa_mask[0]=11111111011111111101111111111110, sa_flags=SA_RESTART|SA_SIGINFO
SIGINT: [libjvm.so+0x93ffb0], sa_mask[0]=11111111011111111101111111111110, sa_flags=SA_RESTART|SA_SIGINFO
SIGTERM: [libjvm.so+0x93ffb0], sa_mask[0]=11111111011111111101111111111110, sa_flags=SA_RESTART|SA_SIGINFO
SIGQUIT: [libjvm.so+0x93ffb0], sa_mask[0]=11111111011111111101111111111110, sa_flags=SA_RESTART|SA_SIGINFO


---------------  S Y S T E M  ---------------

OS:CentOS Linux release 7.9.2009 (Core)

uname:Linux 3.10.0-1160.105.1.el7.x86_64 #1 SMP Thu Dec 7 15:39:45 UTC 2023 x86_64
libc:glibc 2.17 NPTL 2.17 
rlimit: STACK 8192k, CORE 0k, NPROC 62381, NOFILE 4096, AS infinity
load average:0.04 0.14 0.11

/proc/meminfo:
MemTotal:       15990628 kB
MemFree:          182712 kB
MemAvailable:     171048 kB
Buffers:            5272 kB
Cached:           216240 kB
SwapCached:            0 kB
Active:         14843280 kB
Inactive:         108720 kB
Active(anon):   14730976 kB
Inactive(anon):      580 kB
Active(file):     112304 kB
Inactive(file):   108140 kB
Unevictable:           0 kB
Mlocked:               0 kB
SwapTotal:             0 kB
SwapFree:              0 kB
Dirty:               200 kB
Writeback:             0 kB
AnonPages:      14730740 kB
Mapped:            42364 kB
Shmem:               972 kB
Slab:             256456 kB
SReclaimable:      41336 kB
SUnreclaim:       215120 kB
KernelStack:       19824 kB
PageTables:       214968 kB
NFS_Unstable:          0 kB
Bounce:                0 kB
WritebackTmp:          0 kB
CommitLimit:     7995312 kB
Committed_AS:   23874124 kB
VmallocTotal:   34359738367 kB
VmallocUsed:       33464 kB
VmallocChunk:   34359699964 kB
Percpu:              424 kB
HardwareCorrupted:     0 kB
AnonHugePages:   1005568 kB
CmaTotal:              0 kB
CmaFree:               0 kB
HugePages_Total:       0
HugePages_Free:        0
HugePages_Rsvd:        0
HugePages_Surp:        0
Hugepagesize:       2048 kB
DirectMap4k:       74424 kB
DirectMap2M:     4888576 kB
DirectMap1G:    11534336 kB

container (cgroup) information:
container_type: cgroupv1
cpu_cpuset_cpus: 0-1
cpu_memory_nodes: 0
active_processor_count: 2
cpu_quota: -1
cpu_period: 100000
cpu_shares: -1
memory_limit_in_bytes: -1
memory_and_swap_limit_in_bytes: -1
memory_soft_limit_in_bytes: -1
memory_usage_in_bytes: 15311196160
memory_max_usage_in_bytes: 0


CPU:total 2 (initial active 2) (1 cores per cpu, 2 threads per core) family 6 model 85 stepping 7, cmov, cx8, fxsr, mmx, sse, sse2, sse3, ssse3, sse4.1, sse4.2, popcnt, avx, avx2, aes, clmul, erms, rtm, 3dnowpref, lzcnt, ht, tsc, tscinvbit, bmi1, bmi2, adx

/proc/cpuinfo:
processor	: 0
vendor_id	: GenuineIntel
cpu family	: 6
model		: 85
model name	: Intel(R) Xeon(R) Platinum 8269CY CPU @ 2.50GHz
stepping	: 7
microcode	: 0x1
cpu MHz		: 2500.002
cache size	: 36608 KB
physical id	: 0
siblings	: 2
core id		: 0
cpu cores	: 1
apicid		: 0
initial apicid	: 0
fpu		: yes
fpu_exception	: yes
cpuid level	: 22
wp		: yes
flags		: fpu vme de pse tsc msr pae mce cx8 apic sep mtrr pge mca cmov pat pse36 clflush mmx fxsr sse sse2 ss ht syscall nx pdpe1gb rdtscp lm constant_tsc rep_good nopl xtopology nonstop_tsc eagerfpu pni pclmulqdq monitor ssse3 fma cx16 pcid sse4_1 sse4_2 x2apic movbe popcnt aes xsave avx f16c rdrand hypervisor lahf_lm abm 3dnowprefetch invpcid_single rsb_ctxsw fsgsbase tsc_adjust bmi1 hle avx2 smep bmi2 erms invpcid rtm mpx avx512f avx512dq rdseed adx smap clflushopt clwb avx512cd avx512bw avx512vl xsaveopt xsavec xgetbv1 arat avx512_vnni
bogomips	: 5000.00
clflush size	: 64
cache_alignment	: 64
address sizes	: 46 bits physical, 48 bits virtual
power management:

processor	: 1
vendor_id	: GenuineIntel
cpu family	: 6
model		: 85
model name	: Intel(R) Xeon(R) Platinum 8269CY CPU @ 2.50GHz
stepping	: 7
microcode	: 0x1
cpu MHz		: 2500.002
cache size	: 36608 KB
physical id	: 0
siblings	: 2
core id		: 0
cpu cores	: 1
apicid		: 1
initial apicid	: 1
fpu		: yes
fpu_exception	: yes
cpuid level	: 22
wp		: yes
flags		: fpu vme de pse tsc msr pae mce cx8 apic sep mtrr pge mca cmov pat pse36 clflush mmx fxsr sse sse2 ss ht syscall nx pdpe1gb rdtscp lm constant_tsc rep_good nopl xtopology nonstop_tsc eagerfpu pni pclmulqdq monitor ssse3 fma cx16 pcid sse4_1 sse4_2 x2apic movbe popcnt aes xsave avx f16c rdrand hypervisor lahf_lm abm 3dnowprefetch invpcid_single rsb_ctxsw fsgsbase tsc_adjust bmi1 hle avx2 smep bmi2 erms invpcid rtm mpx avx512f avx512dq rdseed adx smap clflushopt clwb avx512cd avx512bw avx512vl xsaveopt xsavec xgetbv1 arat avx512_vnni
bogomips	: 5000.00
clflush size	: 64
cache_alignment	: 64
address sizes	: 46 bits physical, 48 bits virtual
power management:



Memory: 4k page, physical 15990628k(182712k free), swap 0k(0k free)

vm_info: OpenJDK 64-Bit Server VM (25.392-b08) for linux-amd64 JRE (1.8.0_392-b08), built on Nov 14 2023 16:31:55 by "mockbuild" with gcc 4.8.5 20150623 (Red Hat 4.8.5-44)

time: Wed Mar 27 01:27:55 2024
timezone: CST
elapsed time: 6.665508 seconds (0d 0h 0m 6s)

