#
# There is insufficient memory for the Java Runtime Environment to continue.
# Native memory allocation (mmap) failed to map 359661568 bytes for committing reserved memory.
# Possible reasons:
#   The system is out of physical RAM or swap space
#   The process is running with CompressedOops enabled, and the Java Heap may be blocking the growth of the native heap
# Possible solutions:
#   Reduce memory load on the system
#   Increase physical memory or swap space
#   Check if swap backing store is full
#   Decrease Java heap size (-Xmx/-Xms)
#   Decrease number of Java threads
#   Decrease Java thread stack sizes (-Xss)
#   Set larger code cache with -XX:ReservedCodeCacheSize=
#   JVM is running with Zero Based Compressed Oops mode in which the Java heap is
#     placed in the first 32GB address space. The Java Heap base address is the
#     maximum limit for the native heap growth. Please use -XX:HeapBaseMinAddress
#     to set the Java Heap base and to place the Java Heap above 32GB virtual address.
# This output file may be truncated or incomplete.
#
#  Out of Memory Error (os_linux.cpp:2791), pid=9248, tid=0x00007fd1b8bfb700
#
# JRE version: OpenJDK Runtime Environment (8.0_392-b08) (build 1.8.0_392-b08)
# Java VM: OpenJDK 64-Bit Server VM (25.392-b08 mixed mode linux-amd64 compressed oops)
# Failed to write core dump. Core dumps have been disabled. To enable core dumping, try "ulimit -c unlimited" before starting Java again
#

---------------  T H R E A D  ---------------

Current thread (0x00007fd1c80d1800):  VMThread [stack: 0x00007fd1b8afc000,0x00007fd1b8bfc000] [id=9267]

Stack: [0x00007fd1b8afc000,0x00007fd1b8bfc000],  sp=0x00007fd1b8bfa300,  free space=1016k
Native frames: (J=compiled Java code, j=interpreted, Vv=VM code, C=native code)
V  [libjvm.so+0xb69c5d]  VMError::report_and_die()+0x1cd
V  [libjvm.so+0x50d67a]  report_vm_out_of_memory(char const*, int, unsigned long, VMErrorType, char const*)+0xaa
V  [libjvm.so+0x944e08]  os::pd_commit_memory(char*, unsigned long, unsigned long, bool)+0xd8
V  [libjvm.so+0x93ecce]  os::commit_memory(char*, unsigned long, unsigned long, bool)+0x2e
V  [libjvm.so+0x9bcaab]  PSVirtualSpace::expand_by(unsigned long)+0x5b
V  [libjvm.so+0x9bd780]  PSYoungGen::resize_generation(unsigned long, unsigned long)+0xd0
V  [libjvm.so+0x9bdadb]  PSYoungGen::resize(unsigned long, unsigned long)+0x1b
V  [libjvm.so+0x9b9d27]  PSScavenge::invoke_no_policy()+0xde7
V  [libjvm.so+0x9ba4b8]  PSScavenge::invoke()+0x38
V  [libjvm.so+0x96c6d3]  ParallelScavengeHeap::failed_mem_allocate(unsigned long)+0x63
V  [libjvm.so+0xb6b8b3]  VM_ParallelGCFailedAllocation::doit()+0x93
V  [libjvm.so+0xb70ce5]  VM_Operation::evaluate()+0x55
V  [libjvm.so+0xb6ed0a]  VMThread::evaluate_operation(VM_Operation*)+0x11a
V  [libjvm.so+0xb6f179]  VMThread::loop()+0x219
V  [libjvm.so+0xb6f629]  VMThread::run()+0x89
V  [libjvm.so+0x941db2]  java_start(Thread*)+0xf2

VM_Operation (0x00007fd1d1c45b60): ParallelGCFailedAllocation, mode: safepoint, requested by thread 0x00007fd1c804b800


---------------  P R O C E S S  ---------------

Java Threads: ( => current thread )
  0x00007fd1c812f000 JavaThread "Service Thread" daemon [_thread_blocked, id=9273, stack(0x00007fd1b84f5000,0x00007fd1b85f6000)]
  0x00007fd1c811c800 JavaThread "C1 CompilerThread1" daemon [_thread_blocked, id=9272, stack(0x00007fd1b85f7000,0x00007fd1b86f7000)]
  0x00007fd1c8119800 JavaThread "C2 CompilerThread0" daemon [_thread_blocked, id=9271, stack(0x00007fd1b86f8000,0x00007fd1b87f8000)]
  0x00007fd1c8109000 JavaThread "Signal Dispatcher" daemon [_thread_blocked, id=9270, stack(0x00007fd1b87f8000,0x00007fd1b88f9000)]
  0x00007fd1c80e0000 JavaThread "Finalizer" daemon [_thread_blocked, id=9269, stack(0x00007fd1b88f9000,0x00007fd1b89fa000)]
  0x00007fd1c80db800 JavaThread "Reference Handler" daemon [_thread_blocked, id=9268, stack(0x00007fd1b89fa000,0x00007fd1b8afb000)]
  0x00007fd1c804b800 JavaThread "main" [_thread_blocked, id=9264, stack(0x00007fd1d1b4b000,0x00007fd1d1c4b000)]

Other Threads:
=>0x00007fd1c80d1800 VMThread [stack: 0x00007fd1b8afc000,0x00007fd1b8bfc000] [id=9267]
  0x00007fd1c813c000 WatcherThread [stack: 0x00007fd1b83f5000,0x00007fd1b84f5000] [id=9274]

VM state:at safepoint (normal execution)

VM Mutex/Monitor currently owned by a thread:  ([mutex/lock_event])
[0x00007fd1c8048df0] Threads_lock - owner thread: 0x00007fd1c80d1800
[0x00007fd1c80492f0] Heap_lock - owner thread: 0x00007fd1c804b800

heap address: 0x00000006cc000000, size: 3904 MB, Compressed Oops mode: Zero based, Oop shift amount: 3
Narrow klass base: 0x0000000000000000, Narrow klass shift: 3
Compressed class space size: 1073741824 Address: 0x00000007c0000000

Heap:
 PSYoungGen      total 260096K, used 10213K [0x000000076eb00000, 0x000000077f300000, 0x00000007c0000000)
  eden space 249856K, 0% used [0x000000076eb00000,0x000000076eb00000,0x000000077df00000)
  from space 10240K, 99% used [0x000000077df00000,0x000000077e8f9690,0x000000077e900000)
  to   space 10240K, 0% used [0x000000077e900000,0x000000077e900000,0x000000077f300000)
 ParOldGen       total 166912K, used 116919K [0x00000006cc000000, 0x00000006d6300000, 0x000000076eb00000)
  object space 166912K, 70% used [0x00000006cc000000,0x00000006d322df10,0x00000006d6300000)
 Metaspace       used 5229K, capacity 5504K, committed 5632K, reserved 1056768K
  class space    used 476K, capacity 496K, committed 512K, reserved 1048576K

Card table byte_map: [0x00007fd1cdf99000,0x00007fd1ce73a000] byte_map_base: 0x00007fd1ca939000

Marking Bits: (ParMarkBitMap*) 0x00007fd1d0e0d640
 Begin Bits: [0x00007fd1a4600000, 0x00007fd1a8300000)
 End Bits:   [0x00007fd1a8300000, 0x00007fd1ac000000)

Polling page: 0x00007fd1d1c5d000

CodeCache: size=245760Kb used=3404Kb max_used=3410Kb free=242355Kb
 bounds [0x00007fd1b9000000, 0x00007fd1b9360000, 0x00007fd1c8000000]
 total_blobs=962 nmethods=686 adapters=189
 compilation: enabled

Compilation events (250 events):
Event: 5.776 Thread 0x00007fd1c811c800  571       1       com.gitlab.pdftk_java.com.lowagie.text.pdf.PdfArray::getArrayList (5 bytes)
Event: 5.776 Thread 0x00007fd1c811c800 nmethod 571 0x00007fd1b92c9d50 code [0x00007fd1b92c9ea0, 0x00007fd1b92c9fb0]
Event: 5.776 Thread 0x00007fd1c811c800  551       2       com.gitlab.pdftk_java.com.lowagie.text.pdf.PdfDictionary::getDirectObject (9 bytes)
Event: 5.776 Thread 0x00007fd1c811c800 nmethod 551 0x00007fd1b92ca010 code [0x00007fd1b92ca180, 0x00007fd1b92ca358]
Event: 5.776 Thread 0x00007fd1c811c800  552       2       com.gitlab.pdftk_java.com.lowagie.text.pdf.PdfDictionary::putAll (12 bytes)
Event: 5.776 Thread 0x00007fd1c811c800 nmethod 552 0x00007fd1b92ca450 code [0x00007fd1b92ca5c0, 0x00007fd1b92ca748]
Event: 5.776 Thread 0x00007fd1c811c800  553       2       java.util.HashMap::putAll (7 bytes)
Event: 5.776 Thread 0x00007fd1c811c800 nmethod 553 0x00007fd1b92ca850 code [0x00007fd1b92ca9c0, 0x00007fd1b92cab28]
Event: 5.776 Thread 0x00007fd1c811c800  574       2       com.gitlab.pdftk_java.com.lowagie.text.pdf.PdfDictionary::getKeys (8 bytes)
Event: 5.776 Thread 0x00007fd1c811c800 nmethod 574 0x00007fd1b92cabd0 code [0x00007fd1b92cad40, 0x00007fd1b92caec8]
Event: 5.776 Thread 0x00007fd1c811c800  575       2       java.util.HashMap::keySet (25 bytes)
Event: 5.776 Thread 0x00007fd1c811c800 nmethod 575 0x00007fd1b92caf50 code [0x00007fd1b92cb0c0, 0x00007fd1b92cb2b0]
Event: 5.776 Thread 0x00007fd1c811c800  576       2       java.util.HashMap$KeySet::iterator (12 bytes)
Event: 5.776 Thread 0x00007fd1c811c800 nmethod 576 0x00007fd1b92cb350 code [0x00007fd1b92cb4c0, 0x00007fd1b92cb6c8]
Event: 5.776 Thread 0x00007fd1c811c800  577   !   2       com.gitlab.pdftk_java.com.lowagie.text.pdf.PdfReader::getPdfObject (92 bytes)
Event: 5.777 Thread 0x00007fd1c811c800 nmethod 577 0x00007fd1b92cb790 code [0x00007fd1b92cb960, 0x00007fd1b92cbdb8]
Event: 5.777 Thread 0x00007fd1c811c800  549       2       java.util.zip.ZipFile::ensureOpen (37 bytes)
Event: 5.777 Thread 0x00007fd1c811c800 nmethod 549 0x00007fd1b92cc2d0 code [0x00007fd1b92cc460, 0x00007fd1b92cc738]
Event: 5.777 Thread 0x00007fd1c811c800  579       2       java.util.AbstractCollection::toArray (147 bytes)
Event: 5.777 Thread 0x00007fd1c811c800 nmethod 579 0x00007fd1b92cc890 code [0x00007fd1b92ccaa0, 0x00007fd1b92cd0f8]
Event: 5.777 Thread 0x00007fd1c811c800  578       2       com.gitlab.pdftk_java.com.lowagie.text.pdf.PdfDictionary::size (8 bytes)
Event: 5.778 Thread 0x00007fd1c811c800 nmethod 578 0x00007fd1b92cd490 code [0x00007fd1b92cd5e0, 0x00007fd1b92cd730]
Event: 5.778 Thread 0x00007fd1c811c800  580       2       java.util.HashMap$KeySet::size (8 bytes)
Event: 5.778 Thread 0x00007fd1c811c800 nmethod 580 0x00007fd1b92cd7d0 code [0x00007fd1b92cd920, 0x00007fd1b92cda70]
Event: 5.778 Thread 0x00007fd1c811c800  550       2       java.util.zip.ZipCoder::getBytes (192 bytes)
Event: 5.779 Thread 0x00007fd1c811c800 nmethod 550 0x00007fd1b92cdb10 code [0x00007fd1b92cdda0, 0x00007fd1b92cebb8]
Event: 5.788 Thread 0x00007fd1c8119800 nmethod 535 0x00007fd1b92d5590 code [0x00007fd1b92d5980, 0x00007fd1b92d8ba0]
Event: 5.788 Thread 0x00007fd1c8119800  581       4       java.util.HashMap$HashIterator::hasNext (13 bytes)
Event: 5.788 Thread 0x00007fd1c8119800 nmethod 581 0x00007fd1b92b4050 code [0x00007fd1b92b41a0, 0x00007fd1b92b4218]
Event: 5.788 Thread 0x00007fd1c8119800  557       4       com.gitlab.pdftk_java.com.lowagie.text.pdf.PdfDictionary::get (12 bytes)
Event: 5.798 Thread 0x00007fd1c811c800  583       1       java.util.HashMap$KeySet::size (8 bytes)
Event: 5.798 Thread 0x00007fd1c811c800 nmethod 583 0x00007fd1b92d5290 code [0x00007fd1b92d53e0, 0x00007fd1b92d54f0]
Event: 5.803 Thread 0x00007fd1c8119800 nmethod 557 0x00007fd1b92d0690 code [0x00007fd1b92d0860, 0x00007fd1b92d1238]
Event: 5.803 Thread 0x00007fd1c8119800  536   !   4       com.gitlab.pdftk_java.com.lowagie.text.pdf.PdfReader::getPdfObject (170 bytes)
Event: 5.805 Thread 0x00007fd1c8119800 nmethod 536 0x00007fd1b92d1e90 code [0x00007fd1b92d2000, 0x00007fd1b92d2218]
Event: 5.805 Thread 0x00007fd1c8119800  584       4       java.util.HashMap$HashIterator::nextNode (100 bytes)
Event: 5.808 Thread 0x00007fd1c8119800 nmethod 584 0x00007fd1b92d0210 code [0x00007fd1b92d0360, 0x00007fd1b92d0578]
Event: 5.808 Thread 0x00007fd1c8119800  537       4       java.util.Arrays::fill (21 bytes)
Event: 5.808 Thread 0x00007fd1c8119800 nmethod 537 0x00007fd1b92dcd90 code [0x00007fd1b92dcee0, 0x00007fd1b92dcf78]
Event: 5.808 Thread 0x00007fd1c8119800  556       4       java.util.ArrayList::get (11 bytes)
Event: 5.809 Thread 0x00007fd1c8119800 nmethod 556 0x00007fd1b92cfed0 code [0x00007fd1b92d0020, 0x00007fd1b92d00f8]
Event: 5.809 Thread 0x00007fd1c8119800  548       4       com.gitlab.pdftk_java.com.lowagie.text.pdf.PdfLiteral::<init> (7 bytes)
Event: 5.809 Thread 0x00007fd1c811c800  586 %     3       java.util.AbstractCollection::toArray @ 42 (147 bytes)
Event: 5.810 Thread 0x00007fd1c811c800 nmethod 586% 0x00007fd1b92d3950 code [0x00007fd1b92d3bc0, 0x00007fd1b92d4d38]
Event: 5.810 Thread 0x00007fd1c811c800  585 %     3       com.gitlab.pdftk_java.com.lowagie.text.pdf.PdfReader::removeUnusedNode @ 14 (635 bytes)
Event: 5.815 Thread 0x00007fd1c811c800 nmethod 585% 0x00007fd1b92de510 code [0x00007fd1b92deca0, 0x00007fd1b92e5448]
Event: 5.815 Thread 0x00007fd1c8119800 nmethod 548 0x00007fd1b92cfc10 code [0x00007fd1b92cfd60, 0x00007fd1b92cfe08]
Event: 5.815 Thread 0x00007fd1c8119800  582       4       com.gitlab.pdftk_java.com.lowagie.text.pdf.PdfObject::isIndirect (15 bytes)
Event: 5.815 Thread 0x00007fd1c8119800 nmethod 582 0x00007fd1b92cf9d0 code [0x00007fd1b92cfb20, 0x00007fd1b92cfb98]
Event: 5.815 Thread 0x00007fd1c8119800  539       4       java.util.ArrayList::grow (45 bytes)
Event: 5.817 Thread 0x00007fd1c8119800 nmethod 539 0x00007fd1b92d3450 code [0x00007fd1b92d35a0, 0x00007fd1b92d3818]
Event: 5.817 Thread 0x00007fd1c8119800  588       4       java.util.HashMap$HashIterator::<init> (79 bytes)
Event: 5.821 Thread 0x00007fd1c8119800 nmethod 588 0x00007fd1b92d2ed0 code [0x00007fd1b92d3020, 0x00007fd1b92d3318]
Event: 5.821 Thread 0x00007fd1c8119800  573       4       java.lang.Integer::<init> (10 bytes)
Event: 5.821 Thread 0x00007fd1c8119800 nmethod 573 0x00007fd1b92d1c90 code [0x00007fd1b92d1de0, 0x00007fd1b92d1e38]
Event: 5.821 Thread 0x00007fd1c8119800  543       4       com.gitlab.pdftk_java.com.lowagie.text.pdf.PRIndirectReference::<init> (26 bytes)
Event: 5.821 Thread 0x00007fd1c8119800 nmethod 543 0x00007fd1b92cf790 code [0x00007fd1b92cf8e0, 0x00007fd1b92cf978]
Event: 5.821 Thread 0x00007fd1c8119800  544       4       com.gitlab.pdftk_java.com.lowagie.text.pdf.PdfIndirectReference::<init> (11 bytes)
Event: 5.822 Thread 0x00007fd1c8119800 nmethod 544 0x00007fd1b92d2c90 code [0x00007fd1b92d2de0, 0x00007fd1b92d2e58]
Event: 5.822 Thread 0x00007fd1c811c800  593       3       java.util.HashMap::getNode (148 bytes)
Event: 5.822 Thread 0x00007fd1c811c800 nmethod 593 0x00007fd1b92dd6d0 code [0x00007fd1b92dd8a0, 0x00007fd1b92de248]
Event: 5.822 Thread 0x00007fd1c811c800  589       3       java.util.AbstractCollection::toArray (147 bytes)
Event: 5.823 Thread 0x00007fd1c811c800 nmethod 589 0x00007fd1b92eac10 code [0x00007fd1b92eae80, 0x00007fd1b92ebfb8]
Event: 5.823 Thread 0x00007fd1c811c800  595       3       java.util.HashMap::get (23 bytes)
Event: 5.823 Thread 0x00007fd1c811c800 nmethod 595 0x00007fd1b92d2590 code [0x00007fd1b92d2720, 0x00007fd1b92d2b38]
Event: 5.823 Thread 0x00007fd1c811c800  594       3       java.util.HashMap$KeyIterator::next (8 bytes)
Event: 5.823 Thread 0x00007fd1c811c800 nmethod 594 0x00007fd1b92dd290 code [0x00007fd1b92dd400, 0x00007fd1b92dd608]
Event: 5.823 Thread 0x00007fd1c811c800  591  s    3       java.util.Vector::addElement (38 bytes)
Event: 5.823 Thread 0x00007fd1c811c800 nmethod 591 0x00007fd1b92ea350 code [0x00007fd1b92ea4e0, 0x00007fd1b92eaa08]
Event: 5.823 Thread 0x00007fd1c811c800  590  s    3       java.util.Vector::elementAt (48 bytes)
Event: 5.824 Thread 0x00007fd1c811c800 nmethod 590 0x00007fd1b92ec490 code [0x00007fd1b92ec6a0, 0x00007fd1b92ed228]
Event: 5.824 Thread 0x00007fd1c811c800  592  s    3       java.util.Vector::removeElementAt (115 bytes)
Event: 5.825 Thread 0x00007fd1c811c800 nmethod 592 0x00007fd1b92ed7d0 code [0x00007fd1b92eda00, 0x00007fd1b92ee7a8]
Event: 5.825 Thread 0x00007fd1c811c800  597       3       java.util.HashMap::keySet (25 bytes)
Event: 5.825 Thread 0x00007fd1c811c800 nmethod 597 0x00007fd1b92e9c90 code [0x00007fd1b92e9e20, 0x00007fd1b92ea1b0]
Event: 5.825 Thread 0x00007fd1c811c800  596       3       java.util.HashMap$KeySet::iterator (12 bytes)
Event: 5.825 Thread 0x00007fd1c811c800 nmethod 596 0x00007fd1b92e97d0 code [0x00007fd1b92e9940, 0x00007fd1b92e9ba8]
Event: 5.825 Thread 0x00007fd1c811c800  587       3       com.gitlab.pdftk_java.com.lowagie.text.pdf.PdfReader::removeUnusedNode (635 bytes)
Event: 5.829 Thread 0x00007fd1c811c800 nmethod 587 0x00007fd1b92eee10 code [0x00007fd1b92ef580, 0x00007fd1b92f5ac8]
Event: 5.829 Thread 0x00007fd1c8119800  600  s    4       java.util.Vector::addElement (38 bytes)
Event: 5.831 Thread 0x00007fd1c8119800 nmethod 600 0x00007fd1b92fc750 code [0x00007fd1b92fc8a0, 0x00007fd1b92fcb58]
Event: 5.831 Thread 0x00007fd1c8119800  601 %     4       com.gitlab.pdftk_java.com.lowagie.text.pdf.PdfReader::removeUnusedNode @ 14 (635 bytes)
Event: 5.889 Thread 0x00007fd1c811c800  608  s    2       java.util.Vector::addElement (38 bytes)
Event: 5.890 Thread 0x00007fd1c811c800 nmethod 608 0x00007fd1b92fc050 code [0x00007fd1b92fc1c0, 0x00007fd1b92fc588]
Event: 5.893 Thread 0x00007fd1c8119800 nmethod 601% 0x00007fd1b9301310 code [0x00007fd1b93016c0, 0x00007fd1b9304508]
Event: 5.893 Thread 0x00007fd1c8119800  603       4       java.util.HashMap::getNode (148 bytes)
Event: 5.896 Thread 0x00007fd1c8119800 nmethod 603 0x00007fd1b92fa510 code [0x00007fd1b92fa680, 0x00007fd1b92fa918]
Event: 5.896 Thread 0x00007fd1c8119800  602       4       java.util.HashMap::get (23 bytes)
Event: 5.899 Thread 0x00007fd1c8119800 nmethod 602 0x00007fd1b92f9dd0 code [0x00007fd1b92f9f40, 0x00007fd1b92fa238]
Event: 5.899 Thread 0x00007fd1c8119800  605       4       java.util.AbstractCollection::toArray (147 bytes)
Event: 5.907 Thread 0x00007fd1c8119800 nmethod 605 0x00007fd1b92fea50 code [0x00007fd1b92febe0, 0x00007fd1b92ff0d8]
Event: 5.907 Thread 0x00007fd1c8119800  612 %     4       com.gitlab.pdftk_java.com.lowagie.text.pdf.PdfReader::removeUnusedNode @ 14 (635 bytes)
Event: 5.976 Thread 0x00007fd1c8119800 nmethod 612% 0x00007fd1b930c190 code [0x00007fd1b930c5a0, 0x00007fd1b930f9d0]
Event: 5.976 Thread 0x00007fd1c8119800  613       4       java.util.AbstractCollection::toArray (147 bytes)
Event: 5.985 Thread 0x00007fd1c8119800 nmethod 613 0x00007fd1b93005d0 code [0x00007fd1b9300760, 0x00007fd1b9300c98]
Event: 5.985 Thread 0x00007fd1c8119800  598  s    4       java.util.Vector::elementAt (48 bytes)
Event: 5.987 Thread 0x00007fd1c8119800 nmethod 598 0x00007fd1b92f9890 code [0x00007fd1b92f99e0, 0x00007fd1b92f9c58]
Event: 5.987 Thread 0x00007fd1c8119800  599  s    4       java.util.Vector::removeElementAt (115 bytes)
Event: 5.988 Thread 0x00007fd1c8119800 nmethod 599 0x00007fd1b9300050 code [0x00007fd1b93001a0, 0x00007fd1b9300458]
Event: 5.988 Thread 0x00007fd1c8119800  604       4       java.util.HashMap$KeyIterator::next (8 bytes)
Event: 5.991 Thread 0x00007fd1c8119800 nmethod 604 0x00007fd1b92ffb90 code [0x00007fd1b92ffce0, 0x00007fd1b92fff18]
Event: 5.991 Thread 0x00007fd1c8119800  606       4       java.util.HashMap::keySet (25 bytes)
Event: 5.992 Thread 0x00007fd1c8119800 nmethod 606 0x00007fd1b92e9490 code [0x00007fd1b92e95e0, 0x00007fd1b92e96f8]
Event: 5.992 Thread 0x00007fd1c8119800  607       4       java.util.HashMap$KeySet::iterator (12 bytes)
Event: 5.996 Thread 0x00007fd1c8119800 nmethod 607 0x00007fd1b930ba90 code [0x00007fd1b930bc00, 0x00007fd1b930bf78]
Event: 5.996 Thread 0x00007fd1c8119800  614       4       com.gitlab.pdftk_java.com.lowagie.text.pdf.PdfReader::getPdfObjectRelease (11 bytes)
Event: 5.998 Thread 0x00007fd1c8119800 nmethod 614 0x00007fd1b930b2d0 code [0x00007fd1b930b440, 0x00007fd1b930b6f8]
Event: 5.998 Thread 0x00007fd1c8119800  611       4       java.util.Stack::push (7 bytes)
Event: 6.001 Thread 0x00007fd1c8119800 nmethod 611 0x00007fd1b930ab90 code [0x00007fd1b930ad00, 0x00007fd1b930b0e8]
Event: 6.001 Thread 0x00007fd1c8119800  609       4       java.util.Stack::empty (13 bytes)
Event: 6.001 Thread 0x00007fd1c8119800 nmethod 609 0x00007fd1b92fccd0 code [0x00007fd1b92fce20, 0x00007fd1b92fd018]
Event: 6.001 Thread 0x00007fd1c8119800  610  s    4       java.util.Stack::pop (19 bytes)
Event: 6.004 Thread 0x00007fd1c8119800 nmethod 610 0x00007fd1b92fe350 code [0x00007fd1b92fe4a0, 0x00007fd1b92fe7b8]
Event: 6.004 Thread 0x00007fd1c8119800  615       4       com.gitlab.pdftk_java.com.lowagie.text.pdf.PdfDictionary::getKeys (8 bytes)
Event: 6.005 Thread 0x00007fd1c8119800 nmethod 615 0x00007fd1b92ff710 code [0x00007fd1b92ff860, 0x00007fd1b92ff9b8]
Event: 6.005 Thread 0x00007fd1c8119800  616       4       com.gitlab.pdftk_java.com.lowagie.text.pdf.PdfDictionary::size (8 bytes)
Event: 6.005 Thread 0x00007fd1c8119800 nmethod 616 0x00007fd1b92dd010 code [0x00007fd1b92dd160, 0x00007fd1b92dd1d8]
Event: 6.116 Thread 0x00007fd1c811c800  617 %     3       com.gitlab.pdftk_java.com.lowagie.text.pdf.PdfReader::removeUnusedObjects @ 86 (119 bytes)
Event: 6.117 Thread 0x00007fd1c811c800 nmethod 617% 0x00007fd1b93090d0 code [0x00007fd1b9309340, 0x00007fd1b930a128]
Event: 6.117 Thread 0x00007fd1c811c800  618  s    3       java.lang.StringBuffer::append (13 bytes)
Event: 6.118 Thread 0x00007fd1c811c800 nmethod 618 0x00007fd1b92fddd0 code [0x00007fd1b92fdf40, 0x00007fd1b92fe268]
Event: 6.118 Thread 0x00007fd1c811c800  619   !   3       com.gitlab.pdftk_java.com.lowagie.text.pdf.PdfEncodings::convertToString (354 bytes)
Event: 6.120 Thread 0x00007fd1c811c800 nmethod 619 0x00007fd1b9312d90 code [0x00007fd1b9313140, 0x00007fd1b9315158]
Event: 6.120 Thread 0x00007fd1c811c800  620       3       java.lang.String::<init> (15 bytes)
Event: 6.120 Thread 0x00007fd1c811c800 nmethod 620 0x00007fd1b92fb910 code [0x00007fd1b92fbaa0, 0x00007fd1b92fbe88]
Event: 6.120 Thread 0x00007fd1c811c800  628       3       com.gitlab.pdftk_java.com.lowagie.text.pdf.PdfString::isUnicode (27 bytes)
Event: 6.120 Thread 0x00007fd1c811c800 nmethod 628 0x00007fd1b92fd3d0 code [0x00007fd1b92fd540, 0x00007fd1b92fd790]
Event: 6.120 Thread 0x00007fd1c811c800  630       2       java.util.HashMap$EntryIterator::next (5 bytes)
Event: 6.120 Thread 0x00007fd1c811c800 nmethod 630 0x00007fd1b92fb590 code [0x00007fd1b92fb700, 0x00007fd1b92fb868]
Event: 6.120 Thread 0x00007fd1c811c800  622       3       com.gitlab.pdftk_java.com.lowagie.text.pdf.PdfString::toUnicodeString (5 bytes)
Event: 6.120 Thread 0x00007fd1c811c800 nmethod 622 0x00007fd1b92fb210 code [0x00007fd1b92fb380, 0x00007fd1b92fb508]
Event: 6.120 Thread 0x00007fd1c811c800  623       3       java.lang.Math::floor (5 bytes)
Event: 6.120 Thread 0x00007fd1c811c800 nmethod 623 0x00007fd1b92fadd0 code [0x00007fd1b92faf60, 0x00007fd1b92fb128]
Event: 6.120 Thread 0x00007fd1c811c800  624       3       java.lang.StrictMath::floor (12 bytes)
Event: 6.120 Thread 0x00007fd1c811c800 nmethod 624 0x00007fd1b9308d10 code [0x00007fd1b9308ea0, 0x00007fd1b9309028]
Event: 6.120 Thread 0x00007fd1c811c800  626       3       com.gitlab.pdftk_java.com.lowagie.text.pdf.PdfString::getValue (66 bytes)
Event: 6.121 Thread 0x00007fd1c811c800 nmethod 626 0x00007fd1b93085d0 code [0x00007fd1b9308760, 0x00007fd1b9308be8]
Event: 6.121 Thread 0x00007fd1c811c800  627       3       java.lang.StrictMath::floorOrCeil (128 bytes)
Event: 6.121 Thread 0x00007fd1c811c800 nmethod 627 0x00007fd1b9307ed0 code [0x00007fd1b9308060, 0x00007fd1b93084f0]
Event: 6.121 Thread 0x00007fd1c811c800  634       3       com.gitlab.pdftk_java.com.lowagie.text.pdf.PdfDictionary::put (34 bytes)
Event: 6.122 Thread 0x00007fd1c811c800 nmethod 634 0x00007fd1b9316410 code [0x00007fd1b9316600, 0x00007fd1b9316f38]
Event: 6.122 Thread 0x00007fd1c811c800  629       3       java.lang.Math::getExponent (17 bytes)
Event: 6.122 Thread 0x00007fd1c811c800 nmethod 629 0x00007fd1b9307b90 code [0x00007fd1b9307ce0, 0x00007fd1b9307e50]
Event: 6.122 Thread 0x00007fd1c811c800  631       3       com.gitlab.pdftk_java.com.lowagie.text.pdf.PdfObject::isArray (14 bytes)
Event: 6.122 Thread 0x00007fd1c811c800 nmethod 631 0x00007fd1b93077d0 code [0x00007fd1b9307940, 0x00007fd1b9307af0]
Event: 6.122 Thread 0x00007fd1c811c800  632       3       com.gitlab.pdftk_java.com.lowagie.text.pdf.PdfReader::getNameArray (68 bytes)
Event: 6.122 Thread 0x00007fd1c811c800 nmethod 632 0x00007fd1b9317310 code [0x00007fd1b9317540, 0x00007fd1b93182c8]
Event: 6.122 Thread 0x00007fd1c811c800  635       3       com.gitlab.pdftk_java.com.lowagie.text.pdf.PdfReader::releaseLastXrefPartial (34 bytes)
Event: 6.122 Thread 0x00007fd1c811c800 nmethod 635 0x00007fd1b9318650 code [0x00007fd1b9318800, 0x00007fd1b9318dd8]
Event: 6.122 Thread 0x00007fd1c811c800  636       3       com.gitlab.pdftk_java.com.lowagie.text.pdf.PdfArray::size (8 bytes)
Event: 6.122 Thread 0x00007fd1c8119800  625       4       java.util.HashMap::put (13 bytes)
Event: 6.122 Thread 0x00007fd1c811c800 nmethod 636 0x00007fd1b9319190 code [0x00007fd1b9319300, 0x00007fd1b9319470]
Event: 6.122 Thread 0x00007fd1c811c800  638       3       com.gitlab.pdftk_java.com.lowagie.text.pdf.PdfArray::getPdfObject (12 bytes)
Event: 6.123 Thread 0x00007fd1c811c800 nmethod 638 0x00007fd1b9319510 code [0x00007fd1b93196c0, 0x00007fd1b9319b98]
Event: 6.123 Thread 0x00007fd1c811c800  637       3       com.gitlab.pdftk_java.com.lowagie.text.pdf.PdfObject::isDictionary (15 bytes)
Event: 6.123 Thread 0x00007fd1c811c800 nmethod 637 0x00007fd1b9319ed0 code [0x00007fd1b931a040, 0x00007fd1b931a1f0]
Event: 6.123 Thread 0x00007fd1c811c800  633       3       java.util.HashMap$Node::setValue (12 bytes)
Event: 6.123 Thread 0x00007fd1c811c800 nmethod 633 0x00007fd1b931a290 code [0x00007fd1b931a3e0, 0x00007fd1b931a550]
Event: 6.123 Thread 0x00007fd1c8119800 nmethod 625 0x00007fd1b931d310 code [0x00007fd1b931d460, 0x00007fd1b931d588]
Event: 6.124 Thread 0x00007fd1c811c800  639       3       com.gitlab.pdftk_java.com.lowagie.text.pdf.PdfReader::replaceNamedDestination (272 bytes)
Event: 6.128 Thread 0x00007fd1c811c800 nmethod 639 0x00007fd1b931d690 code [0x00007fd1b931dd40, 0x00007fd1b93229a8]
Event: 6.128 Thread 0x00007fd1c811c800  640       3       com.gitlab.pdftk_java.com.lowagie.text.pdf.PdfReader::setXrefPartialObject (23 bytes)
Event: 6.128 Thread 0x00007fd1c811c800 nmethod 640 0x00007fd1b931c790 code [0x00007fd1b931c940, 0x00007fd1b931cf18]
Event: 6.128 Thread 0x00007fd1c811c800  641       3       com.gitlab.pdftk_java.com.lowagie.text.pdf.PdfString::toString (5 bytes)
Event: 6.128 Thread 0x00007fd1c811c800 nmethod 641 0x00007fd1b931c410 code [0x00007fd1b931c580, 0x00007fd1b931c708]
Event: 6.128 Thread 0x00007fd1c8119800  643       4       com.gitlab.pdftk_java.com.lowagie.text.pdf.PdfReader::releaseLastXrefPartial (76 bytes)
Event: 6.129 Thread 0x00007fd1c8119800 nmethod 643 0x00007fd1b931ac10 code [0x00007fd1b931ad60, 0x00007fd1b931ae18]
Event: 6.129 Thread 0x00007fd1c8119800  645   !   4       com.gitlab.pdftk_java.com.lowagie.text.pdf.PdfEncodings::convertToString (354 bytes)
Event: 6.134 Thread 0x00007fd1c811c800  644       3       com.gitlab.pdftk_java.com.lowagie.text.pdf.PdfName::compareTo (92 bytes)
Event: 6.135 Thread 0x00007fd1c811c800 nmethod 644 0x00007fd1b931bb50 code [0x00007fd1b931bce0, 0x00007fd1b931c1f0]
Event: 6.135 Thread 0x00007fd1c811c800  648       3       com.gitlab.pdftk_java.com.lowagie.text.pdf.PdfReader$PageRefs::size (20 bytes)
Event: 6.135 Thread 0x00007fd1c811c800 nmethod 648 0x00007fd1b931a810 code [0x00007fd1b931a980, 0x00007fd1b931ab50]
Event: 6.139 Thread 0x00007fd1c8119800 nmethod 645 0x00007fd1b9327390 code [0x00007fd1b9327560, 0x00007fd1b9327e08]
Event: 6.139 Thread 0x00007fd1c8119800  646       4       com.gitlab.pdftk_java.com.lowagie.text.pdf.PdfArray::getPdfObject (12 bytes)
Event: 6.140 Thread 0x00007fd1c8119800 nmethod 646 0x00007fd1b931b750 code [0x00007fd1b931b8a0, 0x00007fd1b931b9b8]
Event: 6.140 Thread 0x00007fd1c8119800  642       4       com.gitlab.pdftk_java.com.lowagie.text.pdf.PdfArray::size (8 bytes)
Event: 6.140 Thread 0x00007fd1c8119800 nmethod 642 0x00007fd1b931a5d0 code [0x00007fd1b931a720, 0x00007fd1b931a798]
Event: 6.140 Thread 0x00007fd1c8119800  647       4       com.gitlab.pdftk_java.com.lowagie.text.pdf.PdfReader::replaceNamedDestination (272 bytes)
Event: 6.152 Thread 0x00007fd1c811c800  652       3       java.util.HashMap::keySet (25 bytes)
Event: 6.153 Thread 0x00007fd1c811c800 nmethod 652 0x00007fd1b931b090 code [0x00007fd1b931b220, 0x00007fd1b931b5b0]
Event: 6.153 Thread 0x00007fd1c811c800  650  s    3       java.util.Vector::addElement (38 bytes)
Event: 6.153 Thread 0x00007fd1c811c800 nmethod 650 0x00007fd1b9326ad0 code [0x00007fd1b9326c60, 0x00007fd1b9327188]
Event: 6.176 Thread 0x00007fd1c8119800 nmethod 647 0x00007fd1b932d590 code [0x00007fd1b932d900, 0x00007fd1b932fc00]
Event: 6.176 Thread 0x00007fd1c8119800  651       4       java.util.AbstractCollection::toArray (147 bytes)
Event: 6.186 Thread 0x00007fd1c8119800 nmethod 651 0x00007fd1b9325cd0 code [0x00007fd1b9325e60, 0x00007fd1b9326418]
Event: 6.186 Thread 0x00007fd1c8119800  655       4       java.util.HashMap::keySet (25 bytes)
Event: 6.187 Thread 0x00007fd1c8119800 nmethod 655 0x00007fd1b932a590 code [0x00007fd1b932a6e0, 0x00007fd1b932a7d8]
Event: 6.187 Thread 0x00007fd1c8119800  653  s    4       java.util.Vector::addElement (38 bytes)
Event: 6.190 Thread 0x00007fd1c8119800 nmethod 653 0x00007fd1b9328990 code [0x00007fd1b9328b00, 0x00007fd1b9328ee8]
Event: 6.190 Thread 0x00007fd1c8119800  649       4       com.gitlab.pdftk_java.com.lowagie.text.pdf.PdfName::equals (30 bytes)
Event: 6.193 Thread 0x00007fd1c8119800 nmethod 649 0x00007fd1b93283d0 code [0x00007fd1b9328540, 0x00007fd1b93287b8]
Event: 6.193 Thread 0x00007fd1c8119800  654 %     4       com.gitlab.pdftk_java.com.lowagie.text.pdf.PdfReader::removeUnusedNode @ 14 (635 bytes)
Event: 6.285 Thread 0x00007fd1c8119800 nmethod 654% 0x00007fd1b9336e90 code [0x00007fd1b93372c0, 0x00007fd1b933a9d0]
Event: 6.286 Thread 0x00007fd1c811c800  656       3       com.gitlab.pdftk_java.com.lowagie.text.pdf.PdfDictionary::getKeys (8 bytes)
Event: 6.286 Thread 0x00007fd1c811c800 nmethod 656 0x00007fd1b932a150 code [0x00007fd1b932a2c0, 0x00007fd1b932a4e8]
Event: 6.286 Thread 0x00007fd1c8119800  657       4       com.gitlab.pdftk_java.com.lowagie.text.pdf.PdfReader::removeUnusedNode (635 bytes)
Event: 6.351 Thread 0x00007fd1c8119800 nmethod 657 0x00007fd1b933dfd0 code [0x00007fd1b933e400, 0x00007fd1b9340a60]
Event: 6.398 Thread 0x00007fd1c811c800  658       3       com.gitlab.pdftk_java.com.lowagie.text.pdf.PdfReader::removeUnusedObjects (119 bytes)
Event: 6.399 Thread 0x00007fd1c811c800 nmethod 658 0x00007fd1b932bcd0 code [0x00007fd1b932bf20, 0x00007fd1b932cc08]
Event: 6.401 Thread 0x00007fd1c811c800  659       3       sun.nio.cs.UTF_8$Decoder::decode (779 bytes)
Event: 6.406 Thread 0x00007fd1c811c800 nmethod 659 0x00007fd1b9343dd0 code [0x00007fd1b9344400, 0x00007fd1b9348eb8]
Event: 6.406 Thread 0x00007fd1c811c800  663       3       java.util.concurrent.ConcurrentHashMap::addCount (281 bytes)
Event: 6.407 Thread 0x00007fd1c811c800 nmethod 663 0x00007fd1b932ac50 code [0x00007fd1b932ae60, 0x00007fd1b932b928]
Event: 6.407 Thread 0x00007fd1c811c800  664       3       java.lang.CharacterDataLatin1::toUpperCase (53 bytes)
Event: 6.408 Thread 0x00007fd1c811c800 nmethod 664 0x00007fd1b9329810 code [0x00007fd1b9329980, 0x00007fd1b9329c50]
Event: 6.408 Thread 0x00007fd1c811c800  662       3       java.lang.String::concat (47 bytes)
Event: 6.408 Thread 0x00007fd1c811c800 nmethod 662 0x00007fd1b9336190 code [0x00007fd1b9336360, 0x00007fd1b9336b18]
Event: 6.408 Thread 0x00007fd1c811c800  660       1       java.lang.StringCoding$StringDecoder::requestedCharsetName (5 bytes)
Event: 6.408 Thread 0x00007fd1c811c800 nmethod 660 0x00007fd1b932a990 code [0x00007fd1b932aae0, 0x00007fd1b932abf0]
Event: 6.410 Thread 0x00007fd1c811c800  665   !   3       java.util.zip.ZipFile$ZipFileInputStream::close (110 bytes)
Event: 6.410 Thread 0x00007fd1c811c800 nmethod 665 0x00007fd1b9335410 code [0x00007fd1b93355c0, 0x00007fd1b9335df8]
Event: 6.410 Thread 0x00007fd1c811c800  666       3       java.util.jar.JarFile::maybeInstantiateVerifier (96 bytes)
Event: 6.411 Thread 0x00007fd1c811c800 nmethod 666 0x00007fd1b9333f10 code [0x00007fd1b9334140, 0x00007fd1b9334dc8]
Event: 6.412 Thread 0x00007fd1c811c800  667       3       java.lang.String::regionMatches (149 bytes)
Event: 6.413 Thread 0x00007fd1c811c800 nmethod 667 0x00007fd1b9332650 code [0x00007fd1b93328c0, 0x00007fd1b9333598]
Event: 6.413 Thread 0x00007fd1c811c800  668 % !   3       com.gitlab.pdftk_java.com.lowagie.text.pdf.PdfEncodings::convertToString @ 220 (354 bytes)
Event: 6.415 Thread 0x00007fd1c811c800 nmethod 668% 0x00007fd1b934c4d0 code [0x00007fd1b934c8a0, 0x00007fd1b934e9b8]
Event: 6.415 Thread 0x00007fd1c811c800  669       3       java.lang.Character::isHighSurrogate (18 bytes)
Event: 6.415 Thread 0x00007fd1c811c800 nmethod 669 0x00007fd1b9332290 code [0x00007fd1b9332400, 0x00007fd1b93325d0]
Event: 6.415 Thread 0x00007fd1c811c800  670       1       java.nio.Buffer::position (5 bytes)
Event: 6.415 Thread 0x00007fd1c811c800 nmethod 670 0x00007fd1b9331f90 code [0x00007fd1b93320e0, 0x00007fd1b93321f0]
Event: 6.416 Thread 0x00007fd1c811c800  671       1       java.nio.Buffer::limit (5 bytes)
Event: 6.416 Thread 0x00007fd1c811c800 nmethod 671 0x00007fd1b9350850 code [0x00007fd1b93509a0, 0x00007fd1b9350ab0]
Event: 6.416 Thread 0x00007fd1c811c800  672       1       java.util.Formatter$Flags::valueOf (5 bytes)
Event: 6.416 Thread 0x00007fd1c811c800 nmethod 672 0x00007fd1b9350b10 code [0x00007fd1b9350c60, 0x00007fd1b9350d70]
Event: 6.417 Thread 0x00007fd1c811c800  673       3       java.util.Formatter$Flags::contains (22 bytes)
Event: 6.417 Thread 0x00007fd1c811c800 nmethod 673 0x00007fd1b9350dd0 code [0x00007fd1b9350f40, 0x00007fd1b9351150]
Event: 6.417 Thread 0x00007fd1c811c800  674       3       java.util.regex.Pattern$BmpCharProperty::match (50 bytes)
Event: 6.417 Thread 0x00007fd1c811c800 nmethod 674 0x00007fd1b9351210 code [0x00007fd1b93513a0, 0x00007fd1b9351848]
Event: 6.417 Thread 0x00007fd1c811c800  676       3       java.io.PrintStream::ensureOpen (18 bytes)
Event: 6.417 Thread 0x00007fd1c811c800 nmethod 676 0x00007fd1b9351990 code [0x00007fd1b9351b00, 0x00007fd1b9351d68]
Event: 6.417 Thread 0x00007fd1c811c800  675       3       java.nio.ByteBuffer::arrayOffset (35 bytes)
Event: 6.417 Thread 0x00007fd1c811c800 nmethod 675 0x00007fd1b9351e50 code [0x00007fd1b9351fe0, 0x00007fd1b93522f8]
Event: 6.417 Thread 0x00007fd1c811c800  677       3       java.lang.StringBuilder::<init> (7 bytes)
Event: 6.417 Thread 0x00007fd1c811c800 nmethod 677 0x00007fd1b9352450 code [0x00007fd1b93525c0, 0x00007fd1b9352870]
Event: 6.417 Thread 0x00007fd1c811c800  678       3       java.lang.StringBuilder::toString (17 bytes)
Event: 6.418 Thread 0x00007fd1c811c800 nmethod 678 0x00007fd1b9352990 code [0x00007fd1b9352b00, 0x00007fd1b9352d08]
Event: 6.418 Thread 0x00007fd1c811c800  679   !   3       sun.misc.URLClassPath$JarLoader::ensureOpen (36 bytes)
Event: 6.418 Thread 0x00007fd1c811c800 nmethod 679 0x00007fd1b9352dd0 code [0x00007fd1b9352f80, 0x00007fd1b9353458]
Event: 6.419 Thread 0x00007fd1c811c800  681       3       java.nio.DirectLongBufferU::get (16 bytes)
Event: 6.419 Thread 0x00007fd1c811c800 nmethod 681 0x00007fd1b9353f10 code [0x00007fd1b9354080, 0x00007fd1b93542f0]
Event: 6.419 Thread 0x00007fd1c811c800  683       3       java.nio.DirectLongBufferU::put (18 bytes)
Event: 6.420 Thread 0x00007fd1c811c800 nmethod 683 0x00007fd1b9354410 code [0x00007fd1b9354580, 0x00007fd1b93547f0]
Event: 6.420 Thread 0x00007fd1c8119800  684       4       java.util.AbstractMap::<init> (5 bytes)
Event: 6.421 Thread 0x00007fd1c8119800 nmethod 684 0x00007fd1b9357750 code [0x00007fd1b93578a0, 0x00007fd1b93578f8]
Event: 6.423 Thread 0x00007fd1c811c800  685       3       java.lang.ThreadLocal::getMap (5 bytes)
Event: 6.423 Thread 0x00007fd1c811c800 nmethod 685 0x00007fd1b93571d0 code [0x00007fd1b9357340, 0x00007fd1b9357490]
Event: 6.424 Thread 0x00007fd1c811c800  686       3       sun.nio.cs.US_ASCII$Encoder::encode (107 bytes)
Event: 6.424 Thread 0x00007fd1c811c800 nmethod 686 0x00007fd1b9356610 code [0x00007fd1b93567c0, 0x00007fd1b9356eb0]
Event: 6.424 Thread 0x00007fd1c811c800  687       3       java.lang.ThreadLocal::get (38 bytes)

GC Heap History (9 events):
Event: 1.833 GC heap before
{Heap before GC invocations=1 (full 0):
 PSYoungGen      total 72704K, used 62464K [0x000000076eb00000, 0x0000000773c00000, 0x00000007c0000000)
  eden space 62464K, 100% used [0x000000076eb00000,0x0000000772800000,0x0000000772800000)
  from space 10240K, 0% used [0x0000000773200000,0x0000000773200000,0x0000000773c00000)
  to   space 10240K, 0% used [0x0000000772800000,0x0000000772800000,0x0000000773200000)
 ParOldGen       total 166912K, used 0K [0x00000006cc000000, 0x00000006d6300000, 0x000000076eb00000)
  object space 166912K, 0% used [0x00000006cc000000,0x00000006cc000000,0x00000006d6300000)
 Metaspace       used 4106K, capacity 5048K, committed 5376K, reserved 1056768K
  class space    used 373K, capacity 424K, committed 512K, reserved 1048576K
Event: 1.858 GC heap after
Heap after GC invocations=1 (full 0):
 PSYoungGen      total 72704K, used 10214K [0x000000076eb00000, 0x0000000777900000, 0x00000007c0000000)
  eden space 62464K, 0% used [0x000000076eb00000,0x000000076eb00000,0x0000000772800000)
  from space 10240K, 99% used [0x0000000772800000,0x00000007731f9a80,0x0000000773200000)
  to   space 10240K, 0% used [0x0000000776f00000,0x0000000776f00000,0x0000000777900000)
 ParOldGen       total 166912K, used 5355K [0x00000006cc000000, 0x00000006d6300000, 0x000000076eb00000)
  object space 166912K, 3% used [0x00000006cc000000,0x00000006cc53aea8,0x00000006d6300000)
 Metaspace       used 4106K, capacity 5048K, committed 5376K, reserved 1056768K
  class space    used 373K, capacity 424K, committed 512K, reserved 1048576K
}
Event: 3.645 GC heap before
{Heap before GC invocations=2 (full 0):
 PSYoungGen      total 72704K, used 72678K [0x000000076eb00000, 0x0000000777900000, 0x00000007c0000000)
  eden space 62464K, 100% used [0x000000076eb00000,0x0000000772800000,0x0000000772800000)
  from space 10240K, 99% used [0x0000000772800000,0x00000007731f9a80,0x0000000773200000)
  to   space 10240K, 0% used [0x0000000776f00000,0x0000000776f00000,0x0000000777900000)
 ParOldGen       total 166912K, used 5355K [0x00000006cc000000, 0x00000006d6300000, 0x000000076eb00000)
  object space 166912K, 3% used [0x00000006cc000000,0x00000006cc53aea8,0x00000006d6300000)
 Metaspace       used 4106K, capacity 5048K, committed 5376K, reserved 1056768K
  class space    used 373K, capacity 424K, committed 512K, reserved 1048576K
Event: 3.684 GC heap after
Heap after GC invocations=2 (full 0):
 PSYoungGen      total 135168K, used 10213K [0x000000076eb00000, 0x0000000777900000, 0x00000007c0000000)
  eden space 124928K, 0% used [0x000000076eb00000,0x000000076eb00000,0x0000000776500000)
  from space 10240K, 99% used [0x0000000776f00000,0x00000007778f9460,0x0000000777900000)
  to   space 10240K, 0% used [0x0000000776500000,0x0000000776500000,0x0000000776f00000)
 ParOldGen       total 166912K, used 19163K [0x00000006cc000000, 0x00000006d6300000, 0x000000076eb00000)
  object space 166912K, 11% used [0x00000006cc000000,0x00000006cd2b6ed8,0x00000006d6300000)
 Metaspace       used 4106K, capacity 5048K, committed 5376K, reserved 1056768K
  class space    used 373K, capacity 424K, committed 512K, reserved 1048576K
}
Event: 5.304 GC heap before
{Heap before GC invocations=3 (full 0):
 PSYoungGen      total 135168K, used 135141K [0x000000076eb00000, 0x0000000777900000, 0x00000007c0000000)
  eden space 124928K, 100% used [0x000000076eb00000,0x0000000776500000,0x0000000776500000)
  from space 10240K, 99% used [0x0000000776f00000,0x00000007778f9460,0x0000000777900000)
  to   space 10240K, 0% used [0x0000000776500000,0x0000000776500000,0x0000000776f00000)
 ParOldGen       total 166912K, used 19163K [0x00000006cc000000, 0x00000006d6300000, 0x000000076eb00000)
  object space 166912K, 11% used [0x00000006cc000000,0x00000006cd2b6ed8,0x00000006d6300000)
 Metaspace       used 4581K, capacity 5208K, committed 5376K, reserved 1056768K
  class space    used 417K, capacity 456K, committed 512K, reserved 1048576K
Event: 5.370 GC heap after
Heap after GC invocations=3 (full 0):
 PSYoungGen      total 135168K, used 10230K [0x000000076eb00000, 0x000000077f300000, 0x00000007c0000000)
  eden space 124928K, 0% used [0x000000076eb00000,0x000000076eb00000,0x0000000776500000)
  from space 10240K, 99% used [0x0000000776500000,0x0000000776efdaa8,0x0000000776f00000)
  to   space 10240K, 0% used [0x000000077e900000,0x000000077e900000,0x000000077f300000)
 ParOldGen       total 166912K, used 45055K [0x00000006cc000000, 0x00000006d6300000, 0x000000076eb00000)
  object space 166912K, 26% used [0x00000006cc000000,0x00000006cebfff18,0x00000006d6300000)
 Metaspace       used 4581K, capacity 5208K, committed 5376K, reserved 1056768K
  class space    used 417K, capacity 456K, committed 512K, reserved 1048576K
}
Event: 5.501 GC heap before
{Heap before GC invocations=4 (full 0):
 PSYoungGen      total 135168K, used 135158K [0x000000076eb00000, 0x000000077f300000, 0x00000007c0000000)
  eden space 124928K, 100% used [0x000000076eb00000,0x0000000776500000,0x0000000776500000)
  from space 10240K, 99% used [0x0000000776500000,0x0000000776efdaa8,0x0000000776f00000)
  to   space 10240K, 0% used [0x000000077e900000,0x000000077e900000,0x000000077f300000)
 ParOldGen       total 166912K, used 45055K [0x00000006cc000000, 0x00000006d6300000, 0x000000076eb00000)
  object space 166912K, 26% used [0x00000006cc000000,0x00000006cebfff18,0x00000006d6300000)
 Metaspace       used 4593K, capacity 5272K, committed 5376K, reserved 1056768K
  class space    used 417K, capacity 456K, committed 512K, reserved 1048576K
Event: 5.575 GC heap after
Heap after GC invocations=4 (full 0):
 PSYoungGen      total 260096K, used 10225K [0x000000076eb00000, 0x000000077f300000, 0x00000007c0000000)
  eden space 249856K, 0% used [0x000000076eb00000,0x000000076eb00000,0x000000077df00000)
  from space 10240K, 99% used [0x000000077e900000,0x000000077f2fc430,0x000000077f300000)
  to   space 10240K, 0% used [0x000000077df00000,0x000000077df00000,0x000000077e900000)
 ParOldGen       total 166912K, used 72863K [0x00000006cc000000, 0x00000006d6300000, 0x000000076eb00000)
  object space 166912K, 43% used [0x00000006cc000000,0x00000006d0727f18,0x00000006d6300000)
 Metaspace       used 4593K, capacity 5272K, committed 5376K, reserved 1056768K
  class space    used 417K, capacity 456K, committed 512K, reserved 1048576K
}
Event: 6.424 GC heap before
{Heap before GC invocations=5 (full 0):
 PSYoungGen      total 260096K, used 260081K [0x000000076eb00000, 0x000000077f300000, 0x00000007c0000000)
  eden space 249856K, 100% used [0x000000076eb00000,0x000000077df00000,0x000000077df00000)
  from space 10240K, 99% used [0x000000077e900000,0x000000077f2fc430,0x000000077f300000)
  to   space 10240K, 0% used [0x000000077df00000,0x000000077df00000,0x000000077e900000)
 ParOldGen       total 166912K, used 72863K [0x00000006cc000000, 0x00000006d6300000, 0x000000076eb00000)
  object space 166912K, 43% used [0x00000006cc000000,0x00000006d0727f18,0x00000006d6300000)
 Metaspace       used 5229K, capacity 5504K, committed 5632K, reserved 1056768K
  class space    used 476K, capacity 496K, committed 512K, reserved 1048576K

Deoptimization events (46 events):
Event: 4.687 Thread 0x00007fd1c804b800 Uncommon trap: reason=unstable_if action=reinterpret pc=0x00007fd1b91db2fc method=com.gitlab.pdftk_java.com.lowagie.text.pdf.PdfReader.readPRObject()Lcom/gitlab/pdftk_java/com/lowagie/text/pdf/PdfObject; @ 505
Event: 4.688 Thread 0x00007fd1c804b800 Uncommon trap: reason=unstable_if action=reinterpret pc=0x00007fd1b91cae04 method=com.gitlab.pdftk_java.com.lowagie.text.pdf.PRTokeniser.nextToken()Z @ 907
Event: 4.688 Thread 0x00007fd1c804b800 Uncommon trap: reason=unstable_if action=reinterpret pc=0x00007fd1b91d69ec method=sun.misc.FloatingDecimal$ASCIIToBinaryBuffer.doubleValue()D @ 135
Event: 4.693 Thread 0x00007fd1c804b800 Uncommon trap: reason=class_check action=maybe_recompile pc=0x00007fd1b91d7bb8 method=java.util.HashMap.putVal(ILjava/lang/Object;Ljava/lang/Object;ZZ)Ljava/lang/Object; @ 203
Event: 4.693 Thread 0x00007fd1c804b800 Uncommon trap: reason=class_check action=maybe_recompile pc=0x00007fd1b91d7bb8 method=java.util.HashMap.putVal(ILjava/lang/Object;Ljava/lang/Object;ZZ)Ljava/lang/Object; @ 203
Event: 4.693 Thread 0x00007fd1c804b800 Uncommon trap: reason=class_check action=maybe_recompile pc=0x00007fd1b91d7bb8 method=java.util.HashMap.putVal(ILjava/lang/Object;Ljava/lang/Object;ZZ)Ljava/lang/Object; @ 203
Event: 4.693 Thread 0x00007fd1c804b800 Uncommon trap: reason=class_check action=maybe_recompile pc=0x00007fd1b91d7bb8 method=java.util.HashMap.putVal(ILjava/lang/Object;Ljava/lang/Object;ZZ)Ljava/lang/Object; @ 203
Event: 5.048 Thread 0x00007fd1c804b800 Uncommon trap: reason=unstable_if action=reinterpret pc=0x00007fd1b9214f2c method=com.gitlab.pdftk_java.com.lowagie.text.pdf.PdfObject.isIndirect()Z @ 6
Event: 5.048 Thread 0x00007fd1c804b800 Uncommon trap: reason=unstable_if action=reinterpret pc=0x00007fd1b921d294 method=com.gitlab.pdftk_java.com.lowagie.text.pdf.PdfName.equals(Ljava/lang/Object;)Z @ 2
Event: 5.048 Thread 0x00007fd1c804b800 Uncommon trap: reason=unstable_if action=reinterpret pc=0x00007fd1b9212a3c method=com.gitlab.pdftk_java.com.lowagie.text.pdf.PdfName.compareTo(Ljava/lang/Object;)I @ 45
Event: 5.061 Thread 0x00007fd1c804b800 Uncommon trap: reason=class_check action=maybe_recompile pc=0x00007fd1b9213874 method=java.util.HashMap.putVal(ILjava/lang/Object;Ljava/lang/Object;ZZ)Ljava/lang/Object; @ 56
Event: 5.061 Thread 0x00007fd1c804b800 Uncommon trap: reason=class_check action=maybe_recompile pc=0x00007fd1b9213874 method=java.util.HashMap.putVal(ILjava/lang/Object;Ljava/lang/Object;ZZ)Ljava/lang/Object; @ 56
Event: 5.065 Thread 0x00007fd1c804b800 Uncommon trap: reason=unstable_if action=reinterpret pc=0x00007fd1b91c7728 method=java.util.HashMap.getNode(ILjava/lang/Object;)Ljava/util/HashMap$Node; @ 49
Event: 5.073 Thread 0x00007fd1c804b800 Uncommon trap: reason=unstable_if action=reinterpret pc=0x00007fd1b9158708 method=java.io.ByteArrayOutputStream.ensureCapacity(I)V @ 7
Event: 5.089 Thread 0x00007fd1c804b800 Uncommon trap: reason=unstable_if action=reinterpret pc=0x00007fd1b9155b14 method=java.io.ByteArrayOutputStream.ensureCapacity(I)V @ 7
Event: 5.104 Thread 0x00007fd1c804b800 Uncommon trap: reason=null_check action=make_not_entrant pc=0x00007fd1b921fc28 method=com.gitlab.pdftk_java.com.lowagie.text.pdf.PdfDictionary.get(Lcom/gitlab/pdftk_java/com/lowagie/text/pdf/PdfName;)Lcom/gitlab/pdftk_java/com/lowagie/text/pdf/PdfObject; 
Event: 5.104 Thread 0x00007fd1c804b800 Uncommon trap: reason=unstable_if action=reinterpret pc=0x00007fd1b9210e14 method=com.gitlab.pdftk_java.com.lowagie.text.pdf.PdfReader.releaseLastXrefPartial(Lcom/gitlab/pdftk_java/com/lowagie/text/pdf/PdfObject;)V @ 1
Event: 5.104 Thread 0x00007fd1c804b800 Uncommon trap: reason=unstable_if action=reinterpret pc=0x00007fd1b9162934 method=java.io.ByteArrayInputStream.read([BII)I @ 63
Event: 5.104 Thread 0x00007fd1c804b800 Uncommon trap: reason=unstable_if action=reinterpret pc=0x00007fd1b91cec50 method=com.gitlab.pdftk_java.com.lowagie.text.pdf.RandomAccessFileOrArray.read()I @ 25
Event: 5.104 Thread 0x00007fd1c804b800 Uncommon trap: reason=unstable_if action=reinterpret pc=0x00007fd1b91e24e8 method=com.gitlab.pdftk_java.com.lowagie.text.pdf.RandomAccessFileOrArray.seek(I)V @ 15
Event: 5.104 Thread 0x00007fd1c804b800 Uncommon trap: reason=unstable_if action=reinterpret pc=0x00007fd1b91d31f4 method=com.gitlab.pdftk_java.com.lowagie.text.pdf.RandomAccessFileOrArray.insureOpen()V @ 4
Event: 5.104 Thread 0x00007fd1c804b800 Uncommon trap: reason=unstable_if action=reinterpret pc=0x00007fd1b91d5120 method=com.gitlab.pdftk_java.com.lowagie.text.pdf.RandomAccessFileOrArray.seek(I)V @ 15
Event: 5.762 Thread 0x00007fd1c804b800 Uncommon trap: reason=unstable_if action=reinterpret pc=0x00007fd1b92780f8 method=com.gitlab.pdftk_java.com.lowagie.text.pdf.PdfReader.readPRObject()Lcom/gitlab/pdftk_java/com/lowagie/text/pdf/PdfObject; @ 445
Event: 5.768 Thread 0x00007fd1c804b800 Uncommon trap: reason=unstable_if action=reinterpret pc=0x00007fd1b91e43c4 method=java.util.HashMap.putMapEntries(Ljava/util/Map;Z)V @ 8
Event: 5.768 Thread 0x00007fd1c804b800 Uncommon trap: reason=unstable_if action=reinterpret pc=0x00007fd1b9284c10 method=com.gitlab.pdftk_java.com.lowagie.text.pdf.IntHashtable.containsKey(I)Z @ 24
Event: 5.769 Thread 0x00007fd1c804b800 Uncommon trap: reason=unstable_if action=reinterpret pc=0x00007fd1b9275138 method=java.util.HashMap.getNode(ILjava/lang/Object;)Ljava/util/HashMap$Node; @ 116
Event: 5.769 Thread 0x00007fd1c804b800 Uncommon trap: reason=unstable_if action=reinterpret pc=0x00007fd1b9159bf8 method=java.util.HashMap.getNode(ILjava/lang/Object;)Ljava/util/HashMap$Node; @ 49
Event: 5.883 Thread 0x00007fd1c804b800 Uncommon trap: reason=unstable_if action=reinterpret pc=0x00007fd1b92fcb24 method=java.util.Vector.ensureCapacityHelper(I)V @ 7
Event: 5.904 Thread 0x00007fd1c804b800 Uncommon trap: reason=range_check action=make_not_entrant pc=0x00007fd1b93032cc method=com.gitlab.pdftk_java.com.lowagie.text.pdf.PdfReader.removeUnusedNode(Lcom/gitlab/pdftk_java/com/lowagie/text/pdf/PdfObject;[Z)V @ 217
Event: 5.907 Thread 0x00007fd1c804b800 Uncommon trap: reason=predicate action=maybe_recompile pc=0x00007fd1b92fefc4 method=java.util.AbstractCollection.toArray([Ljava/lang/Object;)[Ljava/lang/Object; @ 49
Event: 6.115 Thread 0x00007fd1c804b800 Uncommon trap: reason=unstable_if action=reinterpret pc=0x00007fd1b930d820 method=com.gitlab.pdftk_java.com.lowagie.text.pdf.PdfReader.removeUnusedNode(Lcom/gitlab/pdftk_java/com/lowagie/text/pdf/PdfObject;[Z)V @ 536
Event: 6.115 Thread 0x00007fd1c804b800 Uncommon trap: reason=unstable_if action=reinterpret pc=0x00007fd1b921d904 method=com.gitlab.pdftk_java.com.lowagie.text.pdf.PdfObject.isNull()Z @ 6
Event: 6.118 Thread 0x00007fd1c804b800 Uncommon trap: reason=unstable_if action=reinterpret pc=0x00007fd1b92b9208 method=com.gitlab.pdftk_java.com.lowagie.text.pdf.PdfEncodings.convertToString([BLjava/lang/String;)Ljava/lang/String; @ 10
Event: 6.121 Thread 0x00007fd1c804b800 Uncommon trap: reason=unstable_if action=reinterpret pc=0x00007fd1b92b8a90 method=com.gitlab.pdftk_java.com.lowagie.text.pdf.PdfName.compareTo(Ljava/lang/Object;)I @ 59
Event: 6.147 Thread 0x00007fd1c804b800 Uncommon trap: reason=unstable_if action=reinterpret pc=0x00007fd1b92e96b4 method=java.util.HashMap.keySet()Ljava/util/Set; @ 6
Event: 6.147 Thread 0x00007fd1c804b800 Uncommon trap: reason=array_check action=maybe_recompile pc=0x00007fd1b9300a78 method=java.util.AbstractCollection.toArray([Ljava/lang/Object;)[Ljava/lang/Object; @ 119
Event: 6.147 Thread 0x00007fd1c804b800 Uncommon trap: reason=array_check action=maybe_recompile pc=0x00007fd1b9300a78 method=java.util.AbstractCollection.toArray([Ljava/lang/Object;)[Ljava/lang/Object; @ 119
Event: 6.147 Thread 0x00007fd1c804b800 Uncommon trap: reason=array_check action=maybe_recompile pc=0x00007fd1b9300a78 method=java.util.AbstractCollection.toArray([Ljava/lang/Object;)[Ljava/lang/Object; @ 119
Event: 6.147 Thread 0x00007fd1c804b800 Uncommon trap: reason=array_check action=maybe_recompile pc=0x00007fd1b9300a78 method=java.util.AbstractCollection.toArray([Ljava/lang/Object;)[Ljava/lang/Object; @ 119
Event: 6.285 Thread 0x00007fd1c804b800 Uncommon trap: reason=unstable_if action=reinterpret pc=0x00007fd1b92ff968 method=java.util.HashMap.keySet()Ljava/util/Set; @ 6
Event: 6.401 Thread 0x00007fd1c804b800 Uncommon trap: reason=unstable_if action=reinterpret pc=0x00007fd1b9327d18 method=com.gitlab.pdftk_java.com.lowagie.text.pdf.PdfEncodings.convertToString([BLjava/lang/String;)Ljava/lang/String; @ 72
Event: 6.421 Thread 0x00007fd1c804b800 Uncommon trap: reason=unstable_if action=reinterpret pc=0x00007fd1b91c91c0 method=java.util.HashMap.resize()[Ljava/util/HashMap$Node; @ 56
Event: 6.423 Thread 0x00007fd1c804b800 Uncommon trap: reason=bimorphic action=maybe_recompile pc=0x00007fd1b922d9f8 method=java.util.HashMap.putVal(ILjava/lang/Object;Ljava/lang/Object;ZZ)Ljava/lang/Object; @ 91
Event: 6.423 Thread 0x00007fd1c804b800 Uncommon trap: reason=bimorphic action=maybe_recompile pc=0x00007fd1b922d9f8 method=java.util.HashMap.putVal(ILjava/lang/Object;Ljava/lang/Object;ZZ)Ljava/lang/Object; @ 91
Event: 6.423 Thread 0x00007fd1c804b800 Uncommon trap: reason=bimorphic action=maybe_recompile pc=0x00007fd1b922d9f8 method=java.util.HashMap.putVal(ILjava/lang/Object;Ljava/lang/Object;ZZ)Ljava/lang/Object; @ 91
Event: 6.423 Thread 0x00007fd1c804b800 Uncommon trap: reason=bimorphic action=maybe_recompile pc=0x00007fd1b922d9f8 method=java.util.HashMap.putVal(ILjava/lang/Object;Ljava/lang/Object;ZZ)Ljava/lang/Object; @ 91

Classes redefined (0 events):
No events

Internal exceptions (5 events):
Event: 0.019 Thread 0x00007fd1c804b800 Exception <a 'java/lang/NoSuchMethodError': Method sun.misc.Unsafe.defineClass(Ljava/lang/String;[BII)Ljava/lang/Class; name or signature does not match> (0x000000076eb07cd8) thrown at [/builddir/build/BUILD/java-1.8.0-openjdk-1.8.0.392.b08-2.el7_9.x86_64
Event: 0.019 Thread 0x00007fd1c804b800 Exception <a 'java/lang/NoSuchMethodError': Method sun.misc.Unsafe.prefetchRead(Ljava/lang/Object;J)V name or signature does not match> (0x000000076eb07fc0) thrown at [/builddir/build/BUILD/java-1.8.0-openjdk-1.8.0.392.b08-2.el7_9.x86_64/shenandoah-jdk8u3
Event: 6.424 Thread 0x00007fd1c804b800 Exception <a 'java/security/PrivilegedActionException'> (0x000000077defc630) thrown at [/builddir/build/BUILD/java-1.8.0-openjdk-1.8.0.392.b08-2.el7_9.x86_64/shenandoah-jdk8u392-b08/hotspot/src/share/vm/prims/jvm.cpp, line 1521]
Event: 6.424 Thread 0x00007fd1c804b800 Exception <a 'java/security/PrivilegedActionException'> (0x000000077defca28) thrown at [/builddir/build/BUILD/java-1.8.0-openjdk-1.8.0.392.b08-2.el7_9.x86_64/shenandoah-jdk8u392-b08/hotspot/src/share/vm/prims/jvm.cpp, line 1521]
Event: 6.424 Thread 0x00007fd1c804b800 Exception <a 'java/security/PrivilegedActionException'> (0x000000077deffac8) thrown at [/builddir/build/BUILD/java-1.8.0-openjdk-1.8.0.392.b08-2.el7_9.x86_64/shenandoah-jdk8u392-b08/hotspot/src/share/vm/prims/jvm.cpp, line 1521]

Events (250 events):
Event: 5.734 Thread 0x00007fd1c804b800 DEOPT UNPACKING pc=0x00007fd1b90474c4 sp=0x00007fd1d1c48a10 mode 0
Event: 5.754 Thread 0x00007fd1c804b800 DEOPT PACKING pc=0x00007fd1b9297d40 sp=0x00007fd1d1c49250
Event: 5.754 Thread 0x00007fd1c804b800 DEOPT UNPACKING pc=0x00007fd1b90474c4 sp=0x00007fd1d1c48ff8 mode 0
Event: 5.762 Thread 0x00007fd1c804b800 Uncommon trap: trap_request=0xffffff65 fr.pc=0x00007fd1b92780f8
Event: 5.762 Thread 0x00007fd1c804b800 DEOPT PACKING pc=0x00007fd1b92780f8 sp=0x00007fd1d1c49010
Event: 5.762 Thread 0x00007fd1c804b800 DEOPT UNPACKING pc=0x00007fd1b904547a sp=0x00007fd1d1c49008 mode 2
Event: 5.766 loading class com/gitlab/pdftk_java/com/lowagie/text/pdf/PdfReader$PageRefs
Event: 5.766 loading class com/gitlab/pdftk_java/com/lowagie/text/pdf/PdfReader$PageRefs done
Event: 5.768 Thread 0x00007fd1c804b800 Uncommon trap: trap_request=0xffffff65 fr.pc=0x00007fd1b91e43c4
Event: 5.768 Thread 0x00007fd1c804b800 DEOPT PACKING pc=0x00007fd1b91e43c4 sp=0x00007fd1d1c49050
Event: 5.768 Thread 0x00007fd1c804b800 DEOPT UNPACKING pc=0x00007fd1b904547a sp=0x00007fd1d1c49020 mode 2
Event: 5.768 loading class java/util/HashMap$KeySet
Event: 5.768 loading class java/util/HashMap$KeySet done
Event: 5.768 loading class java/util/HashMap$KeyIterator
Event: 5.768 loading class java/util/HashMap$KeyIterator done
Event: 5.768 Executing VM operation: Deoptimize
Event: 5.768 Executing VM operation: Deoptimize done
Event: 5.768 Thread 0x00007fd1c804b800 Uncommon trap: trap_request=0xffffff65 fr.pc=0x00007fd1b9284c10
Event: 5.768 Thread 0x00007fd1c804b800 DEOPT PACKING pc=0x00007fd1b9284c10 sp=0x00007fd1d1c493f0
Event: 5.768 Thread 0x00007fd1c804b800 DEOPT UNPACKING pc=0x00007fd1b904547a sp=0x00007fd1d1c49398 mode 2
Event: 5.769 Thread 0x00007fd1c804b800 Uncommon trap: trap_request=0xffffff65 fr.pc=0x00007fd1b9275138
Event: 5.769 Thread 0x00007fd1c804b800 DEOPT PACKING pc=0x00007fd1b9275138 sp=0x00007fd1d1c49310
Event: 5.769 Thread 0x00007fd1c804b800 DEOPT UNPACKING pc=0x00007fd1b904547a sp=0x00007fd1d1c49238 mode 2
Event: 5.769 Thread 0x00007fd1c804b800 Uncommon trap: trap_request=0xffffff65 fr.pc=0x00007fd1b9159bf8
Event: 5.769 Thread 0x00007fd1c804b800 DEOPT PACKING pc=0x00007fd1b9159bf8 sp=0x00007fd1d1c49280
Event: 5.769 Thread 0x00007fd1c804b800 DEOPT UNPACKING pc=0x00007fd1b904547a sp=0x00007fd1d1c49228 mode 2
Event: 5.883 Thread 0x00007fd1c804b800 Uncommon trap: trap_request=0xffffff65 fr.pc=0x00007fd1b92fcb24
Event: 5.883 Executing VM operation: RevokeBias
Event: 5.883 Executing VM operation: RevokeBias done
Event: 5.883 Thread 0x00007fd1c804b800 DEOPT PACKING pc=0x00007fd1b92fcb24 sp=0x00007fd1d1c491e0
Event: 5.883 Thread 0x00007fd1c804b800 DEOPT UNPACKING pc=0x00007fd1b904547a sp=0x00007fd1d1c49138 mode 2
Event: 5.902 Thread 0x00007fd1c804b800 DEOPT PACKING pc=0x00007fd1b92e4fd9 sp=0x00007fd1d1c49220
Event: 5.902 Thread 0x00007fd1c804b800 DEOPT UNPACKING pc=0x00007fd1b90474c4 sp=0x00007fd1d1c49108 mode 0
Event: 5.904 Thread 0x00007fd1c804b800 Uncommon trap: trap_request=0xffffffe4 fr.pc=0x00007fd1b93032cc
Event: 5.904 Thread 0x00007fd1c804b800 DEOPT PACKING pc=0x00007fd1b93032cc sp=0x00007fd1d1c49380
Event: 5.904 Thread 0x00007fd1c804b800 DEOPT UNPACKING pc=0x00007fd1b904547a sp=0x00007fd1d1c49388 mode 2
Event: 5.907 Thread 0x00007fd1c804b800 Uncommon trap: trap_request=0xffffff86 fr.pc=0x00007fd1b92fefc4
Event: 5.907 Thread 0x00007fd1c804b800 DEOPT PACKING pc=0x00007fd1b92fefc4 sp=0x00007fd1d1c49330
Event: 5.907 Thread 0x00007fd1c804b800 DEOPT UNPACKING pc=0x00007fd1b904547a sp=0x00007fd1d1c49310 mode 2
Event: 6.115 Thread 0x00007fd1c804b800 Uncommon trap: trap_request=0xffffff65 fr.pc=0x00007fd1b930d820
Event: 6.115 Thread 0x00007fd1c804b800 DEOPT PACKING pc=0x00007fd1b930d820 sp=0x00007fd1d1c49370
Event: 6.115 Thread 0x00007fd1c804b800 DEOPT UNPACKING pc=0x00007fd1b904547a sp=0x00007fd1d1c49390 mode 2
Event: 6.115 Thread 0x00007fd1c804b800 Uncommon trap: trap_request=0xffffff65 fr.pc=0x00007fd1b921d904
Event: 6.115 Thread 0x00007fd1c804b800 DEOPT PACKING pc=0x00007fd1b921d904 sp=0x00007fd1d1c49340
Event: 6.115 Thread 0x00007fd1c804b800 DEOPT UNPACKING pc=0x00007fd1b904547a sp=0x00007fd1d1c492b8 mode 2
Event: 6.116 loading class java/io/RandomAccessFile$1
Event: 6.116 loading class java/io/RandomAccessFile$1 done
Event: 6.117 loading class com/gitlab/pdftk_java/com/lowagie/text/pdf/PdfNameTree
Event: 6.117 loading class com/gitlab/pdftk_java/com/lowagie/text/pdf/PdfNameTree done
Event: 6.117 loading class com/gitlab/pdftk_java/com/lowagie/text/StringCompare
Event: 6.117 loading class com/gitlab/pdftk_java/com/lowagie/text/StringCompare done
Event: 6.118 Thread 0x00007fd1c804b800 Uncommon trap: trap_request=0xffffff65 fr.pc=0x00007fd1b92b9208
Event: 6.118 Thread 0x00007fd1c804b800 DEOPT PACKING pc=0x00007fd1b92b9208 sp=0x00007fd1d1c491f0
Event: 6.118 Thread 0x00007fd1c804b800 DEOPT UNPACKING pc=0x00007fd1b904547a sp=0x00007fd1d1c491b0 mode 2
Event: 6.118 loading class java/lang/StrictMath
Event: 6.118 loading class java/lang/StrictMath done
Event: 6.121 Thread 0x00007fd1c804b800 Uncommon trap: trap_request=0xffffff65 fr.pc=0x00007fd1b92b8a90
Event: 6.121 Thread 0x00007fd1c804b800 DEOPT PACKING pc=0x00007fd1b92b8a90 sp=0x00007fd1d1c49430
Event: 6.121 Thread 0x00007fd1c804b800 DEOPT UNPACKING pc=0x00007fd1b904547a sp=0x00007fd1d1c493c8 mode 2
Event: 6.147 Thread 0x00007fd1c804b800 Uncommon trap: trap_request=0xffffff65 fr.pc=0x00007fd1b92e96b4
Event: 6.147 Thread 0x00007fd1c804b800 DEOPT PACKING pc=0x00007fd1b92e96b4 sp=0x00007fd1d1c49360
Event: 6.147 Thread 0x00007fd1c804b800 DEOPT UNPACKING pc=0x00007fd1b904547a sp=0x00007fd1d1c49318 mode 2
Event: 6.147 Thread 0x00007fd1c804b800 Uncommon trap: trap_request=0xffffffd6 fr.pc=0x00007fd1b9300a78
Event: 6.147 Thread 0x00007fd1c804b800 DEOPT PACKING pc=0x00007fd1b9300a78 sp=0x00007fd1d1c49330
Event: 6.147 Thread 0x00007fd1c804b800 DEOPT UNPACKING pc=0x00007fd1b904547a sp=0x00007fd1d1c492e8 mode 2
Event: 6.147 Thread 0x00007fd1c804b800 Uncommon trap: trap_request=0xffffffd6 fr.pc=0x00007fd1b9300a78
Event: 6.147 Thread 0x00007fd1c804b800 DEOPT PACKING pc=0x00007fd1b9300a78 sp=0x00007fd1d1c49330
Event: 6.147 Thread 0x00007fd1c804b800 DEOPT UNPACKING pc=0x00007fd1b904547a sp=0x00007fd1d1c492e8 mode 2
Event: 6.147 Thread 0x00007fd1c804b800 Uncommon trap: trap_request=0xffffffd6 fr.pc=0x00007fd1b9300a78
Event: 6.147 Thread 0x00007fd1c804b800 DEOPT PACKING pc=0x00007fd1b9300a78 sp=0x00007fd1d1c49330
Event: 6.147 Thread 0x00007fd1c804b800 DEOPT UNPACKING pc=0x00007fd1b904547a sp=0x00007fd1d1c492e8 mode 2
Event: 6.147 Thread 0x00007fd1c804b800 Uncommon trap: trap_request=0xffffffd6 fr.pc=0x00007fd1b9300a78
Event: 6.147 Thread 0x00007fd1c804b800 DEOPT PACKING pc=0x00007fd1b9300a78 sp=0x00007fd1d1c49330
Event: 6.147 Thread 0x00007fd1c804b800 DEOPT UNPACKING pc=0x00007fd1b904547a sp=0x00007fd1d1c492e8 mode 2
Event: 6.285 Thread 0x00007fd1c804b800 DEOPT PACKING pc=0x00007fd1b92f5658 sp=0x00007fd1d1c49390
Event: 6.285 Thread 0x00007fd1c804b800 DEOPT UNPACKING pc=0x00007fd1b90474c4 sp=0x00007fd1d1c49248 mode 0
Event: 6.285 Thread 0x00007fd1c804b800 Uncommon trap: trap_request=0xffffff65 fr.pc=0x00007fd1b92ff968
Event: 6.286 Thread 0x00007fd1c804b800 DEOPT PACKING pc=0x00007fd1b92ff968 sp=0x00007fd1d1c494a0
Event: 6.286 Thread 0x00007fd1c804b800 DEOPT UNPACKING pc=0x00007fd1b904547a sp=0x00007fd1d1c49408 mode 2
Event: 6.399 loading class com/gitlab/pdftk_java/InputPdf$PagesReader
Event: 6.399 loading class com/gitlab/pdftk_java/InputPdf$PagesReader done
Event: 6.399 loading class java/util/HashSet
Event: 6.399 loading class java/util/HashSet done
Event: 6.400 loading class com/gitlab/pdftk_java/report
Event: 6.400 loading class com/gitlab/pdftk_java/report done
Event: 6.401 Thread 0x00007fd1c804b800 Uncommon trap: trap_request=0xffffff65 fr.pc=0x00007fd1b9327d18
Event: 6.401 Thread 0x00007fd1c804b800 DEOPT PACKING pc=0x00007fd1b9327d18 sp=0x00007fd1d1c495f0
Event: 6.401 Thread 0x00007fd1c804b800 DEOPT UNPACKING pc=0x00007fd1b904547a sp=0x00007fd1d1c49588 mode 2
Event: 6.401 loading class org/apache/commons/lang3/StringEscapeUtils
Event: 6.401 loading class org/apache/commons/lang3/StringEscapeUtils done
Event: 6.402 loading class org/apache/commons/lang3/text/translate/CharSequenceTranslator
Event: 6.402 loading class org/apache/commons/lang3/text/translate/CharSequenceTranslator done
Event: 6.403 loading class org/apache/commons/lang3/text/translate/AggregateTranslator
Event: 6.403 loading class org/apache/commons/lang3/text/translate/AggregateTranslator done
Event: 6.403 loading class org/apache/commons/lang3/StringEscapeUtils$CsvEscaper
Event: 6.403 loading class org/apache/commons/lang3/StringEscapeUtils$CsvEscaper done
Event: 6.403 loading class org/apache/commons/lang3/StringEscapeUtils$CsvUnescaper
Event: 6.403 loading class org/apache/commons/lang3/StringEscapeUtils$CsvUnescaper done
Event: 6.404 loading class org/apache/commons/lang3/text/translate/LookupTranslator
Event: 6.404 loading class org/apache/commons/lang3/text/translate/LookupTranslator done
Event: 6.404 loading class java/io/StringWriter
Event: 6.404 loading class java/io/StringWriter done
Event: 6.404 loading class org/apache/commons/lang3/text/translate/EntityArrays
Event: 6.404 loading class org/apache/commons/lang3/text/translate/EntityArrays done
Event: 6.406 loading class org/apache/commons/lang3/ArrayUtils
Event: 6.406 loading class org/apache/commons/lang3/ArrayUtils done
Event: 6.409 loading class org/apache/commons/lang3/text/translate/UnicodeEscaper
Event: 6.409 loading class org/apache/commons/lang3/text/translate/UnicodeEscaper done
Event: 6.409 loading class org/apache/commons/lang3/text/translate/CodePointTranslator
Event: 6.409 loading class org/apache/commons/lang3/text/translate/CodePointTranslator done
Event: 6.410 loading class org/apache/commons/lang3/text/translate/OctalUnescaper
Event: 6.410 loading class org/apache/commons/lang3/text/translate/OctalUnescaper done
Event: 6.410 loading class org/apache/commons/lang3/text/translate/UnicodeUnescaper
Event: 6.410 loading class org/apache/commons/lang3/text/translate/UnicodeUnescaper done
Event: 6.411 loading class org/apache/commons/lang3/text/translate/NumericEntityUnescaper
Event: 6.411 loading class org/apache/commons/lang3/text/translate/NumericEntityUnescaper done
Event: 6.411 loading class org/apache/commons/lang3/text/translate/NumericEntityUnescaper$OPTION
Event: 6.411 loading class org/apache/commons/lang3/text/translate/NumericEntityUnescaper$OPTION done
Event: 6.411 loading class java/util/Arrays$ArrayList
Event: 6.411 loading class java/util/Arrays$ArrayList done
Event: 6.411 loading class java/util/EnumSet
Event: 6.412 loading class java/util/EnumSet done
Event: 6.412 loading class java/util/AbstractList$Itr
Event: 6.412 loading class java/util/AbstractList$Itr done
Event: 6.412 loading class java/util/RegularEnumSet
Event: 6.412 loading class java/util/RegularEnumSet done
Event: 6.412 loading class org/apache/commons/lang3/text/translate/NumericEntityEscaper
Event: 6.412 loading class org/apache/commons/lang3/text/translate/NumericEntityEscaper done
Event: 6.413 loading class java/lang/Byte$ByteCache
Event: 6.413 loading class java/lang/Byte$ByteCache done
Event: 6.414 loading class java/util/Formatter
Event: 6.414 loading class java/util/Formatter done
Event: 6.414 loading class java/util/regex/Pattern$Ctype
Event: 6.414 loading class java/util/regex/Pattern$Ctype done
Event: 6.414 loading class java/util/regex/Pattern$5
Event: 6.414 loading class java/util/regex/Pattern$5 done
Event: 6.414 loading class java/util/Locale$Category
Event: 6.414 loading class java/util/Locale$Category done
Event: 6.414 loading class java/util/Locale$1
Event: 6.414 loading class java/util/Locale$1 done
Event: 6.415 loading class java/util/regex/ASCII
Event: 6.415 loading class java/util/regex/ASCII done
Event: 6.415 loading class java/util/Formatter$FormatSpecifier
Event: 6.415 loading class java/util/Formatter$FormatString
Event: 6.415 loading class java/util/Formatter$FormatString done
Event: 6.415 loading class java/util/Formatter$FormatSpecifier done
Event: 6.415 loading class java/util/Formatter$Flags
Event: 6.415 loading class java/util/Formatter$Flags done
Event: 6.415 loading class java/util/Formatter$Conversion
Event: 6.415 loading class java/util/Formatter$Conversion done
Event: 6.417 loading class com/gitlab/pdftk_java/PdfPageMedia
Event: 6.417 loading class com/gitlab/pdftk_java/PdfPageMedia done
Event: 6.418 loading class com/gitlab/pdftk_java/com/lowagie/text/Rectangle
Event: 6.418 loading class com/gitlab/pdftk_java/com/lowagie/text/Rectangle done
Event: 6.418 loading class com/gitlab/pdftk_java/com/lowagie/text/Element
Event: 6.418 loading class com/gitlab/pdftk_java/com/lowagie/text/Element done
Event: 6.418 loading class com/gitlab/pdftk_java/com/lowagie/text/MarkupAttributes
Event: 6.418 loading class com/gitlab/pdftk_java/com/lowagie/text/MarkupAttributes done
Event: 6.419 loading class com/gitlab/pdftk_java/LoadableRectangle
Event: 6.419 loading class com/gitlab/pdftk_java/LoadableRectangle done
Event: 6.419 loading class java/text/NumberFormat
Event: 6.420 loading class java/text/Format
Event: 6.420 loading class java/text/Format done
Event: 6.420 loading class java/text/NumberFormat done
Event: 6.420 loading class java/text/spi/NumberFormatProvider
Event: 6.420 loading class java/util/spi/LocaleServiceProvider
Event: 6.420 loading class java/util/spi/LocaleServiceProvider done
Event: 6.420 loading class java/text/spi/NumberFormatProvider done
Event: 6.420 loading class sun/util/locale/provider/LocaleProviderAdapter
Event: 6.420 loading class sun/util/locale/provider/LocaleProviderAdapter done
Event: 6.420 loading class sun/util/locale/provider/JRELocaleProviderAdapter
Event: 6.420 loading class sun/util/locale/provider/ResourceBundleBasedAdapter
Event: 6.420 loading class sun/util/locale/provider/ResourceBundleBasedAdapter done
Event: 6.420 loading class sun/util/locale/provider/JRELocaleProviderAdapter done
Event: 6.420 loading class sun/util/locale/provider/SPILocaleProviderAdapter
Event: 6.420 loading class sun/util/locale/provider/AuxLocaleProviderAdapter
Event: 6.420 loading class sun/util/locale/provider/AuxLocaleProviderAdapter done
Event: 6.420 loading class sun/util/locale/provider/SPILocaleProviderAdapter done
Event: 6.420 loading class sun/util/locale/provider/AuxLocaleProviderAdapter$NullProvider
Event: 6.420 loading class sun/util/locale/provider/AuxLocaleProviderAdapter$NullProvider done
Event: 6.420 loading class sun/util/locale/provider/LocaleProviderAdapter$Type
Event: 6.420 loading class sun/util/locale/provider/LocaleProviderAdapter$Type done
Event: 6.420 loading class java/util/Collections$UnmodifiableCollection$1
Event: 6.420 loading class java/util/Collections$UnmodifiableCollection$1 done
Event: 6.420 loading class sun/util/locale/provider/LocaleProviderAdapter$1
Event: 6.420 loading class sun/util/locale/provider/LocaleProviderAdapter$1 done
Event: 6.420 loading class sun/util/locale/provider/NumberFormatProviderImpl
Event: 6.421 loading class sun/util/locale/provider/AvailableLanguageTags
Event: 6.421 loading class sun/util/locale/provider/AvailableLanguageTags done
Event: 6.421 loading class sun/util/locale/provider/NumberFormatProviderImpl done
Event: 6.421 loading class sun/util/locale/provider/LocaleDataMetaInfo
Event: 6.421 loading class sun/util/locale/provider/LocaleDataMetaInfo done
Event: 6.421 Thread 0x00007fd1c804b800 Uncommon trap: trap_request=0xffffff65 fr.pc=0x00007fd1b91c91c0
Event: 6.421 Thread 0x00007fd1c804b800 DEOPT PACKING pc=0x00007fd1b91c91c0 sp=0x00007fd1d1c481a0
Event: 6.421 Thread 0x00007fd1c804b800 DEOPT UNPACKING pc=0x00007fd1b904547a sp=0x00007fd1d1c48120 mode 2
Event: 6.421 loading class sun/util/locale/provider/JRELocaleProviderAdapter$1
Event: 6.421 loading class sun/util/locale/provider/JRELocaleProviderAdapter$1 done
Event: 6.421 loading class sun/util/locale/provider/LocaleResources
Event: 6.421 loading class sun/util/locale/provider/LocaleResources done
Event: 6.421 loading class sun/util/resources/LocaleData
Event: 6.421 loading class sun/util/resources/LocaleData done
Event: 6.421 loading class sun/util/resources/LocaleData$1
Event: 6.421 loading class sun/util/resources/LocaleData$1 done
Event: 6.421 loading class sun/util/resources/LocaleData$LocaleDataResourceBundleControl
Event: 6.421 loading class java/util/ResourceBundle$Control
Event: 6.421 loading class java/util/ResourceBundle$Control done
Event: 6.421 loading class sun/util/resources/LocaleData$LocaleDataResourceBundleControl done
Event: 6.422 loading class java/util/ResourceBundle$Control$CandidateListCache
Event: 6.422 loading class java/util/ResourceBundle$Control$CandidateListCache done
Event: 6.422 loading class java/util/ResourceBundle
Event: 6.422 loading class java/util/ResourceBundle done
Event: 6.422 loading class java/util/ResourceBundle$1
Event: 6.422 loading class java/util/ResourceBundle$1 done
Event: 6.422 loading class java/util/spi/ResourceBundleControlProvider
Event: 6.422 loading class java/util/spi/ResourceBundleControlProvider done
Event: 6.422 loading class java/util/ServiceLoader
Event: 6.422 loading class java/util/ServiceLoader done
Event: 6.422 loading class java/util/ServiceLoader$LazyIterator
Event: 6.422 loading class java/util/ServiceLoader$LazyIterator done
Event: 6.422 loading class java/util/ServiceLoader$1
Event: 6.422 loading class java/util/ServiceLoader$1 done
Event: 6.422 loading class sun/misc/Launcher$BootClassPathHolder
Event: 6.422 loading class sun/misc/Launcher$BootClassPathHolder done
Event: 6.422 loading class sun/misc/Launcher$BootClassPathHolder$1
Event: 6.422 loading class sun/misc/Launcher$BootClassPathHolder$1 done
Event: 6.423 Thread 0x00007fd1c804b800 Uncommon trap: trap_request=0xffffffc6 fr.pc=0x00007fd1b922d9f8
Event: 6.423 Thread 0x00007fd1c804b800 DEOPT PACKING pc=0x00007fd1b922d9f8 sp=0x00007fd1d1c461a0
Event: 6.423 Thread 0x00007fd1c804b800 DEOPT UNPACKING pc=0x00007fd1b904547a sp=0x00007fd1d1c46138 mode 2
Event: 6.423 Thread 0x00007fd1c804b800 Uncommon trap: trap_request=0xffffffc6 fr.pc=0x00007fd1b922d9f8
Event: 6.423 Thread 0x00007fd1c804b800 DEOPT PACKING pc=0x00007fd1b922d9f8 sp=0x00007fd1d1c461a0
Event: 6.423 Thread 0x00007fd1c804b800 DEOPT UNPACKING pc=0x00007fd1b904547a sp=0x00007fd1d1c46138 mode 2
Event: 6.423 Thread 0x00007fd1c804b800 Uncommon trap: trap_request=0xffffffc6 fr.pc=0x00007fd1b922d9f8
Event: 6.423 Thread 0x00007fd1c804b800 DEOPT PACKING pc=0x00007fd1b922d9f8 sp=0x00007fd1d1c461a0
Event: 6.423 Thread 0x00007fd1c804b800 DEOPT UNPACKING pc=0x00007fd1b904547a sp=0x00007fd1d1c46138 mode 2
Event: 6.423 Thread 0x00007fd1c804b800 Uncommon trap: trap_request=0xffffffc6 fr.pc=0x00007fd1b922d9f8
Event: 6.423 Thread 0x00007fd1c804b800 DEOPT PACKING pc=0x00007fd1b922d9f8 sp=0x00007fd1d1c461a0
Event: 6.423 Thread 0x00007fd1c804b800 DEOPT UNPACKING pc=0x00007fd1b904547a sp=0x00007fd1d1c46138 mode 2
Event: 6.423 loading class sun/misc/URLClassPath$2
Event: 6.423 loading class sun/misc/URLClassPath$2 done
Event: 6.423 loading class java/lang/ClassLoader$2
Event: 6.423 loading class java/lang/ClassLoader$2 done
Event: 6.423 loading class sun/misc/URLClassPath$1
Event: 6.423 loading class sun/misc/URLClassPath$1 done
Event: 6.423 loading class java/net/URLClassLoader$3
Event: 6.423 loading class java/net/URLClassLoader$3 done
Event: 6.423 loading class sun/misc/CompoundEnumeration
Event: 6.423 loading class sun/misc/CompoundEnumeration done
Event: 6.424 loading class java/security/PrivilegedActionException
Event: 6.424 loading class java/security/PrivilegedActionException done
Event: 6.424 Executing VM operation: ParallelGCFailedAllocation


Dynamic libraries:
6cc000000-6d6300000 rw-p 00000000 00:00 0 
6d6300000-76eb00000 ---p 00000000 00:00 0 
76eb00000-77f300000 rw-p 00000000 00:00 0 
794a00000-7c0000000 ---p 00000000 00:00 0 
7c0000000-7c0080000 rw-p 00000000 00:00 0 
7c0080000-800000000 ---p 00000000 00:00 0 
556407681000-556407682000 r-xp 00000000 fd:01 3547731                    /usr/lib/jvm/java-1.8.0-openjdk-1.8.0.392.b08-2.el7_9.x86_64/jre/bin/java
556407881000-556407882000 r--p 00000000 fd:01 3547731                    /usr/lib/jvm/java-1.8.0-openjdk-1.8.0.392.b08-2.el7_9.x86_64/jre/bin/java
556407882000-556407883000 rw-p 00001000 fd:01 3547731                    /usr/lib/jvm/java-1.8.0-openjdk-1.8.0.392.b08-2.el7_9.x86_64/jre/bin/java
556408615000-556408636000 rw-p 00000000 00:00 0                          [heap]
7fd188000000-7fd188021000 rw-p 00000000 00:00 0 
7fd188021000-7fd18c000000 ---p 00000000 00:00 0 
7fd18c000000-7fd18c021000 rw-p 00000000 00:00 0 
7fd18c021000-7fd190000000 ---p 00000000 00:00 0 
7fd190000000-7fd190878000 rw-p 00000000 00:00 0 
7fd190878000-7fd194000000 ---p 00000000 00:00 0 
7fd194000000-7fd194440000 rw-p 00000000 00:00 0 
7fd194440000-7fd198000000 ---p 00000000 00:00 0 
7fd198000000-7fd198021000 rw-p 00000000 00:00 0 
7fd198021000-7fd19c000000 ---p 00000000 00:00 0 
7fd19c000000-7fd19c021000 rw-p 00000000 00:00 0 
7fd19c021000-7fd1a0000000 ---p 00000000 00:00 0 
7fd1a0000000-7fd1a0021000 rw-p 00000000 00:00 0 
7fd1a0021000-7fd1a4000000 ---p 00000000 00:00 0 
7fd1a43e7000-7fd1a43ff000 r-xp 00000000 fd:01 3547768                    /usr/lib/jvm/java-1.8.0-openjdk-1.8.0.392.b08-2.el7_9.x86_64/jre/lib/amd64/libnet.so
7fd1a43ff000-7fd1a45fe000 ---p 00018000 fd:01 3547768                    /usr/lib/jvm/java-1.8.0-openjdk-1.8.0.392.b08-2.el7_9.x86_64/jre/lib/amd64/libnet.so
7fd1a45fe000-7fd1a45ff000 r--p 00017000 fd:01 3547768                    /usr/lib/jvm/java-1.8.0-openjdk-1.8.0.392.b08-2.el7_9.x86_64/jre/lib/amd64/libnet.so
7fd1a45ff000-7fd1a4600000 rw-p 00018000 fd:01 3547768                    /usr/lib/jvm/java-1.8.0-openjdk-1.8.0.392.b08-2.el7_9.x86_64/jre/lib/amd64/libnet.so
7fd1a4600000-7fd1ac000000 rw-p 00000000 00:00 0 
7fd1ac000000-7fd1ac021000 rw-p 00000000 00:00 0 
7fd1ac021000-7fd1b0000000 ---p 00000000 00:00 0 
7fd1b0000000-7fd1b02d4000 rw-p 00000000 00:00 0 
7fd1b02d4000-7fd1b4000000 ---p 00000000 00:00 0 
7fd1b4000000-7fd1b4021000 rw-p 00000000 00:00 0 
7fd1b4021000-7fd1b8000000 ---p 00000000 00:00 0 
7fd1b81e1000-7fd1b81f3000 r-xp 00000000 fd:01 3547769                    /usr/lib/jvm/java-1.8.0-openjdk-1.8.0.392.b08-2.el7_9.x86_64/jre/lib/amd64/libnio.so
7fd1b81f3000-7fd1b83f2000 ---p 00012000 fd:01 3547769                    /usr/lib/jvm/java-1.8.0-openjdk-1.8.0.392.b08-2.el7_9.x86_64/jre/lib/amd64/libnio.so
7fd1b83f2000-7fd1b83f3000 r--p 00011000 fd:01 3547769                    /usr/lib/jvm/java-1.8.0-openjdk-1.8.0.392.b08-2.el7_9.x86_64/jre/lib/amd64/libnio.so
7fd1b83f3000-7fd1b83f4000 rw-p 00012000 fd:01 3547769                    /usr/lib/jvm/java-1.8.0-openjdk-1.8.0.392.b08-2.el7_9.x86_64/jre/lib/amd64/libnio.so
7fd1b83f4000-7fd1b83f5000 ---p 00000000 00:00 0 
7fd1b83f5000-7fd1b84f5000 rw-p 00000000 00:00 0 
7fd1b84f5000-7fd1b84f8000 ---p 00000000 00:00 0 
7fd1b84f8000-7fd1b85f6000 rw-p 00000000 00:00 0 
7fd1b85f6000-7fd1b85fa000 ---p 00000000 00:00 0 
7fd1b85fa000-7fd1b86f7000 rw-p 00000000 00:00 0 
7fd1b86f7000-7fd1b86fb000 ---p 00000000 00:00 0 
7fd1b86fb000-7fd1b87f8000 rw-p 00000000 00:00 0 
7fd1b87f8000-7fd1b87fb000 ---p 00000000 00:00 0 
7fd1b87fb000-7fd1b88f9000 rw-p 00000000 00:00 0 
7fd1b88f9000-7fd1b88fc000 ---p 00000000 00:00 0 
7fd1b88fc000-7fd1b89fa000 rw-p 00000000 00:00 0 
7fd1b89fa000-7fd1b89fd000 ---p 00000000 00:00 0 
7fd1b89fd000-7fd1b8afb000 rw-p 00000000 00:00 0 
7fd1b8afb000-7fd1b8afc000 ---p 00000000 00:00 0 
7fd1b8afc000-7fd1b9000000 rw-p 00000000 00:00 0 
7fd1b9000000-7fd1b9360000 rwxp 00000000 00:00 0 
7fd1b9360000-7fd1c8000000 ---p 00000000 00:00 0 
7fd1c8000000-7fd1c84ce000 rw-p 00000000 00:00 0 
7fd1c84ce000-7fd1cc000000 ---p 00000000 00:00 0 
7fd1cc00b000-7fd1cc01c000 r--s 00211000 fd:01 3547822                    /usr/lib/jvm/java-1.8.0-openjdk-1.8.0.392.b08-2.el7_9.x86_64/jre/lib/jsse.jar
7fd1cc01c000-7fd1cc04d000 rw-p 00000000 00:00 0 
7fd1cc04d000-7fd1cc056000 r--s 000ed000 fd:01 3549795                    /usr/share/java/pdftk.jar
7fd1cc056000-7fd1cc0a9000 r--s 003fd000 fd:01 3549785                    /usr/share/java/bcprov.jar
7fd1cc0a9000-7fd1cc63e000 rw-p 00000000 00:00 0 
7fd1cc63e000-7fd1cc810000 r--s 044c8000 fd:01 3547836                    /usr/lib/jvm/java-1.8.0-openjdk-1.8.0.392.b08-2.el7_9.x86_64/jre/lib/rt.jar
7fd1cc810000-7fd1ccde1000 rw-p 00000000 00:00 0 
7fd1ccde1000-7fd1cd0e1000 ---p 00000000 00:00 0 
7fd1cd0e1000-7fd1cd881000 rw-p 00000000 00:00 0 
7fd1cd881000-7fd1cd882000 ---p 00000000 00:00 0 
7fd1cd882000-7fd1cd982000 rw-p 00000000 00:00 0 
7fd1cd982000-7fd1cd983000 ---p 00000000 00:00 0 
7fd1cd983000-7fd1cdad5000 rw-p 00000000 00:00 0 
7fd1cdad5000-7fd1cdf99000 ---p 00000000 00:00 0 
7fd1cdf99000-7fd1cdfeb000 rw-p 00000000 00:00 0 
7fd1cdfeb000-7fd1ce4ae000 ---p 00000000 00:00 0 
7fd1ce4ae000-7fd1ce533000 rw-p 00000000 00:00 0 
7fd1ce533000-7fd1ce739000 ---p 00000000 00:00 0 
7fd1ce739000-7fd1ce748000 rw-p 00000000 00:00 0 
7fd1ce748000-7fd1ceafa000 ---p 00000000 00:00 0 
7fd1ceafa000-7fd1ceb02000 r-xp 00000000 fd:01 3547776                    /usr/lib/jvm/java-1.8.0-openjdk-1.8.0.392.b08-2.el7_9.x86_64/jre/lib/amd64/libzip.so
7fd1ceb02000-7fd1ced01000 ---p 00008000 fd:01 3547776                    /usr/lib/jvm/java-1.8.0-openjdk-1.8.0.392.b08-2.el7_9.x86_64/jre/lib/amd64/libzip.so
7fd1ced01000-7fd1ced02000 r--p 00007000 fd:01 3547776                    /usr/lib/jvm/java-1.8.0-openjdk-1.8.0.392.b08-2.el7_9.x86_64/jre/lib/amd64/libzip.so
7fd1ced02000-7fd1ced03000 rw-p 00008000 fd:01 3547776                    /usr/lib/jvm/java-1.8.0-openjdk-1.8.0.392.b08-2.el7_9.x86_64/jre/lib/amd64/libzip.so
7fd1ced03000-7fd1ced0f000 r-xp 00000000 fd:01 1070102                    /usr/lib64/libnss_files-2.17.so
7fd1ced0f000-7fd1cef0e000 ---p 0000c000 fd:01 1070102                    /usr/lib64/libnss_files-2.17.so
7fd1cef0e000-7fd1cef0f000 r--p 0000b000 fd:01 1070102                    /usr/lib64/libnss_files-2.17.so
7fd1cef0f000-7fd1cef10000 rw-p 0000c000 fd:01 1070102                    /usr/lib64/libnss_files-2.17.so
7fd1cef10000-7fd1cef16000 rw-p 00000000 00:00 0 
7fd1cef16000-7fd1cef40000 r-xp 00000000 fd:01 3547758                    /usr/lib/jvm/java-1.8.0-openjdk-1.8.0.392.b08-2.el7_9.x86_64/jre/lib/amd64/libjava.so
7fd1cef40000-7fd1cf13f000 ---p 0002a000 fd:01 3547758                    /usr/lib/jvm/java-1.8.0-openjdk-1.8.0.392.b08-2.el7_9.x86_64/jre/lib/amd64/libjava.so
7fd1cf13f000-7fd1cf140000 r--p 00029000 fd:01 3547758                    /usr/lib/jvm/java-1.8.0-openjdk-1.8.0.392.b08-2.el7_9.x86_64/jre/lib/amd64/libjava.so
7fd1cf140000-7fd1cf142000 rw-p 0002a000 fd:01 3547758                    /usr/lib/jvm/java-1.8.0-openjdk-1.8.0.392.b08-2.el7_9.x86_64/jre/lib/amd64/libjava.so
7fd1cf142000-7fd1cf14f000 r-xp 00000000 fd:01 3547775                    /usr/lib/jvm/java-1.8.0-openjdk-1.8.0.392.b08-2.el7_9.x86_64/jre/lib/amd64/libverify.so
7fd1cf14f000-7fd1cf34e000 ---p 0000d000 fd:01 3547775                    /usr/lib/jvm/java-1.8.0-openjdk-1.8.0.392.b08-2.el7_9.x86_64/jre/lib/amd64/libverify.so
7fd1cf34e000-7fd1cf350000 r--p 0000c000 fd:01 3547775                    /usr/lib/jvm/java-1.8.0-openjdk-1.8.0.392.b08-2.el7_9.x86_64/jre/lib/amd64/libverify.so
7fd1cf350000-7fd1cf351000 rw-p 0000e000 fd:01 3547775                    /usr/lib/jvm/java-1.8.0-openjdk-1.8.0.392.b08-2.el7_9.x86_64/jre/lib/amd64/libverify.so
7fd1cf351000-7fd1cf358000 r-xp 00000000 fd:01 1070110                    /usr/lib64/librt-2.17.so
7fd1cf358000-7fd1cf557000 ---p 00007000 fd:01 1070110                    /usr/lib64/librt-2.17.so
7fd1cf557000-7fd1cf558000 r--p 00006000 fd:01 1070110                    /usr/lib64/librt-2.17.so
7fd1cf558000-7fd1cf559000 rw-p 00007000 fd:01 1070110                    /usr/lib64/librt-2.17.so
7fd1cf559000-7fd1cf56e000 r-xp 00000000 fd:01 1058473                    /usr/lib64/libgcc_s-4.8.5-20150702.so.1
7fd1cf56e000-7fd1cf76d000 ---p 00015000 fd:01 1058473                    /usr/lib64/libgcc_s-4.8.5-20150702.so.1
7fd1cf76d000-7fd1cf76e000 r--p 00014000 fd:01 1058473                    /usr/lib64/libgcc_s-4.8.5-20150702.so.1
7fd1cf76e000-7fd1cf76f000 rw-p 00015000 fd:01 1058473                    /usr/lib64/libgcc_s-4.8.5-20150702.so.1
7fd1cf76f000-7fd1cf870000 r-xp 00000000 fd:01 1050419                    /usr/lib64/libm-2.17.so
7fd1cf870000-7fd1cfa6f000 ---p 00101000 fd:01 1050419                    /usr/lib64/libm-2.17.so
7fd1cfa6f000-7fd1cfa70000 r--p 00100000 fd:01 1050419                    /usr/lib64/libm-2.17.so
7fd1cfa70000-7fd1cfa71000 rw-p 00101000 fd:01 1050419                    /usr/lib64/libm-2.17.so
7fd1cfa71000-7fd1cfb5a000 r-xp 00000000 fd:01 1066701                    /usr/lib64/libstdc++.so.6.0.19
7fd1cfb5a000-7fd1cfd5a000 ---p 000e9000 fd:01 1066701                    /usr/lib64/libstdc++.so.6.0.19
7fd1cfd5a000-7fd1cfd62000 r--p 000e9000 fd:01 1066701                    /usr/lib64/libstdc++.so.6.0.19
7fd1cfd62000-7fd1cfd64000 rw-p 000f1000 fd:01 1066701                    /usr/lib64/libstdc++.so.6.0.19
7fd1cfd64000-7fd1cfd79000 rw-p 00000000 00:00 0 
7fd1cfd79000-7fd1d0b1c000 r-xp 00000000 fd:01 3547780                    /usr/lib/jvm/java-1.8.0-openjdk-1.8.0.392.b08-2.el7_9.x86_64/jre/lib/amd64/server/libjvm.so
7fd1d0b1c000-7fd1d0d1c000 ---p 00da3000 fd:01 3547780                    /usr/lib/jvm/java-1.8.0-openjdk-1.8.0.392.b08-2.el7_9.x86_64/jre/lib/amd64/server/libjvm.so
7fd1d0d1c000-7fd1d0dca000 r--p 00da3000 fd:01 3547780                    /usr/lib/jvm/java-1.8.0-openjdk-1.8.0.392.b08-2.el7_9.x86_64/jre/lib/amd64/server/libjvm.so
7fd1d0dca000-7fd1d0df5000 rw-p 00e51000 fd:01 3547780                    /usr/lib/jvm/java-1.8.0-openjdk-1.8.0.392.b08-2.el7_9.x86_64/jre/lib/amd64/server/libjvm.so
7fd1d0df5000-7fd1d0e2b000 rw-p 00000000 00:00 0 
7fd1d0e2b000-7fd1d0fef000 r-xp 00000000 fd:01 1049986                    /usr/lib64/libc-2.17.so
7fd1d0fef000-7fd1d11ee000 ---p 001c4000 fd:01 1049986                    /usr/lib64/libc-2.17.so
7fd1d11ee000-7fd1d11f2000 r--p 001c3000 fd:01 1049986                    /usr/lib64/libc-2.17.so
7fd1d11f2000-7fd1d11f4000 rw-p 001c7000 fd:01 1049986                    /usr/lib64/libc-2.17.so
7fd1d11f4000-7fd1d11f9000 rw-p 00000000 00:00 0 
7fd1d11f9000-7fd1d11fb000 r-xp 00000000 fd:01 1050417                    /usr/lib64/libdl-2.17.so
7fd1d11fb000-7fd1d13fb000 ---p 00002000 fd:01 1050417                    /usr/lib64/libdl-2.17.so
7fd1d13fb000-7fd1d13fc000 r--p 00002000 fd:01 1050417                    /usr/lib64/libdl-2.17.so
7fd1d13fc000-7fd1d13fd000 rw-p 00003000 fd:01 1050417                    /usr/lib64/libdl-2.17.so
7fd1d13fd000-7fd1d140b000 r-xp 00000000 fd:01 3547745                    /usr/lib/jvm/java-1.8.0-openjdk-1.8.0.392.b08-2.el7_9.x86_64/jre/lib/amd64/jli/libjli.so
7fd1d140b000-7fd1d160a000 ---p 0000e000 fd:01 3547745                    /usr/lib/jvm/java-1.8.0-openjdk-1.8.0.392.b08-2.el7_9.x86_64/jre/lib/amd64/jli/libjli.so
7fd1d160a000-7fd1d160b000 r--p 0000d000 fd:01 3547745                    /usr/lib/jvm/java-1.8.0-openjdk-1.8.0.392.b08-2.el7_9.x86_64/jre/lib/amd64/jli/libjli.so
7fd1d160b000-7fd1d160c000 rw-p 0000e000 fd:01 3547745                    /usr/lib/jvm/java-1.8.0-openjdk-1.8.0.392.b08-2.el7_9.x86_64/jre/lib/amd64/jli/libjli.so
7fd1d160c000-7fd1d1621000 r-xp 00000000 fd:01 1070125                    /usr/lib64/libz.so.1.2.7
7fd1d1621000-7fd1d1820000 ---p 00015000 fd:01 1070125                    /usr/lib64/libz.so.1.2.7
7fd1d1820000-7fd1d1821000 r--p 00014000 fd:01 1070125                    /usr/lib64/libz.so.1.2.7
7fd1d1821000-7fd1d1822000 rw-p 00015000 fd:01 1070125                    /usr/lib64/libz.so.1.2.7
7fd1d1822000-7fd1d1839000 r-xp 00000000 fd:01 1050012                    /usr/lib64/libpthread-2.17.so
7fd1d1839000-7fd1d1a38000 ---p 00017000 fd:01 1050012                    /usr/lib64/libpthread-2.17.so
7fd1d1a38000-7fd1d1a39000 r--p 00016000 fd:01 1050012                    /usr/lib64/libpthread-2.17.so
7fd1d1a39000-7fd1d1a3a000 rw-p 00017000 fd:01 1050012                    /usr/lib64/libpthread-2.17.so
7fd1d1a3a000-7fd1d1a3e000 rw-p 00000000 00:00 0 
7fd1d1a3e000-7fd1d1a60000 r-xp 00000000 fd:01 1050409                    /usr/lib64/ld-2.17.so
7fd1d1a68000-7fd1d1a6d000 r--s 00048000 fd:01 3549788                    /usr/share/java/apache-commons-lang3.jar
7fd1d1a6d000-7fd1d1a73000 r--s 000f6000 fd:01 3547819                    /usr/lib/jvm/java-1.8.0-openjdk-1.8.0.392.b08-2.el7_9.x86_64/jre/lib/jfr.jar
7fd1d1a73000-7fd1d1b4a000 rw-p 00000000 00:00 0 
7fd1d1b4a000-7fd1d1b4e000 ---p 00000000 00:00 0 
7fd1d1b4e000-7fd1d1c50000 rw-p 00000000 00:00 0 
7fd1d1c53000-7fd1d1c54000 rw-p 00000000 00:00 0 
7fd1d1c54000-7fd1d1c5c000 rw-s 00000000 fd:01 2626728                    /tmp/hsperfdata_www/9248
7fd1d1c5c000-7fd1d1c5d000 rw-p 00000000 00:00 0 
7fd1d1c5d000-7fd1d1c5e000 ---p 00000000 00:00 0 
7fd1d1c5e000-7fd1d1c5f000 rw-p 00000000 00:00 0 
7fd1d1c5f000-7fd1d1c60000 r--p 00021000 fd:01 1050409                    /usr/lib64/ld-2.17.so
7fd1d1c60000-7fd1d1c61000 rw-p 00022000 fd:01 1050409                    /usr/lib64/ld-2.17.so
7fd1d1c61000-7fd1d1c62000 rw-p 00000000 00:00 0 
7ffe5877d000-7ffe5879e000 rw-p 00000000 00:00 0                          [stack]
7ffe587fa000-7ffe587fc000 r-xp 00000000 00:00 0                          [vdso]
ffffffffff600000-ffffffffff601000 r-xp 00000000 00:00 0                  [vsyscall]

VM Arguments:
java_command: com.gitlab.pdftk_java.pdftk /www/wwwroot/print/public/uploads/20240327/588f157d170a5f9e2cb443116d71e9d9.pdf dump_data
java_class_path (initial): /usr/share/java/bcprov.jar:/usr/share/java/commons-lang3.jar:/usr/share/java/pdftk.jar
Launcher Type: SUN_STANDARD

Environment Variables:

Signal Handlers:
SIGSEGV: [libjvm.so+0xb6a6a0], sa_mask[0]=11111111011111111101111111111110, sa_flags=SA_RESTART|SA_SIGINFO
SIGBUS: [libjvm.so+0xb6a6a0], sa_mask[0]=11111111011111111101111111111110, sa_flags=SA_RESTART|SA_SIGINFO
SIGFPE: [libjvm.so+0x93fef0], sa_mask[0]=11111111011111111101111111111110, sa_flags=SA_RESTART|SA_SIGINFO
SIGPIPE: [libjvm.so+0x93fef0], sa_mask[0]=11111111011111111101111111111110, sa_flags=SA_RESTART|SA_SIGINFO
SIGXFSZ: [libjvm.so+0x93fef0], sa_mask[0]=11111111011111111101111111111110, sa_flags=SA_RESTART|SA_SIGINFO
SIGILL: [libjvm.so+0x93fef0], sa_mask[0]=11111111011111111101111111111110, sa_flags=SA_RESTART|SA_SIGINFO
SIGUSR1: SIG_DFL, sa_mask[0]=00000000000000000000000000000000, sa_flags=none
SIGUSR2: [libjvm.so+0x940060], sa_mask[0]=00000000000000000000000000000000, sa_flags=SA_RESTART|SA_SIGINFO
SIGHUP: [libjvm.so+0x93ffb0], sa_mask[0]=11111111011111111101111111111110, sa_flags=SA_RESTART|SA_SIGINFO
SIGINT: [libjvm.so+0x93ffb0], sa_mask[0]=11111111011111111101111111111110, sa_flags=SA_RESTART|SA_SIGINFO
SIGTERM: [libjvm.so+0x93ffb0], sa_mask[0]=11111111011111111101111111111110, sa_flags=SA_RESTART|SA_SIGINFO
SIGQUIT: [libjvm.so+0x93ffb0], sa_mask[0]=11111111011111111101111111111110, sa_flags=SA_RESTART|SA_SIGINFO


---------------  S Y S T E M  ---------------

OS:CentOS Linux release 7.9.2009 (Core)

uname:Linux 3.10.0-1160.105.1.el7.x86_64 #1 SMP Thu Dec 7 15:39:45 UTC 2023 x86_64
libc:glibc 2.17 NPTL 2.17 
rlimit: STACK 8192k, CORE 0k, NPROC 62381, NOFILE 4096, AS infinity
load average:0.71 0.25 0.13

/proc/meminfo:
MemTotal:       15990628 kB
MemFree:          166672 kB
MemAvailable:     188136 kB
Buffers:            5636 kB
Cached:           248404 kB
SwapCached:            0 kB
Active:         14841768 kB
Inactive:         124444 kB
Active(anon):   14712564 kB
Inactive(anon):      580 kB
Active(file):     129204 kB
Inactive(file):   123864 kB
Unevictable:           0 kB
Mlocked:               0 kB
SwapTotal:             0 kB
SwapFree:              0 kB
Dirty:               356 kB
Writeback:             0 kB
AnonPages:      14712152 kB
Mapped:            39620 kB
Shmem:               972 kB
Slab:             257452 kB
SReclaimable:      42340 kB
SUnreclaim:       215112 kB
KernelStack:       19824 kB
PageTables:       214596 kB
NFS_Unstable:          0 kB
Bounce:                0 kB
WritebackTmp:          0 kB
CommitLimit:     7995312 kB
Committed_AS:   23856348 kB
VmallocTotal:   34359738367 kB
VmallocUsed:       33464 kB
VmallocChunk:   34359699964 kB
Percpu:              424 kB
HardwareCorrupted:     0 kB
AnonHugePages:   1005568 kB
CmaTotal:              0 kB
CmaFree:               0 kB
HugePages_Total:       0
HugePages_Free:        0
HugePages_Rsvd:        0
HugePages_Surp:        0
Hugepagesize:       2048 kB
DirectMap4k:       74424 kB
DirectMap2M:     4888576 kB
DirectMap1G:    11534336 kB

container (cgroup) information:
container_type: cgroupv1
cpu_cpuset_cpus: 0-1
cpu_memory_nodes: 0
active_processor_count: 2
cpu_quota: -1
cpu_period: 100000
cpu_shares: -1
memory_limit_in_bytes: -1
memory_and_swap_limit_in_bytes: -1
memory_soft_limit_in_bytes: -1
memory_usage_in_bytes: 15325564928
memory_max_usage_in_bytes: 0


CPU:total 2 (initial active 2) (1 cores per cpu, 2 threads per core) family 6 model 85 stepping 7, cmov, cx8, fxsr, mmx, sse, sse2, sse3, ssse3, sse4.1, sse4.2, popcnt, avx, avx2, aes, clmul, erms, rtm, 3dnowpref, lzcnt, ht, tsc, tscinvbit, bmi1, bmi2, adx

/proc/cpuinfo:
processor	: 0
vendor_id	: GenuineIntel
cpu family	: 6
model		: 85
model name	: Intel(R) Xeon(R) Platinum 8269CY CPU @ 2.50GHz
stepping	: 7
microcode	: 0x1
cpu MHz		: 2500.002
cache size	: 36608 KB
physical id	: 0
siblings	: 2
core id		: 0
cpu cores	: 1
apicid		: 0
initial apicid	: 0
fpu		: yes
fpu_exception	: yes
cpuid level	: 22
wp		: yes
flags		: fpu vme de pse tsc msr pae mce cx8 apic sep mtrr pge mca cmov pat pse36 clflush mmx fxsr sse sse2 ss ht syscall nx pdpe1gb rdtscp lm constant_tsc rep_good nopl xtopology nonstop_tsc eagerfpu pni pclmulqdq monitor ssse3 fma cx16 pcid sse4_1 sse4_2 x2apic movbe popcnt aes xsave avx f16c rdrand hypervisor lahf_lm abm 3dnowprefetch invpcid_single rsb_ctxsw fsgsbase tsc_adjust bmi1 hle avx2 smep bmi2 erms invpcid rtm mpx avx512f avx512dq rdseed adx smap clflushopt clwb avx512cd avx512bw avx512vl xsaveopt xsavec xgetbv1 arat avx512_vnni
bogomips	: 5000.00
clflush size	: 64
cache_alignment	: 64
address sizes	: 46 bits physical, 48 bits virtual
power management:

processor	: 1
vendor_id	: GenuineIntel
cpu family	: 6
model		: 85
model name	: Intel(R) Xeon(R) Platinum 8269CY CPU @ 2.50GHz
stepping	: 7
microcode	: 0x1
cpu MHz		: 2500.002
cache size	: 36608 KB
physical id	: 0
siblings	: 2
core id		: 0
cpu cores	: 1
apicid		: 1
initial apicid	: 1
fpu		: yes
fpu_exception	: yes
cpuid level	: 22
wp		: yes
flags		: fpu vme de pse tsc msr pae mce cx8 apic sep mtrr pge mca cmov pat pse36 clflush mmx fxsr sse sse2 ss ht syscall nx pdpe1gb rdtscp lm constant_tsc rep_good nopl xtopology nonstop_tsc eagerfpu pni pclmulqdq monitor ssse3 fma cx16 pcid sse4_1 sse4_2 x2apic movbe popcnt aes xsave avx f16c rdrand hypervisor lahf_lm abm 3dnowprefetch invpcid_single rsb_ctxsw fsgsbase tsc_adjust bmi1 hle avx2 smep bmi2 erms invpcid rtm mpx avx512f avx512dq rdseed adx smap clflushopt clwb avx512cd avx512bw avx512vl xsaveopt xsavec xgetbv1 arat avx512_vnni
bogomips	: 5000.00
clflush size	: 64
cache_alignment	: 64
address sizes	: 46 bits physical, 48 bits virtual
power management:



Memory: 4k page, physical 15990628k(166548k free), swap 0k(0k free)

vm_info: OpenJDK 64-Bit Server VM (25.392-b08) for linux-amd64 JRE (1.8.0_392-b08), built on Nov 14 2023 16:31:55 by "mockbuild" with gcc 4.8.5 20150623 (Red Hat 4.8.5-44)

time: Wed Mar 27 01:25:05 2024
timezone: CST
elapsed time: 6.551602 seconds (0d 0h 0m 6s)

