#
# There is insufficient memory for the Java Runtime Environment to continue.
# Native memory allocation (mmap) failed to map 359661568 bytes for committing reserved memory.
# Possible reasons:
#   The system is out of physical RAM or swap space
#   The process is running with CompressedOops enabled, and the Java Heap may be blocking the growth of the native heap
# Possible solutions:
#   Reduce memory load on the system
#   Increase physical memory or swap space
#   Check if swap backing store is full
#   Decrease Java heap size (-Xmx/-Xms)
#   Decrease number of Java threads
#   Decrease Java thread stack sizes (-Xss)
#   Set larger code cache with -XX:ReservedCodeCacheSize=
#   JVM is running with Zero Based Compressed Oops mode in which the Java heap is
#     placed in the first 32GB address space. The Java Heap base address is the
#     maximum limit for the native heap growth. Please use -XX:HeapBaseMinAddress
#     to set the Java Heap base and to place the Java Heap above 32GB virtual address.
# This output file may be truncated or incomplete.
#
#  Out of Memory Error (os_linux.cpp:2791), pid=8875, tid=0x00007f0816584700
#
# JRE version: OpenJDK Runtime Environment (8.0_392-b08) (build 1.8.0_392-b08)
# Java VM: OpenJDK 64-Bit Server VM (25.392-b08 mixed mode linux-amd64 compressed oops)
# Failed to write core dump. Core dumps have been disabled. To enable core dumping, try "ulimit -c unlimited" before starting Java again
#

---------------  T H R E A D  ---------------

Current thread (0x00007f082c0d1800):  VMThread [stack: 0x00007f0816485000,0x00007f0816585000] [id=8894]

Stack: [0x00007f0816485000,0x00007f0816585000],  sp=0x00007f0816583300,  free space=1016k
Native frames: (J=compiled Java code, j=interpreted, Vv=VM code, C=native code)
V  [libjvm.so+0xb69c5d]  VMError::report_and_die()+0x1cd
V  [libjvm.so+0x50d67a]  report_vm_out_of_memory(char const*, int, unsigned long, VMErrorType, char const*)+0xaa
V  [libjvm.so+0x944e08]  os::pd_commit_memory(char*, unsigned long, unsigned long, bool)+0xd8
V  [libjvm.so+0x93ecce]  os::commit_memory(char*, unsigned long, unsigned long, bool)+0x2e
V  [libjvm.so+0x9bcaab]  PSVirtualSpace::expand_by(unsigned long)+0x5b
V  [libjvm.so+0x9bd780]  PSYoungGen::resize_generation(unsigned long, unsigned long)+0xd0
V  [libjvm.so+0x9bdadb]  PSYoungGen::resize(unsigned long, unsigned long)+0x1b
V  [libjvm.so+0x9b9d27]  PSScavenge::invoke_no_policy()+0xde7
V  [libjvm.so+0x9ba4b8]  PSScavenge::invoke()+0x38
V  [libjvm.so+0x96c6d3]  ParallelScavengeHeap::failed_mem_allocate(unsigned long)+0x63
V  [libjvm.so+0xb6b8b3]  VM_ParallelGCFailedAllocation::doit()+0x93
V  [libjvm.so+0xb70ce5]  VM_Operation::evaluate()+0x55
V  [libjvm.so+0xb6ed0a]  VMThread::evaluate_operation(VM_Operation*)+0x11a
V  [libjvm.so+0xb6f179]  VMThread::loop()+0x219
V  [libjvm.so+0xb6f629]  VMThread::run()+0x89
V  [libjvm.so+0x941db2]  java_start(Thread*)+0xf2

VM_Operation (0x00007f0833539320): ParallelGCFailedAllocation, mode: safepoint, requested by thread 0x00007f082c04b800


---------------  P R O C E S S  ---------------

Java Threads: ( => current thread )
  0x00007f082c12f000 JavaThread "Service Thread" daemon [_thread_blocked, id=8900, stack(0x00007f0815e7e000,0x00007f0815f7f000)]
  0x00007f082c11c800 JavaThread "C1 CompilerThread1" daemon [_thread_blocked, id=8899, stack(0x00007f0815f80000,0x00007f0816080000)]
  0x00007f082c119800 JavaThread "C2 CompilerThread0" daemon [_thread_blocked, id=8898, stack(0x00007f0816081000,0x00007f0816181000)]
  0x00007f082c109000 JavaThread "Signal Dispatcher" daemon [_thread_blocked, id=8897, stack(0x00007f0816181000,0x00007f0816282000)]
  0x00007f082c0e0000 JavaThread "Finalizer" daemon [_thread_blocked, id=8896, stack(0x00007f0816282000,0x00007f0816383000)]
  0x00007f082c0db800 JavaThread "Reference Handler" daemon [_thread_blocked, id=8895, stack(0x00007f0816383000,0x00007f0816484000)]
  0x00007f082c04b800 JavaThread "main" [_thread_blocked, id=8891, stack(0x00007f083343b000,0x00007f083353b000)]

Other Threads:
=>0x00007f082c0d1800 VMThread [stack: 0x00007f0816485000,0x00007f0816585000] [id=8894]
  0x00007f082c144000 WatcherThread [stack: 0x00007f0815d7e000,0x00007f0815e7e000] [id=8901]

VM state:at safepoint (normal execution)

VM Mutex/Monitor currently owned by a thread:  ([mutex/lock_event])
[0x00007f082c048df0] Threads_lock - owner thread: 0x00007f082c0d1800
[0x00007f082c0492f0] Heap_lock - owner thread: 0x00007f082c04b800

heap address: 0x00000006cc000000, size: 3904 MB, Compressed Oops mode: Zero based, Oop shift amount: 3
Narrow klass base: 0x0000000000000000, Narrow klass shift: 3
Compressed class space size: 1073741824 Address: 0x00000007c0000000

Heap:
 PSYoungGen      total 260096K, used 10229K [0x000000076eb00000, 0x000000077f300000, 0x00000007c0000000)
  eden space 249856K, 0% used [0x000000076eb00000,0x000000076eb00000,0x000000077df00000)
  from space 10240K, 99% used [0x000000077df00000,0x000000077e8fd6b8,0x000000077e900000)
  to   space 10240K, 0% used [0x000000077e900000,0x000000077e900000,0x000000077f300000)
 ParOldGen       total 166912K, used 116661K [0x00000006cc000000, 0x00000006d6300000, 0x000000076eb00000)
  object space 166912K, 69% used [0x00000006cc000000,0x00000006d31ed438,0x00000006d6300000)
 Metaspace       used 4694K, capacity 5272K, committed 5376K, reserved 1056768K
  class space    used 422K, capacity 456K, committed 512K, reserved 1048576K

Card table byte_map: [0x00007f081c85f000,0x00007f081d000000] byte_map_base: 0x00007f08191ff000

Marking Bits: (ParMarkBitMap*) 0x00007f08326fd640
 Begin Bits: [0x00007f0808600000, 0x00007f080c300000)
 End Bits:   [0x00007f080c300000, 0x00007f0810000000)

Polling page: 0x00007f083354d000

CodeCache: size=245760Kb used=3363Kb max_used=3384Kb free=242396Kb
 bounds [0x00007f081d000000, 0x00007f081d360000, 0x00007f082c000000]
 total_blobs=911 nmethods=649 adapters=175
 compilation: enabled

Compilation events (250 events):
Event: 5.658 Thread 0x00007f082c119800  521 % !   4       com.gitlab.pdftk_java.com.lowagie.text.pdf.PdfReader::readObjStm @ 199 (275 bytes)
Event: 5.665 Thread 0x00007f082c119800 nmethod 521% 0x00007f081d2bf690 code [0x00007f081d2bf860, 0x00007f081d2c00f8]
Event: 5.665 Thread 0x00007f082c119800  533 %     4       java.util.Arrays::fill @ 5 (21 bytes)
Event: 5.667 Thread 0x00007f082c119800 nmethod 533% 0x00007f081d2bc550 code [0x00007f081d2bc6a0, 0x00007f081d2bc838]
Event: 5.667 Thread 0x00007f082c11c800  523  s    3       java.io.ByteArrayInputStream::read (101 bytes)
Event: 5.668 Thread 0x00007f082c11c800 nmethod 523 0x00007f081d2beb10 code [0x00007f081d2becc0, 0x00007f081d2bf428]
Event: 5.668 Thread 0x00007f082c11c800  526       3       com.gitlab.pdftk_java.com.lowagie.text.pdf.RandomAccessFileOrArray::readFully (51 bytes)
Event: 5.668 Thread 0x00007f082c11c800 nmethod 526 0x00007f081d2be450 code [0x00007f081d2be5e0, 0x00007f081d2be958]
Event: 5.668 Thread 0x00007f082c11c800  524       3       com.gitlab.pdftk_java.com.lowagie.text.pdf.PdfReader::getStreamBytesRaw (203 bytes)
Event: 5.670 Thread 0x00007f082c11c800 nmethod 524 0x00007f081d2c09d0 code [0x00007f081d2c0d40, 0x00007f081d2c2818]
Event: 5.670 Thread 0x00007f082c11c800  525       3       com.gitlab.pdftk_java.com.lowagie.text.pdf.RandomAccessFileOrArray::readFully (9 bytes)
Event: 5.670 Thread 0x00007f082c11c800 nmethod 525 0x00007f081d2be050 code [0x00007f081d2be1c0, 0x00007f081d2be368]
Event: 5.670 Thread 0x00007f082c11c800  527       3       com.gitlab.pdftk_java.com.lowagie.text.pdf.RandomAccessFileOrArray::read (251 bytes)
Event: 5.671 Thread 0x00007f082c11c800 nmethod 527 0x00007f081d2c3910 code [0x00007f081d2c3bc0, 0x00007f081d2c4f08]
Event: 5.671 Thread 0x00007f082c11c800  528       3       java.io.RandomAccessFile::read (8 bytes)
Event: 5.671 Thread 0x00007f082c11c800 nmethod 528 0x00007f081d2bdc90 code [0x00007f081d2bde00, 0x00007f081d2bdf88]
Event: 5.671 Thread 0x00007f082c11c800  530       3       com.gitlab.pdftk_java.com.lowagie.text.pdf.PdfReader::FlateDecode (18 bytes)
Event: 5.671 Thread 0x00007f082c11c800 nmethod 530 0x00007f081d2bd850 code [0x00007f081d2bd9c0, 0x00007f081d2bdbb8]
Event: 5.671 Thread 0x00007f082c11c800  532       3       java.io.ByteArrayInputStream::close (1 bytes)
Event: 5.671 Thread 0x00007f082c11c800 nmethod 532 0x00007f081d2b25d0 code [0x00007f081d2b2720, 0x00007f081d2b2870]
Event: 5.671 Thread 0x00007f082c11c800  534       3       com.gitlab.pdftk_java.com.lowagie.text.pdf.RandomAccessFileOrArray::<init> (45 bytes)
Event: 5.672 Thread 0x00007f082c11c800 nmethod 534 0x00007f081d2bd410 code [0x00007f081d2bd580, 0x00007f081d2bd790]
Event: 5.680 Thread 0x00007f082c119800  535   !   4       com.gitlab.pdftk_java.com.lowagie.text.pdf.PdfReader::readObjStm (275 bytes)
Event: 5.727 Thread 0x00007f082c11c800  538   !   3       java.util.zip.Inflater::setInput (74 bytes)
Event: 5.727 Thread 0x00007f082c11c800 nmethod 538 0x00007f081d2bcb50 code [0x00007f081d2bcce0, 0x00007f081d2bd218]
Event: 5.765 Thread 0x00007f082c119800 nmethod 535 0x00007f081d2cb590 code [0x00007f081d2cb960, 0x00007f081d2ceb20]
Event: 5.765 Thread 0x00007f082c119800  536   !   4       com.gitlab.pdftk_java.com.lowagie.text.pdf.PdfEncodings::convertToString (354 bytes)
Event: 5.770 Thread 0x00007f082c119800 nmethod 536 0x00007f081d2c7ed0 code [0x00007f081d2c8040, 0x00007f081d2c83d8]
Event: 5.770 Thread 0x00007f082c119800  537       4       com.gitlab.pdftk_java.com.lowagie.text.pdf.PdfReader::getPdfObjectRelease (11 bytes)
Event: 5.774 Thread 0x00007f082c119800 nmethod 537 0x00007f081d2c5fd0 code [0x00007f081d2c6180, 0x00007f081d2c65e8]
Event: 5.774 Thread 0x00007f082c119800  539       4       com.gitlab.pdftk_java.com.lowagie.text.pdf.PdfDictionary::get (12 bytes)
Event: 5.776 Thread 0x00007f082c11c800  540       3       sun.security.provider.DigestBase::engineReset (33 bytes)
Event: 5.777 Thread 0x00007f082c11c800 nmethod 540 0x00007f081d2c5ad0 code [0x00007f081d2c5c60, 0x00007f081d2c5f18]
Event: 5.777 Thread 0x00007f082c11c800  541       3       com.gitlab.pdftk_java.com.lowagie.text.pdf.PdfReader::getStreamBytes (423 bytes)
Event: 5.781 Thread 0x00007f082c11c800 nmethod 541 0x00007f081d2d2c50 code [0x00007f081d2d33a0, 0x00007f081d2d8188]
Event: 5.788 Thread 0x00007f082c119800 nmethod 539 0x00007f081d2db010 code [0x00007f081d2db1e0, 0x00007f081d2dbbb8]
Event: 5.816 Thread 0x00007f082c119800  542       4       com.gitlab.pdftk_java.com.lowagie.text.pdf.PdfName::compareTo (92 bytes)
Event: 5.820 Thread 0x00007f082c119800 nmethod 542 0x00007f081d2c95d0 code [0x00007f081d2c9740, 0x00007f081d2c99f8]
Event: 5.841 Thread 0x00007f082c119800  543       4       java.util.zip.Inflater::ensureOpen (47 bytes)
Event: 5.842 Thread 0x00007f082c119800 nmethod 543 0x00007f081d2b65d0 code [0x00007f081d2b6720, 0x00007f081d2b67d8]
Event: 5.847 Thread 0x00007f082c11c800  544       3       com.gitlab.pdftk_java.com.lowagie.text.pdf.PdfReader::readPRObject (545 bytes)
Event: 5.850 Thread 0x00007f082c11c800 nmethod 544 0x00007f081d2dc650 code [0x00007f081d2dcb80, 0x00007f081d2df768]
Event: 5.850 Thread 0x00007f082c11c800  547       1       com.gitlab.pdftk_java.com.lowagie.text.pdf.PRTokeniser::isHexString (5 bytes)
Event: 5.850 Thread 0x00007f082c11c800 nmethod 547 0x00007f081d2bc1d0 code [0x00007f081d2bc320, 0x00007f081d2bc430]
Event: 5.850 Thread 0x00007f082c119800  548       4       com.gitlab.pdftk_java.com.lowagie.text.pdf.PdfString::<init> (41 bytes)
Event: 5.850 Thread 0x00007f082c119800 nmethod 548 0x00007f081d2a6710 code [0x00007f081d2a6860, 0x00007f081d2a68f8]
Event: 5.850 Thread 0x00007f082c119800  545       4       com.gitlab.pdftk_java.com.lowagie.text.pdf.PdfString::setHexWriting (7 bytes)
Event: 5.851 Thread 0x00007f082c119800 nmethod 545 0x00007f081d2a6d50 code [0x00007f081d2a6ea0, 0x00007f081d2a6f18]
Event: 5.851 Thread 0x00007f082c119800  546       4       com.gitlab.pdftk_java.com.lowagie.text.pdf.PdfString::setObjNum (11 bytes)
Event: 5.851 Thread 0x00007f082c119800 nmethod 546 0x00007f081d2551d0 code [0x00007f081d255320, 0x00007f081d255378]
Event: 5.851 Thread 0x00007f082c11c800  549       3       java.util.zip.ZipFile::ensureOpen (37 bytes)
Event: 5.851 Thread 0x00007f082c11c800 nmethod 549 0x00007f081d2c8f50 code [0x00007f081d2c90e0, 0x00007f081d2c9458]
Event: 5.851 Thread 0x00007f082c11c800  550       3       java.util.zip.ZipCoder::getBytes (192 bytes)
Event: 5.854 Thread 0x00007f082c11c800 nmethod 550 0x00007f081d2e1090 code [0x00007f081d2e1440, 0x00007f081d2e3758]
Event: 5.856 Thread 0x00007f082c119800  553       4       java.util.ArrayList::get (11 bytes)
Event: 5.857 Thread 0x00007f082c119800 nmethod 553 0x00007f081d2c56d0 code [0x00007f081d2c5820, 0x00007f081d2c58f8]
Event: 5.860 Thread 0x00007f082c11c800  556       3       java.util.HashMap::getNode (148 bytes)
Event: 5.861 Thread 0x00007f082c11c800 nmethod 556 0x00007f081d2c7090 code [0x00007f081d2c7260, 0x00007f081d2c7c08]
Event: 5.861 Thread 0x00007f082c11c800  558       3       com.gitlab.pdftk_java.com.lowagie.text.pdf.PdfDictionary::get (12 bytes)
Event: 5.861 Thread 0x00007f082c11c800 nmethod 558 0x00007f081d2c6b50 code [0x00007f081d2c6cc0, 0x00007f081d2c6fc8]
Event: 5.861 Thread 0x00007f082c11c800  555       2       java.util.HashMap$HashIterator::hasNext (13 bytes)
Event: 5.861 Thread 0x00007f082c11c800 nmethod 555 0x00007f081d2c8c10 code [0x00007f081d2c8d60, 0x00007f081d2c8ed0]
Event: 5.861 Thread 0x00007f082c11c800  569       3       com.gitlab.pdftk_java.com.lowagie.text.pdf.PdfReader::getPdfObjectRelease (11 bytes)
Event: 5.861 Thread 0x00007f082c11c800 nmethod 569 0x00007f081d2c8810 code [0x00007f081d2c8980, 0x00007f081d2c8b38]
Event: 5.861 Thread 0x00007f082c11c800  557       3       java.util.HashMap::get (23 bytes)
Event: 5.862 Thread 0x00007f082c11c800 nmethod 557 0x00007f081d2cae90 code [0x00007f081d2cb020, 0x00007f081d2cb438]
Event: 5.862 Thread 0x00007f082c11c800  554  s    1       java.util.Vector::size (5 bytes)
Event: 5.862 Thread 0x00007f082c11c800 nmethod 554 0x00007f081d2caa50 code [0x00007f081d2caba0, 0x00007f081d2cae10]
Event: 5.862 Thread 0x00007f082c11c800  567  s    3       java.util.Vector::removeElementAt (115 bytes)
Event: 5.862 Thread 0x00007f082c11c800 nmethod 567 0x00007f081d2e4910 code [0x00007f081d2e4b40, 0x00007f081d2e58e8]
Event: 5.862 Thread 0x00007f082c11c800  559       3       java.util.Vector::ensureCapacityHelper (16 bytes)
Event: 5.862 Thread 0x00007f082c11c800 nmethod 559 0x00007f081d2ca650 code [0x00007f081d2ca7c0, 0x00007f081d2ca9a8]
Event: 5.862 Thread 0x00007f082c11c800  560       3       java.util.Stack::empty (13 bytes)
Event: 5.863 Thread 0x00007f082c11c800 nmethod 560 0x00007f081d2ca050 code [0x00007f081d2ca1c0, 0x00007f081d2ca590]
Event: 5.863 Thread 0x00007f082c11c800  561  s    3       java.util.Vector::addElement (38 bytes)
Event: 5.863 Thread 0x00007f082c11c800 nmethod 561 0x00007f081d2e5f50 code [0x00007f081d2e60e0, 0x00007f081d2e6608]
Event: 5.863 Thread 0x00007f082c11c800  562       3       java.util.Vector::elementData (7 bytes)
Event: 5.863 Thread 0x00007f082c11c800 nmethod 562 0x00007f081d2c9bd0 code [0x00007f081d2c9d40, 0x00007f081d2c9ed0]
Event: 5.863 Thread 0x00007f082c11c800  563  s    3       java.util.Vector::elementAt (48 bytes)
Event: 5.863 Thread 0x00007f082c11c800 nmethod 563 0x00007f081d2e6810 code [0x00007f081d2e6a20, 0x00007f081d2e75a8]
Event: 5.863 Thread 0x00007f082c11c800  564       3       java.util.Stack::push (7 bytes)
Event: 5.863 Thread 0x00007f082c11c800 nmethod 564 0x00007f081d2e7b50 code [0x00007f081d2e7cc0, 0x00007f081d2e7ee8]
Event: 5.863 Thread 0x00007f082c11c800  566  s    3       java.util.Stack::peek (25 bytes)
Event: 5.864 Thread 0x00007f082c11c800 nmethod 566 0x00007f081d2e7f90 code [0x00007f081d2e8120, 0x00007f081d2e8758]
Event: 5.864 Thread 0x00007f082c11c800  565  s    3       java.util.Stack::pop (19 bytes)
Event: 5.864 Thread 0x00007f082c11c800 nmethod 565 0x00007f081d2e88d0 code [0x00007f081d2e8aa0, 0x00007f081d2e95e8]
Event: 5.864 Thread 0x00007f082c11c800  552       1       com.gitlab.pdftk_java.com.lowagie.text.pdf.PdfIndirectReference::getNumber (5 bytes)
Event: 5.864 Thread 0x00007f082c11c800 nmethod 552 0x00007f081d2e99d0 code [0x00007f081d2e9b20, 0x00007f081d2e9c30]
Event: 5.864 Thread 0x00007f082c11c800  551       3       com.gitlab.pdftk_java.com.lowagie.text.pdf.PdfDictionary::getDirectObject (9 bytes)
Event: 5.864 Thread 0x00007f082c11c800 nmethod 551 0x00007f081d2e9c90 code [0x00007f081d2e9e20, 0x00007f081d2ea238]
Event: 5.864 Thread 0x00007f082c11c800  570       1       com.gitlab.pdftk_java.com.lowagie.text.pdf.PdfArray::getArrayList (5 bytes)
Event: 5.864 Thread 0x00007f082c11c800 nmethod 570 0x00007f081d2ea390 code [0x00007f081d2ea4e0, 0x00007f081d2ea5f0]
Event: 5.864 Thread 0x00007f082c119800  568       4       com.gitlab.pdftk_java.com.lowagie.text.pdf.PdfObject::isIndirect (15 bytes)
Event: 5.864 Thread 0x00007f082c119800 nmethod 568 0x00007f081d2bc910 code [0x00007f081d2bca60, 0x00007f081d2bcad8]
Event: 5.864 Thread 0x00007f082c119800  571       4       java.lang.Integer::<init> (10 bytes)
Event: 5.865 Thread 0x00007f082c119800 nmethod 571 0x00007f081d2c85d0 code [0x00007f081d2c8720, 0x00007f081d2c8778]
Event: 5.866 Thread 0x00007f082c11c800  572       3       java.util.HashMap$KeyIterator::next (8 bytes)
Event: 5.867 Thread 0x00007f082c11c800 nmethod 572 0x00007f081d2ece90 code [0x00007f081d2ed000, 0x00007f081d2ed208]
Event: 5.867 Thread 0x00007f082c11c800  574       3       java.util.HashMap$KeySet::<init> (10 bytes)
Event: 5.867 Thread 0x00007f082c11c800 nmethod 574 0x00007f081d2ec990 code [0x00007f081d2ecb00, 0x00007f081d2ecd90]
Event: 5.867 Thread 0x00007f082c11c800  575       3       com.gitlab.pdftk_java.com.lowagie.text.pdf.PdfDictionary::getKeys (8 bytes)
Event: 5.867 Thread 0x00007f082c11c800 nmethod 575 0x00007f081d2ec550 code [0x00007f081d2ec6c0, 0x00007f081d2ec8e8]
Event: 5.867 Thread 0x00007f082c11c800  576       3       java.util.HashMap::keySet (25 bytes)
Event: 5.867 Thread 0x00007f082c11c800 nmethod 576 0x00007f081d2ebe90 code [0x00007f081d2ec020, 0x00007f081d2ec3b0]
Event: 5.867 Thread 0x00007f082c11c800  580       3       java.util.AbstractCollection::toArray (147 bytes)
Event: 5.868 Thread 0x00007f082c11c800 nmethod 580 0x00007f081d2ed2d0 code [0x00007f081d2ed540, 0x00007f081d2ee678]
Event: 5.868 Thread 0x00007f082c11c800  578   !   3       com.gitlab.pdftk_java.com.lowagie.text.pdf.PdfReader::getPdfObject (92 bytes)
Event: 5.868 Thread 0x00007f082c11c800 nmethod 578 0x00007f081d2eaed0 code [0x00007f081d2eb0c0, 0x00007f081d2eb8d8]
Event: 5.868 Thread 0x00007f082c11c800  577       3       java.util.HashMap$KeySet::iterator (12 bytes)
Event: 5.869 Thread 0x00007f082c11c800 nmethod 577 0x00007f081d2eaa10 code [0x00007f081d2eab80, 0x00007f081d2eade8]
Event: 5.869 Thread 0x00007f082c11c800  581       3       java.util.HashMap$KeySet::size (8 bytes)
Event: 5.869 Thread 0x00007f082c11c800 nmethod 581 0x00007f081d2ea650 code [0x00007f081d2ea7c0, 0x00007f081d2ea930]
Event: 5.869 Thread 0x00007f082c11c800  579       3       com.gitlab.pdftk_java.com.lowagie.text.pdf.PdfDictionary::size (8 bytes)
Event: 5.869 Thread 0x00007f082c11c800 nmethod 579 0x00007f081d2eeb50 code [0x00007f081d2eecc0, 0x00007f081d2eeeb0]
Event: 5.869 Thread 0x00007f082c11c800  583       3       java.util.HashMap$KeyIterator::<init> (11 bytes)
Event: 5.869 Thread 0x00007f082c11c800 nmethod 583 0x00007f081d2eef50 code [0x00007f081d2ef0c0, 0x00007f081d2ef268]
Event: 5.869 Thread 0x00007f082c119800  584       4       java.util.HashMap$HashIterator::hasNext (13 bytes)
Event: 5.870 Thread 0x00007f082c119800 nmethod 584 0x00007f081d278350 code [0x00007f081d2784a0, 0x00007f081d278518]
Event: 5.870 Thread 0x00007f082c119800  573       4       java.util.HashMap$HashIterator::nextNode (100 bytes)
Event: 5.873 Thread 0x00007f082c119800 nmethod 573 0x00007f081d2f0610 code [0x00007f081d2f0760, 0x00007f081d2f0978]
Event: 5.873 Thread 0x00007f082c119800  589       4       java.util.Stack::push (7 bytes)
Event: 5.875 Thread 0x00007f082c119800 nmethod 589 0x00007f081d2efed0 code [0x00007f081d2f0040, 0x00007f081d2f0428]
Event: 5.875 Thread 0x00007f082c119800  586  s    4       java.util.Vector::addElement (38 bytes)
Event: 5.877 Thread 0x00007f082c119800 nmethod 586 0x00007f081d2ef7d0 code [0x00007f081d2ef940, 0x00007f081d2efd28]
Event: 5.877 Thread 0x00007f082c119800  582       4       java.util.Stack::empty (13 bytes)
Event: 5.878 Thread 0x00007f082c119800 nmethod 582 0x00007f081d2ef310 code [0x00007f081d2ef460, 0x00007f081d2ef658]
Event: 5.878 Thread 0x00007f082c119800  585  s    4       java.util.Vector::elementAt (48 bytes)
Event: 5.879 Thread 0x00007f082c119800 nmethod 585 0x00007f081d2f1fd0 code [0x00007f081d2f2120, 0x00007f081d2f2398]
Event: 5.879 Thread 0x00007f082c119800  587  s    4       java.util.Stack::pop (19 bytes)
Event: 5.880 Thread 0x00007f082c11c800  590       1       java.util.HashMap$KeySet::size (8 bytes)
Event: 5.881 Thread 0x00007f082c11c800 nmethod 590 0x00007f081d2f1cd0 code [0x00007f081d2f1e20, 0x00007f081d2f1f30]
Event: 5.882 Thread 0x00007f082c119800 nmethod 587 0x00007f081d2f15d0 code [0x00007f081d2f1720, 0x00007f081d2f1a38]
Event: 5.882 Thread 0x00007f082c119800  591       4       java.util.HashMap::get (23 bytes)
Event: 5.890 Thread 0x00007f082c119800 nmethod 591 0x00007f081d2f2b10 code [0x00007f081d2f2cc0, 0x00007f081d2f3398]
Event: 5.890 Thread 0x00007f082c119800  593       4       java.util.HashMap::getNode (148 bytes)
Event: 5.898 Thread 0x00007f082c119800 nmethod 593 0x00007f081d2f6d90 code [0x00007f081d2f6f40, 0x00007f081d2f7578]
Event: 5.898 Thread 0x00007f082c119800  592       4       com.gitlab.pdftk_java.com.lowagie.text.pdf.PdfDictionary::get (12 bytes)
Event: 5.903 Thread 0x00007f082c11c800  595 %     3       com.gitlab.pdftk_java.com.lowagie.text.pdf.PdfReader::removeUnusedNode @ 14 (635 bytes)
Event: 5.907 Thread 0x00007f082c11c800 nmethod 595% 0x00007f081d2f7b10 code [0x00007f081d2f82a0, 0x00007f081d2fea48]
Event: 5.917 Thread 0x00007f082c119800 nmethod 592 0x00007f081d2f4290 code [0x00007f081d2f4460, 0x00007f081d2f4e18]
Event: 5.917 Thread 0x00007f082c119800  596       4       java.util.HashMap$HashIterator::<init> (79 bytes)
Event: 5.917 Thread 0x00007f082c11c800  597       3       com.gitlab.pdftk_java.com.lowagie.text.pdf.PdfReader::removeUnusedNode (635 bytes)
Event: 5.922 Thread 0x00007f082c11c800 nmethod 597 0x00007f081d304a50 code [0x00007f081d3051c0, 0x00007f081d30b708]
Event: 5.925 Thread 0x00007f082c119800 nmethod 596 0x00007f081d2f24d0 code [0x00007f081d2f2620, 0x00007f081d2f2918]
Event: 5.925 Thread 0x00007f082c119800  599   !   4       com.gitlab.pdftk_java.com.lowagie.text.pdf.PdfReader::getPdfObject (170 bytes)
Event: 5.927 Thread 0x00007f082c119800 nmethod 599 0x00007f081d302950 code [0x00007f081d302ac0, 0x00007f081d302d38]
Event: 5.927 Thread 0x00007f082c119800  598       4       java.util.AbstractCollection::toArray (147 bytes)
Event: 5.935 Thread 0x00007f082c119800 nmethod 598 0x00007f081d303d90 code [0x00007f081d303f20, 0x00007f081d304418]
Event: 5.935 Thread 0x00007f082c119800  600 %     4       com.gitlab.pdftk_java.com.lowagie.text.pdf.PdfReader::removeUnusedNode @ 14 (635 bytes)
Event: 6.019 Thread 0x00007f082c119800 nmethod 600% 0x00007f081d315e50 code [0x00007f081d316260, 0x00007f081d3197f0]
Event: 6.019 Thread 0x00007f082c119800  603       4       java.util.AbstractCollection::toArray (147 bytes)
Event: 6.034 Thread 0x00007f082c119800 nmethod 603 0x00007f081d3134d0 code [0x00007f081d313660, 0x00007f081d313b98]
Event: 6.034 Thread 0x00007f082c119800  604       4       com.gitlab.pdftk_java.com.lowagie.text.pdf.PdfReader::releaseLastXrefPartial (76 bytes)
Event: 6.035 Thread 0x00007f082c119800 nmethod 604 0x00007f081d314390 code [0x00007f081d3144e0, 0x00007f081d314598]
Event: 6.035 Thread 0x00007f082c119800  608 %     4       java.util.AbstractCollection::toArray @ 42 (147 bytes)
Event: 6.041 Thread 0x00007f082c119800 nmethod 608% 0x00007f081d2f0a90 code [0x00007f081d2f0c20, 0x00007f081d2f1198]
Event: 6.041 Thread 0x00007f082c119800  601       4       java.util.HashMap::keySet (25 bytes)
Event: 6.042 Thread 0x00007f082c119800 nmethod 601 0x00007f081d2f3f50 code [0x00007f081d2f40a0, 0x00007f081d2f41b8]
Event: 6.042 Thread 0x00007f082c119800  609       4       java.util.AbstractCollection::toArray (147 bytes)
Event: 6.053 Thread 0x00007f082c119800 nmethod 609 0x00007f081d315050 code [0x00007f081d3151e0, 0x00007f081d315798]
Event: 6.053 Thread 0x00007f082c119800  610       4       com.gitlab.pdftk_java.com.lowagie.text.pdf.PdfReader::getPdfObjectRelease (11 bytes)
Event: 6.056 Thread 0x00007f082c119800 nmethod 610 0x00007f081d314790 code [0x00007f081d314920, 0x00007f081d314c38]
Event: 6.056 Thread 0x00007f082c119800  606       4       com.gitlab.pdftk_java.com.lowagie.text.pdf.PdfDictionary::getKeys (8 bytes)
Event: 6.057 Thread 0x00007f082c119800 nmethod 606 0x00007f081d2f3b90 code [0x00007f081d2f3ce0, 0x00007f081d2f3e38]
Event: 6.057 Thread 0x00007f082c119800  607       4       com.gitlab.pdftk_java.com.lowagie.text.pdf.PdfDictionary::size (8 bytes)
Event: 6.057 Thread 0x00007f082c119800 nmethod 607 0x00007f081d303b50 code [0x00007f081d303ca0, 0x00007f081d303d18]
Event: 6.057 Thread 0x00007f082c119800  602       4       java.util.HashMap$KeySet::iterator (12 bytes)
Event: 6.061 Thread 0x00007f082c119800 nmethod 602 0x00007f081d303450 code [0x00007f081d3035c0, 0x00007f081d303938]
Event: 6.061 Thread 0x00007f082c119800  605 %     4       com.gitlab.pdftk_java.com.lowagie.text.pdf.PdfReader::removeUnusedNode @ 14 (635 bytes)
Event: 6.184 Thread 0x00007f082c119800 nmethod 605% 0x00007f081d321950 code [0x00007f081d321d80, 0x00007f081d325270]
Event: 6.184 Thread 0x00007f082c119800  588  s    4       java.util.Vector::removeElementAt (115 bytes)
Event: 6.186 Thread 0x00007f082c119800 nmethod 588 0x00007f081d311590 code [0x00007f081d3116e0, 0x00007f081d311998]
Event: 6.186 Thread 0x00007f082c119800  594       4       java.util.HashMap$KeyIterator::next (8 bytes)
Event: 6.188 Thread 0x00007f082c119800 nmethod 594 0x00007f081d3110d0 code [0x00007f081d311220, 0x00007f081d311458]
Event: 6.285 Thread 0x00007f082c11c800  611 %     3       com.gitlab.pdftk_java.com.lowagie.text.pdf.PdfReader::removeUnusedObjects @ 86 (119 bytes)
Event: 6.286 Thread 0x00007f082c11c800 nmethod 611% 0x00007f081d30f610 code [0x00007f081d30f880, 0x00007f081d310668]
Event: 6.290 Thread 0x00007f082c119800  618       4       java.util.Arrays::copyOf (19 bytes)
Event: 6.292 Thread 0x00007f082c119800 nmethod 618 0x00007f081d311b10 code [0x00007f081d311c60, 0x00007f081d311e58]
Event: 6.292 Thread 0x00007f082c119800  624       4       java.util.HashMap::get (23 bytes)
Event: 6.293 Thread 0x00007f082c11c800  614   !   2       com.gitlab.pdftk_java.com.lowagie.text.pdf.PdfEncodings::convertToString (354 bytes)
Event: 6.295 Thread 0x00007f082c11c800 nmethod 614 0x00007f081d31f9d0 code [0x00007f081d31fc80, 0x00007f081d320c98]
Event: 6.295 Thread 0x00007f082c11c800  631       3       java.util.HashMap::getNode (148 bytes)
Event: 6.295 Thread 0x00007f082c11c800 nmethod 631 0x00007f081d2f5bd0 code [0x00007f081d2f5da0, 0x00007f081d2f6748]
Event: 6.295 Thread 0x00007f082c11c800  623       2       java.util.HashMap$EntryIterator::next (5 bytes)
Event: 6.296 Thread 0x00007f082c11c800 nmethod 623 0x00007f081d313150 code [0x00007f081d3132c0, 0x00007f081d313428]
Event: 6.296 Thread 0x00007f082c11c800  628       3       com.gitlab.pdftk_java.com.lowagie.text.pdf.PdfDictionary::put (34 bytes)
Event: 6.296 Thread 0x00007f082c11c800 nmethod 628 0x00007f081d312250 code [0x00007f081d312440, 0x00007f081d312d78]
Event: 6.296 Thread 0x00007f082c11c800  612       3       com.gitlab.pdftk_java.com.lowagie.text.pdf.PdfReader::removeUnusedObjects (119 bytes)
Event: 6.296 Thread 0x00007f082c119800 nmethod 624 0x00007f081d31dbd0 code [0x00007f081d31dd60, 0x00007f081d31e0f8]
Event: 6.297 Thread 0x00007f082c119800  615       4       java.util.HashMap::put (13 bytes)
Event: 6.297 Thread 0x00007f082c11c800 nmethod 612 0x00007f081d328910 code [0x00007f081d328b60, 0x00007f081d329868]
Event: 6.297 Thread 0x00007f082c11c800  629       3       com.gitlab.pdftk_java.com.lowagie.text.pdf.PdfReader::releaseLastXrefPartial (34 bytes)
Event: 6.297 Thread 0x00007f082c11c800 nmethod 629 0x00007f081d31d090 code [0x00007f081d31d240, 0x00007f081d31d818]
Event: 6.297 Thread 0x00007f082c11c800  630       3       com.gitlab.pdftk_java.com.lowagie.text.pdf.PdfArray::size (8 bytes)
Event: 6.297 Thread 0x00007f082c11c800 nmethod 630 0x00007f081d31cc90 code [0x00007f081d31ce00, 0x00007f081d31cf70]
Event: 6.297 Thread 0x00007f082c11c800  633       3       com.gitlab.pdftk_java.com.lowagie.text.pdf.PdfArray::getPdfObject (12 bytes)
Event: 6.298 Thread 0x00007f082c119800 nmethod 615 0x00007f081d32ba10 code [0x00007f081d32bb60, 0x00007f081d32bc88]
Event: 6.298 Thread 0x00007f082c11c800 nmethod 633 0x00007f081d31f010 code [0x00007f081d31f1c0, 0x00007f081d31f698]
Event: 6.298 Thread 0x00007f082c11c800  616       3       java.lang.String::<init> (15 bytes)
Event: 6.298 Thread 0x00007f082c11c800 nmethod 616 0x00007f081d31e8d0 code [0x00007f081d31ea60, 0x00007f081d31ee48]
Event: 6.298 Thread 0x00007f082c11c800  627       3       com.gitlab.pdftk_java.com.lowagie.text.pdf.PdfObject::isNull (15 bytes)
Event: 6.298 Thread 0x00007f082c11c800 nmethod 627 0x00007f081d31e4d0 code [0x00007f081d31e640, 0x00007f081d31e7f0]
Event: 6.298 Thread 0x00007f082c11c800  620       3       com.gitlab.pdftk_java.com.lowagie.text.pdf.PdfString::getValue (66 bytes)
Event: 6.298 Thread 0x00007f082c11c800 nmethod 620 0x00007f081d32b2d0 code [0x00007f081d32b460, 0x00007f081d32b8e8]
Event: 6.298 Thread 0x00007f082c11c800  632       3       com.gitlab.pdftk_java.com.lowagie.text.pdf.PdfObject::isDictionary (15 bytes)
Event: 6.298 Thread 0x00007f082c11c800 nmethod 632 0x00007f081d32af10 code [0x00007f081d32b080, 0x00007f081d32b230]
Event: 6.298 Thread 0x00007f082c11c800  634       3       com.gitlab.pdftk_java.com.lowagie.text.pdf.PdfReader::replaceNamedDestination (272 bytes)
Event: 6.302 Thread 0x00007f082c11c800 nmethod 634 0x00007f081d32bd90 code [0x00007f081d32c440, 0x00007f081d3310a8]
Event: 6.302 Thread 0x00007f082c11c800  636       3       com.gitlab.pdftk_java.com.lowagie.text.pdf.PdfReader::setXrefPartialObject (23 bytes)
Event: 6.302 Thread 0x00007f082c11c800 nmethod 636 0x00007f081d32a390 code [0x00007f081d32a540, 0x00007f081d32ab18]
Event: 6.302 Thread 0x00007f082c11c800  638       3       com.gitlab.pdftk_java.com.lowagie.text.pdf.PdfName::compareTo (92 bytes)
Event: 6.302 Thread 0x00007f082c11c800 nmethod 638 0x00007f081d3342d0 code [0x00007f081d334460, 0x00007f081d334970]
Event: 6.302 Thread 0x00007f082c11c800  622       3       java.lang.Math::floor (5 bytes)
Event: 6.302 Thread 0x00007f082c11c800 nmethod 622 0x00007f081d334b90 code [0x00007f081d334d20, 0x00007f081d334ee8]
Event: 6.302 Thread 0x00007f082c11c800  625       3       java.lang.StrictMath::floor (12 bytes)
Event: 6.302 Thread 0x00007f082c11c800 nmethod 625 0x00007f081d334fd0 code [0x00007f081d335160, 0x00007f081d3352e8]
Event: 6.302 Thread 0x00007f082c11c800  621       3       com.gitlab.pdftk_java.com.lowagie.text.pdf.PdfString::isUnicode (27 bytes)
Event: 6.303 Thread 0x00007f082c11c800 nmethod 621 0x00007f081d335390 code [0x00007f081d335500, 0x00007f081d335750]
Event: 6.303 Thread 0x00007f082c11c800  626       3       java.lang.StrictMath::floorOrCeil (128 bytes)
Event: 6.303 Thread 0x00007f082c11c800 nmethod 626 0x00007f081d335810 code [0x00007f081d3359a0, 0x00007f081d335e30]
Event: 6.303 Thread 0x00007f082c11c800  635       3       java.lang.Math::getExponent (17 bytes)
Event: 6.303 Thread 0x00007f082c11c800 nmethod 635 0x00007f081d2f5890 code [0x00007f081d2f59e0, 0x00007f081d2f5b50]
Event: 6.303 Thread 0x00007f082c11c800  619       3       com.gitlab.pdftk_java.com.lowagie.text.pdf.PdfString::toUnicodeString (5 bytes)
Event: 6.303 Thread 0x00007f082c11c800 nmethod 619 0x00007f081d335f10 code [0x00007f081d336080, 0x00007f081d336208]
Event: 6.303 Thread 0x00007f082c11c800  639       3       com.gitlab.pdftk_java.com.lowagie.text.pdf.PdfString::toString (5 bytes)
Event: 6.303 Thread 0x00007f082c11c800 nmethod 639 0x00007f081d336290 code [0x00007f081d336400, 0x00007f081d336588]
Event: 6.303 Thread 0x00007f082c11c800  613  s    3       java.lang.StringBuffer::append (13 bytes)
Event: 6.303 Thread 0x00007f082c11c800 nmethod 613 0x00007f081d336610 code [0x00007f081d336780, 0x00007f081d336aa8]
Event: 6.303 Thread 0x00007f082c119800  637       4       com.gitlab.pdftk_java.com.lowagie.text.pdf.PdfArray::size (8 bytes)
Event: 6.304 Thread 0x00007f082c119800 nmethod 637 0x00007f081d311fd0 code [0x00007f081d312120, 0x00007f081d312198]
Event: 6.304 Thread 0x00007f082c119800  641       4       com.gitlab.pdftk_java.com.lowagie.text.pdf.PdfReader::replaceNamedDestination (272 bytes)
Event: 6.309 Thread 0x00007f082c11c800  643       3       com.gitlab.pdftk_java.com.lowagie.text.pdf.PdfReader$PageRefs::size (20 bytes)
Event: 6.310 Thread 0x00007f082c11c800 nmethod 643 0x00007f081d339410 code [0x00007f081d339580, 0x00007f081d339750]
Event: 6.321 Thread 0x00007f082c11c800  644       3       com.gitlab.pdftk_java.com.lowagie.text.pdf.PdfObject::isArray (14 bytes)
Event: 6.321 Thread 0x00007f082c11c800 nmethod 644 0x00007f081d339050 code [0x00007f081d3391c0, 0x00007f081d339370]
Event: 6.331 Thread 0x00007f082c11c800  645       3       java.util.HashMap::keySet (25 bytes)
Event: 6.332 Thread 0x00007f082c11c800 nmethod 645 0x00007f081d338990 code [0x00007f081d338b20, 0x00007f081d338eb0]
Event: 6.344 Thread 0x00007f082c119800 nmethod 641 0x00007f081d33d850 code [0x00007f081d33dc00, 0x00007f081d340480]
Event: 6.344 Thread 0x00007f082c119800  642 % !   4       com.gitlab.pdftk_java.com.lowagie.text.pdf.PdfEncodings::convertToString @ 125 (354 bytes)
Event: 6.353 Thread 0x00007f082c119800 nmethod 642% 0x00007f081d33b210 code [0x00007f081d33b380, 0x00007f081d33b8f8]
Event: 6.353 Thread 0x00007f082c119800  647       4       java.util.HashMap::keySet (25 bytes)
Event: 6.354 Thread 0x00007f082c119800 nmethod 647 0x00007f081d33bd50 code [0x00007f081d33bea0, 0x00007f081d33bf98]
Event: 6.354 Thread 0x00007f082c119800  640       4       com.gitlab.pdftk_java.com.lowagie.text.pdf.PdfArray::getPdfObject (12 bytes)
Event: 6.355 Thread 0x00007f082c119800 nmethod 640 0x00007f081d338590 code [0x00007f081d3386e0, 0x00007f081d3387f8]
Event: 6.355 Thread 0x00007f082c119800  646 %     4       com.gitlab.pdftk_java.com.lowagie.text.pdf.PdfReader::removeUnusedNode @ 14 (635 bytes)
Event: 6.448 Thread 0x00007f082c119800 nmethod 646% 0x00007f081d347f90 code [0x00007f081d3483e0, 0x00007f081d34bb90]
Event: 6.448 Thread 0x00007f082c119800  648       4       com.gitlab.pdftk_java.com.lowagie.text.pdf.PdfReader::removeUnusedNode (635 bytes)
Event: 6.451 Thread 0x00007f082c11c800  649       3       com.gitlab.pdftk_java.com.lowagie.text.pdf.PdfDictionary::getKeys (8 bytes)
Event: 6.452 Thread 0x00007f082c11c800 nmethod 649 0x00007f081d33d410 code [0x00007f081d33d580, 0x00007f081d33d7a8]
Event: 6.513 Thread 0x00007f082c119800 nmethod 648 0x00007f081d34f250 code [0x00007f081d34f680, 0x00007f081d351dc0]

GC Heap History (9 events):
Event: 1.861 GC heap before
{Heap before GC invocations=1 (full 0):
 PSYoungGen      total 72704K, used 62464K [0x000000076eb00000, 0x0000000773c00000, 0x00000007c0000000)
  eden space 62464K, 100% used [0x000000076eb00000,0x0000000772800000,0x0000000772800000)
  from space 10240K, 0% used [0x0000000773200000,0x0000000773200000,0x0000000773c00000)
  to   space 10240K, 0% used [0x0000000772800000,0x0000000772800000,0x0000000773200000)
 ParOldGen       total 166912K, used 0K [0x00000006cc000000, 0x00000006d6300000, 0x000000076eb00000)
  object space 166912K, 0% used [0x00000006cc000000,0x00000006cc000000,0x00000006d6300000)
 Metaspace       used 4106K, capacity 5048K, committed 5376K, reserved 1056768K
  class space    used 373K, capacity 424K, committed 512K, reserved 1048576K
Event: 1.886 GC heap after
Heap after GC invocations=1 (full 0):
 PSYoungGen      total 72704K, used 10214K [0x000000076eb00000, 0x0000000777900000, 0x00000007c0000000)
  eden space 62464K, 0% used [0x000000076eb00000,0x000000076eb00000,0x0000000772800000)
  from space 10240K, 99% used [0x0000000772800000,0x00000007731f9a80,0x0000000773200000)
  to   space 10240K, 0% used [0x0000000776f00000,0x0000000776f00000,0x0000000777900000)
 ParOldGen       total 166912K, used 5440K [0x00000006cc000000, 0x00000006d6300000, 0x000000076eb00000)
  object space 166912K, 3% used [0x00000006cc000000,0x00000006cc550040,0x00000006d6300000)
 Metaspace       used 4106K, capacity 5048K, committed 5376K, reserved 1056768K
  class space    used 373K, capacity 424K, committed 512K, reserved 1048576K
}
Event: 3.661 GC heap before
{Heap before GC invocations=2 (full 0):
 PSYoungGen      total 72704K, used 72678K [0x000000076eb00000, 0x0000000777900000, 0x00000007c0000000)
  eden space 62464K, 100% used [0x000000076eb00000,0x0000000772800000,0x0000000772800000)
  from space 10240K, 99% used [0x0000000772800000,0x00000007731f9a80,0x0000000773200000)
  to   space 10240K, 0% used [0x0000000776f00000,0x0000000776f00000,0x0000000777900000)
 ParOldGen       total 166912K, used 5440K [0x00000006cc000000, 0x00000006d6300000, 0x000000076eb00000)
  object space 166912K, 3% used [0x00000006cc000000,0x00000006cc550040,0x00000006d6300000)
 Metaspace       used 4106K, capacity 5048K, committed 5376K, reserved 1056768K
  class space    used 373K, capacity 424K, committed 512K, reserved 1048576K
Event: 3.699 GC heap after
Heap after GC invocations=2 (full 0):
 PSYoungGen      total 135168K, used 10213K [0x000000076eb00000, 0x0000000777900000, 0x00000007c0000000)
  eden space 124928K, 0% used [0x000000076eb00000,0x000000076eb00000,0x0000000776500000)
  from space 10240K, 99% used [0x0000000776f00000,0x00000007778f9460,0x0000000777900000)
  to   space 10240K, 0% used [0x0000000776500000,0x0000000776500000,0x0000000776f00000)
 ParOldGen       total 166912K, used 19244K [0x00000006cc000000, 0x00000006d6300000, 0x000000076eb00000)
  object space 166912K, 11% used [0x00000006cc000000,0x00000006cd2cb080,0x00000006d6300000)
 Metaspace       used 4106K, capacity 5048K, committed 5376K, reserved 1056768K
  class space    used 373K, capacity 424K, committed 512K, reserved 1048576K
}
Event: 5.304 GC heap before
{Heap before GC invocations=3 (full 0):
 PSYoungGen      total 135168K, used 135141K [0x000000076eb00000, 0x0000000777900000, 0x00000007c0000000)
  eden space 124928K, 100% used [0x000000076eb00000,0x0000000776500000,0x0000000776500000)
  from space 10240K, 99% used [0x0000000776f00000,0x00000007778f9460,0x0000000777900000)
  to   space 10240K, 0% used [0x0000000776500000,0x0000000776500000,0x0000000776f00000)
 ParOldGen       total 166912K, used 19244K [0x00000006cc000000, 0x00000006d6300000, 0x000000076eb00000)
  object space 166912K, 11% used [0x00000006cc000000,0x00000006cd2cb080,0x00000006d6300000)
 Metaspace       used 4583K, capacity 5272K, committed 5376K, reserved 1056768K
  class space    used 417K, capacity 456K, committed 512K, reserved 1048576K
Event: 5.374 GC heap after
Heap after GC invocations=3 (full 0):
 PSYoungGen      total 135168K, used 10230K [0x000000076eb00000, 0x000000077f300000, 0x00000007c0000000)
  eden space 124928K, 0% used [0x000000076eb00000,0x000000076eb00000,0x0000000776500000)
  from space 10240K, 99% used [0x0000000776500000,0x0000000776efdaa8,0x0000000776f00000)
  to   space 10240K, 0% used [0x000000077e900000,0x000000077e900000,0x000000077f300000)
 ParOldGen       total 166912K, used 45112K [0x00000006cc000000, 0x00000006d6300000, 0x000000076eb00000)
  object space 166912K, 27% used [0x00000006cc000000,0x00000006cec0e0c0,0x00000006d6300000)
 Metaspace       used 4583K, capacity 5272K, committed 5376K, reserved 1056768K
  class space    used 417K, capacity 456K, committed 512K, reserved 1048576K
}
Event: 5.513 GC heap before
{Heap before GC invocations=4 (full 0):
 PSYoungGen      total 135168K, used 135158K [0x000000076eb00000, 0x000000077f300000, 0x00000007c0000000)
  eden space 124928K, 100% used [0x000000076eb00000,0x0000000776500000,0x0000000776500000)
  from space 10240K, 99% used [0x0000000776500000,0x0000000776efdaa8,0x0000000776f00000)
  to   space 10240K, 0% used [0x000000077e900000,0x000000077e900000,0x000000077f300000)
 ParOldGen       total 166912K, used 45112K [0x00000006cc000000, 0x00000006d6300000, 0x000000076eb00000)
  object space 166912K, 27% used [0x00000006cc000000,0x00000006cec0e0c0,0x00000006d6300000)
 Metaspace       used 4593K, capacity 5272K, committed 5376K, reserved 1056768K
  class space    used 417K, capacity 456K, committed 512K, reserved 1048576K
Event: 5.588 GC heap after
Heap after GC invocations=4 (full 0):
 PSYoungGen      total 260096K, used 10213K [0x000000076eb00000, 0x000000077f300000, 0x00000007c0000000)
  eden space 249856K, 0% used [0x000000076eb00000,0x000000076eb00000,0x000000077df00000)
  from space 10240K, 99% used [0x000000077e900000,0x000000077f2f94b8,0x000000077f300000)
  to   space 10240K, 0% used [0x000000077df00000,0x000000077df00000,0x000000077e900000)
 ParOldGen       total 166912K, used 72664K [0x00000006cc000000, 0x00000006d6300000, 0x000000076eb00000)
  object space 166912K, 43% used [0x00000006cc000000,0x00000006d06f60c0,0x00000006d6300000)
 Metaspace       used 4593K, capacity 5272K, committed 5376K, reserved 1056768K
  class space    used 417K, capacity 456K, committed 512K, reserved 1048576K
}
Event: 6.565 GC heap before
{Heap before GC invocations=5 (full 0):
 PSYoungGen      total 260096K, used 260069K [0x000000076eb00000, 0x000000077f300000, 0x00000007c0000000)
  eden space 249856K, 100% used [0x000000076eb00000,0x000000077df00000,0x000000077df00000)
  from space 10240K, 99% used [0x000000077e900000,0x000000077f2f94b8,0x000000077f300000)
  to   space 10240K, 0% used [0x000000077df00000,0x000000077df00000,0x000000077e900000)
 ParOldGen       total 166912K, used 72664K [0x00000006cc000000, 0x00000006d6300000, 0x000000076eb00000)
  object space 166912K, 43% used [0x00000006cc000000,0x00000006d06f60c0,0x00000006d6300000)
 Metaspace       used 4694K, capacity 5272K, committed 5376K, reserved 1056768K
  class space    used 422K, capacity 456K, committed 512K, reserved 1048576K

Deoptimization events (47 events):
Event: 0.154 Thread 0x00007f082c04b800 Uncommon trap: reason=unstable_if action=reinterpret pc=0x00007f081d15682c method=java.io.ByteArrayInputStream.read()I @ 8
Event: 0.478 Thread 0x00007f082c04b800 Uncommon trap: reason=null_check action=make_not_entrant pc=0x00007f081d1ec1e0 method=com.gitlab.pdftk_java.com.lowagie.text.pdf.PdfReader.readPRObject()Lcom/gitlab/pdftk_java/com/lowagie/text/pdf/PdfObject; @ 356
Event: 4.702 Thread 0x00007f082c04b800 Uncommon trap: reason=unstable_if action=reinterpret pc=0x00007f081d1f5fac method=com.gitlab.pdftk_java.com.lowagie.text.pdf.PdfReader.readPRObject()Lcom/gitlab/pdftk_java/com/lowagie/text/pdf/PdfObject; @ 505
Event: 4.703 Thread 0x00007f082c04b800 Uncommon trap: reason=unstable_if action=reinterpret pc=0x00007f081d1d5de4 method=com.gitlab.pdftk_java.com.lowagie.text.pdf.PRTokeniser.nextToken()Z @ 907
Event: 4.703 Thread 0x00007f082c04b800 Uncommon trap: reason=unstable_if action=reinterpret pc=0x00007f081d1f042c method=sun.misc.FloatingDecimal$ASCIIToBinaryBuffer.doubleValue()D @ 135
Event: 4.707 Thread 0x00007f082c04b800 Uncommon trap: reason=class_check action=maybe_recompile pc=0x00007f081d1dcc40 method=java.util.HashMap.putVal(ILjava/lang/Object;Ljava/lang/Object;ZZ)Ljava/lang/Object; @ 203
Event: 4.707 Thread 0x00007f082c04b800 Uncommon trap: reason=class_check action=maybe_recompile pc=0x00007f081d1dcc40 method=java.util.HashMap.putVal(ILjava/lang/Object;Ljava/lang/Object;ZZ)Ljava/lang/Object; @ 203
Event: 4.707 Thread 0x00007f082c04b800 Uncommon trap: reason=class_check action=maybe_recompile pc=0x00007f081d1dcc40 method=java.util.HashMap.putVal(ILjava/lang/Object;Ljava/lang/Object;ZZ)Ljava/lang/Object; @ 203
Event: 4.707 Thread 0x00007f082c04b800 Uncommon trap: reason=class_check action=maybe_recompile pc=0x00007f081d1dcc40 method=java.util.HashMap.putVal(ILjava/lang/Object;Ljava/lang/Object;ZZ)Ljava/lang/Object; @ 203
Event: 5.060 Thread 0x00007f082c04b800 Uncommon trap: reason=unstable_if action=reinterpret pc=0x00007f081d22af6c method=com.gitlab.pdftk_java.com.lowagie.text.pdf.PdfObject.isIndirect()Z @ 6
Event: 5.061 Thread 0x00007f082c04b800 Uncommon trap: reason=unstable_if action=reinterpret pc=0x00007f081d2323d4 method=com.gitlab.pdftk_java.com.lowagie.text.pdf.PdfName.equals(Ljava/lang/Object;)Z @ 2
Event: 5.061 Thread 0x00007f082c04b800 Uncommon trap: reason=unstable_if action=reinterpret pc=0x00007f081d2277fc method=com.gitlab.pdftk_java.com.lowagie.text.pdf.PdfName.compareTo(Ljava/lang/Object;)I @ 45
Event: 5.070 Thread 0x00007f082c04b800 Uncommon trap: reason=class_check action=maybe_recompile pc=0x00007f081d21c878 method=java.util.HashMap.putVal(ILjava/lang/Object;Ljava/lang/Object;ZZ)Ljava/lang/Object; @ 56
Event: 5.070 Thread 0x00007f082c04b800 Uncommon trap: reason=class_check action=maybe_recompile pc=0x00007f081d21c878 method=java.util.HashMap.putVal(ILjava/lang/Object;Ljava/lang/Object;ZZ)Ljava/lang/Object; @ 56
Event: 5.073 Thread 0x00007f082c04b800 Uncommon trap: reason=unstable_if action=reinterpret pc=0x00007f081d16c22c method=java.util.HashMap.getNode(ILjava/lang/Object;)Ljava/util/HashMap$Node; @ 49
Event: 5.081 Thread 0x00007f082c04b800 Uncommon trap: reason=unstable_if action=reinterpret pc=0x00007f081d158d08 method=java.io.ByteArrayOutputStream.ensureCapacity(I)V @ 7
Event: 5.096 Thread 0x00007f082c04b800 Uncommon trap: reason=unstable_if action=reinterpret pc=0x00007f081d1633d4 method=java.io.ByteArrayOutputStream.ensureCapacity(I)V @ 7
Event: 5.111 Thread 0x00007f082c04b800 Uncommon trap: reason=unstable_if action=reinterpret pc=0x00007f081d22a314 method=com.gitlab.pdftk_java.com.lowagie.text.pdf.PdfReader.releaseLastXrefPartial(Lcom/gitlab/pdftk_java/com/lowagie/text/pdf/PdfObject;)V @ 1
Event: 5.111 Thread 0x00007f082c04b800 Uncommon trap: reason=unstable_if action=reinterpret pc=0x00007f081d156134 method=java.io.ByteArrayInputStream.read([BII)I @ 63
Event: 5.111 Thread 0x00007f082c04b800 Uncommon trap: reason=unstable_if action=reinterpret pc=0x00007f081d1ac5d0 method=com.gitlab.pdftk_java.com.lowagie.text.pdf.RandomAccessFileOrArray.read()I @ 25
Event: 5.111 Thread 0x00007f082c04b800 Uncommon trap: reason=unstable_if action=reinterpret pc=0x00007f081d1f1828 method=com.gitlab.pdftk_java.com.lowagie.text.pdf.RandomAccessFileOrArray.seek(I)V @ 15
Event: 5.111 Thread 0x00007f082c04b800 Uncommon trap: reason=unstable_if action=reinterpret pc=0x00007f081d1e39b4 method=com.gitlab.pdftk_java.com.lowagie.text.pdf.RandomAccessFileOrArray.insureOpen()V @ 4
Event: 5.112 Thread 0x00007f082c04b800 Uncommon trap: reason=unstable_if action=reinterpret pc=0x00007f081d1efe20 method=com.gitlab.pdftk_java.com.lowagie.text.pdf.RandomAccessFileOrArray.seek(I)V @ 15
Event: 5.846 Thread 0x00007f082c04b800 Uncommon trap: reason=unstable_if action=reinterpret pc=0x00007f081d29a800 method=com.gitlab.pdftk_java.com.lowagie.text.pdf.PdfReader.readPRObject()Lcom/gitlab/pdftk_java/com/lowagie/text/pdf/PdfObject; @ 445
Event: 5.852 Thread 0x00007f082c04b800 Uncommon trap: reason=unstable_if action=reinterpret pc=0x00007f081d20168c method=java.util.HashMap.putMapEntries(Ljava/util/Map;Z)V @ 8
Event: 5.854 Thread 0x00007f082c04b800 Uncommon trap: reason=unstable_if action=reinterpret pc=0x00007f081d2aad10 method=com.gitlab.pdftk_java.com.lowagie.text.pdf.IntHashtable.containsKey(I)Z @ 24
Event: 5.854 Thread 0x00007f082c04b800 Uncommon trap: reason=unstable_if action=reinterpret pc=0x00007f081d2c63c4 method=com.gitlab.pdftk_java.com.lowagie.text.pdf.PdfReader.releaseLastXrefPartial(Lcom/gitlab/pdftk_java/com/lowagie/text/pdf/PdfObject;)V @ 9
Event: 5.854 Thread 0x00007f082c04b800 Uncommon trap: reason=unstable_if action=reinterpret pc=0x00007f081d2dbab4 method=java.util.HashMap.getNode(ILjava/lang/Object;)Ljava/util/HashMap$Node; @ 116
Event: 5.855 Thread 0x00007f082c04b800 Uncommon trap: reason=unstable_if action=reinterpret pc=0x00007f081d297158 method=java.util.HashMap.getNode(ILjava/lang/Object;)Ljava/util/HashMap$Node; @ 116
Event: 5.855 Thread 0x00007f082c04b800 Uncommon trap: reason=unstable_if action=reinterpret pc=0x00007f081d159c54 method=java.util.HashMap.getNode(ILjava/lang/Object;)Ljava/util/HashMap$Node; @ 49
Event: 5.935 Thread 0x00007f082c04b800 Uncommon trap: reason=predicate action=maybe_recompile pc=0x00007f081d304314 method=java.util.AbstractCollection.toArray([Ljava/lang/Object;)[Ljava/lang/Object; @ 49
Event: 6.021 Thread 0x00007f082c04b800 Uncommon trap: reason=range_check action=make_not_entrant pc=0x00007f081d318034 method=com.gitlab.pdftk_java.com.lowagie.text.pdf.PdfReader.removeUnusedNode(Lcom/gitlab/pdftk_java/com/lowagie/text/pdf/PdfObject;[Z)V @ 217
Event: 6.034 Thread 0x00007f082c04b800 Uncommon trap: reason=array_check action=maybe_recompile pc=0x00007f081d313978 method=java.util.AbstractCollection.toArray([Ljava/lang/Object;)[Ljava/lang/Object; @ 119
Event: 6.034 Thread 0x00007f082c04b800 Uncommon trap: reason=array_check action=maybe_recompile pc=0x00007f081d313978 method=java.util.AbstractCollection.toArray([Ljava/lang/Object;)[Ljava/lang/Object; @ 119
Event: 6.034 Thread 0x00007f082c04b800 Uncommon trap: reason=array_check action=maybe_recompile pc=0x00007f081d313978 method=java.util.AbstractCollection.toArray([Ljava/lang/Object;)[Ljava/lang/Object; @ 119
Event: 6.034 Thread 0x00007f082c04b800 Uncommon trap: reason=array_check action=maybe_recompile pc=0x00007f081d313978 method=java.util.AbstractCollection.toArray([Ljava/lang/Object;)[Ljava/lang/Object; @ 119
Event: 6.284 Thread 0x00007f082c04b800 Uncommon trap: reason=unstable_if action=reinterpret pc=0x00007f081d323000 method=com.gitlab.pdftk_java.com.lowagie.text.pdf.PdfReader.removeUnusedNode(Lcom/gitlab/pdftk_java/com/lowagie/text/pdf/PdfObject;[Z)V @ 536
Event: 6.284 Thread 0x00007f082c04b800 Uncommon trap: reason=unstable_if action=reinterpret pc=0x00007f081d229384 method=com.gitlab.pdftk_java.com.lowagie.text.pdf.PdfObject.isNull()Z @ 6
Event: 6.288 Thread 0x00007f082c04b800 Uncommon trap: reason=unstable_if action=reinterpret pc=0x00007f081d2c8388 method=com.gitlab.pdftk_java.com.lowagie.text.pdf.PdfEncodings.convertToString([BLjava/lang/String;)Ljava/lang/String; @ 10
Event: 6.291 Thread 0x00007f082c04b800 Uncommon trap: reason=unstable_if action=reinterpret pc=0x00007f081d2c9910 method=com.gitlab.pdftk_java.com.lowagie.text.pdf.PdfName.compareTo(Ljava/lang/Object;)I @ 59
Event: 6.291 Thread 0x00007f082c04b800 Uncommon trap: reason=bimorphic action=maybe_recompile pc=0x00007f081d2f325c method=java.util.HashMap.getNode(ILjava/lang/Object;)Ljava/util/HashMap$Node; @ 126
Event: 6.291 Thread 0x00007f082c04b800 Uncommon trap: reason=bimorphic action=maybe_recompile pc=0x00007f081d2f325c method=java.util.HashMap.getNode(ILjava/lang/Object;)Ljava/util/HashMap$Node; @ 126
Event: 6.291 Thread 0x00007f082c04b800 Uncommon trap: reason=bimorphic action=maybe_recompile pc=0x00007f081d2f325c method=java.util.HashMap.getNode(ILjava/lang/Object;)Ljava/util/HashMap$Node; @ 126
Event: 6.291 Thread 0x00007f082c04b800 Uncommon trap: reason=bimorphic action=maybe_recompile pc=0x00007f081d2f325c method=java.util.HashMap.getNode(ILjava/lang/Object;)Ljava/util/HashMap$Node; @ 126
Event: 6.291 Thread 0x00007f082c04b800 Uncommon trap: reason=bimorphic action=maybe_recompile pc=0x00007f081d2f743c method=java.util.HashMap.getNode(ILjava/lang/Object;)Ljava/util/HashMap$Node; @ 126
Event: 6.322 Thread 0x00007f082c04b800 Uncommon trap: reason=unstable_if action=reinterpret pc=0x00007f081d2f4174 method=java.util.HashMap.keySet()Ljava/util/Set; @ 6
Event: 6.448 Thread 0x00007f082c04b800 Uncommon trap: reason=unstable_if action=reinterpret pc=0x00007f081d2f3de8 method=java.util.HashMap.keySet()Ljava/util/Set; @ 6

Classes redefined (0 events):
No events

Internal exceptions (2 events):
Event: 0.019 Thread 0x00007f082c04b800 Exception <a 'java/lang/NoSuchMethodError': Method sun.misc.Unsafe.defineClass(Ljava/lang/String;[BII)Ljava/lang/Class; name or signature does not match> (0x000000076eb07cd8) thrown at [/builddir/build/BUILD/java-1.8.0-openjdk-1.8.0.392.b08-2.el7_9.x86_64
Event: 0.019 Thread 0x00007f082c04b800 Exception <a 'java/lang/NoSuchMethodError': Method sun.misc.Unsafe.prefetchRead(Ljava/lang/Object;J)V name or signature does not match> (0x000000076eb07fc0) thrown at [/builddir/build/BUILD/java-1.8.0-openjdk-1.8.0.392.b08-2.el7_9.x86_64/shenandoah-jdk8u3

Events (250 events):
Event: 5.081 Thread 0x00007f082c04b800 DEOPT PACKING pc=0x00007f081d158d08 sp=0x00007f08335352b0
Event: 5.081 Thread 0x00007f082c04b800 DEOPT UNPACKING pc=0x00007f081d04547a sp=0x00007f0833535228 mode 2
Event: 5.085 loading class org/bouncycastle/crypto/CipherParameters
Event: 5.085 loading class org/bouncycastle/crypto/CipherParameters done
Event: 5.086 loading class org/bouncycastle/crypto/engines/AESFastEngine
Event: 5.086 loading class org/bouncycastle/crypto/engines/AESFastEngine done
Event: 5.087 loading class java/lang/IllegalStateException
Event: 5.087 loading class java/lang/IllegalStateException done
Event: 5.087 loading class org/bouncycastle/crypto/DataLengthException
Event: 5.087 loading class org/bouncycastle/crypto/DataLengthException done
Event: 5.087 loading class org/bouncycastle/crypto/RuntimeCryptoException
Event: 5.087 loading class org/bouncycastle/crypto/RuntimeCryptoException done
Event: 5.088 loading class org/bouncycastle/crypto/OutputLengthException
Event: 5.088 loading class org/bouncycastle/crypto/OutputLengthException done
Event: 5.090 loading class org/bouncycastle/crypto/modes/CBCBlockCipher
Event: 5.090 loading class org/bouncycastle/crypto/modes/CBCBlockCipher done
Event: 5.090 loading class org/bouncycastle/crypto/paddings/PaddedBufferedBlockCipher
Event: 5.090 loading class org/bouncycastle/crypto/paddings/PaddedBufferedBlockCipher done
Event: 5.090 loading class org/bouncycastle/crypto/BufferedBlockCipher
Event: 5.090 loading class org/bouncycastle/crypto/BufferedBlockCipher done
Event: 5.091 loading class org/bouncycastle/crypto/paddings/BlockCipherPadding
Event: 5.091 loading class org/bouncycastle/crypto/paddings/BlockCipherPadding done
Event: 5.092 loading class org/bouncycastle/crypto/paddings/PKCS7Padding
Event: 5.092 loading class org/bouncycastle/crypto/paddings/PKCS7Padding done
Event: 5.092 loading class org/bouncycastle/crypto/InvalidCipherTextException
Event: 5.092 loading class org/bouncycastle/crypto/InvalidCipherTextException done
Event: 5.092 loading class org/bouncycastle/crypto/CryptoException
Event: 5.092 loading class org/bouncycastle/crypto/CryptoException done
Event: 5.092 loading class org/bouncycastle/crypto/params/KeyParameter
Event: 5.092 loading class org/bouncycastle/crypto/params/KeyParameter done
Event: 5.093 loading class org/bouncycastle/crypto/params/ParametersWithIV
Event: 5.093 loading class org/bouncycastle/crypto/params/ParametersWithIV done
Event: 5.093 loading class org/bouncycastle/util/Arrays
Event: 5.093 loading class org/bouncycastle/util/Arrays done
Event: 5.094 loading class org/bouncycastle/crypto/params/ParametersWithRandom
Event: 5.094 loading class org/bouncycastle/crypto/params/ParametersWithRandom done
Event: 5.094 loading class org/bouncycastle/util/Pack
Event: 5.094 loading class org/bouncycastle/util/Pack done
Event: 5.095 Thread 0x00007f082c04b800 Uncommon trap: trap_request=0xffffff65 fr.pc=0x00007f081d1633d4
Event: 5.095 Executing VM operation: RevokeBias
Event: 5.096 Executing VM operation: RevokeBias done
Event: 5.096 Thread 0x00007f082c04b800 DEOPT PACKING pc=0x00007f081d1633d4 sp=0x00007f0833539140
Event: 5.096 Thread 0x00007f082c04b800 DEOPT UNPACKING pc=0x00007f081d04547a sp=0x00007f0833539048 mode 2
Event: 5.111 Thread 0x00007f082c04b800 Uncommon trap: trap_request=0xffffff65 fr.pc=0x00007f081d22a314
Event: 5.111 Thread 0x00007f082c04b800 DEOPT PACKING pc=0x00007f081d22a314 sp=0x00007f0833539160
Event: 5.111 Thread 0x00007f082c04b800 DEOPT UNPACKING pc=0x00007f081d04547a sp=0x00007f0833539110 mode 2
Event: 5.111 Thread 0x00007f082c04b800 Uncommon trap: trap_request=0xffffff65 fr.pc=0x00007f081d156134
Event: 5.111 Executing VM operation: RevokeBias
Event: 5.111 Executing VM operation: RevokeBias done
Event: 5.111 Thread 0x00007f082c04b800 DEOPT PACKING pc=0x00007f081d156134 sp=0x00007f0833538ef0
Event: 5.111 Thread 0x00007f082c04b800 DEOPT UNPACKING pc=0x00007f081d04547a sp=0x00007f0833538eb8 mode 2
Event: 5.111 Thread 0x00007f082c04b800 Uncommon trap: trap_request=0xffffff65 fr.pc=0x00007f081d1ac5d0
Event: 5.111 Thread 0x00007f082c04b800 DEOPT PACKING pc=0x00007f081d1ac5d0 sp=0x00007f0833539030
Event: 5.111 Thread 0x00007f082c04b800 DEOPT UNPACKING pc=0x00007f081d04547a sp=0x00007f0833538fe8 mode 2
Event: 5.111 Thread 0x00007f082c04b800 Uncommon trap: trap_request=0xffffff65 fr.pc=0x00007f081d1f1828
Event: 5.111 Thread 0x00007f082c04b800 DEOPT PACKING pc=0x00007f081d1f1828 sp=0x00007f0833539250
Event: 5.111 Thread 0x00007f082c04b800 DEOPT UNPACKING pc=0x00007f081d04547a sp=0x00007f08335391b8 mode 2
Event: 5.111 Thread 0x00007f082c04b800 Uncommon trap: trap_request=0xffffff65 fr.pc=0x00007f081d1e39b4
Event: 5.111 Thread 0x00007f082c04b800 DEOPT PACKING pc=0x00007f081d1e39b4 sp=0x00007f0833538f60
Event: 5.111 Thread 0x00007f082c04b800 DEOPT UNPACKING pc=0x00007f081d04547a sp=0x00007f0833538e70 mode 2
Event: 5.112 Thread 0x00007f082c04b800 Uncommon trap: trap_request=0xffffff65 fr.pc=0x00007f081d1efe20
Event: 5.112 Thread 0x00007f082c04b800 DEOPT PACKING pc=0x00007f081d1efe20 sp=0x00007f08335391f0
Event: 5.112 Thread 0x00007f082c04b800 DEOPT UNPACKING pc=0x00007f081d04547a sp=0x00007f08335391b8 mode 2
Event: 5.304 Executing VM operation: ParallelGCFailedAllocation
Event: 5.374 Executing VM operation: ParallelGCFailedAllocation done
Event: 5.385 Executing VM operation: RevokeBias
Event: 5.385 Executing VM operation: RevokeBias done
Event: 5.386 Executing VM operation: RevokeBias
Event: 5.387 Executing VM operation: RevokeBias done
Event: 5.400 Executing VM operation: RevokeBias
Event: 5.401 Executing VM operation: RevokeBias done
Event: 5.409 Executing VM operation: RevokeBias
Event: 5.410 Executing VM operation: RevokeBias done
Event: 5.420 Executing VM operation: RevokeBias
Event: 5.421 Executing VM operation: RevokeBias done
Event: 5.434 Executing VM operation: RevokeBias
Event: 5.435 Executing VM operation: RevokeBias done
Event: 5.452 Executing VM operation: RevokeBias
Event: 5.453 Executing VM operation: RevokeBias done
Event: 5.463 Executing VM operation: RevokeBias
Event: 5.464 Executing VM operation: RevokeBias done
Event: 5.474 Executing VM operation: RevokeBias
Event: 5.475 Executing VM operation: RevokeBias done
Event: 5.475 Executing VM operation: RevokeBias
Event: 5.476 Executing VM operation: RevokeBias done
Event: 5.476 Executing VM operation: RevokeBias
Event: 5.476 Executing VM operation: RevokeBias done
Event: 5.476 Executing VM operation: RevokeBias
Event: 5.476 Executing VM operation: RevokeBias done
Event: 5.476 Executing VM operation: RevokeBias
Event: 5.476 Executing VM operation: RevokeBias done
Event: 5.476 Executing VM operation: RevokeBias
Event: 5.476 Executing VM operation: RevokeBias done
Event: 5.476 Executing VM operation: RevokeBias
Event: 5.476 Executing VM operation: RevokeBias done
Event: 5.476 Executing VM operation: RevokeBias
Event: 5.476 Executing VM operation: RevokeBias done
Event: 5.476 Executing VM operation: RevokeBias
Event: 5.476 Executing VM operation: RevokeBias done
Event: 5.476 Executing VM operation: RevokeBias
Event: 5.476 Executing VM operation: RevokeBias done
Event: 5.476 Executing VM operation: RevokeBias
Event: 5.476 Executing VM operation: RevokeBias done
Event: 5.476 Executing VM operation: BulkRevokeBias
Event: 5.476 Executing VM operation: BulkRevokeBias done
Event: 5.476 Executing VM operation: RevokeBias
Event: 5.476 Executing VM operation: RevokeBias done
Event: 5.506 Thread 0x00007f082c04b800 DEOPT PACKING pc=0x00007f081d272443 sp=0x00007f0833538df0
Event: 5.506 Thread 0x00007f082c04b800 DEOPT UNPACKING pc=0x00007f081d0474c4 sp=0x00007f0833538b90 mode 0
Event: 5.512 Executing VM operation: ParallelGCFailedAllocation
Event: 5.588 Executing VM operation: ParallelGCFailedAllocation done
Event: 5.595 Thread 0x00007f082c04b800 DEOPT PACKING pc=0x00007f081d2796b0 sp=0x00007f0833539250
Event: 5.595 Thread 0x00007f082c04b800 DEOPT UNPACKING pc=0x00007f081d0474c4 sp=0x00007f0833538ff8 mode 0
Event: 5.615 Executing VM operation: RevokeBias
Event: 5.616 Executing VM operation: RevokeBias done
Event: 5.635 Executing VM operation: RevokeBias
Event: 5.635 Executing VM operation: RevokeBias done
Event: 5.639 Executing VM operation: RevokeBias
Event: 5.640 Executing VM operation: RevokeBias done
Event: 5.640 Executing VM operation: RevokeBias
Event: 5.640 Executing VM operation: RevokeBias done
Event: 5.640 Executing VM operation: RevokeBias
Event: 5.640 Executing VM operation: RevokeBias done
Event: 5.640 Executing VM operation: RevokeBias
Event: 5.640 Executing VM operation: RevokeBias done
Event: 5.640 Executing VM operation: RevokeBias
Event: 5.640 Executing VM operation: RevokeBias done
Event: 5.640 Executing VM operation: RevokeBias
Event: 5.640 Executing VM operation: RevokeBias done
Event: 5.640 Executing VM operation: RevokeBias
Event: 5.640 Executing VM operation: RevokeBias done
Event: 5.640 Executing VM operation: RevokeBias
Event: 5.640 Executing VM operation: RevokeBias done
Event: 5.640 Executing VM operation: RevokeBias
Event: 5.640 Executing VM operation: RevokeBias done
Event: 5.640 Executing VM operation: RevokeBias
Event: 5.640 Executing VM operation: RevokeBias done
Event: 5.640 Executing VM operation: RevokeBias
Event: 5.640 Executing VM operation: RevokeBias done
Event: 5.640 Executing VM operation: RevokeBias
Event: 5.640 Executing VM operation: RevokeBias done
Event: 5.640 Executing VM operation: RevokeBias
Event: 5.640 Executing VM operation: RevokeBias done
Event: 5.640 Executing VM operation: RevokeBias
Event: 5.641 Executing VM operation: RevokeBias done
Event: 5.641 Executing VM operation: RevokeBias
Event: 5.641 Executing VM operation: RevokeBias done
Event: 5.641 Executing VM operation: RevokeBias
Event: 5.641 Executing VM operation: RevokeBias done
Event: 5.641 Executing VM operation: RevokeBias
Event: 5.641 Executing VM operation: RevokeBias done
Event: 5.641 Executing VM operation: BulkRevokeBias
Event: 5.641 Executing VM operation: BulkRevokeBias done
Event: 5.680 Thread 0x00007f082c04b800 DEOPT PACKING pc=0x00007f081d2aeb80 sp=0x00007f0833539250
Event: 5.680 Thread 0x00007f082c04b800 DEOPT UNPACKING pc=0x00007f081d0474c4 sp=0x00007f0833538ff8 mode 0
Event: 5.772 Thread 0x00007f082c04b800 DEOPT PACKING pc=0x00007f081d259d97 sp=0x00007f0833538fa0
Event: 5.772 Thread 0x00007f082c04b800 DEOPT UNPACKING pc=0x00007f081d0474c4 sp=0x00007f0833538ca8 mode 0
Event: 5.846 Thread 0x00007f082c04b800 Uncommon trap: trap_request=0xffffff65 fr.pc=0x00007f081d29a800
Event: 5.846 Thread 0x00007f082c04b800 DEOPT PACKING pc=0x00007f081d29a800 sp=0x00007f0833539090
Event: 5.846 Thread 0x00007f082c04b800 DEOPT UNPACKING pc=0x00007f081d04547a sp=0x00007f0833539088 mode 2
Event: 5.850 loading class com/gitlab/pdftk_java/com/lowagie/text/pdf/PdfReader$PageRefs
Event: 5.850 loading class com/gitlab/pdftk_java/com/lowagie/text/pdf/PdfReader$PageRefs done
Event: 5.852 Thread 0x00007f082c04b800 Uncommon trap: trap_request=0xffffff65 fr.pc=0x00007f081d20168c
Event: 5.852 Thread 0x00007f082c04b800 DEOPT PACKING pc=0x00007f081d20168c sp=0x00007f08335390c0
Event: 5.852 Thread 0x00007f082c04b800 DEOPT UNPACKING pc=0x00007f081d04547a sp=0x00007f0833539078 mode 2
Event: 5.852 loading class java/util/HashMap$KeySet
Event: 5.852 loading class java/util/HashMap$KeySet done
Event: 5.852 loading class java/util/HashMap$KeyIterator
Event: 5.852 loading class java/util/HashMap$KeyIterator done
Event: 5.852 Executing VM operation: Deoptimize
Event: 5.853 Executing VM operation: Deoptimize done
Event: 5.854 Thread 0x00007f082c04b800 Uncommon trap: trap_request=0xffffff65 fr.pc=0x00007f081d2aad10
Event: 5.854 Thread 0x00007f082c04b800 DEOPT PACKING pc=0x00007f081d2aad10 sp=0x00007f08335393f0
Event: 5.854 Thread 0x00007f082c04b800 DEOPT UNPACKING pc=0x00007f081d04547a sp=0x00007f0833539398 mode 2
Event: 5.854 Thread 0x00007f082c04b800 Uncommon trap: trap_request=0xffffff65 fr.pc=0x00007f081d2c63c4
Event: 5.854 Thread 0x00007f082c04b800 DEOPT PACKING pc=0x00007f081d2c63c4 sp=0x00007f0833539350
Event: 5.854 Thread 0x00007f082c04b800 DEOPT UNPACKING pc=0x00007f081d04547a sp=0x00007f08335392b8 mode 2
Event: 5.854 Thread 0x00007f082c04b800 Uncommon trap: trap_request=0xffffff65 fr.pc=0x00007f081d2dbab4
Event: 5.854 Thread 0x00007f082c04b800 DEOPT PACKING pc=0x00007f081d2dbab4 sp=0x00007f0833539340
Event: 5.854 Thread 0x00007f082c04b800 DEOPT UNPACKING pc=0x00007f081d04547a sp=0x00007f0833539228 mode 2
Event: 5.855 Thread 0x00007f082c04b800 Uncommon trap: trap_request=0xffffff65 fr.pc=0x00007f081d297158
Event: 5.855 Thread 0x00007f082c04b800 DEOPT PACKING pc=0x00007f081d297158 sp=0x00007f08335392e0
Event: 5.855 Thread 0x00007f082c04b800 DEOPT UNPACKING pc=0x00007f081d04547a sp=0x00007f0833539228 mode 2
Event: 5.855 Thread 0x00007f082c04b800 Uncommon trap: trap_request=0xffffff65 fr.pc=0x00007f081d159c54
Event: 5.855 Thread 0x00007f082c04b800 DEOPT PACKING pc=0x00007f081d159c54 sp=0x00007f0833539280
Event: 5.855 Thread 0x00007f082c04b800 DEOPT UNPACKING pc=0x00007f081d04547a sp=0x00007f0833539228 mode 2
Event: 5.935 Thread 0x00007f082c04b800 Uncommon trap: trap_request=0xffffff86 fr.pc=0x00007f081d304314
Event: 5.935 Thread 0x00007f082c04b800 DEOPT PACKING pc=0x00007f081d304314 sp=0x00007f08335391c0
Event: 5.935 Thread 0x00007f082c04b800 DEOPT UNPACKING pc=0x00007f081d04547a sp=0x00007f0833539190 mode 2
Event: 6.020 Thread 0x00007f082c04b800 DEOPT PACKING pc=0x00007f081d2fe5f0 sp=0x00007f0833539220
Event: 6.020 Thread 0x00007f082c04b800 DEOPT UNPACKING pc=0x00007f081d0474c4 sp=0x00007f0833539108 mode 0
Event: 6.021 Thread 0x00007f082c04b800 Uncommon trap: trap_request=0xffffffe4 fr.pc=0x00007f081d318034
Event: 6.021 Thread 0x00007f082c04b800 DEOPT PACKING pc=0x00007f081d318034 sp=0x00007f0833539370
Event: 6.021 Thread 0x00007f082c04b800 DEOPT UNPACKING pc=0x00007f081d04547a sp=0x00007f0833539388 mode 2
Event: 6.034 Thread 0x00007f082c04b800 Uncommon trap: trap_request=0xffffffd6 fr.pc=0x00007f081d313978
Event: 6.034 Thread 0x00007f082c04b800 DEOPT PACKING pc=0x00007f081d313978 sp=0x00007f0833539330
Event: 6.034 Thread 0x00007f082c04b800 DEOPT UNPACKING pc=0x00007f081d04547a sp=0x00007f08335392f8 mode 2
Event: 6.034 Thread 0x00007f082c04b800 Uncommon trap: trap_request=0xffffffd6 fr.pc=0x00007f081d313978
Event: 6.034 Thread 0x00007f082c04b800 DEOPT PACKING pc=0x00007f081d313978 sp=0x00007f0833539330
Event: 6.034 Thread 0x00007f082c04b800 DEOPT UNPACKING pc=0x00007f081d04547a sp=0x00007f08335392f8 mode 2
Event: 6.034 Thread 0x00007f082c04b800 Uncommon trap: trap_request=0xffffffd6 fr.pc=0x00007f081d313978
Event: 6.034 Thread 0x00007f082c04b800 DEOPT PACKING pc=0x00007f081d313978 sp=0x00007f0833539330
Event: 6.034 Thread 0x00007f082c04b800 DEOPT UNPACKING pc=0x00007f081d04547a sp=0x00007f08335392f8 mode 2
Event: 6.034 Thread 0x00007f082c04b800 Uncommon trap: trap_request=0xffffffd6 fr.pc=0x00007f081d313978
Event: 6.034 Thread 0x00007f082c04b800 DEOPT PACKING pc=0x00007f081d313978 sp=0x00007f0833539330
Event: 6.034 Thread 0x00007f082c04b800 DEOPT UNPACKING pc=0x00007f081d04547a sp=0x00007f08335392f8 mode 2
Event: 6.284 Thread 0x00007f082c04b800 Uncommon trap: trap_request=0xffffff65 fr.pc=0x00007f081d323000
Event: 6.284 Thread 0x00007f082c04b800 DEOPT PACKING pc=0x00007f081d323000 sp=0x00007f0833539370
Event: 6.284 Thread 0x00007f082c04b800 DEOPT UNPACKING pc=0x00007f081d04547a sp=0x00007f0833539390 mode 2
Event: 6.284 Thread 0x00007f082c04b800 Uncommon trap: trap_request=0xffffff65 fr.pc=0x00007f081d229384
Event: 6.284 Thread 0x00007f082c04b800 DEOPT PACKING pc=0x00007f081d229384 sp=0x00007f0833539340
Event: 6.284 Thread 0x00007f082c04b800 DEOPT UNPACKING pc=0x00007f081d04547a sp=0x00007f08335392b8 mode 2
Event: 6.287 loading class java/io/RandomAccessFile$1
Event: 6.287 loading class java/io/RandomAccessFile$1 done
Event: 6.287 loading class com/gitlab/pdftk_java/com/lowagie/text/pdf/PdfNameTree
Event: 6.287 loading class com/gitlab/pdftk_java/com/lowagie/text/pdf/PdfNameTree done
Event: 6.288 loading class com/gitlab/pdftk_java/com/lowagie/text/StringCompare
Event: 6.288 loading class com/gitlab/pdftk_java/com/lowagie/text/StringCompare done
Event: 6.288 Thread 0x00007f082c04b800 Uncommon trap: trap_request=0xffffff65 fr.pc=0x00007f081d2c8388
Event: 6.288 Thread 0x00007f082c04b800 DEOPT PACKING pc=0x00007f081d2c8388 sp=0x00007f08335391f0
Event: 6.288 Thread 0x00007f082c04b800 DEOPT UNPACKING pc=0x00007f081d04547a sp=0x00007f08335391b0 mode 2
Event: 6.288 loading class java/lang/StrictMath
Event: 6.288 loading class java/lang/StrictMath done
Event: 6.291 Thread 0x00007f082c04b800 Uncommon trap: trap_request=0xffffff65 fr.pc=0x00007f081d2c9910
Event: 6.291 Thread 0x00007f082c04b800 DEOPT PACKING pc=0x00007f081d2c9910 sp=0x00007f0833539430
Event: 6.291 Thread 0x00007f082c04b800 DEOPT UNPACKING pc=0x00007f081d04547a sp=0x00007f08335393c8 mode 2
Event: 6.291 Thread 0x00007f082c04b800 Uncommon trap: trap_request=0xffffffc6 fr.pc=0x00007f081d2f325c
Event: 6.291 Thread 0x00007f082c04b800 DEOPT PACKING pc=0x00007f081d2f325c sp=0x00007f0833539460
Event: 6.291 Thread 0x00007f082c04b800 DEOPT UNPACKING pc=0x00007f081d04547a sp=0x00007f08335393a8 mode 2
Event: 6.291 Thread 0x00007f082c04b800 Uncommon trap: trap_request=0xffffffc6 fr.pc=0x00007f081d2f325c
Event: 6.291 Thread 0x00007f082c04b800 DEOPT PACKING pc=0x00007f081d2f325c sp=0x00007f0833539460
Event: 6.291 Thread 0x00007f082c04b800 DEOPT UNPACKING pc=0x00007f081d04547a sp=0x00007f08335393a8 mode 2
Event: 6.291 Thread 0x00007f082c04b800 Uncommon trap: trap_request=0xffffffc6 fr.pc=0x00007f081d2f325c
Event: 6.291 Thread 0x00007f082c04b800 DEOPT PACKING pc=0x00007f081d2f325c sp=0x00007f0833539460
Event: 6.291 Thread 0x00007f082c04b800 DEOPT UNPACKING pc=0x00007f081d04547a sp=0x00007f08335393a8 mode 2
Event: 6.291 Thread 0x00007f082c04b800 Uncommon trap: trap_request=0xffffffc6 fr.pc=0x00007f081d2f325c
Event: 6.291 Thread 0x00007f082c04b800 DEOPT PACKING pc=0x00007f081d2f325c sp=0x00007f0833539460
Event: 6.291 Thread 0x00007f082c04b800 DEOPT UNPACKING pc=0x00007f081d04547a sp=0x00007f08335393a8 mode 2
Event: 6.291 Thread 0x00007f082c04b800 Uncommon trap: trap_request=0xffffffc6 fr.pc=0x00007f081d2f743c
Event: 6.291 Thread 0x00007f082c04b800 DEOPT PACKING pc=0x00007f081d2f743c sp=0x00007f08335393f0
Event: 6.291 Thread 0x00007f082c04b800 DEOPT UNPACKING pc=0x00007f081d04547a sp=0x00007f08335393a8 mode 2
Event: 6.322 Thread 0x00007f082c04b800 Uncommon trap: trap_request=0xffffff65 fr.pc=0x00007f081d2f4174
Event: 6.322 Thread 0x00007f082c04b800 DEOPT PACKING pc=0x00007f081d2f4174 sp=0x00007f0833539320
Event: 6.322 Thread 0x00007f082c04b800 DEOPT UNPACKING pc=0x00007f081d04547a sp=0x00007f08335392d8 mode 2
Event: 6.448 Thread 0x00007f082c04b800 DEOPT PACKING pc=0x00007f081d30b298 sp=0x00007f0833539350
Event: 6.448 Thread 0x00007f082c04b800 DEOPT UNPACKING pc=0x00007f081d0474c4 sp=0x00007f08335391f0 mode 0
Event: 6.448 Thread 0x00007f082c04b800 Uncommon trap: trap_request=0xffffff65 fr.pc=0x00007f081d2f3de8
Event: 6.448 Thread 0x00007f082c04b800 DEOPT PACKING pc=0x00007f081d2f3de8 sp=0x00007f0833539450
Event: 6.448 Thread 0x00007f082c04b800 DEOPT UNPACKING pc=0x00007f081d04547a sp=0x00007f08335393b8 mode 2
Event: 6.565 Executing VM operation: ParallelGCFailedAllocation


Dynamic libraries:
6cc000000-6d6300000 rw-p 00000000 00:00 0 
6d6300000-76eb00000 ---p 00000000 00:00 0 
76eb00000-77f300000 rw-p 00000000 00:00 0 
794a00000-7c0000000 ---p 00000000 00:00 0 
7c0000000-7c0080000 rw-p 00000000 00:00 0 
7c0080000-800000000 ---p 00000000 00:00 0 
5602f49e3000-5602f49e4000 r-xp 00000000 fd:01 3547731                    /usr/lib/jvm/java-1.8.0-openjdk-1.8.0.392.b08-2.el7_9.x86_64/jre/bin/java
5602f4be3000-5602f4be4000 r--p 00000000 fd:01 3547731                    /usr/lib/jvm/java-1.8.0-openjdk-1.8.0.392.b08-2.el7_9.x86_64/jre/bin/java
5602f4be4000-5602f4be5000 rw-p 00001000 fd:01 3547731                    /usr/lib/jvm/java-1.8.0-openjdk-1.8.0.392.b08-2.el7_9.x86_64/jre/bin/java
5602f576d000-5602f578e000 rw-p 00000000 00:00 0                          [heap]
7f07e4000000-7f07e4021000 rw-p 00000000 00:00 0 
7f07e4021000-7f07e8000000 ---p 00000000 00:00 0 
7f07ec000000-7f07ec35c000 rw-p 00000000 00:00 0 
7f07ec35c000-7f07f0000000 ---p 00000000 00:00 0 
7f07f0000000-7f07f0021000 rw-p 00000000 00:00 0 
7f07f0021000-7f07f4000000 ---p 00000000 00:00 0 
7f07f4000000-7f07f4021000 rw-p 00000000 00:00 0 
7f07f4021000-7f07f8000000 ---p 00000000 00:00 0 
7f07f8000000-7f07f883e000 rw-p 00000000 00:00 0 
7f07f883e000-7f07fc000000 ---p 00000000 00:00 0 
7f07fc000000-7f07fc021000 rw-p 00000000 00:00 0 
7f07fc021000-7f0800000000 ---p 00000000 00:00 0 
7f0800000000-7f0800021000 rw-p 00000000 00:00 0 
7f0800021000-7f0804000000 ---p 00000000 00:00 0 
7f0804000000-7f08042d4000 rw-p 00000000 00:00 0 
7f08042d4000-7f0808000000 ---p 00000000 00:00 0 
7f0808600000-7f0810000000 rw-p 00000000 00:00 0 
7f0810000000-7f0810021000 rw-p 00000000 00:00 0 
7f0810021000-7f0814000000 ---p 00000000 00:00 0 
7f08158bc000-7f08158cd000 r--s 00211000 fd:01 3547822                    /usr/lib/jvm/java-1.8.0-openjdk-1.8.0.392.b08-2.el7_9.x86_64/jre/lib/jsse.jar
7f08158cd000-7f08158fe000 rw-p 00000000 00:00 0 
7f08158fe000-7f0815916000 r-xp 00000000 fd:01 3547768                    /usr/lib/jvm/java-1.8.0-openjdk-1.8.0.392.b08-2.el7_9.x86_64/jre/lib/amd64/libnet.so
7f0815916000-7f0815b15000 ---p 00018000 fd:01 3547768                    /usr/lib/jvm/java-1.8.0-openjdk-1.8.0.392.b08-2.el7_9.x86_64/jre/lib/amd64/libnet.so
7f0815b15000-7f0815b16000 r--p 00017000 fd:01 3547768                    /usr/lib/jvm/java-1.8.0-openjdk-1.8.0.392.b08-2.el7_9.x86_64/jre/lib/amd64/libnet.so
7f0815b16000-7f0815b17000 rw-p 00018000 fd:01 3547768                    /usr/lib/jvm/java-1.8.0-openjdk-1.8.0.392.b08-2.el7_9.x86_64/jre/lib/amd64/libnet.so
7f0815b17000-7f0815b29000 r-xp 00000000 fd:01 3547769                    /usr/lib/jvm/java-1.8.0-openjdk-1.8.0.392.b08-2.el7_9.x86_64/jre/lib/amd64/libnio.so
7f0815b29000-7f0815d28000 ---p 00012000 fd:01 3547769                    /usr/lib/jvm/java-1.8.0-openjdk-1.8.0.392.b08-2.el7_9.x86_64/jre/lib/amd64/libnio.so
7f0815d28000-7f0815d29000 r--p 00011000 fd:01 3547769                    /usr/lib/jvm/java-1.8.0-openjdk-1.8.0.392.b08-2.el7_9.x86_64/jre/lib/amd64/libnio.so
7f0815d29000-7f0815d2a000 rw-p 00012000 fd:01 3547769                    /usr/lib/jvm/java-1.8.0-openjdk-1.8.0.392.b08-2.el7_9.x86_64/jre/lib/amd64/libnio.so
7f0815d2a000-7f0815d7d000 r--s 003fd000 fd:01 3549785                    /usr/share/java/bcprov.jar
7f0815d7d000-7f0815d7e000 ---p 00000000 00:00 0 
7f0815d7e000-7f0815e7e000 rw-p 00000000 00:00 0 
7f0815e7e000-7f0815e81000 ---p 00000000 00:00 0 
7f0815e81000-7f0815f7f000 rw-p 00000000 00:00 0 
7f0815f7f000-7f0815f83000 ---p 00000000 00:00 0 
7f0815f83000-7f0816080000 rw-p 00000000 00:00 0 
7f0816080000-7f0816084000 ---p 00000000 00:00 0 
7f0816084000-7f0816181000 rw-p 00000000 00:00 0 
7f0816181000-7f0816184000 ---p 00000000 00:00 0 
7f0816184000-7f0816282000 rw-p 00000000 00:00 0 
7f0816282000-7f0816285000 ---p 00000000 00:00 0 
7f0816285000-7f0816383000 rw-p 00000000 00:00 0 
7f0816383000-7f0816386000 ---p 00000000 00:00 0 
7f0816386000-7f0816484000 rw-p 00000000 00:00 0 
7f0816484000-7f0816485000 ---p 00000000 00:00 0 
7f0816485000-7f0816e8e000 rw-p 00000000 00:00 0 
7f0816e8e000-7f0817060000 r--s 044c8000 fd:01 3547836                    /usr/lib/jvm/java-1.8.0-openjdk-1.8.0.392.b08-2.el7_9.x86_64/jre/lib/rt.jar
7f0817060000-7f0817520000 rw-p 00000000 00:00 0 
7f0817520000-7f0817860000 ---p 00000000 00:00 0 
7f0817860000-7f0818000000 rw-p 00000000 00:00 0 
7f0818000000-7f0818021000 rw-p 00000000 00:00 0 
7f0818021000-7f081c000000 ---p 00000000 00:00 0 
7f081c007000-7f081c147000 rw-p 00000000 00:00 0 
7f081c147000-7f081c148000 ---p 00000000 00:00 0 
7f081c148000-7f081c248000 rw-p 00000000 00:00 0 
7f081c248000-7f081c249000 ---p 00000000 00:00 0 
7f081c249000-7f081c39b000 rw-p 00000000 00:00 0 
7f081c39b000-7f081c85f000 ---p 00000000 00:00 0 
7f081c85f000-7f081c8b1000 rw-p 00000000 00:00 0 
7f081c8b1000-7f081cd74000 ---p 00000000 00:00 0 
7f081cd74000-7f081cdf9000 rw-p 00000000 00:00 0 
7f081cdf9000-7f081cfff000 ---p 00000000 00:00 0 
7f081cfff000-7f081d000000 rw-p 00000000 00:00 0 
7f081d000000-7f081d360000 rwxp 00000000 00:00 0 
7f081d360000-7f082c000000 ---p 00000000 00:00 0 
7f082c000000-7f082c4af000 rw-p 00000000 00:00 0 
7f082c4af000-7f0830000000 ---p 00000000 00:00 0 
7f0830000000-7f0830009000 r--s 000ed000 fd:01 3549795                    /usr/share/java/pdftk.jar
7f0830009000-7f0830038000 rw-p 00000000 00:00 0 
7f0830038000-7f08303ea000 ---p 00000000 00:00 0 
7f08303ea000-7f08303f2000 r-xp 00000000 fd:01 3547776                    /usr/lib/jvm/java-1.8.0-openjdk-1.8.0.392.b08-2.el7_9.x86_64/jre/lib/amd64/libzip.so
7f08303f2000-7f08305f1000 ---p 00008000 fd:01 3547776                    /usr/lib/jvm/java-1.8.0-openjdk-1.8.0.392.b08-2.el7_9.x86_64/jre/lib/amd64/libzip.so
7f08305f1000-7f08305f2000 r--p 00007000 fd:01 3547776                    /usr/lib/jvm/java-1.8.0-openjdk-1.8.0.392.b08-2.el7_9.x86_64/jre/lib/amd64/libzip.so
7f08305f2000-7f08305f3000 rw-p 00008000 fd:01 3547776                    /usr/lib/jvm/java-1.8.0-openjdk-1.8.0.392.b08-2.el7_9.x86_64/jre/lib/amd64/libzip.so
7f08305f3000-7f08305ff000 r-xp 00000000 fd:01 1070102                    /usr/lib64/libnss_files-2.17.so
7f08305ff000-7f08307fe000 ---p 0000c000 fd:01 1070102                    /usr/lib64/libnss_files-2.17.so
7f08307fe000-7f08307ff000 r--p 0000b000 fd:01 1070102                    /usr/lib64/libnss_files-2.17.so
7f08307ff000-7f0830800000 rw-p 0000c000 fd:01 1070102                    /usr/lib64/libnss_files-2.17.so
7f0830800000-7f0830806000 rw-p 00000000 00:00 0 
7f0830806000-7f0830830000 r-xp 00000000 fd:01 3547758                    /usr/lib/jvm/java-1.8.0-openjdk-1.8.0.392.b08-2.el7_9.x86_64/jre/lib/amd64/libjava.so
7f0830830000-7f0830a2f000 ---p 0002a000 fd:01 3547758                    /usr/lib/jvm/java-1.8.0-openjdk-1.8.0.392.b08-2.el7_9.x86_64/jre/lib/amd64/libjava.so
7f0830a2f000-7f0830a30000 r--p 00029000 fd:01 3547758                    /usr/lib/jvm/java-1.8.0-openjdk-1.8.0.392.b08-2.el7_9.x86_64/jre/lib/amd64/libjava.so
7f0830a30000-7f0830a32000 rw-p 0002a000 fd:01 3547758                    /usr/lib/jvm/java-1.8.0-openjdk-1.8.0.392.b08-2.el7_9.x86_64/jre/lib/amd64/libjava.so
7f0830a32000-7f0830a3f000 r-xp 00000000 fd:01 3547775                    /usr/lib/jvm/java-1.8.0-openjdk-1.8.0.392.b08-2.el7_9.x86_64/jre/lib/amd64/libverify.so
7f0830a3f000-7f0830c3e000 ---p 0000d000 fd:01 3547775                    /usr/lib/jvm/java-1.8.0-openjdk-1.8.0.392.b08-2.el7_9.x86_64/jre/lib/amd64/libverify.so
7f0830c3e000-7f0830c40000 r--p 0000c000 fd:01 3547775                    /usr/lib/jvm/java-1.8.0-openjdk-1.8.0.392.b08-2.el7_9.x86_64/jre/lib/amd64/libverify.so
7f0830c40000-7f0830c41000 rw-p 0000e000 fd:01 3547775                    /usr/lib/jvm/java-1.8.0-openjdk-1.8.0.392.b08-2.el7_9.x86_64/jre/lib/amd64/libverify.so
7f0830c41000-7f0830c48000 r-xp 00000000 fd:01 1070110                    /usr/lib64/librt-2.17.so
7f0830c48000-7f0830e47000 ---p 00007000 fd:01 1070110                    /usr/lib64/librt-2.17.so
7f0830e47000-7f0830e48000 r--p 00006000 fd:01 1070110                    /usr/lib64/librt-2.17.so
7f0830e48000-7f0830e49000 rw-p 00007000 fd:01 1070110                    /usr/lib64/librt-2.17.so
7f0830e49000-7f0830e5e000 r-xp 00000000 fd:01 1058473                    /usr/lib64/libgcc_s-4.8.5-20150702.so.1
7f0830e5e000-7f083105d000 ---p 00015000 fd:01 1058473                    /usr/lib64/libgcc_s-4.8.5-20150702.so.1
7f083105d000-7f083105e000 r--p 00014000 fd:01 1058473                    /usr/lib64/libgcc_s-4.8.5-20150702.so.1
7f083105e000-7f083105f000 rw-p 00015000 fd:01 1058473                    /usr/lib64/libgcc_s-4.8.5-20150702.so.1
7f083105f000-7f0831160000 r-xp 00000000 fd:01 1050419                    /usr/lib64/libm-2.17.so
7f0831160000-7f083135f000 ---p 00101000 fd:01 1050419                    /usr/lib64/libm-2.17.so
7f083135f000-7f0831360000 r--p 00100000 fd:01 1050419                    /usr/lib64/libm-2.17.so
7f0831360000-7f0831361000 rw-p 00101000 fd:01 1050419                    /usr/lib64/libm-2.17.so
7f0831361000-7f083144a000 r-xp 00000000 fd:01 1066701                    /usr/lib64/libstdc++.so.6.0.19
7f083144a000-7f083164a000 ---p 000e9000 fd:01 1066701                    /usr/lib64/libstdc++.so.6.0.19
7f083164a000-7f0831652000 r--p 000e9000 fd:01 1066701                    /usr/lib64/libstdc++.so.6.0.19
7f0831652000-7f0831654000 rw-p 000f1000 fd:01 1066701                    /usr/lib64/libstdc++.so.6.0.19
7f0831654000-7f0831669000 rw-p 00000000 00:00 0 
7f0831669000-7f083240c000 r-xp 00000000 fd:01 3547780                    /usr/lib/jvm/java-1.8.0-openjdk-1.8.0.392.b08-2.el7_9.x86_64/jre/lib/amd64/server/libjvm.so
7f083240c000-7f083260c000 ---p 00da3000 fd:01 3547780                    /usr/lib/jvm/java-1.8.0-openjdk-1.8.0.392.b08-2.el7_9.x86_64/jre/lib/amd64/server/libjvm.so
7f083260c000-7f08326ba000 r--p 00da3000 fd:01 3547780                    /usr/lib/jvm/java-1.8.0-openjdk-1.8.0.392.b08-2.el7_9.x86_64/jre/lib/amd64/server/libjvm.so
7f08326ba000-7f08326e5000 rw-p 00e51000 fd:01 3547780                    /usr/lib/jvm/java-1.8.0-openjdk-1.8.0.392.b08-2.el7_9.x86_64/jre/lib/amd64/server/libjvm.so
7f08326e5000-7f083271b000 rw-p 00000000 00:00 0 
7f083271b000-7f08328df000 r-xp 00000000 fd:01 1049986                    /usr/lib64/libc-2.17.so
7f08328df000-7f0832ade000 ---p 001c4000 fd:01 1049986                    /usr/lib64/libc-2.17.so
7f0832ade000-7f0832ae2000 r--p 001c3000 fd:01 1049986                    /usr/lib64/libc-2.17.so
7f0832ae2000-7f0832ae4000 rw-p 001c7000 fd:01 1049986                    /usr/lib64/libc-2.17.so
7f0832ae4000-7f0832ae9000 rw-p 00000000 00:00 0 
7f0832ae9000-7f0832aeb000 r-xp 00000000 fd:01 1050417                    /usr/lib64/libdl-2.17.so
7f0832aeb000-7f0832ceb000 ---p 00002000 fd:01 1050417                    /usr/lib64/libdl-2.17.so
7f0832ceb000-7f0832cec000 r--p 00002000 fd:01 1050417                    /usr/lib64/libdl-2.17.so
7f0832cec000-7f0832ced000 rw-p 00003000 fd:01 1050417                    /usr/lib64/libdl-2.17.so
7f0832ced000-7f0832cfb000 r-xp 00000000 fd:01 3547745                    /usr/lib/jvm/java-1.8.0-openjdk-1.8.0.392.b08-2.el7_9.x86_64/jre/lib/amd64/jli/libjli.so
7f0832cfb000-7f0832efa000 ---p 0000e000 fd:01 3547745                    /usr/lib/jvm/java-1.8.0-openjdk-1.8.0.392.b08-2.el7_9.x86_64/jre/lib/amd64/jli/libjli.so
7f0832efa000-7f0832efb000 r--p 0000d000 fd:01 3547745                    /usr/lib/jvm/java-1.8.0-openjdk-1.8.0.392.b08-2.el7_9.x86_64/jre/lib/amd64/jli/libjli.so
7f0832efb000-7f0832efc000 rw-p 0000e000 fd:01 3547745                    /usr/lib/jvm/java-1.8.0-openjdk-1.8.0.392.b08-2.el7_9.x86_64/jre/lib/amd64/jli/libjli.so
7f0832efc000-7f0832f11000 r-xp 00000000 fd:01 1070125                    /usr/lib64/libz.so.1.2.7
7f0832f11000-7f0833110000 ---p 00015000 fd:01 1070125                    /usr/lib64/libz.so.1.2.7
7f0833110000-7f0833111000 r--p 00014000 fd:01 1070125                    /usr/lib64/libz.so.1.2.7
7f0833111000-7f0833112000 rw-p 00015000 fd:01 1070125                    /usr/lib64/libz.so.1.2.7
7f0833112000-7f0833129000 r-xp 00000000 fd:01 1050012                    /usr/lib64/libpthread-2.17.so
7f0833129000-7f0833328000 ---p 00017000 fd:01 1050012                    /usr/lib64/libpthread-2.17.so
7f0833328000-7f0833329000 r--p 00016000 fd:01 1050012                    /usr/lib64/libpthread-2.17.so
7f0833329000-7f083332a000 rw-p 00017000 fd:01 1050012                    /usr/lib64/libpthread-2.17.so
7f083332a000-7f083332e000 rw-p 00000000 00:00 0 
7f083332e000-7f0833350000 r-xp 00000000 fd:01 1050409                    /usr/lib64/ld-2.17.so
7f0833358000-7f083335d000 r--s 00048000 fd:01 3549788                    /usr/share/java/apache-commons-lang3.jar
7f083335d000-7f0833363000 r--s 000f6000 fd:01 3547819                    /usr/lib/jvm/java-1.8.0-openjdk-1.8.0.392.b08-2.el7_9.x86_64/jre/lib/jfr.jar
7f0833363000-7f083343a000 rw-p 00000000 00:00 0 
7f083343a000-7f083343e000 ---p 00000000 00:00 0 
7f083343e000-7f0833540000 rw-p 00000000 00:00 0 
7f0833543000-7f0833544000 rw-p 00000000 00:00 0 
7f0833544000-7f083354c000 rw-s 00000000 fd:01 2626728                    /tmp/hsperfdata_www/8875
7f083354c000-7f083354d000 rw-p 00000000 00:00 0 
7f083354d000-7f083354e000 ---p 00000000 00:00 0 
7f083354e000-7f083354f000 rw-p 00000000 00:00 0 
7f083354f000-7f0833550000 r--p 00021000 fd:01 1050409                    /usr/lib64/ld-2.17.so
7f0833550000-7f0833551000 rw-p 00022000 fd:01 1050409                    /usr/lib64/ld-2.17.so
7f0833551000-7f0833552000 rw-p 00000000 00:00 0 
7ffc7f0a1000-7ffc7f0c2000 rw-p 00000000 00:00 0                          [stack]
7ffc7f1f2000-7ffc7f1f4000 r-xp 00000000 00:00 0                          [vdso]
ffffffffff600000-ffffffffff601000 r-xp 00000000 00:00 0                  [vsyscall]

VM Arguments:
java_command: com.gitlab.pdftk_java.pdftk /www/wwwroot/print/public/uploads/20240327/ee7603ba6d272db8f9d3a6bcc4e8d1d8.pdf dump_data
java_class_path (initial): /usr/share/java/bcprov.jar:/usr/share/java/commons-lang3.jar:/usr/share/java/pdftk.jar
Launcher Type: SUN_STANDARD

Environment Variables:

Signal Handlers:
SIGSEGV: [libjvm.so+0xb6a6a0], sa_mask[0]=11111111011111111101111111111110, sa_flags=SA_RESTART|SA_SIGINFO
SIGBUS: [libjvm.so+0xb6a6a0], sa_mask[0]=11111111011111111101111111111110, sa_flags=SA_RESTART|SA_SIGINFO
SIGFPE: [libjvm.so+0x93fef0], sa_mask[0]=11111111011111111101111111111110, sa_flags=SA_RESTART|SA_SIGINFO
SIGPIPE: [libjvm.so+0x93fef0], sa_mask[0]=11111111011111111101111111111110, sa_flags=SA_RESTART|SA_SIGINFO
SIGXFSZ: [libjvm.so+0x93fef0], sa_mask[0]=11111111011111111101111111111110, sa_flags=SA_RESTART|SA_SIGINFO
SIGILL: [libjvm.so+0x93fef0], sa_mask[0]=11111111011111111101111111111110, sa_flags=SA_RESTART|SA_SIGINFO
SIGUSR1: SIG_DFL, sa_mask[0]=00000000000000000000000000000000, sa_flags=none
SIGUSR2: [libjvm.so+0x940060], sa_mask[0]=00000000000000000000000000000000, sa_flags=SA_RESTART|SA_SIGINFO
SIGHUP: [libjvm.so+0x93ffb0], sa_mask[0]=11111111011111111101111111111110, sa_flags=SA_RESTART|SA_SIGINFO
SIGINT: [libjvm.so+0x93ffb0], sa_mask[0]=11111111011111111101111111111110, sa_flags=SA_RESTART|SA_SIGINFO
SIGTERM: [libjvm.so+0x93ffb0], sa_mask[0]=11111111011111111101111111111110, sa_flags=SA_RESTART|SA_SIGINFO
SIGQUIT: [libjvm.so+0x93ffb0], sa_mask[0]=11111111011111111101111111111110, sa_flags=SA_RESTART|SA_SIGINFO


---------------  S Y S T E M  ---------------

OS:CentOS Linux release 7.9.2009 (Core)

uname:Linux 3.10.0-1160.105.1.el7.x86_64 #1 SMP Thu Dec 7 15:39:45 UTC 2023 x86_64
libc:glibc 2.17 NPTL 2.17 
rlimit: STACK 8192k, CORE 0k, NPROC 62381, NOFILE 4096, AS infinity
load average:0.08 0.03 0.05

/proc/meminfo:
MemTotal:       15990628 kB
MemFree:          158988 kB
MemAvailable:     191800 kB
Buffers:            5060 kB
Cached:           260020 kB
SwapCached:            0 kB
Active:         14845152 kB
Inactive:         131700 kB
Active(anon):   14712180 kB
Inactive(anon):      580 kB
Active(file):     132972 kB
Inactive(file):   131120 kB
Unevictable:           0 kB
Mlocked:               0 kB
SwapTotal:             0 kB
SwapFree:              0 kB
Dirty:              8108 kB
Writeback:             0 kB
AnonPages:      14711880 kB
Mapped:            40224 kB
Shmem:               972 kB
Slab:             258248 kB
SReclaimable:      42992 kB
SUnreclaim:       215256 kB
KernelStack:       19840 kB
PageTables:       214600 kB
NFS_Unstable:          0 kB
Bounce:                0 kB
WritebackTmp:          0 kB
CommitLimit:     7995312 kB
Committed_AS:   23853980 kB
VmallocTotal:   34359738367 kB
VmallocUsed:       33464 kB
VmallocChunk:   34359699964 kB
Percpu:              424 kB
HardwareCorrupted:     0 kB
AnonHugePages:   1005568 kB
CmaTotal:              0 kB
CmaFree:               0 kB
HugePages_Total:       0
HugePages_Free:        0
HugePages_Rsvd:        0
HugePages_Surp:        0
Hugepagesize:       2048 kB
DirectMap4k:       74424 kB
DirectMap2M:     4888576 kB
DirectMap1G:    11534336 kB

container (cgroup) information:
container_type: cgroupv1
cpu_cpuset_cpus: 0-1
cpu_memory_nodes: 0
active_processor_count: 2
cpu_quota: -1
cpu_period: 100000
cpu_shares: -1
memory_limit_in_bytes: -1
memory_and_swap_limit_in_bytes: -1
memory_soft_limit_in_bytes: -1
memory_usage_in_bytes: 15336501248
memory_max_usage_in_bytes: 0


CPU:total 2 (initial active 2) (1 cores per cpu, 2 threads per core) family 6 model 85 stepping 7, cmov, cx8, fxsr, mmx, sse, sse2, sse3, ssse3, sse4.1, sse4.2, popcnt, avx, avx2, aes, clmul, erms, rtm, 3dnowpref, lzcnt, ht, tsc, tscinvbit, bmi1, bmi2, adx

/proc/cpuinfo:
processor	: 0
vendor_id	: GenuineIntel
cpu family	: 6
model		: 85
model name	: Intel(R) Xeon(R) Platinum 8269CY CPU @ 2.50GHz
stepping	: 7
microcode	: 0x1
cpu MHz		: 2500.002
cache size	: 36608 KB
physical id	: 0
siblings	: 2
core id		: 0
cpu cores	: 1
apicid		: 0
initial apicid	: 0
fpu		: yes
fpu_exception	: yes
cpuid level	: 22
wp		: yes
flags		: fpu vme de pse tsc msr pae mce cx8 apic sep mtrr pge mca cmov pat pse36 clflush mmx fxsr sse sse2 ss ht syscall nx pdpe1gb rdtscp lm constant_tsc rep_good nopl xtopology nonstop_tsc eagerfpu pni pclmulqdq monitor ssse3 fma cx16 pcid sse4_1 sse4_2 x2apic movbe popcnt aes xsave avx f16c rdrand hypervisor lahf_lm abm 3dnowprefetch invpcid_single rsb_ctxsw fsgsbase tsc_adjust bmi1 hle avx2 smep bmi2 erms invpcid rtm mpx avx512f avx512dq rdseed adx smap clflushopt clwb avx512cd avx512bw avx512vl xsaveopt xsavec xgetbv1 arat avx512_vnni
bogomips	: 5000.00
clflush size	: 64
cache_alignment	: 64
address sizes	: 46 bits physical, 48 bits virtual
power management:

processor	: 1
vendor_id	: GenuineIntel
cpu family	: 6
model		: 85
model name	: Intel(R) Xeon(R) Platinum 8269CY CPU @ 2.50GHz
stepping	: 7
microcode	: 0x1
cpu MHz		: 2500.002
cache size	: 36608 KB
physical id	: 0
siblings	: 2
core id		: 0
cpu cores	: 1
apicid		: 1
initial apicid	: 1
fpu		: yes
fpu_exception	: yes
cpuid level	: 22
wp		: yes
flags		: fpu vme de pse tsc msr pae mce cx8 apic sep mtrr pge mca cmov pat pse36 clflush mmx fxsr sse sse2 ss ht syscall nx pdpe1gb rdtscp lm constant_tsc rep_good nopl xtopology nonstop_tsc eagerfpu pni pclmulqdq monitor ssse3 fma cx16 pcid sse4_1 sse4_2 x2apic movbe popcnt aes xsave avx f16c rdrand hypervisor lahf_lm abm 3dnowprefetch invpcid_single rsb_ctxsw fsgsbase tsc_adjust bmi1 hle avx2 smep bmi2 erms invpcid rtm mpx avx512f avx512dq rdseed adx smap clflushopt clwb avx512cd avx512bw avx512vl xsaveopt xsavec xgetbv1 arat avx512_vnni
bogomips	: 5000.00
clflush size	: 64
cache_alignment	: 64
address sizes	: 46 bits physical, 48 bits virtual
power management:



Memory: 4k page, physical 15990628k(158988k free), swap 0k(0k free)

vm_info: OpenJDK 64-Bit Server VM (25.392-b08) for linux-amd64 JRE (1.8.0_392-b08), built on Nov 14 2023 16:31:55 by "mockbuild" with gcc 4.8.5 20150623 (Red Hat 4.8.5-44)

time: Wed Mar 27 01:23:21 2024
timezone: CST
elapsed time: 6.697144 seconds (0d 0h 0m 6s)

